Archive member included to satisfy reference by file (symbol)

c:/program files (x86)/cypress/psoc creator/4.4/psoc creator/import/gnu/arm/5.4.1/bin/../lib/gcc/arm-none-eabi/5.4.1/armv7e-m/softfp\libgcc.a(_arm_addsubdf3.o)
                              .\CortexM4\ARM_GCC_541\Debug\cy_sysclk.o (__aeabi_f2d)
c:/program files (x86)/cypress/psoc creator/4.4/psoc creator/import/gnu/arm/5.4.1/bin/../lib/gcc/arm-none-eabi/5.4.1/armv7e-m/softfp\libgcc.a(_arm_muldivdf3.o)
                              .\CortexM4\ARM_GCC_541\Debug\cy_sysclk.o (__aeabi_ddiv)
c:/program files (x86)/cypress/psoc creator/4.4/psoc creator/import/gnu/arm/5.4.1/bin/../lib/gcc/arm-none-eabi/5.4.1/armv7e-m/softfp\libgcc.a(_arm_fixunsdfsi.o)
                              .\CortexM4\ARM_GCC_541\Debug\cy_sysclk.o (__aeabi_d2uiz)
c:/program files (x86)/cypress/psoc creator/4.4/psoc creator/import/gnu/arm/5.4.1/bin/../lib/gcc/arm-none-eabi/5.4.1/armv7e-m/softfp\libgcc.a(_aeabi_uldivmod.o)
                              .\CortexM4\ARM_GCC_541\Debug\cy_sysclk.o (__aeabi_uldivmod)
c:/program files (x86)/cypress/psoc creator/4.4/psoc creator/import/gnu/arm/5.4.1/bin/../lib/gcc/arm-none-eabi/5.4.1/armv7e-m/softfp\libgcc.a(_udivmoddi4.o)
                              c:/program files (x86)/cypress/psoc creator/4.4/psoc creator/import/gnu/arm/5.4.1/bin/../lib/gcc/arm-none-eabi/5.4.1/armv7e-m/softfp\libgcc.a(_aeabi_uldivmod.o) (__udivmoddi4)
c:/program files (x86)/cypress/psoc creator/4.4/psoc creator/import/gnu/arm/5.4.1/bin/../lib/gcc/arm-none-eabi/5.4.1/armv7e-m/softfp\libgcc.a(_dvmd_tls.o)
                              c:/program files (x86)/cypress/psoc creator/4.4/psoc creator/import/gnu/arm/5.4.1/bin/../lib/gcc/arm-none-eabi/5.4.1/armv7e-m/softfp\libgcc.a(_aeabi_uldivmod.o) (__aeabi_ldiv0)
c:/program files (x86)/cypress/psoc creator/4.4/psoc creator/import/gnu/arm/5.4.1/bin/../lib/gcc/arm-none-eabi/5.4.1/../../../../arm-none-eabi/lib/armv7e-m/softfp\libg_nano.a(lib_a-exit.o)
                              c:/program files (x86)/cypress/psoc creator/4.4/psoc creator/import/gnu/arm/5.4.1/bin/../lib/gcc/arm-none-eabi/5.4.1/../../../../arm-none-eabi/lib/armv7e-m/softfp/crt0.o (exit)
c:/program files (x86)/cypress/psoc creator/4.4/psoc creator/import/gnu/arm/5.4.1/bin/../lib/gcc/arm-none-eabi/5.4.1/../../../../arm-none-eabi/lib/armv7e-m/softfp\libg_nano.a(lib_a-impure.o)
                              c:/program files (x86)/cypress/psoc creator/4.4/psoc creator/import/gnu/arm/5.4.1/bin/../lib/gcc/arm-none-eabi/5.4.1/../../../../arm-none-eabi/lib/armv7e-m/softfp\libg_nano.a(lib_a-exit.o) (_global_impure_ptr)
c:/program files (x86)/cypress/psoc creator/4.4/psoc creator/import/gnu/arm/5.4.1/bin/../lib/gcc/arm-none-eabi/5.4.1/../../../../arm-none-eabi/lib/armv7e-m/softfp\libg_nano.a(lib_a-init.o)
                              c:/program files (x86)/cypress/psoc creator/4.4/psoc creator/import/gnu/arm/5.4.1/bin/../lib/gcc/arm-none-eabi/5.4.1/../../../../arm-none-eabi/lib/armv7e-m/softfp/crt0.o (__libc_init_array)
c:/program files (x86)/cypress/psoc creator/4.4/psoc creator/import/gnu/arm/5.4.1/bin/../lib/gcc/arm-none-eabi/5.4.1/../../../../arm-none-eabi/lib/armv7e-m/softfp\libg_nano.a(lib_a-malloc.o)
                              .\CortexM4\ARM_GCC_541\Debug\heap_3.o (malloc)
c:/program files (x86)/cypress/psoc creator/4.4/psoc creator/import/gnu/arm/5.4.1/bin/../lib/gcc/arm-none-eabi/5.4.1/../../../../arm-none-eabi/lib/armv7e-m/softfp\libg_nano.a(lib_a-memcpy-stub.o)
                              .\CortexM4\ARM_GCC_541\Debug\main_cm4.o (memcpy)
c:/program files (x86)/cypress/psoc creator/4.4/psoc creator/import/gnu/arm/5.4.1/bin/../lib/gcc/arm-none-eabi/5.4.1/../../../../arm-none-eabi/lib/armv7e-m/softfp\libg_nano.a(lib_a-memset.o)
                              c:/program files (x86)/cypress/psoc creator/4.4/psoc creator/import/gnu/arm/5.4.1/bin/../lib/gcc/arm-none-eabi/5.4.1/../../../../arm-none-eabi/lib/armv7e-m/softfp/crt0.o (memset)
c:/program files (x86)/cypress/psoc creator/4.4/psoc creator/import/gnu/arm/5.4.1/bin/../lib/gcc/arm-none-eabi/5.4.1/../../../../arm-none-eabi/lib/armv7e-m/softfp\libg_nano.a(lib_a-nano-freer.o)
                              c:/program files (x86)/cypress/psoc creator/4.4/psoc creator/import/gnu/arm/5.4.1/bin/../lib/gcc/arm-none-eabi/5.4.1/../../../../arm-none-eabi/lib/armv7e-m/softfp\libg_nano.a(lib_a-malloc.o) (_free_r)
c:/program files (x86)/cypress/psoc creator/4.4/psoc creator/import/gnu/arm/5.4.1/bin/../lib/gcc/arm-none-eabi/5.4.1/../../../../arm-none-eabi/lib/armv7e-m/softfp\libg_nano.a(lib_a-nano-mallocr.o)
                              c:/program files (x86)/cypress/psoc creator/4.4/psoc creator/import/gnu/arm/5.4.1/bin/../lib/gcc/arm-none-eabi/5.4.1/../../../../arm-none-eabi/lib/armv7e-m/softfp\libg_nano.a(lib_a-malloc.o) (_malloc_r)
[...]
Memory Configuration

Name             Origin             Length             Attributes
ram              0x08024000         0x00023800         xrw
flash            0x10080000         0x00080000         xr
em_eeprom        0x14000000         0x00008000         xr
sflash_user_data 0x16000800         0x00000800         xr
sflash_nar       0x16001a00         0x00000200         xr
sflash_public_key 0x16005a00         0x00000c00         xr
sflash_toc_2     0x16007c00         0x00000200         xr
sflash_rtoc_2    0x16007e00         0x00000200         xr
xip              0x18000000         0x08000000         xr
efuse            0x90700000         0x00100000         r
*default*        0x00000000         0xffffffff

Linker script and memory map

LOAD c:/program files (x86)/cypress/psoc creator/4.4/psoc creator/import/gnu/arm/5.4.1/bin/../lib/gcc/arm-none-eabi/5.4.1/armv7e-m/softfp/crti.o
LOAD c:/program files (x86)/cypress/psoc creator/4.4/psoc creator/import/gnu/arm/5.4.1/bin/../lib/gcc/arm-none-eabi/5.4.1/armv7e-m/softfp/crtbegin.o
LOAD c:/program files (x86)/cypress/psoc creator/4.4/psoc creator/import/gnu/arm/5.4.1/bin/../lib/gcc/arm-none-eabi/5.4.1/../../../../arm-none-eabi/lib/armv7e-m/softfp/crt0.o
START GROUP
LOAD .\CortexM4\ARM_GCC_541\Debug\startup_psoc6_01_cm4.o
LOAD .\CortexM4\ARM_GCC_541\Debug\main_cm4.o
LOAD .\CortexM4\ARM_GCC_541\Debug\system_psoc6_cm4.o
LOAD .\CortexM4\ARM_GCC_541\Debug\cyfitter_sysint_cfg.o
LOAD .\CortexM4\ARM_GCC_541\Debug\cymetadata.o
LOAD .\CortexM4\ARM_GCC_541\Debug\UART.o
LOAD .\CortexM4\ARM_GCC_541\Debug\cy_efuse.o
LOAD .\CortexM4\ARM_GCC_541\Debug\cy_flash.o
LOAD .\CortexM4\ARM_GCC_541\Debug\cy_gpio.o
LOAD .\CortexM4\ARM_GCC_541\Debug\cy_ipc_drv.o
LOAD .\CortexM4\ARM_GCC_541\Debug\cy_ipc_sema.o
LOAD .\CortexM4\ARM_GCC_541\Debug\cy_ipc_pipe.o
LOAD .\CortexM4\ARM_GCC_541\Debug\cy_lvd.o
LOAD .\CortexM4\ARM_GCC_541\Debug\cy_profile.o
LOAD .\CortexM4\ARM_GCC_541\Debug\cy_prot.o
LOAD .\CortexM4\ARM_GCC_541\Debug\cy_scb_common.o
LOAD .\CortexM4\ARM_GCC_541\Debug\cy_scb_i2c.o
LOAD .\CortexM4\ARM_GCC_541\Debug\cy_scb_ezi2c.o
LOAD .\CortexM4\ARM_GCC_541\Debug\cy_scb_spi.o
LOAD .\CortexM4\ARM_GCC_541\Debug\cy_scb_uart.o
LOAD .\CortexM4\ARM_GCC_541\Debug\cy_sysanalog.o
LOAD .\CortexM4\ARM_GCC_541\Debug\cy_sysclk.o
LOAD .\CortexM4\ARM_GCC_541\Debug\cy_sysint.o
LOAD .\CortexM4\ARM_GCC_541\Debug\cy_syslib.o
LOAD .\CortexM4\ARM_GCC_541\Debug\cy_syslib_gcc.o
LOAD .\CortexM4\ARM_GCC_541\Debug\cy_syspm.o
LOAD .\CortexM4\ARM_GCC_541\Debug\cy_systick.o
LOAD .\CortexM4\ARM_GCC_541\Debug\cy_trigmux.o
LOAD .\CortexM4\ARM_GCC_541\Debug\cy_wdt.o
LOAD .\CortexM4\ARM_GCC_541\Debug\cy_device.o
LOAD .\CortexM4\ARM_GCC_541\Debug\cy_ble_clk.o
LOAD .\CortexM4\ARM_GCC_541\Debug\croutine.o
LOAD .\CortexM4\ARM_GCC_541\Debug\event_groups.o
LOAD .\CortexM4\ARM_GCC_541\Debug\list.o
LOAD .\CortexM4\ARM_GCC_541\Debug\queue.o
LOAD .\CortexM4\ARM_GCC_541\Debug\tasks.o
LOAD .\CortexM4\ARM_GCC_541\Debug\timers.o
LOAD .\CortexM4\ARM_GCC_541\Debug\stream_buffer.o
LOAD .\CortexM4\ARM_GCC_541\Debug\port.o
LOAD .\CortexM4\ARM_GCC_541\Debug\heap_3.o
END GROUP
START GROUP
LOAD c:/program files (x86)/cypress/psoc creator/4.4/psoc creator/import/gnu/arm/5.4.1/bin/../lib/gcc/arm-none-eabi/5.4.1/armv7e-m/softfp\libgcc.a
LOAD c:/program files (x86)/cypress/psoc creator/4.4/psoc creator/import/gnu/arm/5.4.1/bin/../lib/gcc/arm-none-eabi/5.4.1/../../../../arm-none-eabi/lib/armv7e-m/softfp\libg_nano.a
LOAD c:/program files (x86)/cypress/psoc creator/4.4/psoc creator/import/gnu/arm/5.4.1/bin/../lib/gcc/arm-none-eabi/5.4.1/../../../../arm-none-eabi/lib/armv7e-m/softfp\libc_nano.a
END GROUP
START GROUP
LOAD c:/program files (x86)/cypress/psoc creator/4.4/psoc creator/import/gnu/arm/5.4.1/bin/../lib/gcc/arm-none-eabi/5.4.1/armv7e-m/softfp\libgcc.a
LOAD c:/program files (x86)/cypress/psoc creator/4.4/psoc creator/import/gnu/arm/5.4.1/bin/../lib/gcc/arm-none-eabi/5.4.1/../../../../arm-none-eabi/lib/armv7e-m/softfp\libc_nano.a
END GROUP
LOAD c:/program files (x86)/cypress/psoc creator/4.4/psoc creator/import/gnu/arm/5.4.1/bin/../lib/gcc/arm-none-eabi/5.4.1/armv7e-m/softfp/crtend.o
LOAD c:/program files (x86)/cypress/psoc creator/4.4/psoc creator/import/gnu/arm/5.4.1/bin/../lib/gcc/arm-none-eabi/5.4.1/armv7e-m/softfp/crtn.o
START GROUP
LOAD c:/program files (x86)/cypress/psoc creator/4.4/psoc creator/import/gnu/arm/5.4.1/bin/../lib/gcc/arm-none-eabi/5.4.1/armv7e-m/softfp\libgcc.a
LOAD c:/program files (x86)/cypress/psoc creator/4.4/psoc creator/import/gnu/arm/5.4.1/bin/../lib/gcc/arm-none-eabi/5.4.1/../../../../arm-none-eabi/lib/armv7e-m/softfp\libc.a
LOAD c:/program files (x86)/cypress/psoc creator/4.4/psoc creator/import/gnu/arm/5.4.1/bin/../lib/gcc/arm-none-eabi/5.4.1/../../../../arm-none-eabi/lib/armv7e-m/softfp\libnosys.a
END GROUP
START GROUP
LOAD c:/program files (x86)/cypress/psoc creator/4.4/psoc creator/import/gnu/arm/5.4.1/bin/../lib/gcc/arm-none-eabi/5.4.1/armv7e-m/softfp\libgcc.a
LOAD c:/program files (x86)/cypress/psoc creator/4.4/psoc creator/import/gnu/arm/5.4.1/bin/../lib/gcc/arm-none-eabi/5.4.1/../../../../arm-none-eabi/lib/armv7e-m/softfp\libc.a
LOAD c:/program files (x86)/cypress/psoc creator/4.4/psoc creator/import/gnu/arm/5.4.1/bin/../lib/gcc/arm-none-eabi/5.4.1/../../../../arm-none-eabi/lib/armv7e-m/softfp\libm.a
LOAD c:/program files (x86)/cypress/psoc creator/4.4/psoc creator/import/gnu/arm/5.4.1/bin/../lib/gcc/arm-none-eabi/5.4.1/../../../../arm-none-eabi/lib/armv7e-m/softfp\libnosys.a
END GROUP

.text           0x10080000     0x3538
                0x10080000                . = ALIGN (0x4)
                0x10080000                __Vectors = .
 *(.vectors)
 .vectors       0x10080000      0x28c .\CortexM4\ARM_GCC_541\Debug\startup_psoc6_01_cm4.o
                0x1008028c                . = ALIGN (0x4)
                0x1008028c                __Vectors_End = .
                0x0000028c                __Vectors_Size = (__Vectors_End - __Vectors)
                0x1008028c                __end__ = .
                0x1008028c                . = ALIGN (0x4)
 *(.text*)
 .text          0x1008028c       0x5c c:/program files (x86)/cypress/psoc creator/4.4/psoc creator/import/gnu/arm/5.4.1/bin/../lib/gcc/arm-none-eabi/5.4.1/armv7e-m/softfp/crtbegin.o
 .text          0x100802e8       0x84 .\CortexM4\ARM_GCC_541\Debug\startup_psoc6_01_cm4.o
                0x100802e8                Cy_OnResetUser
                0x100802ea                Reset_Handler
                0x1008034c                cpuss_interrupts_ipc_6_IRQHandler
                0x1008034c                DebugMon_Handler
                0x1008034c                tcpwm_1_interrupts_11_IRQHandler
                0x1008034c                cpuss_interrupts_ipc_0_IRQHandler
                0x1008034c                tcpwm_1_interrupts_15_IRQHandler
                0x1008034c                ioss_interrupts_gpio_13_IRQHandler
                0x1008034c                tcpwm_1_interrupts_13_IRQHandler
                0x1008034c                cpuss_interrupts_dw1_8_IRQHandler
                0x1008034c                tcpwm_0_interrupts_0_IRQHandler
                0x1008034c                cpuss_interrupt_fm_IRQHandler
                0x1008034c                cpuss_interrupts_ipc_7_IRQHandler
                0x1008034c                tcpwm_1_interrupts_14_IRQHandler
                0x1008034c                cpuss_interrupts_dw0_5_IRQHandler
                0x1008034c                tcpwm_1_interrupts_9_IRQHandler
                0x1008034c                cpuss_interrupts_cm0_cti_1_IRQHandler
                0x1008034c                tcpwm_1_interrupts_22_IRQHandler
                0x1008034c                cpuss_interrupts_dw0_4_IRQHandler
                0x1008034c                NMI_Handler
                0x1008034c                cpuss_interrupts_dw1_12_IRQHandler
                0x1008034c                tcpwm_1_interrupts_12_IRQHandler
                0x1008034c                smif_interrupt_IRQHandler
                0x1008034c                tcpwm_1_interrupts_2_IRQHandler
                0x1008034c                cpuss_interrupts_ipc_13_IRQHandler
                0x1008034c                udb_interrupts_11_IRQHandler
                0x1008034c                tcpwm_1_interrupts_18_IRQHandler
                0x1008034c                cpuss_interrupts_dw0_11_IRQHandler
                0x1008034c                tcpwm_0_interrupts_2_IRQHandler
                0x1008034c                cpuss_interrupts_dw0_13_IRQHandler
                0x1008034c                udb_interrupts_2_IRQHandler
                0x1008034c                cpuss_interrupts_dw1_7_IRQHandler
                0x1008034c                ioss_interrupts_gpio_1_IRQHandler
                0x1008034c                ioss_interrupts_gpio_7_IRQHandler
                0x1008034c                scb_5_interrupt_IRQHandler
                0x1008034c                udb_interrupts_6_IRQHandler
                0x1008034c                cpuss_interrupts_fault_1_IRQHandler
                0x1008034c                cpuss_interrupts_ipc_4_IRQHandler
                0x1008034c                cpuss_interrupts_ipc_5_IRQHandler
                0x1008034c                cpuss_interrupts_dw1_10_IRQHandler
                0x1008034c                udb_interrupts_0_IRQHandler
                0x1008034c                tcpwm_1_interrupts_6_IRQHandler
                0x1008034c                scb_4_interrupt_IRQHandler
                0x1008034c                pass_interrupt_dacs_IRQHandler
                0x1008034c                ioss_interrupts_gpio_2_IRQHandler
                0x1008034c                cpuss_interrupts_dw1_9_IRQHandler
                0x1008034c                cpuss_interrupts_dw1_13_IRQHandler
                0x1008034c                scb_2_interrupt_IRQHandler
                0x1008034c                cpuss_interrupts_cm0_cti_0_IRQHandler
                0x1008034c                udb_interrupts_5_IRQHandler
                0x1008034c                srss_interrupt_IRQHandler
                0x1008034c                udb_interrupts_12_IRQHandler
                0x1008034c                scb_0_interrupt_IRQHandler
                0x1008034c                csd_interrupt_IRQHandler
                0x1008034c                udb_interrupts_1_IRQHandler
                0x1008034c                profile_interrupt_IRQHandler
                0x1008034c                tcpwm_1_interrupts_1_IRQHandler
                0x1008034c                cpuss_interrupts_ipc_12_IRQHandler
                0x1008034c                tcpwm_1_interrupts_3_IRQHandler
                0x1008034c                tcpwm_0_interrupts_7_IRQHandler
                0x1008034c                cpuss_interrupts_dw1_1_IRQHandler
                0x1008034c                cpuss_interrupts_dw1_0_IRQHandler
                0x1008034c                cpuss_interrupts_dw0_9_IRQHandler
                0x1008034c                lpcomp_interrupt_IRQHandler
                0x1008034c                tcpwm_1_interrupts_23_IRQHandler
                0x1008034c                udb_interrupts_4_IRQHandler
                0x1008034c                tcpwm_1_interrupts_20_IRQHandler
                0x1008034c                ioss_interrupt_gpio_IRQHandler
                0x1008034c                tcpwm_0_interrupts_1_IRQHandler
                0x1008034c                ioss_interrupts_gpio_8_IRQHandler
                0x1008034c                tcpwm_0_interrupts_6_IRQHandler
                0x1008034c                scb_7_interrupt_IRQHandler
                0x1008034c                tcpwm_1_interrupts_7_IRQHandler
                0x1008034c                cpuss_interrupts_ipc_11_IRQHandler
                0x1008034c                udb_interrupts_13_IRQHandler
                0x1008034c                cpuss_interrupts_dw0_15_IRQHandler
                0x1008034c                udb_interrupts_7_IRQHandler
                0x1008034c                cpuss_interrupts_dw1_6_IRQHandler
                0x1008034c                cpuss_interrupt_crypto_IRQHandler
                0x1008034c                scb_1_interrupt_IRQHandler
                0x1008034c                Default_Handler
                0x1008034c                usb_interrupt_hi_IRQHandler
                0x1008034c                tcpwm_1_interrupts_0_IRQHandler
                0x1008034c                udb_interrupts_9_IRQHandler
                0x1008034c                audioss_interrupt_pdm_IRQHandler
                0x1008034c                srss_interrupt_mcwdt_0_IRQHandler
                0x1008034c                scb_3_interrupt_IRQHandler
                0x1008034c                pass_interrupt_ctbs_IRQHandler
                0x1008034c                udb_interrupts_8_IRQHandler
                0x1008034c                ioss_interrupts_gpio_3_IRQHandler
                0x1008034c                scb_6_interrupt_IRQHandler
                0x1008034c                cpuss_interrupts_cm4_cti_0_IRQHandler
                0x1008034c                cpuss_interrupts_dw1_3_IRQHandler
                0x1008034c                pass_interrupt_sar_IRQHandler
                0x1008034c                ioss_interrupts_gpio_0_IRQHandler
                0x1008034c                ioss_interrupts_gpio_14_IRQHandler
                0x1008034c                tcpwm_0_interrupts_4_IRQHandler
                0x1008034c                udb_interrupts_3_IRQHandler
                0x1008034c                tcpwm_0_interrupts_5_IRQHandler
                0x1008034c                cpuss_interrupts_ipc_15_IRQHandler
                0x1008034c                cpuss_interrupts_cm4_cti_1_IRQHandler
                0x1008034c                scb_8_interrupt_IRQHandler
                0x1008034c                srss_interrupt_mcwdt_1_IRQHandler
                0x1008034c                cpuss_interrupts_dw1_2_IRQHandler
                0x1008034c                cpuss_interrupts_dw1_5_IRQHandler
                0x1008034c                cpuss_interrupts_ipc_1_IRQHandler
                0x1008034c                cpuss_interrupts_dw0_0_IRQHandler
                0x1008034c                ioss_interrupts_gpio_12_IRQHandler
                0x1008034c                cpuss_interrupts_ipc_3_IRQHandler
                0x1008034c                tcpwm_1_interrupts_17_IRQHandler
                0x1008034c                srss_interrupt_backup_IRQHandler
                0x1008034c                bless_interrupt_IRQHandler
                0x1008034c                cpuss_interrupts_ipc_10_IRQHandler
                0x1008034c                cpuss_interrupts_ipc_9_IRQHandler
                0x1008034c                cpuss_interrupts_dw0_14_IRQHandler
                0x1008034c                tcpwm_1_interrupts_4_IRQHandler
                0x1008034c                tcpwm_0_interrupts_3_IRQHandler
                0x1008034c                cpuss_interrupts_dw1_15_IRQHandler
                0x1008034c                ioss_interrupts_gpio_10_IRQHandler
                0x1008034c                udb_interrupts_10_IRQHandler
                0x1008034c                cpuss_interrupts_dw0_8_IRQHandler
                0x1008034c                ioss_interrupts_gpio_11_IRQHandler
                0x1008034c                cpuss_interrupts_ipc_14_IRQHandler
                0x1008034c                ioss_interrupts_gpio_5_IRQHandler
                0x1008034c                ioss_interrupts_gpio_4_IRQHandler
                0x1008034c                tcpwm_1_interrupts_8_IRQHandler
                0x1008034c                cpuss_interrupts_dw1_14_IRQHandler
                0x1008034c                usb_interrupt_med_IRQHandler
                0x1008034c                cpuss_interrupts_dw0_2_IRQHandler
                0x1008034c                tcpwm_1_interrupts_10_IRQHandler
                0x1008034c                cpuss_interrupts_fault_0_IRQHandler
                0x1008034c                cpuss_interrupts_dw0_12_IRQHandler
                0x1008034c                ioss_interrupts_gpio_6_IRQHandler
                0x1008034c                tcpwm_1_interrupts_21_IRQHandler
                0x1008034c                tcpwm_1_interrupts_16_IRQHandler
                0x1008034c                cpuss_interrupts_dw1_4_IRQHandler
                0x1008034c                udb_interrupts_15_IRQHandler
                0x1008034c                cpuss_interrupts_dw1_11_IRQHandler
                0x1008034c                cpuss_interrupts_dw0_6_IRQHandler
                0x1008034c                ioss_interrupt_vdd_IRQHandler
                0x1008034c                cpuss_interrupts_dw0_7_IRQHandler
                0x1008034c                audioss_interrupt_i2s_IRQHandler
                0x1008034c                tcpwm_1_interrupts_5_IRQHandler
                0x1008034c                cpuss_interrupts_ipc_2_IRQHandler
                0x1008034c                cpuss_interrupts_dw0_10_IRQHandler
                0x1008034c                tcpwm_1_interrupts_19_IRQHandler
                0x1008034c                cpuss_interrupts_dw0_1_IRQHandler
                0x1008034c                ioss_interrupts_gpio_9_IRQHandler
                0x1008034c                usb_interrupt_lo_IRQHandler
                0x1008034c                cpuss_interrupts_ipc_8_IRQHandler
                0x1008034c                udb_interrupts_14_IRQHandler
                0x1008034c                cpuss_interrupts_dw0_3_IRQHandler
                0x10080350                UsageFault_Handler
                0x10080350                HardFault_Handler
                0x10080350                MemManage_Handler
                0x10080350                BusFault_Handler
 .text.main     0x1008036c       0x2c .\CortexM4\ARM_GCC_541\Debug\main_cm4.o
                0x1008036c                main
 .text.calculate_crc8
                0x10080398       0x3c .\CortexM4\ARM_GCC_541\Debug\main_cm4.o
                0x10080398                calculate_crc8
 .text.wrap_data
                0x100803d4       0x54 .\CortexM4\ARM_GCC_541\Debug\main_cm4.o
                0x100803d4                wrap_data
 .text.send_data
                0x10080428       0x20 .\CortexM4\ARM_GCC_541\Debug\main_cm4.o
                0x10080428                send_data
 .text.send_task
                0x10080448       0x18 .\CortexM4\ARM_GCC_541\Debug\main_cm4.o
                0x10080448                send_task
 .text.Cy_SysIpcPipeIsrCm4
                0x10080460        0xc .\CortexM4\ARM_GCC_541\Debug\system_psoc6_cm4.o
                0x10080460                Cy_SysIpcPipeIsrCm4
 .text.Cy_SystemInit
                0x1008046c        0x4 .\CortexM4\ARM_GCC_541\Debug\system_psoc6_cm4.o
                0x1008046c                Cy_SystemInit
 .text.SystemCoreClockUpdate
                0x10080470      0x190 .\CortexM4\ARM_GCC_541\Debug\system_psoc6_cm4.o
                0x10080470                SystemCoreClockUpdate
 .text.SystemInit
                0x10080600       0x48 .\CortexM4\ARM_GCC_541\Debug\system_psoc6_cm4.o
                0x10080600                SystemInit
 .text.Cy_SystemInitFpuEnable
                0x10080648       0x28 .\CortexM4\ARM_GCC_541\Debug\system_psoc6_cm4.o
                0x10080648                Cy_SystemInitFpuEnable
 .text.UART_Interrupt
                0x10080670       0x14 .\CortexM4\ARM_GCC_541\Debug\UART.o
 .text.UART_Start
                0x10080684       0x64 .\CortexM4\ARM_GCC_541\Debug\UART.o
                0x10080684                UART_Start
 .text.Cy_Flash_ProcessOpcode
                0x100806e8       0xac .\CortexM4\ARM_GCC_541\Debug\cy_flash.o
 .text.Cy_Flash_OperationStatus
                0x10080794       0x5c .\CortexM4\ARM_GCC_541\Debug\cy_flash.o
 .text.Cy_Flash_InitExt
                0x100807f0       0x80 .\CortexM4\ARM_GCC_541\Debug\cy_flash.o
                0x100807f0                Cy_Flash_InitExt
 .text.Cy_Flash_Init
                0x10080870       0x10 .\CortexM4\ARM_GCC_541\Debug\cy_flash.o
                0x10080870                Cy_Flash_Init
 .text.Cy_IPC_Drv_LockRelease
                0x10080880       0x3c .\CortexM4\ARM_GCC_541\Debug\cy_ipc_drv.o
                0x10080880                Cy_IPC_Drv_LockRelease
 .text.Cy_IPC_Drv_SendMsgWord
                0x100808bc       0x3c .\CortexM4\ARM_GCC_541\Debug\cy_ipc_drv.o
                0x100808bc                Cy_IPC_Drv_SendMsgWord
 .text.Cy_IPC_Drv_ReadMsgWord
                0x100808f8       0x38 .\CortexM4\ARM_GCC_541\Debug\cy_ipc_drv.o
                0x100808f8                Cy_IPC_Drv_ReadMsgWord
 .text.Cy_IPC_Sema_InitExt
                0x10080930       0xac .\CortexM4\ARM_GCC_541\Debug\cy_ipc_sema.o
                0x10080930                Cy_IPC_Sema_InitExt
 .text.Cy_IPC_Sema_Init
                0x100809dc       0x64 .\CortexM4\ARM_GCC_541\Debug\cy_ipc_sema.o
                0x100809dc                Cy_IPC_Sema_Init
 .text.Cy_IPC_Sema_Clear
                0x10080a40       0x88 .\CortexM4\ARM_GCC_541\Debug\cy_ipc_sema.o
                0x10080a40                Cy_IPC_Sema_Clear
 .text.Cy_IPC_Sema_Status
                0x10080ac8       0x40 .\CortexM4\ARM_GCC_541\Debug\cy_ipc_sema.o
                0x10080ac8                Cy_IPC_Sema_Status
 .text.Cy_IPC_Pipe_Config
                0x10080b08       0x10 .\CortexM4\ARM_GCC_541\Debug\cy_ipc_pipe.o
                0x10080b08                Cy_IPC_Pipe_Config
 .text.Cy_IPC_Pipe_EndpointInit
                0x10080b18       0xd0 .\CortexM4\ARM_GCC_541\Debug\cy_ipc_pipe.o
                0x10080b18                Cy_IPC_Pipe_EndpointInit
 .text.Cy_IPC_Pipe_Init
                0x10080be8       0xb4 .\CortexM4\ARM_GCC_541\Debug\cy_ipc_pipe.o
                0x10080be8                Cy_IPC_Pipe_Init
 .text.Cy_IPC_Pipe_SendMessage
                0x10080c9c       0xa4 .\CortexM4\ARM_GCC_541\Debug\cy_ipc_pipe.o
                0x10080c9c                Cy_IPC_Pipe_SendMessage
 .text.Cy_IPC_Pipe_RegisterCallback
                0x10080d40       0x50 .\CortexM4\ARM_GCC_541\Debug\cy_ipc_pipe.o
                0x10080d40                Cy_IPC_Pipe_RegisterCallback
 .text.Cy_IPC_Pipe_ExecCallback
                0x10080d90       0xbc .\CortexM4\ARM_GCC_541\Debug\cy_ipc_pipe.o
                0x10080d90                Cy_IPC_Pipe_ExecCallback
 .text.Cy_IPC_Pipe_ExecuteCallback
                0x10080e4c       0x2c .\CortexM4\ARM_GCC_541\Debug\cy_ipc_pipe.o
                0x10080e4c                Cy_IPC_Pipe_ExecuteCallback
 .text.Cy_SCB_ReadArrayNoCheck
                0x10080e78       0x38 .\CortexM4\ARM_GCC_541\Debug\cy_scb_common.o
                0x10080e78                Cy_SCB_ReadArrayNoCheck
 .text.Cy_SCB_ReadArray
                0x10080eb0       0x1c .\CortexM4\ARM_GCC_541\Debug\cy_scb_common.o
                0x10080eb0                Cy_SCB_ReadArray
 .text.Cy_SCB_WriteArrayNoCheck
                0x10080ecc       0x38 .\CortexM4\ARM_GCC_541\Debug\cy_scb_common.o
                0x10080ecc                Cy_SCB_WriteArrayNoCheck
 .text.Cy_SCB_WriteArray
                0x10080f04       0x2c .\CortexM4\ARM_GCC_541\Debug\cy_scb_common.o
                0x10080f04                Cy_SCB_WriteArray
 .text.HandleDataTransmit
                0x10080f30       0xdc .\CortexM4\ARM_GCC_541\Debug\cy_scb_uart.o
 .text.HandleDataReceive
                0x1008100c       0xf8 .\CortexM4\ARM_GCC_541\Debug\cy_scb_uart.o
 .text.Cy_SCB_UART_Init
                0x10081104      0x364 .\CortexM4\ARM_GCC_541\Debug\cy_scb_uart.o
                0x10081104                Cy_SCB_UART_Init
 .text.Cy_SCB_UART_GetNumInRingBuffer
                0x10081468       0x18 .\CortexM4\ARM_GCC_541\Debug\cy_scb_uart.o
                0x10081468                Cy_SCB_UART_GetNumInRingBuffer
 .text.HandleRingBuffer
                0x10081480       0xcc .\CortexM4\ARM_GCC_541\Debug\cy_scb_uart.o
 .text.Cy_SCB_UART_Interrupt
                0x1008154c       0xe8 .\CortexM4\ARM_GCC_541\Debug\cy_scb_uart.o
                0x1008154c                Cy_SCB_UART_Interrupt
 .text.Cy_SysInt_SetVector
                0x10081634       0x48 .\CortexM4\ARM_GCC_541\Debug\cy_sysint.o
                0x10081634                Cy_SysInt_SetVector
 .text.Cy_SysInt_Init
                0x1008167c       0x74 .\CortexM4\ARM_GCC_541\Debug\cy_sysint.o
                0x1008167c                Cy_SysInt_Init
 .text.Cy_SysLib_Halt
                0x100816f0        0x4 .\CortexM4\ARM_GCC_541\Debug\cy_syslib.o
                0x100816f0                Cy_SysLib_Halt
 .text.Cy_SysLib_AssertFailed
                0x100816f4       0x1c .\CortexM4\ARM_GCC_541\Debug\cy_syslib.o
                0x100816f4                Cy_SysLib_AssertFailed
 .text.Cy_SysLib_ProcessingFault
                0x10081710        0x4 .\CortexM4\ARM_GCC_541\Debug\cy_syslib.o
                0x10081710                Cy_SysLib_ProcessingFault
 .text.Cy_SysLib_FaultHandler
                0x10081714       0xa4 .\CortexM4\ARM_GCC_541\Debug\cy_syslib.o
                0x10081714                Cy_SysLib_FaultHandler
 .text          0x100817b8       0x20 .\CortexM4\ARM_GCC_541\Debug\cy_syslib_gcc.o
                0x100817b8                Cy_SysLib_DelayCycles
                0x100817ca                Cy_SysLib_EnterCriticalSection
                0x100817d2                Cy_SysLib_ExitCriticalSection
 .text.Cy_PDL_Init
                0x100817d8        0xc .\CortexM4\ARM_GCC_541\Debug\cy_device.o
                0x100817d8                Cy_PDL_Init
 .text.vListInitialise
                0x100817e4       0x18 .\CortexM4\ARM_GCC_541\Debug\list.o
                0x100817e4                vListInitialise
 .text.vListInitialiseItem
                0x100817fc        0x8 .\CortexM4\ARM_GCC_541\Debug\list.o
                0x100817fc                vListInitialiseItem
 .text.vListInsertEnd
                0x10081804       0x18 .\CortexM4\ARM_GCC_541\Debug\list.o
                0x10081804                vListInsertEnd
 .text.vListInsert
                0x1008181c       0x34 .\CortexM4\ARM_GCC_541\Debug\list.o
                0x1008181c                vListInsert
 .text.uxListRemove
                0x10081850       0x28 .\CortexM4\ARM_GCC_541\Debug\list.o
                0x10081850                uxListRemove
 .text.prvIsQueueFull
                0x10081878       0x20 .\CortexM4\ARM_GCC_541\Debug\queue.o
 .text.prvIsQueueEmpty
                0x10081898       0x1c .\CortexM4\ARM_GCC_541\Debug\queue.o
 .text.prvCopyDataToQueue
                0x100818b4       0x54 .\CortexM4\ARM_GCC_541\Debug\queue.o
 .text.prvCopyDataFromQueue
                0x10081908       0x24 .\CortexM4\ARM_GCC_541\Debug\queue.o
 .text.prvUnlockQueue
                0x1008192c       0x68 .\CortexM4\ARM_GCC_541\Debug\queue.o
 .text.xQueueGenericReset
                0x10081994       0x80 .\CortexM4\ARM_GCC_541\Debug\queue.o
                0x10081994                xQueueGenericReset
 .text.prvInitialiseNewQueue
                0x10081a14       0x1c .\CortexM4\ARM_GCC_541\Debug\queue.o
 .text.xQueueGenericCreate
                0x10081a30       0x4c .\CortexM4\ARM_GCC_541\Debug\queue.o
                0x10081a30                xQueueGenericCreate
 .text.xQueueGenericSend
                0x10081a7c      0x190 .\CortexM4\ARM_GCC_541\Debug\queue.o
                0x10081a7c                xQueueGenericSend
 .text.xQueueGenericSendFromISR
                0x10081c0c       0xe4 .\CortexM4\ARM_GCC_541\Debug\queue.o
                0x10081c0c                xQueueGenericSendFromISR
 .text.xQueueReceive
                0x10081cf0      0x158 .\CortexM4\ARM_GCC_541\Debug\queue.o
                0x10081cf0                xQueueReceive
 .text.vQueueAddToRegistry
                0x10081e48       0x28 .\CortexM4\ARM_GCC_541\Debug\queue.o
                0x10081e48                vQueueAddToRegistry
 .text.vQueueWaitForMessageRestricted
                0x10081e70       0x4c .\CortexM4\ARM_GCC_541\Debug\queue.o
                0x10081e70                vQueueWaitForMessageRestricted
 .text.prvResetNextTaskUnblockTime
                0x10081ebc       0x2c .\CortexM4\ARM_GCC_541\Debug\tasks.o
 .text.prvDeleteTCB
                0x10081ee8       0x14 .\CortexM4\ARM_GCC_541\Debug\tasks.o
 .text.prvInitialiseNewTask
                0x10081efc       0xa0 .\CortexM4\ARM_GCC_541\Debug\tasks.o
 .text.prvInitialiseTaskLists
                0x10081f9c       0x58 .\CortexM4\ARM_GCC_541\Debug\tasks.o
 .text.prvAddNewTaskToReadyList
                0x10081ff4       0xac .\CortexM4\ARM_GCC_541\Debug\tasks.o
 .text.prvCheckTasksWaitingTermination
                0x100820a0       0x44 .\CortexM4\ARM_GCC_541\Debug\tasks.o
 .text.prvIdleTask
                0x100820e4       0x28 .\CortexM4\ARM_GCC_541\Debug\tasks.o
 .text.prvAddCurrentTaskToDelayedList
                0x1008210c       0x68 .\CortexM4\ARM_GCC_541\Debug\tasks.o
 .text.xTaskCreate
                0x10082174       0x64 .\CortexM4\ARM_GCC_541\Debug\tasks.o
                0x10082174                xTaskCreate
 .text.vTaskStartScheduler
                0x100821d8       0x7c .\CortexM4\ARM_GCC_541\Debug\tasks.o
                0x100821d8                vTaskStartScheduler
 .text.vTaskSuspendAll
                0x10082254       0x14 .\CortexM4\ARM_GCC_541\Debug\tasks.o
                0x10082254                vTaskSuspendAll
 .text.xTaskGetTickCount
                0x10082268        0xc .\CortexM4\ARM_GCC_541\Debug\tasks.o
                0x10082268                xTaskGetTickCount
 .text.xTaskIncrementTick
                0x10082274       0xfc .\CortexM4\ARM_GCC_541\Debug\tasks.o
                0x10082274                xTaskIncrementTick
 .text.xTaskResumeAll
                0x10082370       0xf0 .\CortexM4\ARM_GCC_541\Debug\tasks.o
                0x10082370                xTaskResumeAll
 .text.vTaskDelay
                0x10082460       0x50 .\CortexM4\ARM_GCC_541\Debug\tasks.o
                0x10082460                vTaskDelay
 .text.vTaskSwitchContext
                0x100824b0       0xc8 .\CortexM4\ARM_GCC_541\Debug\tasks.o
                0x100824b0                vTaskSwitchContext
 .text.vTaskPlaceOnEventList
                0x10082578       0x34 .\CortexM4\ARM_GCC_541\Debug\tasks.o
                0x10082578                vTaskPlaceOnEventList
 .text.vTaskPlaceOnEventListRestricted
                0x100825ac       0x3c .\CortexM4\ARM_GCC_541\Debug\tasks.o
                0x100825ac                vTaskPlaceOnEventListRestricted
 .text.xTaskRemoveFromEventList
                0x100825e8       0x88 .\CortexM4\ARM_GCC_541\Debug\tasks.o
                0x100825e8                xTaskRemoveFromEventList
 .text.vTaskInternalSetTimeOutState
                0x10082670       0x14 .\CortexM4\ARM_GCC_541\Debug\tasks.o
                0x10082670                vTaskInternalSetTimeOutState
 .text.xTaskCheckForTimeOut
                0x10082684       0x80 .\CortexM4\ARM_GCC_541\Debug\tasks.o
                0x10082684                xTaskCheckForTimeOut
 .text.vTaskMissedYield
                0x10082704       0x10 .\CortexM4\ARM_GCC_541\Debug\tasks.o
                0x10082704                vTaskMissedYield
 .text.xTaskGetSchedulerState
                0x10082714       0x20 .\CortexM4\ARM_GCC_541\Debug\tasks.o
                0x10082714                xTaskGetSchedulerState
 .text.prvGetNextExpireTime
                0x10082734       0x20 .\CortexM4\ARM_GCC_541\Debug\timers.o
 .text.prvInsertTimerInActiveList
                0x10082754       0x44 .\CortexM4\ARM_GCC_541\Debug\timers.o
 .text.prvCheckForValidListAndQueue
                0x10082798       0x48 .\CortexM4\ARM_GCC_541\Debug\timers.o
 .text.xTimerCreateTimerTask
                0x100827e0       0x50 .\CortexM4\ARM_GCC_541\Debug\timers.o
                0x100827e0                xTimerCreateTimerTask
 .text.xTimerGenericCommand
                0x10082830       0x6c .\CortexM4\ARM_GCC_541\Debug\timers.o
                0x10082830                xTimerGenericCommand
 .text.prvSwitchTimerLists
                0x1008289c       0x74 .\CortexM4\ARM_GCC_541\Debug\timers.o
 .text.prvSampleTimeNow
                0x10082910       0x2c .\CortexM4\ARM_GCC_541\Debug\timers.o
 .text.prvProcessExpiredTimer
                0x1008293c       0x5c .\CortexM4\ARM_GCC_541\Debug\timers.o
 .text.prvProcessTimerOrBlockTask
                0x10082998       0x70 .\CortexM4\ARM_GCC_541\Debug\timers.o
 .text.prvProcessReceivedCommands
                0x10082a08       0xbc .\CortexM4\ARM_GCC_541\Debug\timers.o
 .text.prvTimerTask
                0x10082ac4       0x18 .\CortexM4\ARM_GCC_541\Debug\timers.o
 .text.prvTaskExitError
                0x10082adc       0x40 .\CortexM4\ARM_GCC_541\Debug\port.o
 .text.prvPortStartFirstTask
                0x10082b1c       0x28 .\CortexM4\ARM_GCC_541\Debug\port.o
 .text.vPortEnableVFP
                0x10082b44       0x14 .\CortexM4\ARM_GCC_541\Debug\port.o
 .text.pxPortInitialiseStack
                0x10082b58       0x2c .\CortexM4\ARM_GCC_541\Debug\port.o
                0x10082b58                pxPortInitialiseStack
 *fill*         0x10082b84        0xc 
 .text.SVC_Handler
                0x10082b90       0x24 .\CortexM4\ARM_GCC_541\Debug\port.o
                0x10082b90                SVC_Handler
 .text.vPortEnterCritical
                0x10082bb4       0x44 .\CortexM4\ARM_GCC_541\Debug\port.o
                0x10082bb4                vPortEnterCritical
 .text.vPortExitCritical
                0x10082bf8       0x2c .\CortexM4\ARM_GCC_541\Debug\port.o
                0x10082bf8                vPortExitCritical
 *fill*         0x10082c24        0xc 
 .text.PendSV_Handler
                0x10082c30       0x64 .\CortexM4\ARM_GCC_541\Debug\port.o
                0x10082c30                PendSV_Handler
 .text.SysTick_Handler
                0x10082c94       0x2c .\CortexM4\ARM_GCC_541\Debug\port.o
                0x10082c94                SysTick_Handler
 .text.vPortSetupTimerInterrupt
                0x10082cc0       0x38 .\CortexM4\ARM_GCC_541\Debug\port.o
                0x10082cc0                vPortSetupTimerInterrupt
 .text.xPortStartScheduler
                0x10082cf8       0xc4 .\CortexM4\ARM_GCC_541\Debug\port.o
                0x10082cf8                xPortStartScheduler
 .text.vPortValidateInterruptPriority
                0x10082dbc       0x58 .\CortexM4\ARM_GCC_541\Debug\port.o
                0x10082dbc                vPortValidateInterruptPriority
 .text.vApplicationStackOverflowHook
                0x10082e14       0x24 .\CortexM4\ARM_GCC_541\Debug\port.o
                0x10082e14                vApplicationStackOverflowHook
 .text.pvPortMalloc
                0x10082e38       0x18 .\CortexM4\ARM_GCC_541\Debug\heap_3.o
                0x10082e38                pvPortMalloc
 .text.vPortFree
                0x10082e50       0x18 .\CortexM4\ARM_GCC_541\Debug\heap_3.o
                0x10082e50                vPortFree
 .text.malloc   0x10082e68       0x10 c:/program files (x86)/cypress/psoc creator/4.4/psoc creator/import/gnu/arm/5.4.1/bin/../lib/gcc/arm-none-eabi/5.4.1/../../../../arm-none-eabi/lib/armv7e-m/softfp\libg_nano.a(lib_a-malloc.o)
                0x10082e68                malloc
 .text.free     0x10082e78       0x10 c:/program files (x86)/cypress/psoc creator/4.4/psoc creator/import/gnu/arm/5.4.1/bin/../lib/gcc/arm-none-eabi/5.4.1/../../../../arm-none-eabi/lib/armv7e-m/softfp\libg_nano.a(lib_a-malloc.o)
                0x10082e78                free
 .text.memcpy   0x10082e88       0x16 c:/program files (x86)/cypress/psoc creator/4.4/psoc creator/import/gnu/arm/5.4.1/bin/../lib/gcc/arm-none-eabi/5.4.1/../../../../arm-none-eabi/lib/armv7e-m/softfp\libg_nano.a(lib_a-memcpy-stub.o)
                0x10082e88                memcpy
 .text.memset   0x10082e9e       0x10 c:/program files (x86)/cypress/psoc creator/4.4/psoc creator/import/gnu/arm/5.4.1/bin/../lib/gcc/arm-none-eabi/5.4.1/../../../../arm-none-eabi/lib/armv7e-m/softfp\libg_nano.a(lib_a-memset.o)
                0x10082e9e                memset
 *fill*         0x10082eae        0x2 
 .text._free_r  0x10082eb0       0x9c c:/program files (x86)/cypress/psoc creator/4.4/psoc creator/import/gnu/arm/5.4.1/bin/../lib/gcc/arm-none-eabi/5.4.1/../../../../arm-none-eabi/lib/armv7e-m/softfp\libg_nano.a(lib_a-nano-freer.o)
                0x10082eb0                _free_r
 .text._malloc_r
                0x10082f4c       0xbc c:/program files (x86)/cypress/psoc creator/4.4/psoc creator/import/gnu/arm/5.4.1/bin/../lib/gcc/arm-none-eabi/5.4.1/../../../../arm-none-eabi/lib/armv7e-m/softfp\libg_nano.a(lib_a-nano-mallocr.o)
                0x10082f4c                _malloc_r
 .text._sbrk_r  0x10083008       0x20 c:/program files (x86)/cypress/psoc creator/4.4/psoc creator/import/gnu/arm/5.4.1/bin/../lib/gcc/arm-none-eabi/5.4.1/../../../../arm-none-eabi/lib/armv7e-m/softfp\libg_nano.a(lib_a-sbrkr.o)
                0x10083008                _sbrk_r
 .text.strncpy  0x10083028       0x26 c:/program files (x86)/cypress/psoc creator/4.4/psoc creator/import/gnu/arm/5.4.1/bin/../lib/gcc/arm-none-eabi/5.4.1/../../../../arm-none-eabi/lib/armv7e-m/softfp\libg_nano.a(lib_a-strncpy.o)
                0x10083028                strncpy
 .text.__malloc_lock
                0x1008304e        0x2 c:/program files (x86)/cypress/psoc creator/4.4/psoc creator/import/gnu/arm/5.4.1/bin/../lib/gcc/arm-none-eabi/5.4.1/../../../../arm-none-eabi/lib/armv7e-m/softfp\libg_nano.a(lib_a-mlock.o)
                0x1008304e                __malloc_lock
 .text.__malloc_unlock
                0x10083050        0x2 c:/program files (x86)/cypress/psoc creator/4.4/psoc creator/import/gnu/arm/5.4.1/bin/../lib/gcc/arm-none-eabi/5.4.1/../../../../arm-none-eabi/lib/armv7e-m/softfp\libg_nano.a(lib_a-mlock.o)
                0x10083050                __malloc_unlock
 *fill*         0x10083052        0x2 
 .text._sbrk    0x10083054       0x1c c:/program files (x86)/cypress/psoc creator/4.4/psoc creator/import/gnu/arm/5.4.1/bin/../lib/gcc/arm-none-eabi/5.4.1/../../../../arm-none-eabi/lib/armv7e-m/softfp\libnosys.a(sbrk.o)
                0x10083054                _sbrk
 *(.init)
 .init          0x10083070        0x4 c:/program files (x86)/cypress/psoc creator/4.4/psoc creator/import/gnu/arm/5.4.1/bin/../lib/gcc/arm-none-eabi/5.4.1/armv7e-m/softfp/crti.o
                0x10083070                _init
 .init          0x10083074        0x8 c:/program files (x86)/cypress/psoc creator/4.4/psoc creator/import/gnu/arm/5.4.1/bin/../lib/gcc/arm-none-eabi/5.4.1/armv7e-m/softfp/crtn.o
 *(.fini)
 .fini          0x1008307c        0x4 c:/program files (x86)/cypress/psoc creator/4.4/psoc creator/import/gnu/arm/5.4.1/bin/../lib/gcc/arm-none-eabi/5.4.1/armv7e-m/softfp/crti.o
                0x1008307c                _fini
 .fini          0x10083080        0x8 c:/program files (x86)/cypress/psoc creator/4.4/psoc creator/import/gnu/arm/5.4.1/bin/../lib/gcc/arm-none-eabi/5.4.1/armv7e-m/softfp/crtn.o
 *crtbegin.o(.ctors)
 *crtbegin?.o(.ctors)
 *(EXCLUDE_FILE(*crtend.o *crtend?.o) .ctors)
 *(SORT(.ctors.*))
 *(.ctors)
 *crtbegin.o(.dtors)
 *crtbegin?.o(.dtors)
 *(EXCLUDE_FILE(*crtend.o *crtend?.o) .dtors)
 *(SORT(.dtors.*))
 *(.dtors)
 *(.rodata .rodata.* .constdata .constdata.* .conststring .conststring.*)
 .rodata.str1.4
                0x10083088       0x4c .\CortexM4\ARM_GCC_541\Debug\main_cm4.o
 .rodata        0x100830d4       0x34 .\CortexM4\ARM_GCC_541\Debug\system_psoc6_cm4.o
 .rodata        0x10083108        0x8 .\CortexM4\ARM_GCC_541\Debug\cyfitter_sysint_cfg.o
                0x10083108                UART_SCB_IRQ_cfg
 .rodata        0x10083110       0x40 .\CortexM4\ARM_GCC_541\Debug\UART.o
                0x10083110                UART_config
 .rodata.str1.4
                0x10083150       0x3f .\CortexM4\ARM_GCC_541\Debug\cy_flash.o
 *fill*         0x1008318f        0x1 
 .rodata.str1.4
                0x10083190       0x7f .\CortexM4\ARM_GCC_541\Debug\cy_ipc_drv.o
 .rodata.str1.4
                0x1008320f       0x3f .\CortexM4\ARM_GCC_541\Debug\cy_ipc_sema.o
 *fill*         0x1008320f        0x1 
 .rodata.str1.4
                0x10083210       0x40 .\CortexM4\ARM_GCC_541\Debug\cy_ipc_pipe.o
                                 0x7f (size before relaxing)
 .rodata.str1.4
                0x10083250       0xc4 .\CortexM4\ARM_GCC_541\Debug\cy_scb_uart.o
 .rodata.str1.4
                0x10083314       0x41 .\CortexM4\ARM_GCC_541\Debug\cy_sysint.o
 *fill*         0x10083355        0x3 
 .rodata        0x10083358      0x170 .\CortexM4\ARM_GCC_541\Debug\cy_device.o
                0x10083358                cy_deviceIpBlockCfgPSoC6_02
                0x10083410                cy_deviceIpBlockCfgPSoC6_01
 .rodata.str1.4
                0x100834c8        0x5 .\CortexM4\ARM_GCC_541\Debug\tasks.o
 *fill*         0x100834cd        0x3 
 .rodata.str1.4
                0x100834d0       0x10 .\CortexM4\ARM_GCC_541\Debug\timers.o
 .rodata.str1.4
                0x100834e0       0x50 .\CortexM4\ARM_GCC_541\Debug\port.o
 .rodata.str1.1
                0x10083530        0x2 c:/program files (x86)/cypress/psoc creator/4.4/psoc creator/import/gnu/arm/5.4.1/bin/../lib/gcc/arm-none-eabi/5.4.1/../../../../arm-none-eabi/lib/armv7e-m/softfp\libg_nano.a(lib_a-impure.o)
 *(.eh_frame*)
 *fill*         0x10083532        0x2 
 .eh_frame      0x10083534        0x0 c:/program files (x86)/cypress/psoc creator/4.4/psoc creator/import/gnu/arm/5.4.1/bin/../lib/gcc/arm-none-eabi/5.4.1/armv7e-m/softfp/crtbegin.o
 .eh_frame      0x10083534        0x4 c:/program files (x86)/cypress/psoc creator/4.4/psoc creator/import/gnu/arm/5.4.1/bin/../lib/gcc/arm-none-eabi/5.4.1/armv7e-m/softfp/crtend.o

.glue_7         0x10083538        0x0
 .glue_7        0x10083538        0x0 linker stubs

.glue_7t        0x10083538        0x0
 .glue_7t       0x10083538        0x0 linker stubs

.vfp11_veneer   0x10083538        0x0
 .vfp11_veneer  0x10083538        0x0 linker stubs

.v4_bx          0x10083538        0x0
 .v4_bx         0x10083538        0x0 linker stubs

.iplt           0x10083538        0x0
 .iplt          0x10083538        0x0 c:/program files (x86)/cypress/psoc creator/4.4/psoc creator/import/gnu/arm/5.4.1/bin/../lib/gcc/arm-none-eabi/5.4.1/armv7e-m/softfp/crtbegin.o

.ARM.extab
 *(.ARM.extab* .gnu.linkonce.armextab.*)
                0x10083538                __exidx_start = .

.ARM.exidx
 *(.ARM.exidx* .gnu.linkonce.armexidx.*)
                0x10083538                __exidx_end = .

.copy.table     0x10083538       0x18
                0x10083538                . = ALIGN (0x4)
                0x10083538                __copy_table_start__ = .
                0x10083538        0x4 LONG 0x10080000 __Vectors
                0x1008353c        0x4 LONG 0x8024000 __ram_vectors_start__
                0x10083540        0x4 LONG 0x28c (__Vectors_End - __Vectors)
                0x10083544        0x4 LONG 0x10083558 __etext
                0x10083548        0x4 LONG 0x802428c __data_start__
                0x1008354c        0x4 LONG 0x62c (__data_end__ - __data_start__)
                0x10083550                __copy_table_end__ = .

.zero.table     0x10083550        0x8
                0x10083550                . = ALIGN (0x4)
                0x10083550                __zero_table_start__ = .
                0x10083550        0x4 LONG 0x802494c __bss_start__
                0x10083554        0x4 LONG 0x410 (__bss_end__ - __bss_start__)
                0x10083558                __zero_table_end__ = .
                0x10083558                __etext = .

.ramVectors     0x08024000      0x28c
                0x08024000                __ram_vectors_start__ = .
 *(.ram_vectors)
 .ram_vectors   0x08024000      0x28c .\CortexM4\ARM_GCC_541\Debug\startup_psoc6_01_cm4.o
                0x08024000                __ramVectors
                0x0802428c                __ram_vectors_end__ = .

.data           0x0802428c      0x62c load address 0x10083558
                0x0802428c                __data_start__ = .
 *(vtable)
 *(.data*)
 .data          0x0802428c       0x20 .\CortexM4\ARM_GCC_541\Debug\system_psoc6_cm4.o
                0x0802428c                cy_BleEcoClockFreqHz
                0x08024290                cy_Hfclk0FreqHz
                0x08024294                cy_PeriClkFreqHz
                0x08024298                SystemCoreClock
                0x0802429c                cy_delayFreqHz
                0x080242a0                cy_delayFreqMhz
                0x080242a4                cy_delayFreqKhz
                0x080242a8                cy_delay32kMs
 .data          0x080242ac        0x4 .\CortexM4\ARM_GCC_541\Debug\port.o
 .data.impure_data
                0x080242b0       0x60 c:/program files (x86)/cypress/psoc creator/4.4/psoc creator/import/gnu/arm/5.4.1/bin/../lib/gcc/arm-none-eabi/5.4.1/../../../../arm-none-eabi/lib/armv7e-m/softfp\libg_nano.a(lib_a-impure.o)
 .data._impure_ptr
                0x08024310        0x4 c:/program files (x86)/cypress/psoc creator/4.4/psoc creator/import/gnu/arm/5.4.1/bin/../lib/gcc/arm-none-eabi/5.4.1/../../../../arm-none-eabi/lib/armv7e-m/softfp\libg_nano.a(lib_a-impure.o)
                0x08024310                _impure_ptr
                0x08024314                . = ALIGN (0x4)
                0x08024314                PROVIDE (__preinit_array_start, .)
 *(.preinit_array)
                0x08024314                PROVIDE (__preinit_array_end, .)
                0x08024314                . = ALIGN (0x4)
                0x08024314                PROVIDE (__init_array_start, .)
 *(SORT(.init_array.*))
 *(.init_array)
 .init_array    0x08024314        0x4 c:/program files (x86)/cypress/psoc creator/4.4/psoc creator/import/gnu/arm/5.4.1/bin/../lib/gcc/arm-none-eabi/5.4.1/armv7e-m/softfp/crtbegin.o
                0x08024318                PROVIDE (__init_array_end, .)
                0x08024318                . = ALIGN (0x4)
                [!provide]                PROVIDE (__fini_array_start, .)
 *(SORT(.fini_array.*))
 *(.fini_array)
 .fini_array    0x08024318        0x4 c:/program files (x86)/cypress/psoc creator/4.4/psoc creator/import/gnu/arm/5.4.1/bin/../lib/gcc/arm-none-eabi/5.4.1/armv7e-m/softfp/crtbegin.o
                [!provide]                PROVIDE (__fini_array_end, .)
 *(.jcr*)
 .jcr           0x0802431c        0x0 c:/program files (x86)/cypress/psoc creator/4.4/psoc creator/import/gnu/arm/5.4.1/bin/../lib/gcc/arm-none-eabi/5.4.1/armv7e-m/softfp/crtbegin.o
 .jcr           0x0802431c        0x4 c:/program files (x86)/cypress/psoc creator/4.4/psoc creator/import/gnu/arm/5.4.1/bin/../lib/gcc/arm-none-eabi/5.4.1/armv7e-m/softfp/crtend.o
                0x08024320                . = ALIGN (0x4)
 *(.cy_ramfunc*)
 .cy_ramfunc    0x08024320      0x300 .\CortexM4\ARM_GCC_541\Debug\cy_flash.o
                0x0802438c                Cy_Flash_ResumeIrqHandler
 .cy_ramfunc    0x08024620      0x218 .\CortexM4\ARM_GCC_541\Debug\cy_syspm.o
 .cy_ramfunc.__stub
                0x08024838       0x80 linker stubs
                0x080248b8                . = ALIGN (0x4)
                0x080248b8                __data_end__ = .

.igot.plt       0x080248b8        0x0 load address 0x10083b84
 .igot.plt      0x080248b8        0x0 c:/program files (x86)/cypress/psoc creator/4.4/psoc creator/import/gnu/arm/5.4.1/bin/../lib/gcc/arm-none-eabi/5.4.1/armv7e-m/softfp/crtbegin.o

.noinit         0x080248b8       0x94 load address 0x10083b88
 *(.noinit)
 .noinit        0x080248b8       0x94 .\CortexM4\ARM_GCC_541\Debug\cy_syslib.o
                0x080248b8                cy_assertFileName
                0x080248d0                cy_assertLine
                0x080248d4                cy_faultFrame

.bss            0x0802494c      0x410 load address 0x10083c1c
                0x0802494c                . = ALIGN (0x4)
                0x0802494c                __bss_start__ = .
 *(.bss*)
 .bss           0x0802494c       0x1c c:/program files (x86)/cypress/psoc creator/4.4/psoc creator/import/gnu/arm/5.4.1/bin/../lib/gcc/arm-none-eabi/5.4.1/armv7e-m/softfp/crtbegin.o
 .bss           0x08024968      0x180 .\CortexM4\ARM_GCC_541\Debug\system_psoc6_cm4.o
 .bss           0x08024ae8        0x1 .\CortexM4\ARM_GCC_541\Debug\UART.o
                0x08024ae8                UART_initVar
 *fill*         0x08024ae9        0x3 
 .bss           0x08024aec       0x18 .\CortexM4\ARM_GCC_541\Debug\cy_flash.o
 .bss           0x08024b04        0xc .\CortexM4\ARM_GCC_541\Debug\cy_ipc_sema.o
 .bss           0x08024b10        0x4 .\CortexM4\ARM_GCC_541\Debug\cy_ipc_pipe.o
 .bss           0x08024b14       0x3c .\CortexM4\ARM_GCC_541\Debug\cy_syspm.o
 .bss           0x08024b50      0x12c .\CortexM4\ARM_GCC_541\Debug\tasks.o
                0x08024c50                pxCurrentTCB
 .bss           0x08024c7c       0x3c .\CortexM4\ARM_GCC_541\Debug\timers.o
 .bss           0x08024cb8        0x8 .\CortexM4\ARM_GCC_541\Debug\port.o
 .bss.__malloc_sbrk_start
                0x08024cc0        0x4 c:/program files (x86)/cypress/psoc creator/4.4/psoc creator/import/gnu/arm/5.4.1/bin/../lib/gcc/arm-none-eabi/5.4.1/../../../../arm-none-eabi/lib/armv7e-m/softfp\libg_nano.a(lib_a-nano-mallocr.o)
                0x08024cc0                __malloc_sbrk_start
 .bss.__malloc_free_list
                0x08024cc4        0x4 c:/program files (x86)/cypress/psoc creator/4.4/psoc creator/import/gnu/arm/5.4.1/bin/../lib/gcc/arm-none-eabi/5.4.1/../../../../arm-none-eabi/lib/armv7e-m/softfp\libg_nano.a(lib_a-nano-mallocr.o)
                0x08024cc4                __malloc_free_list
 .bss.heap_end.4169
                0x08024cc8        0x4 c:/program files (x86)/cypress/psoc creator/4.4/psoc creator/import/gnu/arm/5.4.1/bin/../lib/gcc/arm-none-eabi/5.4.1/../../../../arm-none-eabi/lib/armv7e-m/softfp\libnosys.a(sbrk.o)
 *(COMMON)
 COMMON         0x08024ccc       0x38 .\CortexM4\ARM_GCC_541\Debug\UART.o
                0x08024ccc                UART_context
 COMMON         0x08024d04        0x4 .\CortexM4\ARM_GCC_541\Debug\cy_device.o
                0x08024d04                cy_device
 COMMON         0x08024d08       0x50 .\CortexM4\ARM_GCC_541\Debug\queue.o
                0x08024d08                xQueueRegistry
 COMMON         0x08024d58        0x4 c:/program files (x86)/cypress/psoc creator/4.4/psoc creator/import/gnu/arm/5.4.1/bin/../lib/gcc/arm-none-eabi/5.4.1/../../../../arm-none-eabi/lib/armv7e-m/softfp\libg_nano.a(lib_a-reent.o)
                0x08024d58                errno
                0x08024d5c                . = ALIGN (0x4)
                0x08024d5c                __bss_end__ = .

.heap           0x08024d60      0x400
                0x08024d60                __HeapBase = .
                0x08024d60                __end__ = .
                0x08024d60                end = __end__
 *(.heap*)
 .heap          0x08024d60      0x400 .\CortexM4\ARM_GCC_541\Debug\startup_psoc6_01_cm4.o
                0x08025160                __HeapLimit = .

.stack_dummy    0x08024d60     0x1000
 *(.stack*)
 .stack         0x08024d60     0x1000 .\CortexM4\ARM_GCC_541\Debug\startup_psoc6_01_cm4.o
                0x08047800                __StackTop = (ORIGIN (ram) + LENGTH (ram))
                0x08046800                __StackLimit = (__StackTop - SIZEOF (.stack_dummy))
                0x08047800                PROVIDE (__stack, __StackTop)
                0x00000001                ASSERT ((__StackLimit >= __HeapLimit), region RAM overflowed with stack)

.cy_app_signature
 *(.cy_app_signature)

.cy_em_eeprom
 *(.cy_em_eeprom)

.cy_sflash_user_data
 *(.cy_sflash_user_data)

.cy_sflash_nar
 *(.cy_sflash_nar)

.cy_sflash_public_key
 *(.cy_sflash_public_key)

.cy_toc_part2
 *(.cy_toc_part2)

.cy_rtoc_part2
 *(.cy_rtoc_part2)

.cy_xip
 *(.cy_xip)

.cy_efuse
 *(.cy_efuse)

.cymeta         0x90500000        0xc
 *(.cymeta)
 .cymeta        0x90500000        0xc .\CortexM4\ARM_GCC_541\Debug\cymetadata.o
                0x90500000                cy_metadata
                0x10000000                __cy_memory_0_start = 0x10000000
                0x00100000                __cy_memory_0_length = 0x100000
                0x00000200                __cy_memory_0_row_size = 0x200
                0x14000000                __cy_memory_1_start = 0x14000000
                0x00008000                __cy_memory_1_length = 0x8000
                0x00000200                __cy_memory_1_row_size = 0x200
                0x16000000                __cy_memory_2_start = 0x16000000
                0x00008000                __cy_memory_2_length = 0x8000
                0x00000200                __cy_memory_2_row_size = 0x200
                0x18000000                __cy_memory_3_start = 0x18000000
                0x08000000                __cy_memory_3_length = 0x8000000
                0x00000200                __cy_memory_3_row_size = 0x200
                0x90700000                __cy_memory_4_start = 0x90700000
                0x00100000                __cy_memory_4_length = 0x100000
                0x00000001                __cy_memory_4_row_size = 0x1
OUTPUT(C:\Users\shizh\Desktop\123\PSoC6_UDB_I2C_Master\uart_test.cydsn\CortexM4\ARM_GCC_541\Debug\uart_test_link.elf elf32-littlearm)

.rel.dyn        0x08024d5c        0x0 load address 0x9855f2dc
 .rel.iplt      0x08024d5c        0x0 c:/program files (x86)/cypress/psoc creator/4.4/psoc creator/import/gnu/arm/5.4.1/bin/../lib/gcc/arm-none-eabi/5.4.1/armv7e-m/softfp/crtbegin.o

.ARM.attributes
                0x00000000       0x2e
 .ARM.attributes
                0x00000000       0x22 c:/program files (x86)/cypress/psoc creator/4.4/psoc creator/import/gnu/arm/5.4.1/bin/../lib/gcc/arm-none-eabi/5.4.1/armv7e-m/softfp/crti.o
 .ARM.attributes
                0x00000022       0x32 c:/program files (x86)/cypress/psoc creator/4.4/psoc creator/import/gnu/arm/5.4.1/bin/../lib/gcc/arm-none-eabi/5.4.1/armv7e-m/softfp/crtbegin.o
 .ARM.attributes
                0x00000054       0x1f .\CortexM4\ARM_GCC_541\Debug\startup_psoc6_01_cm4.o
 .ARM.attributes
                0x00000073       0x37 .\CortexM4\ARM_GCC_541\Debug\main_cm4.o
 .ARM.attributes
                0x000000aa       0x37 .\CortexM4\ARM_GCC_541\Debug\system_psoc6_cm4.o
 .ARM.attributes
                0x000000e1       0x37 .\CortexM4\ARM_GCC_541\Debug\cyfitter_sysint_cfg.o
 .ARM.attributes
                0x00000118       0x37 .\CortexM4\ARM_GCC_541\Debug\cymetadata.o
 .ARM.attributes
                0x0000014f       0x37 .\CortexM4\ARM_GCC_541\Debug\UART.o
 .ARM.attributes
                0x00000186       0x37 .\CortexM4\ARM_GCC_541\Debug\cy_flash.o
 .ARM.attributes
                0x000001bd       0x37 .\CortexM4\ARM_GCC_541\Debug\cy_ipc_drv.o
 .ARM.attributes
                0x000001f4       0x37 .\CortexM4\ARM_GCC_541\Debug\cy_ipc_sema.o
 .ARM.attributes
                0x0000022b       0x37 .\CortexM4\ARM_GCC_541\Debug\cy_ipc_pipe.o
 .ARM.attributes
                0x00000262       0x37 .\CortexM4\ARM_GCC_541\Debug\cy_scb_common.o
 .ARM.attributes
                0x00000299       0x37 .\CortexM4\ARM_GCC_541\Debug\cy_scb_uart.o
 .ARM.attributes
                0x000002d0       0x37 .\CortexM4\ARM_GCC_541\Debug\cy_sysint.o
 .ARM.attributes
                0x00000307       0x37 .\CortexM4\ARM_GCC_541\Debug\cy_syslib.o
 .ARM.attributes
                0x0000033e       0x25 .\CortexM4\ARM_GCC_541\Debug\cy_syslib_gcc.o
 .ARM.attributes
                0x00000363       0x37 .\CortexM4\ARM_GCC_541\Debug\cy_syspm.o
 .ARM.attributes
                0x0000039a       0x37 .\CortexM4\ARM_GCC_541\Debug\cy_device.o
 .ARM.attributes
                0x000003d1       0x37 .\CortexM4\ARM_GCC_541\Debug\list.o
 .ARM.attributes
                0x00000408       0x37 .\CortexM4\ARM_GCC_541\Debug\queue.o
 .ARM.attributes
                0x0000043f       0x37 .\CortexM4\ARM_GCC_541\Debug\tasks.o
 .ARM.attributes
                0x00000476       0x37 .\CortexM4\ARM_GCC_541\Debug\timers.o
 .ARM.attributes
                0x000004ad       0x37 .\CortexM4\ARM_GCC_541\Debug\port.o
 .ARM.attributes
                0x000004e4       0x37 .\CortexM4\ARM_GCC_541\Debug\heap_3.o
 .ARM.attributes
                0x0000051b       0x32 c:/program files (x86)/cypress/psoc creator/4.4/psoc creator/import/gnu/arm/5.4.1/bin/../lib/gcc/arm-none-eabi/5.4.1/../../../../arm-none-eabi/lib/armv7e-m/softfp\libg_nano.a(lib_a-impure.o)
 .ARM.attributes
                0x0000054d       0x32 c:/program files (x86)/cypress/psoc creator/4.4/psoc creator/import/gnu/arm/5.4.1/bin/../lib/gcc/arm-none-eabi/5.4.1/../../../../arm-none-eabi/lib/armv7e-m/softfp\libg_nano.a(lib_a-malloc.o)
 .ARM.attributes
                0x0000057f       0x32 c:/program files (x86)/cypress/psoc creator/4.4/psoc creator/import/gnu/arm/5.4.1/bin/../lib/gcc/arm-none-eabi/5.4.1/../../../../arm-none-eabi/lib/armv7e-m/softfp\libg_nano.a(lib_a-memcpy-stub.o)
 .ARM.attributes
                0x000005b1       0x32 c:/program files (x86)/cypress/psoc creator/4.4/psoc creator/import/gnu/arm/5.4.1/bin/../lib/gcc/arm-none-eabi/5.4.1/../../../../arm-none-eabi/lib/armv7e-m/softfp\libg_nano.a(lib_a-memset.o)
 .ARM.attributes
                0x000005e3       0x32 c:/program files (x86)/cypress/psoc creator/4.4/psoc creator/import/gnu/arm/5.4.1/bin/../lib/gcc/arm-none-eabi/5.4.1/../../../../arm-none-eabi/lib/armv7e-m/softfp\libg_nano.a(lib_a-nano-freer.o)
 .ARM.attributes
                0x00000615       0x32 c:/program files (x86)/cypress/psoc creator/4.4/psoc creator/import/gnu/arm/5.4.1/bin/../lib/gcc/arm-none-eabi/5.4.1/../../../../arm-none-eabi/lib/armv7e-m/softfp\libg_nano.a(lib_a-nano-mallocr.o)
 .ARM.attributes
                0x00000647       0x32 c:/program files (x86)/cypress/psoc creator/4.4/psoc creator/import/gnu/arm/5.4.1/bin/../lib/gcc/arm-none-eabi/5.4.1/../../../../arm-none-eabi/lib/armv7e-m/softfp\libg_nano.a(lib_a-sbrkr.o)
 .ARM.attributes
                0x00000679       0x32 c:/program files (x86)/cypress/psoc creator/4.4/psoc creator/import/gnu/arm/5.4.1/bin/../lib/gcc/arm-none-eabi/5.4.1/../../../../arm-none-eabi/lib/armv7e-m/softfp\libg_nano.a(lib_a-strncpy.o)
 .ARM.attributes
                0x000006ab       0x32 c:/program files (x86)/cypress/psoc creator/4.4/psoc creator/import/gnu/arm/5.4.1/bin/../lib/gcc/arm-none-eabi/5.4.1/../../../../arm-none-eabi/lib/armv7e-m/softfp\libg_nano.a(lib_a-mlock.o)
 .ARM.attributes
                0x000006dd       0x32 c:/program files (x86)/cypress/psoc creator/4.4/psoc creator/import/gnu/arm/5.4.1/bin/../lib/gcc/arm-none-eabi/5.4.1/../../../../arm-none-eabi/lib/armv7e-m/softfp\libg_nano.a(lib_a-reent.o)
 .ARM.attributes
                0x0000070f       0x32 c:/program files (x86)/cypress/psoc creator/4.4/psoc creator/import/gnu/arm/5.4.1/bin/../lib/gcc/arm-none-eabi/5.4.1/armv7e-m/softfp/crtend.o
 .ARM.attributes
                0x00000741       0x22 c:/program files (x86)/cypress/psoc creator/4.4/psoc creator/import/gnu/arm/5.4.1/bin/../lib/gcc/arm-none-eabi/5.4.1/armv7e-m/softfp/crtn.o
 .ARM.attributes
                0x00000763       0x32 c:/program files (x86)/cypress/psoc creator/4.4/psoc creator/import/gnu/arm/5.4.1/bin/../lib/gcc/arm-none-eabi/5.4.1/../../../../arm-none-eabi/lib/armv7e-m/softfp\libnosys.a(sbrk.o)

.comment        0x00000000       0x6e
 .comment       0x00000000       0x6e .\CortexM4\ARM_GCC_541\Debug\main_cm4.o
                                 0x6f (size before relaxing)
 .comment       0x0000006e       0x6f .\CortexM4\ARM_GCC_541\Debug\system_psoc6_cm4.o
 .comment       0x0000006e       0x6f .\CortexM4\ARM_GCC_541\Debug\cyfitter_sysint_cfg.o
 .comment       0x0000006e       0x6f .\CortexM4\ARM_GCC_541\Debug\cymetadata.o
 .comment       0x0000006e       0x6f .\CortexM4\ARM_GCC_541\Debug\UART.o
 .comment       0x0000006e       0x6f .\CortexM4\ARM_GCC_541\Debug\cy_flash.o
 .comment       0x0000006e       0x6f .\CortexM4\ARM_GCC_541\Debug\cy_ipc_drv.o
 .comment       0x0000006e       0x6f .\CortexM4\ARM_GCC_541\Debug\cy_ipc_sema.o
 .comment       0x0000006e       0x6f .\CortexM4\ARM_GCC_541\Debug\cy_ipc_pipe.o
 .comment       0x0000006e       0x6f .\CortexM4\ARM_GCC_541\Debug\cy_scb_common.o
 .comment       0x0000006e       0x6f .\CortexM4\ARM_GCC_541\Debug\cy_scb_uart.o
 .comment       0x0000006e       0x6f .\CortexM4\ARM_GCC_541\Debug\cy_sysint.o
 .comment       0x0000006e       0x6f .\CortexM4\ARM_GCC_541\Debug\cy_syslib.o
 .comment       0x0000006e       0x6f .\CortexM4\ARM_GCC_541\Debug\cy_syspm.o
 .comment       0x0000006e       0x6f .\CortexM4\ARM_GCC_541\Debug\cy_device.o
 .comment       0x0000006e       0x6f .\CortexM4\ARM_GCC_541\Debug\list.o
 .comment       0x0000006e       0x6f .\CortexM4\ARM_GCC_541\Debug\queue.o
 .comment       0x0000006e       0x6f .\CortexM4\ARM_GCC_541\Debug\tasks.o
 .comment       0x0000006e       0x6f .\CortexM4\ARM_GCC_541\Debug\timers.o
 .comment       0x0000006e       0x6f .\CortexM4\ARM_GCC_541\Debug\port.o
 .comment       0x0000006e       0x6f .\CortexM4\ARM_GCC_541\Debug\heap_3.o

.debug_line     0x00000000     0x6c2f
 .debug_line    0x00000000       0x8e .\CortexM4\ARM_GCC_541\Debug\startup_psoc6_01_cm4.o
 .debug_line    0x0000008e      0x436 .\CortexM4\ARM_GCC_541\Debug\main_cm4.o
 .debug_line    0x000004c4      0x435 .\CortexM4\ARM_GCC_541\Debug\system_psoc6_cm4.o
 .debug_line    0x000008f9      0x24f .\CortexM4\ARM_GCC_541\Debug\cyfitter_sysint_cfg.o
 .debug_line    0x00000b48      0x141 .\CortexM4\ARM_GCC_541\Debug\cymetadata.o
 .debug_line    0x00000c89      0x332 .\CortexM4\ARM_GCC_541\Debug\UART.o
 .debug_line    0x00000fbb      0x7d2 .\CortexM4\ARM_GCC_541\Debug\cy_flash.o
 .debug_line    0x0000178d      0x33e .\CortexM4\ARM_GCC_541\Debug\cy_ipc_drv.o
 .debug_line    0x00001acb      0x407 .\CortexM4\ARM_GCC_541\Debug\cy_ipc_sema.o
 .debug_line    0x00001ed2      0x57c .\CortexM4\ARM_GCC_541\Debug\cy_ipc_pipe.o
 .debug_line    0x0000244e      0x4d9 .\CortexM4\ARM_GCC_541\Debug\cy_scb_common.o
 .debug_line    0x00002927      0xa5f .\CortexM4\ARM_GCC_541\Debug\cy_scb_uart.o
 .debug_line    0x00003386      0x2db .\CortexM4\ARM_GCC_541\Debug\cy_sysint.o
 .debug_line    0x00003661      0x482 .\CortexM4\ARM_GCC_541\Debug\cy_syslib.o
 .debug_line    0x00003ae3       0x89 .\CortexM4\ARM_GCC_541\Debug\cy_syslib_gcc.o
 .debug_line    0x00003b6c      0xa5a .\CortexM4\ARM_GCC_541\Debug\cy_syspm.o
 .debug_line    0x000045c6      0x17e .\CortexM4\ARM_GCC_541\Debug\cy_device.o
 .debug_line    0x00004744      0x2af .\CortexM4\ARM_GCC_541\Debug\list.o
 .debug_line    0x000049f3      0x939 .\CortexM4\ARM_GCC_541\Debug\queue.o
 .debug_line    0x0000532c      0xcd0 .\CortexM4\ARM_GCC_541\Debug\tasks.o
 .debug_line    0x00005ffc      0x524 .\CortexM4\ARM_GCC_541\Debug\timers.o
 .debug_line    0x00006520      0x401 .\CortexM4\ARM_GCC_541\Debug\port.o
 .debug_line    0x00006921      0x30e .\CortexM4\ARM_GCC_541\Debug\heap_3.o

.debug_info     0x00000000    0x1ae9e
 .debug_info    0x00000000       0x83 .\CortexM4\ARM_GCC_541\Debug\startup_psoc6_01_cm4.o
 .debug_info    0x00000083      0xe9e .\CortexM4\ARM_GCC_541\Debug\main_cm4.o
 .debug_info    0x00000f21     0x1bb3 .\CortexM4\ARM_GCC_541\Debug\system_psoc6_cm4.o
 .debug_info    0x00002ad4      0x94a .\CortexM4\ARM_GCC_541\Debug\cyfitter_sysint_cfg.o
 .debug_info    0x0000341e       0xac .\CortexM4\ARM_GCC_541\Debug\cymetadata.o
 .debug_info    0x000034ca     0x13db .\CortexM4\ARM_GCC_541\Debug\UART.o
 .debug_info    0x000048a5     0x2a10 .\CortexM4\ARM_GCC_541\Debug\cy_flash.o
 .debug_info    0x000072b5      0x906 .\CortexM4\ARM_GCC_541\Debug\cy_ipc_drv.o
 .debug_info    0x00007bbb      0xc1e .\CortexM4\ARM_GCC_541\Debug\cy_ipc_sema.o
 .debug_info    0x000087d9     0x1952 .\CortexM4\ARM_GCC_541\Debug\cy_ipc_pipe.o
 .debug_info    0x0000a12b     0x11b0 .\CortexM4\ARM_GCC_541\Debug\cy_scb_common.o
 .debug_info    0x0000b2db     0x29bc .\CortexM4\ARM_GCC_541\Debug\cy_scb_uart.o
 .debug_info    0x0000dc97      0xe11 .\CortexM4\ARM_GCC_541\Debug\cy_sysint.o
 .debug_info    0x0000eaa8     0x24fa .\CortexM4\ARM_GCC_541\Debug\cy_syslib.o
 .debug_info    0x00010fa2       0xb1 .\CortexM4\ARM_GCC_541\Debug\cy_syslib_gcc.o
 .debug_info    0x00011053     0x4014 .\CortexM4\ARM_GCC_541\Debug\cy_syspm.o
 .debug_info    0x00015067      0x551 .\CortexM4\ARM_GCC_541\Debug\cy_device.o
 .debug_info    0x000155b8      0x2df .\CortexM4\ARM_GCC_541\Debug\list.o
 .debug_info    0x00015897     0x1b44 .\CortexM4\ARM_GCC_541\Debug\queue.o
 .debug_info    0x000173db     0x22b4 .\CortexM4\ARM_GCC_541\Debug\tasks.o
 .debug_info    0x0001968f     0x1089 .\CortexM4\ARM_GCC_541\Debug\timers.o
 .debug_info    0x0001a718      0x5ed .\CortexM4\ARM_GCC_541\Debug\port.o
 .debug_info    0x0001ad05      0x199 .\CortexM4\ARM_GCC_541\Debug\heap_3.o

.debug_abbrev   0x00000000     0x2e3e
 .debug_abbrev  0x00000000       0x14 .\CortexM4\ARM_GCC_541\Debug\startup_psoc6_01_cm4.o
 .debug_abbrev  0x00000014      0x2ab .\CortexM4\ARM_GCC_541\Debug\main_cm4.o
 .debug_abbrev  0x000002bf      0x23a .\CortexM4\ARM_GCC_541\Debug\system_psoc6_cm4.o
 .debug_abbrev  0x000004f9       0xe3 .\CortexM4\ARM_GCC_541\Debug\cyfitter_sysint_cfg.o
 .debug_abbrev  0x000005dc       0x5d .\CortexM4\ARM_GCC_541\Debug\cymetadata.o
 .debug_abbrev  0x00000639      0x21d .\CortexM4\ARM_GCC_541\Debug\UART.o
 .debug_abbrev  0x00000856      0x356 .\CortexM4\ARM_GCC_541\Debug\cy_flash.o
 .debug_abbrev  0x00000bac      0x188 .\CortexM4\ARM_GCC_541\Debug\cy_ipc_drv.o
 .debug_abbrev  0x00000d34      0x219 .\CortexM4\ARM_GCC_541\Debug\cy_ipc_sema.o
 .debug_abbrev  0x00000f4d      0x32b .\CortexM4\ARM_GCC_541\Debug\cy_ipc_pipe.o
 .debug_abbrev  0x00001278      0x294 .\CortexM4\ARM_GCC_541\Debug\cy_scb_common.o
 .debug_abbrev  0x0000150c      0x332 .\CortexM4\ARM_GCC_541\Debug\cy_scb_uart.o
 .debug_abbrev  0x0000183e      0x230 .\CortexM4\ARM_GCC_541\Debug\cy_sysint.o
 .debug_abbrev  0x00001a6e      0x337 .\CortexM4\ARM_GCC_541\Debug\cy_syslib.o
 .debug_abbrev  0x00001da5       0x14 .\CortexM4\ARM_GCC_541\Debug\cy_syslib_gcc.o
 .debug_abbrev  0x00001db9      0x320 .\CortexM4\ARM_GCC_541\Debug\cy_syspm.o
 .debug_abbrev  0x000020d9       0x9d .\CortexM4\ARM_GCC_541\Debug\cy_device.o
 .debug_abbrev  0x00002176       0xf6 .\CortexM4\ARM_GCC_541\Debug\list.o
 .debug_abbrev  0x0000226c      0x2df .\CortexM4\ARM_GCC_541\Debug\queue.o
 .debug_abbrev  0x0000254b      0x308 .\CortexM4\ARM_GCC_541\Debug\tasks.o
 .debug_abbrev  0x00002853      0x269 .\CortexM4\ARM_GCC_541\Debug\timers.o
 .debug_abbrev  0x00002abc      0x283 .\CortexM4\ARM_GCC_541\Debug\port.o
 .debug_abbrev  0x00002d3f       0xff .\CortexM4\ARM_GCC_541\Debug\heap_3.o

.debug_aranges  0x00000000      0x9f0
 .debug_aranges
                0x00000000       0x20 .\CortexM4\ARM_GCC_541\Debug\startup_psoc6_01_cm4.o
 .debug_aranges
                0x00000020       0x40 .\CortexM4\ARM_GCC_541\Debug\main_cm4.o
 .debug_aranges
                0x00000060       0x40 .\CortexM4\ARM_GCC_541\Debug\system_psoc6_cm4.o
 .debug_aranges
                0x000000a0       0x18 .\CortexM4\ARM_GCC_541\Debug\cyfitter_sysint_cfg.o
 .debug_aranges
                0x000000b8       0x18 .\CortexM4\ARM_GCC_541\Debug\cymetadata.o
 .debug_aranges
                0x000000d0       0x28 .\CortexM4\ARM_GCC_541\Debug\UART.o
 .debug_aranges
                0x000000f8       0xb8 .\CortexM4\ARM_GCC_541\Debug\cy_flash.o
 .debug_aranges
                0x000001b0       0x30 .\CortexM4\ARM_GCC_541\Debug\cy_ipc_drv.o
 .debug_aranges
                0x000001e0       0x48 .\CortexM4\ARM_GCC_541\Debug\cy_ipc_sema.o
 .debug_aranges
                0x00000228       0x68 .\CortexM4\ARM_GCC_541\Debug\cy_ipc_pipe.o
 .debug_aranges
                0x00000290       0x68 .\CortexM4\ARM_GCC_541\Debug\cy_scb_common.o
 .debug_aranges
                0x000002f8       0xc8 .\CortexM4\ARM_GCC_541\Debug\cy_scb_uart.o
 .debug_aranges
                0x000003c0       0x30 .\CortexM4\ARM_GCC_541\Debug\cy_sysint.o
 .debug_aranges
                0x000003f0       0x78 .\CortexM4\ARM_GCC_541\Debug\cy_syslib.o
 .debug_aranges
                0x00000468       0x20 .\CortexM4\ARM_GCC_541\Debug\cy_syslib_gcc.o
 .debug_aranges
                0x00000488      0x118 .\CortexM4\ARM_GCC_541\Debug\cy_syspm.o
 .debug_aranges
                0x000005a0       0x20 .\CortexM4\ARM_GCC_541\Debug\cy_device.o
 .debug_aranges
                0x000005c0       0x40 .\CortexM4\ARM_GCC_541\Debug\list.o
 .debug_aranges
                0x00000600       0xe8 .\CortexM4\ARM_GCC_541\Debug\queue.o
 .debug_aranges
                0x000006e8      0x1a0 .\CortexM4\ARM_GCC_541\Debug\tasks.o
 .debug_aranges
                0x00000888       0xb8 .\CortexM4\ARM_GCC_541\Debug\timers.o
 .debug_aranges
                0x00000940       0x88 .\CortexM4\ARM_GCC_541\Debug\port.o
 .debug_aranges
                0x000009c8       0x28 .\CortexM4\ARM_GCC_541\Debug\heap_3.o

.debug_loc      0x00000000     0x7ce6
 .debug_loc     0x00000000      0x1ec .\CortexM4\ARM_GCC_541\Debug\main_cm4.o
 .debug_loc     0x000001ec      0x1fe .\CortexM4\ARM_GCC_541\Debug\system_psoc6_cm4.o
 .debug_loc     0x000003ea       0x2b .\CortexM4\ARM_GCC_541\Debug\UART.o
 .debug_loc     0x00000415      0xd86 .\CortexM4\ARM_GCC_541\Debug\cy_flash.o
 .debug_loc     0x0000119b      0x2a1 .\CortexM4\ARM_GCC_541\Debug\cy_ipc_drv.o
 .debug_loc     0x0000143c      0x76b .\CortexM4\ARM_GCC_541\Debug\cy_ipc_sema.o
 .debug_loc     0x00001ba7      0x7e2 .\CortexM4\ARM_GCC_541\Debug\cy_ipc_pipe.o
 .debug_loc     0x00002389      0x588 .\CortexM4\ARM_GCC_541\Debug\cy_scb_common.o
 .debug_loc     0x00002911     0x1386 .\CortexM4\ARM_GCC_541\Debug\cy_scb_uart.o
 .debug_loc     0x00003c97      0x223 .\CortexM4\ARM_GCC_541\Debug\cy_sysint.o
 .debug_loc     0x00003eba      0x215 .\CortexM4\ARM_GCC_541\Debug\cy_syslib.o
 .debug_loc     0x000040cf      0xe9a .\CortexM4\ARM_GCC_541\Debug\cy_syspm.o
 .debug_loc     0x00004f69       0x65 .\CortexM4\ARM_GCC_541\Debug\list.o
 .debug_loc     0x00004fce      0xef3 .\CortexM4\ARM_GCC_541\Debug\queue.o
 .debug_loc     0x00005ec1     0x12e7 .\CortexM4\ARM_GCC_541\Debug\tasks.o
 .debug_loc     0x000071a8      0x9ad .\CortexM4\ARM_GCC_541\Debug\timers.o
 .debug_loc     0x00007b55      0x11e .\CortexM4\ARM_GCC_541\Debug\port.o
 .debug_loc     0x00007c73       0x73 .\CortexM4\ARM_GCC_541\Debug\heap_3.o

.debug_ranges   0x00000000      0x9a0
 .debug_ranges  0x00000000       0x48 .\CortexM4\ARM_GCC_541\Debug\main_cm4.o
 .debug_ranges  0x00000048       0x48 .\CortexM4\ARM_GCC_541\Debug\system_psoc6_cm4.o
 .debug_ranges  0x00000090       0x18 .\CortexM4\ARM_GCC_541\Debug\UART.o
 .debug_ranges  0x000000a8       0xd0 .\CortexM4\ARM_GCC_541\Debug\cy_flash.o
 .debug_ranges  0x00000178       0x20 .\CortexM4\ARM_GCC_541\Debug\cy_ipc_drv.o
 .debug_ranges  0x00000198       0x38 .\CortexM4\ARM_GCC_541\Debug\cy_ipc_sema.o
 .debug_ranges  0x000001d0       0x58 .\CortexM4\ARM_GCC_541\Debug\cy_ipc_pipe.o
 .debug_ranges  0x00000228       0x88 .\CortexM4\ARM_GCC_541\Debug\cy_scb_common.o
 .debug_ranges  0x000002b0       0xd0 .\CortexM4\ARM_GCC_541\Debug\cy_scb_uart.o
 .debug_ranges  0x00000380       0x20 .\CortexM4\ARM_GCC_541\Debug\cy_sysint.o
 .debug_ranges  0x000003a0       0x68 .\CortexM4\ARM_GCC_541\Debug\cy_syslib.o
 .debug_ranges  0x00000408      0x138 .\CortexM4\ARM_GCC_541\Debug\cy_syspm.o
 .debug_ranges  0x00000540       0x10 .\CortexM4\ARM_GCC_541\Debug\cy_device.o
 .debug_ranges  0x00000550       0x30 .\CortexM4\ARM_GCC_541\Debug\list.o
 .debug_ranges  0x00000580      0x120 .\CortexM4\ARM_GCC_541\Debug\queue.o
 .debug_ranges  0x000006a0      0x1c8 .\CortexM4\ARM_GCC_541\Debug\tasks.o
 .debug_ranges  0x00000868       0xa8 .\CortexM4\ARM_GCC_541\Debug\timers.o
 .debug_ranges  0x00000910       0x78 .\CortexM4\ARM_GCC_541\Debug\port.o
 .debug_ranges  0x00000988       0x18 .\CortexM4\ARM_GCC_541\Debug\heap_3.o

.debug_str      0x00000000     0x7e8a
 .debug_str     0x00000000      0xc27 .\CortexM4\ARM_GCC_541\Debug\main_cm4.o
                                0xcb7 (size before relaxing)
 .debug_str     0x00000c27     0x1b35 .\CortexM4\ARM_GCC_541\Debug\system_psoc6_cm4.o
                               0x23d9 (size before relaxing)
 .debug_str     0x0000275c       0x63 .\CortexM4\ARM_GCC_541\Debug\cyfitter_sysint_cfg.o
                               0x17ac (size before relaxing)
 .debug_str     0x000027bf       0x30 .\CortexM4\ARM_GCC_541\Debug\cymetadata.o
                                0x1c2 (size before relaxing)
 .debug_str     0x000027ef      0x439 .\CortexM4\ARM_GCC_541\Debug\UART.o
                               0x2003 (size before relaxing)
 .debug_str     0x00002c28     0x1073 .\CortexM4\ARM_GCC_541\Debug\cy_flash.o
                               0x2dc1 (size before relaxing)
 .debug_str     0x00003c9b       0xfd .\CortexM4\ARM_GCC_541\Debug\cy_ipc_drv.o
                                0x983 (size before relaxing)
 .debug_str     0x00003d98       0xed .\CortexM4\ARM_GCC_541\Debug\cy_ipc_sema.o
                                0xb70 (size before relaxing)
 .debug_str     0x00003e85      0x318 .\CortexM4\ARM_GCC_541\Debug\cy_ipc_pipe.o
                               0x2092 (size before relaxing)
 .debug_str     0x0000419d      0x1da .\CortexM4\ARM_GCC_541\Debug\cy_scb_common.o
                                0xcac (size before relaxing)
 .debug_str     0x00004377      0x61c .\CortexM4\ARM_GCC_541\Debug\cy_scb_uart.o
                               0x16dc (size before relaxing)
 .debug_str     0x00004993       0xf0 .\CortexM4\ARM_GCC_541\Debug\cy_sysint.o
                               0x1963 (size before relaxing)
 .debug_str     0x00004a83      0xabb .\CortexM4\ARM_GCC_541\Debug\cy_syslib.o
                               0x1cb6 (size before relaxing)
 .debug_str     0x0000553e     0x118d .\CortexM4\ARM_GCC_541\Debug\cy_syspm.o
                               0x2b7d (size before relaxing)
 .debug_str     0x000066cb       0x5d .\CortexM4\ARM_GCC_541\Debug\cy_device.o
                                0x7d0 (size before relaxing)
 .debug_str     0x00006728      0x167 .\CortexM4\ARM_GCC_541\Debug\list.o
                                0x34e (size before relaxing)
 .debug_str     0x0000688f      0x64c .\CortexM4\ARM_GCC_541\Debug\queue.o
                                0x932 (size before relaxing)
 .debug_str     0x00006edb      0x984 .\CortexM4\ARM_GCC_541\Debug\tasks.o
                                0xf0d (size before relaxing)
 .debug_str     0x0000785f      0x42a .\CortexM4\ARM_GCC_541\Debug\timers.o
                                0x8d9 (size before relaxing)
 .debug_str     0x00007c89      0x198 .\CortexM4\ARM_GCC_541\Debug\port.o
                                0x515 (size before relaxing)
 .debug_str     0x00007e21       0x69 .\CortexM4\ARM_GCC_541\Debug\heap_3.o
                                0x26c (size before relaxing)

.debug_frame    0x00000000     0x1e88
 .debug_frame   0x00000000       0xac .\CortexM4\ARM_GCC_541\Debug\main_cm4.o
 .debug_frame   0x000000ac       0x84 .\CortexM4\ARM_GCC_541\Debug\system_psoc6_cm4.o
 .debug_frame   0x00000130       0x48 .\CortexM4\ARM_GCC_541\Debug\UART.o
 .debug_frame   0x00000178      0x258 .\CortexM4\ARM_GCC_541\Debug\cy_flash.o
 .debug_frame   0x000003d0       0x70 .\CortexM4\ARM_GCC_541\Debug\cy_ipc_drv.o
 .debug_frame   0x00000440       0xd8 .\CortexM4\ARM_GCC_541\Debug\cy_ipc_sema.o
 .debug_frame   0x00000518      0x164 .\CortexM4\ARM_GCC_541\Debug\cy_ipc_pipe.o
 .debug_frame   0x0000067c      0x12c .\CortexM4\ARM_GCC_541\Debug\cy_scb_common.o
 .debug_frame   0x000007a8      0x27c .\CortexM4\ARM_GCC_541\Debug\cy_scb_uart.o
 .debug_frame   0x00000a24       0x7c .\CortexM4\ARM_GCC_541\Debug\cy_sysint.o
 .debug_frame   0x00000aa0      0x12c .\CortexM4\ARM_GCC_541\Debug\cy_syslib.o
 .debug_frame   0x00000bcc      0x3dc .\CortexM4\ARM_GCC_541\Debug\cy_syspm.o
 .debug_frame   0x00000fa8       0x20 .\CortexM4\ARM_GCC_541\Debug\cy_device.o
 .debug_frame   0x00000fc8       0x70 .\CortexM4\ARM_GCC_541\Debug\list.o
 .debug_frame   0x00001038      0x324 .\CortexM4\ARM_GCC_541\Debug\queue.o
 .debug_frame   0x0000135c      0x584 .\CortexM4\ARM_GCC_541\Debug\tasks.o
 .debug_frame   0x000018e0      0x260 .\CortexM4\ARM_GCC_541\Debug\timers.o
 .debug_frame   0x00001b40      0x120 .\CortexM4\ARM_GCC_541\Debug\port.o
 .debug_frame   0x00001c60       0x4c .\CortexM4\ARM_GCC_541\Debug\heap_3.o
 .debug_frame   0x00001cac       0x30 c:/program files (x86)/cypress/psoc creator/4.4/psoc creator/import/gnu/arm/5.4.1/bin/../lib/gcc/arm-none-eabi/5.4.1/../../../../arm-none-eabi/lib/armv7e-m/softfp\libg_nano.a(lib_a-malloc.o)
 .debug_frame   0x00001cdc       0x28 c:/program files (x86)/cypress/psoc creator/4.4/psoc creator/import/gnu/arm/5.4.1/bin/../lib/gcc/arm-none-eabi/5.4.1/../../../../arm-none-eabi/lib/armv7e-m/softfp\libg_nano.a(lib_a-memcpy-stub.o)
 .debug_frame   0x00001d04       0x20 c:/program files (x86)/cypress/psoc creator/4.4/psoc creator/import/gnu/arm/5.4.1/bin/../lib/gcc/arm-none-eabi/5.4.1/../../../../arm-none-eabi/lib/armv7e-m/softfp\libg_nano.a(lib_a-memset.o)
 .debug_frame   0x00001d24       0x38 c:/program files (x86)/cypress/psoc creator/4.4/psoc creator/import/gnu/arm/5.4.1/bin/../lib/gcc/arm-none-eabi/5.4.1/../../../../arm-none-eabi/lib/armv7e-m/softfp\libg_nano.a(lib_a-nano-freer.o)
 .debug_frame   0x00001d5c       0x2c c:/program files (x86)/cypress/psoc creator/4.4/psoc creator/import/gnu/arm/5.4.1/bin/../lib/gcc/arm-none-eabi/5.4.1/../../../../arm-none-eabi/lib/armv7e-m/softfp\libg_nano.a(lib_a-nano-mallocr.o)
 .debug_frame   0x00001d88       0x2c c:/program files (x86)/cypress/psoc creator/4.4/psoc creator/import/gnu/arm/5.4.1/bin/../lib/gcc/arm-none-eabi/5.4.1/../../../../arm-none-eabi/lib/armv7e-m/softfp\libg_nano.a(lib_a-sbrkr.o)
 .debug_frame   0x00001db4       0x28 c:/program files (x86)/cypress/psoc creator/4.4/psoc creator/import/gnu/arm/5.4.1/bin/../lib/gcc/arm-none-eabi/5.4.1/../../../../arm-none-eabi/lib/armv7e-m/softfp\libg_nano.a(lib_a-strncpy.o)
 .debug_frame   0x00001ddc       0x30 c:/program files (x86)/cypress/psoc creator/4.4/psoc creator/import/gnu/arm/5.4.1/bin/../lib/gcc/arm-none-eabi/5.4.1/../../../../arm-none-eabi/lib/armv7e-m/softfp\libg_nano.a(lib_a-mlock.o)
 .debug_frame   0x00001e0c       0x5c c:/program files (x86)/cypress/psoc creator/4.4/psoc creator/import/gnu/arm/5.4.1/bin/../lib/gcc/arm-none-eabi/5.4.1/../../../../arm-none-eabi/lib/armv7e-m/softfp\libg_nano.a(lib_a-reent.o)
 .debug_frame   0x00001e68       0x20 c:/program files (x86)/cypress/psoc creator/4.4/psoc creator/import/gnu/arm/5.4.1/bin/../lib/gcc/arm-none-eabi/5.4.1/../../../../arm-none-eabi/lib/armv7e-m/softfp\libnosys.a(sbrk.o)
