Archive member included to satisfy reference by file (symbol)

Generated_Source\PSoC6\pdl\drivers\peripheral\crypto\libs\cy_crypto_client_gcc.a(cy_crypto.o)
                              .\CortexM4\ARM_GCC_541\Debug\main_cm4.o (Cy_Crypto_Sync)
c:/program files (x86)/cypress/psoc creator/4.4/psoc creator/import/gnu/arm/5.4.1/bin/../lib/gcc/arm-none-eabi/5.4.1/armv7e-m/softfp\libgcc.a(_arm_addsubdf3.o)
                              .\CortexM4\ARM_GCC_541\Debug\cy_sysclk.o (__aeabi_f2d)
c:/program files (x86)/cypress/psoc creator/4.4/psoc creator/import/gnu/arm/5.4.1/bin/../lib/gcc/arm-none-eabi/5.4.1/armv7e-m/softfp\libgcc.a(_arm_muldivdf3.o)
                              .\CortexM4\ARM_GCC_541\Debug\cy_sysclk.o (__aeabi_ddiv)
c:/program files (x86)/cypress/psoc creator/4.4/psoc creator/import/gnu/arm/5.4.1/bin/../lib/gcc/arm-none-eabi/5.4.1/armv7e-m/softfp\libgcc.a(_arm_fixunsdfsi.o)
                              .\CortexM4\ARM_GCC_541\Debug\cy_sysclk.o (__aeabi_d2uiz)
c:/program files (x86)/cypress/psoc creator/4.4/psoc creator/import/gnu/arm/5.4.1/bin/../lib/gcc/arm-none-eabi/5.4.1/armv7e-m/softfp\libgcc.a(_aeabi_uldivmod.o)
                              .\CortexM4\ARM_GCC_541\Debug\cy_sysclk.o (__aeabi_uldivmod)
c:/program files (x86)/cypress/psoc creator/4.4/psoc creator/import/gnu/arm/5.4.1/bin/../lib/gcc/arm-none-eabi/5.4.1/armv7e-m/softfp\libgcc.a(_udivmoddi4.o)
                              c:/program files (x86)/cypress/psoc creator/4.4/psoc creator/import/gnu/arm/5.4.1/bin/../lib/gcc/arm-none-eabi/5.4.1/armv7e-m/softfp\libgcc.a(_aeabi_uldivmod.o) (__udivmoddi4)
c:/program files (x86)/cypress/psoc creator/4.4/psoc creator/import/gnu/arm/5.4.1/bin/../lib/gcc/arm-none-eabi/5.4.1/armv7e-m/softfp\libgcc.a(_dvmd_tls.o)
                              c:/program files (x86)/cypress/psoc creator/4.4/psoc creator/import/gnu/arm/5.4.1/bin/../lib/gcc/arm-none-eabi/5.4.1/armv7e-m/softfp\libgcc.a(_aeabi_uldivmod.o) (__aeabi_ldiv0)
c:/program files (x86)/cypress/psoc creator/4.4/psoc creator/import/gnu/arm/5.4.1/bin/../lib/gcc/arm-none-eabi/5.4.1/../../../../arm-none-eabi/lib/armv7e-m/softfp\libg_nano.a(lib_a-exit.o)
                              c:/program files (x86)/cypress/psoc creator/4.4/psoc creator/import/gnu/arm/5.4.1/bin/../lib/gcc/arm-none-eabi/5.4.1/../../../../arm-none-eabi/lib/armv7e-m/softfp/crt0.o (exit)
c:/program files (x86)/cypress/psoc creator/4.4/psoc creator/import/gnu/arm/5.4.1/bin/../lib/gcc/arm-none-eabi/5.4.1/../../../../arm-none-eabi/lib/armv7e-m/softfp\libg_nano.a(lib_a-impure.o)
                              c:/program files (x86)/cypress/psoc creator/4.4/psoc creator/import/gnu/arm/5.4.1/bin/../lib/gcc/arm-none-eabi/5.4.1/../../../../arm-none-eabi/lib/armv7e-m/softfp\libg_nano.a(lib_a-exit.o) (_global_impure_ptr)
c:/program files (x86)/cypress/psoc creator/4.4/psoc creator/import/gnu/arm/5.4.1/bin/../lib/gcc/arm-none-eabi/5.4.1/../../../../arm-none-eabi/lib/armv7e-m/softfp\libg_nano.a(lib_a-init.o)
                              c:/program files (x86)/cypress/psoc creator/4.4/psoc creator/import/gnu/arm/5.4.1/bin/../lib/gcc/arm-none-eabi/5.4.1/../../../../arm-none-eabi/lib/armv7e-m/softfp/crt0.o (__libc_init_array)
c:/program files (x86)/cypress/psoc creator/4.4/psoc creator/import/gnu/arm/5.4.1/bin/../lib/gcc/arm-none-eabi/5.4.1/../../../../arm-none-eabi/lib/armv7e-m/softfp\libg_nano.a(lib_a-malloc.o)
                              .\CortexM4\ARM_GCC_541\Debug\heap_3.o (malloc)
c:/program files (x86)/cypress/psoc creator/4.4/psoc creator/import/gnu/arm/5.4.1/bin/../lib/gcc/arm-none-eabi/5.4.1/../../../../arm-none-eabi/lib/armv7e-m/softfp\libg_nano.a(lib_a-memcpy-stub.o)
                              .\CortexM4\ARM_GCC_541\Debug\main_cm4.o (memcpy)
c:/program files (x86)/cypress/psoc creator/4.4/psoc creator/import/gnu/arm/5.4.1/bin/../lib/gcc/arm-none-eabi/5.4.1/../../../../arm-none-eabi/lib/armv7e-m/softfp\libg_nano.a(lib_a-memset.o)
                              c:/program files (x86)/cypress/psoc creator/4.4/psoc creator/import/gnu/arm/5.4.1/bin/../lib/gcc/arm-none-eabi/5.4.1/../../../../arm-none-eabi/lib/armv7e-m/softfp/crt0.o (memset)
c:/program files (x86)/cypress/psoc creator/4.4/psoc creator/import/gnu/arm/5.4.1/bin/../lib/gcc/arm-none-eabi/5.4.1/../../../../arm-none-eabi/lib/armv7e-m/softfp\libg_nano.a(lib_a-nano-freer.o)
                              c:/program files (x86)/cypress/psoc creator/4.4/psoc creator/import/gnu/arm/5.4.1/bin/../lib/gcc/arm-none-eabi/5.4.1/../../../../arm-none-eabi/lib/armv7e-m/softfp\libg_nano.a(lib_a-malloc.o) (_free_r)
c:/program files (x86)/cypress/psoc creator/4.4/psoc creator/import/gnu/arm/5.4.1/bin/../lib/gcc/arm-none-eabi/5.4.1/../../../../arm-none-eabi/lib/armv7e-m/softfp\libg_nano.a(lib_a-nano-mallocr.o)
                              c:/program files (x86)/cypress/psoc creator/4.4/psoc creator/import/gnu/arm/5.4.1/bin/../lib/gcc/arm-none-eabi/5.4.1/../../../../arm-none-eabi/lib/armv7e-m/softfp\libg_nano.a(lib_a-malloc.o) (_malloc_r)
[...]
Memory Configuration

Name             Origin             Length             Attributes
ram              0x08024000         0x00023800         xrw
flash            0x10080000         0x00080000         xr
em_eeprom        0x14000000         0x00008000         xr
sflash_user_data 0x16000800         0x00000800         xr
sflash_nar       0x16001a00         0x00000200         xr
sflash_public_key 0x16005a00         0x00000c00         xr
sflash_toc_2     0x16007c00         0x00000200         xr
sflash_rtoc_2    0x16007e00         0x00000200         xr
xip              0x18000000         0x08000000         xr
efuse            0x90700000         0x00100000         r
*default*        0x00000000         0xffffffff

Linker script and memory map

LOAD c:/program files (x86)/cypress/psoc creator/4.4/psoc creator/import/gnu/arm/5.4.1/bin/../lib/gcc/arm-none-eabi/5.4.1/armv7e-m/softfp/crti.o
LOAD c:/program files (x86)/cypress/psoc creator/4.4/psoc creator/import/gnu/arm/5.4.1/bin/../lib/gcc/arm-none-eabi/5.4.1/armv7e-m/softfp/crtbegin.o
LOAD c:/program files (x86)/cypress/psoc creator/4.4/psoc creator/import/gnu/arm/5.4.1/bin/../lib/gcc/arm-none-eabi/5.4.1/../../../../arm-none-eabi/lib/armv7e-m/softfp/crt0.o
START GROUP
LOAD Generated_Source\PSoC6\pdl\drivers\peripheral\crypto\libs\cy_crypto_client_gcc.a
LOAD Generated_Source\PSoC6\pdl\drivers\peripheral\crypto\libs\cy_crypto_server_gcc.a
LOAD .\CortexM4\ARM_GCC_541\Debug\startup_psoc6_01_cm4.o
LOAD .\CortexM4\ARM_GCC_541\Debug\main_cm4.o
LOAD .\CortexM4\ARM_GCC_541\Debug\system_psoc6_cm4.o
LOAD .\CortexM4\ARM_GCC_541\Debug\cyfitter_sysint_cfg.o
LOAD .\CortexM4\ARM_GCC_541\Debug\cymetadata.o
LOAD .\CortexM4\ARM_GCC_541\Debug\UART.o
LOAD .\CortexM4\ARM_GCC_541\Debug\cy_efuse.o
LOAD .\CortexM4\ARM_GCC_541\Debug\cy_flash.o
LOAD .\CortexM4\ARM_GCC_541\Debug\cy_gpio.o
LOAD .\CortexM4\ARM_GCC_541\Debug\cy_ipc_drv.o
LOAD .\CortexM4\ARM_GCC_541\Debug\cy_ipc_sema.o
LOAD .\CortexM4\ARM_GCC_541\Debug\cy_ipc_pipe.o
LOAD .\CortexM4\ARM_GCC_541\Debug\cy_lvd.o
LOAD .\CortexM4\ARM_GCC_541\Debug\cy_profile.o
LOAD .\CortexM4\ARM_GCC_541\Debug\cy_prot.o
LOAD .\CortexM4\ARM_GCC_541\Debug\cy_scb_common.o
LOAD .\CortexM4\ARM_GCC_541\Debug\cy_scb_i2c.o
LOAD .\CortexM4\ARM_GCC_541\Debug\cy_scb_ezi2c.o
LOAD .\CortexM4\ARM_GCC_541\Debug\cy_scb_spi.o
LOAD .\CortexM4\ARM_GCC_541\Debug\cy_scb_uart.o
LOAD .\CortexM4\ARM_GCC_541\Debug\cy_sysanalog.o
LOAD .\CortexM4\ARM_GCC_541\Debug\cy_sysclk.o
LOAD .\CortexM4\ARM_GCC_541\Debug\cy_sysint.o
LOAD .\CortexM4\ARM_GCC_541\Debug\cy_syslib.o
LOAD .\CortexM4\ARM_GCC_541\Debug\cy_syslib_gcc.o
LOAD .\CortexM4\ARM_GCC_541\Debug\cy_syspm.o
LOAD .\CortexM4\ARM_GCC_541\Debug\cy_systick.o
LOAD .\CortexM4\ARM_GCC_541\Debug\cy_trigmux.o
LOAD .\CortexM4\ARM_GCC_541\Debug\cy_wdt.o
LOAD .\CortexM4\ARM_GCC_541\Debug\cy_device.o
LOAD .\CortexM4\ARM_GCC_541\Debug\cy_ble_clk.o
LOAD .\CortexM4\ARM_GCC_541\Debug\croutine.o
LOAD .\CortexM4\ARM_GCC_541\Debug\event_groups.o
LOAD .\CortexM4\ARM_GCC_541\Debug\list.o
LOAD .\CortexM4\ARM_GCC_541\Debug\queue.o
LOAD .\CortexM4\ARM_GCC_541\Debug\tasks.o
LOAD .\CortexM4\ARM_GCC_541\Debug\timers.o
LOAD .\CortexM4\ARM_GCC_541\Debug\stream_buffer.o
LOAD .\CortexM4\ARM_GCC_541\Debug\port.o
LOAD .\CortexM4\ARM_GCC_541\Debug\heap_3.o
END GROUP
START GROUP
LOAD c:/program files (x86)/cypress/psoc creator/4.4/psoc creator/import/gnu/arm/5.4.1/bin/../lib/gcc/arm-none-eabi/5.4.1/armv7e-m/softfp\libgcc.a
LOAD c:/program files (x86)/cypress/psoc creator/4.4/psoc creator/import/gnu/arm/5.4.1/bin/../lib/gcc/arm-none-eabi/5.4.1/../../../../arm-none-eabi/lib/armv7e-m/softfp\libg_nano.a
LOAD c:/program files (x86)/cypress/psoc creator/4.4/psoc creator/import/gnu/arm/5.4.1/bin/../lib/gcc/arm-none-eabi/5.4.1/../../../../arm-none-eabi/lib/armv7e-m/softfp\libc_nano.a
END GROUP
START GROUP
LOAD c:/program files (x86)/cypress/psoc creator/4.4/psoc creator/import/gnu/arm/5.4.1/bin/../lib/gcc/arm-none-eabi/5.4.1/armv7e-m/softfp\libgcc.a
LOAD c:/program files (x86)/cypress/psoc creator/4.4/psoc creator/import/gnu/arm/5.4.1/bin/../lib/gcc/arm-none-eabi/5.4.1/../../../../arm-none-eabi/lib/armv7e-m/softfp\libc_nano.a
END GROUP
LOAD c:/program files (x86)/cypress/psoc creator/4.4/psoc creator/import/gnu/arm/5.4.1/bin/../lib/gcc/arm-none-eabi/5.4.1/armv7e-m/softfp/crtend.o
LOAD c:/program files (x86)/cypress/psoc creator/4.4/psoc creator/import/gnu/arm/5.4.1/bin/../lib/gcc/arm-none-eabi/5.4.1/armv7e-m/softfp/crtn.o
START GROUP
LOAD c:/program files (x86)/cypress/psoc creator/4.4/psoc creator/import/gnu/arm/5.4.1/bin/../lib/gcc/arm-none-eabi/5.4.1/armv7e-m/softfp\libgcc.a
LOAD c:/program files (x86)/cypress/psoc creator/4.4/psoc creator/import/gnu/arm/5.4.1/bin/../lib/gcc/arm-none-eabi/5.4.1/../../../../arm-none-eabi/lib/armv7e-m/softfp\libc.a
LOAD c:/program files (x86)/cypress/psoc creator/4.4/psoc creator/import/gnu/arm/5.4.1/bin/../lib/gcc/arm-none-eabi/5.4.1/../../../../arm-none-eabi/lib/armv7e-m/softfp\libnosys.a
END GROUP
START GROUP
LOAD c:/program files (x86)/cypress/psoc creator/4.4/psoc creator/import/gnu/arm/5.4.1/bin/../lib/gcc/arm-none-eabi/5.4.1/armv7e-m/softfp\libgcc.a
LOAD c:/program files (x86)/cypress/psoc creator/4.4/psoc creator/import/gnu/arm/5.4.1/bin/../lib/gcc/arm-none-eabi/5.4.1/../../../../arm-none-eabi/lib/armv7e-m/softfp\libc.a
LOAD c:/program files (x86)/cypress/psoc creator/4.4/psoc creator/import/gnu/arm/5.4.1/bin/../lib/gcc/arm-none-eabi/5.4.1/../../../../arm-none-eabi/lib/armv7e-m/softfp\libm.a
LOAD c:/program files (x86)/cypress/psoc creator/4.4/psoc creator/import/gnu/arm/5.4.1/bin/../lib/gcc/arm-none-eabi/5.4.1/../../../../arm-none-eabi/lib/armv7e-m/softfp\libnosys.a
END GROUP

.text           0x10080000     0x37cc
                0x10080000                . = ALIGN (0x4)
                0x10080000                __Vectors = .
 *(.vectors)
 .vectors       0x10080000      0x28c .\CortexM4\ARM_GCC_541\Debug\startup_psoc6_01_cm4.o
                0x1008028c                . = ALIGN (0x4)
                0x1008028c                __Vectors_End = .
                0x0000028c                __Vectors_Size = (__Vectors_End - __Vectors)
                0x1008028c                __end__ = .
                0x1008028c                . = ALIGN (0x4)
 *(.text*)
 .text          0x1008028c       0x5c c:/program files (x86)/cypress/psoc creator/4.4/psoc creator/import/gnu/arm/5.4.1/bin/../lib/gcc/arm-none-eabi/5.4.1/armv7e-m/softfp/crtbegin.o
 .text          0x100802e8       0x84 .\CortexM4\ARM_GCC_541\Debug\startup_psoc6_01_cm4.o
                0x100802e8                Cy_OnResetUser
                0x100802ea                Reset_Handler
                0x1008034c                cpuss_interrupts_ipc_6_IRQHandler
                0x1008034c                DebugMon_Handler
                0x1008034c                tcpwm_1_interrupts_11_IRQHandler
                0x1008034c                cpuss_interrupts_ipc_0_IRQHandler
                0x1008034c                tcpwm_1_interrupts_15_IRQHandler
                0x1008034c                ioss_interrupts_gpio_13_IRQHandler
                0x1008034c                tcpwm_1_interrupts_13_IRQHandler
                0x1008034c                cpuss_interrupts_dw1_8_IRQHandler
                0x1008034c                tcpwm_0_interrupts_0_IRQHandler
                0x1008034c                cpuss_interrupt_fm_IRQHandler
                0x1008034c                cpuss_interrupts_ipc_7_IRQHandler
                0x1008034c                tcpwm_1_interrupts_14_IRQHandler
                0x1008034c                cpuss_interrupts_dw0_5_IRQHandler
                0x1008034c                tcpwm_1_interrupts_9_IRQHandler
                0x1008034c                cpuss_interrupts_cm0_cti_1_IRQHandler
                0x1008034c                tcpwm_1_interrupts_22_IRQHandler
                0x1008034c                cpuss_interrupts_dw0_4_IRQHandler
                0x1008034c                NMI_Handler
                0x1008034c                cpuss_interrupts_dw1_12_IRQHandler
                0x1008034c                tcpwm_1_interrupts_12_IRQHandler
                0x1008034c                smif_interrupt_IRQHandler
                0x1008034c                tcpwm_1_interrupts_2_IRQHandler
                0x1008034c                cpuss_interrupts_ipc_13_IRQHandler
                0x1008034c                udb_interrupts_11_IRQHandler
                0x1008034c                tcpwm_1_interrupts_18_IRQHandler
                0x1008034c                cpuss_interrupts_dw0_11_IRQHandler
                0x1008034c                tcpwm_0_interrupts_2_IRQHandler
                0x1008034c                cpuss_interrupts_dw0_13_IRQHandler
                0x1008034c                udb_interrupts_2_IRQHandler
                0x1008034c                cpuss_interrupts_dw1_7_IRQHandler
                0x1008034c                ioss_interrupts_gpio_1_IRQHandler
                0x1008034c                ioss_interrupts_gpio_7_IRQHandler
                0x1008034c                scb_5_interrupt_IRQHandler
                0x1008034c                udb_interrupts_6_IRQHandler
                0x1008034c                cpuss_interrupts_fault_1_IRQHandler
                0x1008034c                cpuss_interrupts_ipc_4_IRQHandler
                0x1008034c                cpuss_interrupts_ipc_5_IRQHandler
                0x1008034c                cpuss_interrupts_dw1_10_IRQHandler
                0x1008034c                udb_interrupts_0_IRQHandler
                0x1008034c                tcpwm_1_interrupts_6_IRQHandler
                0x1008034c                scb_4_interrupt_IRQHandler
                0x1008034c                pass_interrupt_dacs_IRQHandler
                0x1008034c                ioss_interrupts_gpio_2_IRQHandler
                0x1008034c                cpuss_interrupts_dw1_9_IRQHandler
                0x1008034c                cpuss_interrupts_dw1_13_IRQHandler
                0x1008034c                scb_2_interrupt_IRQHandler
                0x1008034c                cpuss_interrupts_cm0_cti_0_IRQHandler
                0x1008034c                udb_interrupts_5_IRQHandler
                0x1008034c                srss_interrupt_IRQHandler
                0x1008034c                udb_interrupts_12_IRQHandler
                0x1008034c                scb_0_interrupt_IRQHandler
                0x1008034c                csd_interrupt_IRQHandler
                0x1008034c                udb_interrupts_1_IRQHandler
                0x1008034c                profile_interrupt_IRQHandler
                0x1008034c                tcpwm_1_interrupts_1_IRQHandler
                0x1008034c                cpuss_interrupts_ipc_12_IRQHandler
                0x1008034c                tcpwm_1_interrupts_3_IRQHandler
                0x1008034c                tcpwm_0_interrupts_7_IRQHandler
                0x1008034c                cpuss_interrupts_dw1_1_IRQHandler
                0x1008034c                cpuss_interrupts_dw1_0_IRQHandler
                0x1008034c                cpuss_interrupts_dw0_9_IRQHandler
                0x1008034c                lpcomp_interrupt_IRQHandler
                0x1008034c                tcpwm_1_interrupts_23_IRQHandler
                0x1008034c                udb_interrupts_4_IRQHandler
                0x1008034c                tcpwm_1_interrupts_20_IRQHandler
                0x1008034c                ioss_interrupt_gpio_IRQHandler
                0x1008034c                tcpwm_0_interrupts_1_IRQHandler
                0x1008034c                ioss_interrupts_gpio_8_IRQHandler
                0x1008034c                tcpwm_0_interrupts_6_IRQHandler
                0x1008034c                scb_7_interrupt_IRQHandler
                0x1008034c                tcpwm_1_interrupts_7_IRQHandler
                0x1008034c                cpuss_interrupts_ipc_11_IRQHandler
                0x1008034c                udb_interrupts_13_IRQHandler
                0x1008034c                cpuss_interrupts_dw0_15_IRQHandler
                0x1008034c                udb_interrupts_7_IRQHandler
                0x1008034c                cpuss_interrupts_dw1_6_IRQHandler
                0x1008034c                cpuss_interrupt_crypto_IRQHandler
                0x1008034c                scb_1_interrupt_IRQHandler
                0x1008034c                Default_Handler
                0x1008034c                usb_interrupt_hi_IRQHandler
                0x1008034c                tcpwm_1_interrupts_0_IRQHandler
                0x1008034c                udb_interrupts_9_IRQHandler
                0x1008034c                audioss_interrupt_pdm_IRQHandler
                0x1008034c                srss_interrupt_mcwdt_0_IRQHandler
                0x1008034c                scb_3_interrupt_IRQHandler
                0x1008034c                pass_interrupt_ctbs_IRQHandler
                0x1008034c                udb_interrupts_8_IRQHandler
                0x1008034c                ioss_interrupts_gpio_3_IRQHandler
                0x1008034c                scb_6_interrupt_IRQHandler
                0x1008034c                cpuss_interrupts_cm4_cti_0_IRQHandler
                0x1008034c                cpuss_interrupts_dw1_3_IRQHandler
                0x1008034c                pass_interrupt_sar_IRQHandler
                0x1008034c                ioss_interrupts_gpio_0_IRQHandler
                0x1008034c                ioss_interrupts_gpio_14_IRQHandler
                0x1008034c                tcpwm_0_interrupts_4_IRQHandler
                0x1008034c                udb_interrupts_3_IRQHandler
                0x1008034c                tcpwm_0_interrupts_5_IRQHandler
                0x1008034c                cpuss_interrupts_ipc_15_IRQHandler
                0x1008034c                cpuss_interrupts_cm4_cti_1_IRQHandler
                0x1008034c                scb_8_interrupt_IRQHandler
                0x1008034c                srss_interrupt_mcwdt_1_IRQHandler
                0x1008034c                cpuss_interrupts_dw1_2_IRQHandler
                0x1008034c                cpuss_interrupts_dw1_5_IRQHandler
                0x1008034c                cpuss_interrupts_ipc_1_IRQHandler
                0x1008034c                cpuss_interrupts_dw0_0_IRQHandler
                0x1008034c                ioss_interrupts_gpio_12_IRQHandler
                0x1008034c                cpuss_interrupts_ipc_3_IRQHandler
                0x1008034c                tcpwm_1_interrupts_17_IRQHandler
                0x1008034c                srss_interrupt_backup_IRQHandler
                0x1008034c                bless_interrupt_IRQHandler
                0x1008034c                cpuss_interrupts_ipc_10_IRQHandler
                0x1008034c                cpuss_interrupts_ipc_9_IRQHandler
                0x1008034c                cpuss_interrupts_dw0_14_IRQHandler
                0x1008034c                tcpwm_1_interrupts_4_IRQHandler
                0x1008034c                tcpwm_0_interrupts_3_IRQHandler
                0x1008034c                cpuss_interrupts_dw1_15_IRQHandler
                0x1008034c                ioss_interrupts_gpio_10_IRQHandler
                0x1008034c                udb_interrupts_10_IRQHandler
                0x1008034c                cpuss_interrupts_dw0_8_IRQHandler
                0x1008034c                ioss_interrupts_gpio_11_IRQHandler
                0x1008034c                cpuss_interrupts_ipc_14_IRQHandler
                0x1008034c                ioss_interrupts_gpio_5_IRQHandler
                0x1008034c                ioss_interrupts_gpio_4_IRQHandler
                0x1008034c                tcpwm_1_interrupts_8_IRQHandler
                0x1008034c                cpuss_interrupts_dw1_14_IRQHandler
                0x1008034c                usb_interrupt_med_IRQHandler
                0x1008034c                cpuss_interrupts_dw0_2_IRQHandler
                0x1008034c                tcpwm_1_interrupts_10_IRQHandler
                0x1008034c                cpuss_interrupts_fault_0_IRQHandler
                0x1008034c                cpuss_interrupts_dw0_12_IRQHandler
                0x1008034c                ioss_interrupts_gpio_6_IRQHandler
                0x1008034c                tcpwm_1_interrupts_21_IRQHandler
                0x1008034c                tcpwm_1_interrupts_16_IRQHandler
                0x1008034c                cpuss_interrupts_dw1_4_IRQHandler
                0x1008034c                udb_interrupts_15_IRQHandler
                0x1008034c                cpuss_interrupts_dw1_11_IRQHandler
                0x1008034c                cpuss_interrupts_dw0_6_IRQHandler
                0x1008034c                ioss_interrupt_vdd_IRQHandler
                0x1008034c                cpuss_interrupts_dw0_7_IRQHandler
                0x1008034c                audioss_interrupt_i2s_IRQHandler
                0x1008034c                tcpwm_1_interrupts_5_IRQHandler
                0x1008034c                cpuss_interrupts_ipc_2_IRQHandler
                0x1008034c                cpuss_interrupts_dw0_10_IRQHandler
                0x1008034c                tcpwm_1_interrupts_19_IRQHandler
                0x1008034c                cpuss_interrupts_dw0_1_IRQHandler
                0x1008034c                ioss_interrupts_gpio_9_IRQHandler
                0x1008034c                usb_interrupt_lo_IRQHandler
                0x1008034c                cpuss_interrupts_ipc_8_IRQHandler
                0x1008034c                udb_interrupts_14_IRQHandler
                0x1008034c                cpuss_interrupts_dw0_3_IRQHandler
                0x10080350                UsageFault_Handler
                0x10080350                HardFault_Handler
                0x10080350                MemManage_Handler
                0x10080350                BusFault_Handler
 .text.main     0x1008036c       0x40 .\CortexM4\ARM_GCC_541\Debug\main_cm4.o
                0x1008036c                main
 .text.calculate_crc8
                0x100803ac       0x3c .\CortexM4\ARM_GCC_541\Debug\main_cm4.o
                0x100803ac                calculate_crc8
 .text.encrypt_data
                0x100803e8       0x28 .\CortexM4\ARM_GCC_541\Debug\main_cm4.o
                0x100803e8                encrypt_data
 .text.wrap_data
                0x10080410       0x54 .\CortexM4\ARM_GCC_541\Debug\main_cm4.o
                0x10080410                wrap_data
 .text.send_data
                0x10080464       0x20 .\CortexM4\ARM_GCC_541\Debug\main_cm4.o
                0x10080464                send_data
 .text.send_task
                0x10080484       0x18 .\CortexM4\ARM_GCC_541\Debug\main_cm4.o
                0x10080484                send_task
 .text.Cy_SysIpcPipeIsrCm4
                0x1008049c        0xc .\CortexM4\ARM_GCC_541\Debug\system_psoc6_cm4.o
                0x1008049c                Cy_SysIpcPipeIsrCm4
 .text.Cy_SystemInit
                0x100804a8        0x4 .\CortexM4\ARM_GCC_541\Debug\system_psoc6_cm4.o
                0x100804a8                Cy_SystemInit
 .text.SystemCoreClockUpdate
                0x100804ac      0x190 .\CortexM4\ARM_GCC_541\Debug\system_psoc6_cm4.o
                0x100804ac                SystemCoreClockUpdate
 .text.SystemInit
                0x1008063c       0x48 .\CortexM4\ARM_GCC_541\Debug\system_psoc6_cm4.o
                0x1008063c                SystemInit
 .text.Cy_SystemInitFpuEnable
                0x10080684       0x28 .\CortexM4\ARM_GCC_541\Debug\system_psoc6_cm4.o
                0x10080684                Cy_SystemInitFpuEnable
 .text.UART_Interrupt
                0x100806ac       0x14 .\CortexM4\ARM_GCC_541\Debug\UART.o
 .text.UART_Start
                0x100806c0       0x64 .\CortexM4\ARM_GCC_541\Debug\UART.o
                0x100806c0                UART_Start
 .text.Cy_Flash_ProcessOpcode
                0x10080724       0xac .\CortexM4\ARM_GCC_541\Debug\cy_flash.o
 .text.Cy_Flash_OperationStatus
                0x100807d0       0x5c .\CortexM4\ARM_GCC_541\Debug\cy_flash.o
 .text.Cy_Flash_InitExt
                0x1008082c       0x80 .\CortexM4\ARM_GCC_541\Debug\cy_flash.o
                0x1008082c                Cy_Flash_InitExt
 .text.Cy_Flash_Init
                0x100808ac       0x10 .\CortexM4\ARM_GCC_541\Debug\cy_flash.o
                0x100808ac                Cy_Flash_Init
 .text.Cy_IPC_Drv_LockRelease
                0x100808bc       0x3c .\CortexM4\ARM_GCC_541\Debug\cy_ipc_drv.o
                0x100808bc                Cy_IPC_Drv_LockRelease
 .text.Cy_IPC_Drv_SendMsgWord
                0x100808f8       0x3c .\CortexM4\ARM_GCC_541\Debug\cy_ipc_drv.o
                0x100808f8                Cy_IPC_Drv_SendMsgWord
 .text.Cy_IPC_Drv_ReadMsgWord
                0x10080934       0x38 .\CortexM4\ARM_GCC_541\Debug\cy_ipc_drv.o
                0x10080934                Cy_IPC_Drv_ReadMsgWord
 .text.Cy_IPC_Sema_InitExt
                0x1008096c       0xac .\CortexM4\ARM_GCC_541\Debug\cy_ipc_sema.o
                0x1008096c                Cy_IPC_Sema_InitExt
 .text.Cy_IPC_Sema_Init
                0x10080a18       0x64 .\CortexM4\ARM_GCC_541\Debug\cy_ipc_sema.o
                0x10080a18                Cy_IPC_Sema_Init
 .text.Cy_IPC_Sema_Clear
                0x10080a7c       0x88 .\CortexM4\ARM_GCC_541\Debug\cy_ipc_sema.o
                0x10080a7c                Cy_IPC_Sema_Clear
 .text.Cy_IPC_Sema_Status
                0x10080b04       0x40 .\CortexM4\ARM_GCC_541\Debug\cy_ipc_sema.o
                0x10080b04                Cy_IPC_Sema_Status
 .text.Cy_IPC_Pipe_Config
                0x10080b44       0x10 .\CortexM4\ARM_GCC_541\Debug\cy_ipc_pipe.o
                0x10080b44                Cy_IPC_Pipe_Config
 .text.Cy_IPC_Pipe_EndpointInit
                0x10080b54       0xd0 .\CortexM4\ARM_GCC_541\Debug\cy_ipc_pipe.o
                0x10080b54                Cy_IPC_Pipe_EndpointInit
 .text.Cy_IPC_Pipe_Init
                0x10080c24       0xb4 .\CortexM4\ARM_GCC_541\Debug\cy_ipc_pipe.o
                0x10080c24                Cy_IPC_Pipe_Init
 .text.Cy_IPC_Pipe_SendMessage
                0x10080cd8       0xa4 .\CortexM4\ARM_GCC_541\Debug\cy_ipc_pipe.o
                0x10080cd8                Cy_IPC_Pipe_SendMessage
 .text.Cy_IPC_Pipe_RegisterCallback
                0x10080d7c       0x50 .\CortexM4\ARM_GCC_541\Debug\cy_ipc_pipe.o
                0x10080d7c                Cy_IPC_Pipe_RegisterCallback
 .text.Cy_IPC_Pipe_ExecCallback
                0x10080dcc       0xbc .\CortexM4\ARM_GCC_541\Debug\cy_ipc_pipe.o
                0x10080dcc                Cy_IPC_Pipe_ExecCallback
 .text.Cy_IPC_Pipe_ExecuteCallback
                0x10080e88       0x2c .\CortexM4\ARM_GCC_541\Debug\cy_ipc_pipe.o
                0x10080e88                Cy_IPC_Pipe_ExecuteCallback
 .text.Cy_SCB_ReadArrayNoCheck
                0x10080eb4       0x38 .\CortexM4\ARM_GCC_541\Debug\cy_scb_common.o
                0x10080eb4                Cy_SCB_ReadArrayNoCheck
 .text.Cy_SCB_ReadArray
                0x10080eec       0x1c .\CortexM4\ARM_GCC_541\Debug\cy_scb_common.o
                0x10080eec                Cy_SCB_ReadArray
 .text.Cy_SCB_WriteArrayNoCheck
                0x10080f08       0x38 .\CortexM4\ARM_GCC_541\Debug\cy_scb_common.o
                0x10080f08                Cy_SCB_WriteArrayNoCheck
 .text.Cy_SCB_WriteArray
                0x10080f40       0x2c .\CortexM4\ARM_GCC_541\Debug\cy_scb_common.o
                0x10080f40                Cy_SCB_WriteArray
 .text.HandleDataTransmit
                0x10080f6c       0xdc .\CortexM4\ARM_GCC_541\Debug\cy_scb_uart.o
 .text.HandleDataReceive
                0x10081048       0xf8 .\CortexM4\ARM_GCC_541\Debug\cy_scb_uart.o
 .text.Cy_SCB_UART_Init
                0x10081140      0x364 .\CortexM4\ARM_GCC_541\Debug\cy_scb_uart.o
                0x10081140                Cy_SCB_UART_Init
 .text.Cy_SCB_UART_GetNumInRingBuffer
                0x100814a4       0x18 .\CortexM4\ARM_GCC_541\Debug\cy_scb_uart.o
                0x100814a4                Cy_SCB_UART_GetNumInRingBuffer
 .text.HandleRingBuffer
                0x100814bc       0xcc .\CortexM4\ARM_GCC_541\Debug\cy_scb_uart.o
 .text.Cy_SCB_UART_Interrupt
                0x10081588       0xe8 .\CortexM4\ARM_GCC_541\Debug\cy_scb_uart.o
                0x10081588                Cy_SCB_UART_Interrupt
 .text.Cy_SysInt_SetVector
                0x10081670       0x48 .\CortexM4\ARM_GCC_541\Debug\cy_sysint.o
                0x10081670                Cy_SysInt_SetVector
 .text.Cy_SysInt_Init
                0x100816b8       0x74 .\CortexM4\ARM_GCC_541\Debug\cy_sysint.o
                0x100816b8                Cy_SysInt_Init
 .text.Cy_SysLib_Halt
                0x1008172c        0x4 .\CortexM4\ARM_GCC_541\Debug\cy_syslib.o
                0x1008172c                Cy_SysLib_Halt
 .text.Cy_SysLib_AssertFailed
                0x10081730       0x1c .\CortexM4\ARM_GCC_541\Debug\cy_syslib.o
                0x10081730                Cy_SysLib_AssertFailed
 .text.Cy_SysLib_ProcessingFault
                0x1008174c        0x4 .\CortexM4\ARM_GCC_541\Debug\cy_syslib.o
                0x1008174c                Cy_SysLib_ProcessingFault
 .text.Cy_SysLib_FaultHandler
                0x10081750       0xa4 .\CortexM4\ARM_GCC_541\Debug\cy_syslib.o
                0x10081750                Cy_SysLib_FaultHandler
 *fill*         0x100817f4        0x4 
 .text          0x100817f8       0x20 .\CortexM4\ARM_GCC_541\Debug\cy_syslib_gcc.o
                0x100817f8                Cy_SysLib_DelayCycles
                0x1008180a                Cy_SysLib_EnterCriticalSection
                0x10081812                Cy_SysLib_ExitCriticalSection
 .text.Cy_PDL_Init
                0x10081818        0xc .\CortexM4\ARM_GCC_541\Debug\cy_device.o
                0x10081818                Cy_PDL_Init
 .text.vListInitialise
                0x10081824       0x18 .\CortexM4\ARM_GCC_541\Debug\list.o
                0x10081824                vListInitialise
 .text.vListInitialiseItem
                0x1008183c        0x8 .\CortexM4\ARM_GCC_541\Debug\list.o
                0x1008183c                vListInitialiseItem
 .text.vListInsertEnd
                0x10081844       0x18 .\CortexM4\ARM_GCC_541\Debug\list.o
                0x10081844                vListInsertEnd
 .text.vListInsert
                0x1008185c       0x34 .\CortexM4\ARM_GCC_541\Debug\list.o
                0x1008185c                vListInsert
 .text.uxListRemove
                0x10081890       0x28 .\CortexM4\ARM_GCC_541\Debug\list.o
                0x10081890                uxListRemove
 .text.prvIsQueueFull
                0x100818b8       0x20 .\CortexM4\ARM_GCC_541\Debug\queue.o
 .text.prvIsQueueEmpty
                0x100818d8       0x1c .\CortexM4\ARM_GCC_541\Debug\queue.o
 .text.prvCopyDataToQueue
                0x100818f4       0x54 .\CortexM4\ARM_GCC_541\Debug\queue.o
 .text.prvCopyDataFromQueue
                0x10081948       0x24 .\CortexM4\ARM_GCC_541\Debug\queue.o
 .text.prvUnlockQueue
                0x1008196c       0x68 .\CortexM4\ARM_GCC_541\Debug\queue.o
 .text.xQueueGenericReset
                0x100819d4       0x80 .\CortexM4\ARM_GCC_541\Debug\queue.o
                0x100819d4                xQueueGenericReset
 .text.prvInitialiseNewQueue
                0x10081a54       0x1c .\CortexM4\ARM_GCC_541\Debug\queue.o
 .text.xQueueGenericCreate
                0x10081a70       0x4c .\CortexM4\ARM_GCC_541\Debug\queue.o
                0x10081a70                xQueueGenericCreate
 .text.xQueueGenericSend
                0x10081abc      0x190 .\CortexM4\ARM_GCC_541\Debug\queue.o
                0x10081abc                xQueueGenericSend
 .text.xQueueGenericSendFromISR
                0x10081c4c       0xe4 .\CortexM4\ARM_GCC_541\Debug\queue.o
                0x10081c4c                xQueueGenericSendFromISR
 .text.xQueueReceive
                0x10081d30      0x158 .\CortexM4\ARM_GCC_541\Debug\queue.o
                0x10081d30                xQueueReceive
 .text.vQueueAddToRegistry
                0x10081e88       0x28 .\CortexM4\ARM_GCC_541\Debug\queue.o
                0x10081e88                vQueueAddToRegistry
 .text.vQueueWaitForMessageRestricted
                0x10081eb0       0x4c .\CortexM4\ARM_GCC_541\Debug\queue.o
                0x10081eb0                vQueueWaitForMessageRestricted
 .text.prvResetNextTaskUnblockTime
                0x10081efc       0x2c .\CortexM4\ARM_GCC_541\Debug\tasks.o
 .text.prvDeleteTCB
                0x10081f28       0x14 .\CortexM4\ARM_GCC_541\Debug\tasks.o
 .text.prvInitialiseNewTask
                0x10081f3c       0xa0 .\CortexM4\ARM_GCC_541\Debug\tasks.o
 .text.prvInitialiseTaskLists
                0x10081fdc       0x58 .\CortexM4\ARM_GCC_541\Debug\tasks.o
 .text.prvAddNewTaskToReadyList
                0x10082034       0xac .\CortexM4\ARM_GCC_541\Debug\tasks.o
 .text.prvCheckTasksWaitingTermination
                0x100820e0       0x44 .\CortexM4\ARM_GCC_541\Debug\tasks.o
 .text.prvIdleTask
                0x10082124       0x28 .\CortexM4\ARM_GCC_541\Debug\tasks.o
 .text.prvAddCurrentTaskToDelayedList
                0x1008214c       0x68 .\CortexM4\ARM_GCC_541\Debug\tasks.o
 .text.xTaskCreate
                0x100821b4       0x64 .\CortexM4\ARM_GCC_541\Debug\tasks.o
                0x100821b4                xTaskCreate
 .text.vTaskStartScheduler
                0x10082218       0x7c .\CortexM4\ARM_GCC_541\Debug\tasks.o
                0x10082218                vTaskStartScheduler
 .text.vTaskSuspendAll
                0x10082294       0x14 .\CortexM4\ARM_GCC_541\Debug\tasks.o
                0x10082294                vTaskSuspendAll
 .text.xTaskGetTickCount
                0x100822a8        0xc .\CortexM4\ARM_GCC_541\Debug\tasks.o
                0x100822a8                xTaskGetTickCount
 .text.xTaskIncrementTick
                0x100822b4       0xfc .\CortexM4\ARM_GCC_541\Debug\tasks.o
                0x100822b4                xTaskIncrementTick
 .text.xTaskResumeAll
                0x100823b0       0xf0 .\CortexM4\ARM_GCC_541\Debug\tasks.o
                0x100823b0                xTaskResumeAll
 .text.vTaskDelay
                0x100824a0       0x50 .\CortexM4\ARM_GCC_541\Debug\tasks.o
                0x100824a0                vTaskDelay
 .text.vTaskSwitchContext
                0x100824f0       0xc8 .\CortexM4\ARM_GCC_541\Debug\tasks.o
                0x100824f0                vTaskSwitchContext
 .text.vTaskPlaceOnEventList
                0x100825b8       0x34 .\CortexM4\ARM_GCC_541\Debug\tasks.o
                0x100825b8                vTaskPlaceOnEventList
 .text.vTaskPlaceOnEventListRestricted
                0x100825ec       0x3c .\CortexM4\ARM_GCC_541\Debug\tasks.o
                0x100825ec                vTaskPlaceOnEventListRestricted
 .text.xTaskRemoveFromEventList
                0x10082628       0x88 .\CortexM4\ARM_GCC_541\Debug\tasks.o
                0x10082628                xTaskRemoveFromEventList
 .text.vTaskInternalSetTimeOutState
                0x100826b0       0x14 .\CortexM4\ARM_GCC_541\Debug\tasks.o
                0x100826b0                vTaskInternalSetTimeOutState
 .text.xTaskCheckForTimeOut
                0x100826c4       0x80 .\CortexM4\ARM_GCC_541\Debug\tasks.o
                0x100826c4                xTaskCheckForTimeOut
 .text.vTaskMissedYield
                0x10082744       0x10 .\CortexM4\ARM_GCC_541\Debug\tasks.o
                0x10082744                vTaskMissedYield
 .text.xTaskGetSchedulerState
                0x10082754       0x20 .\CortexM4\ARM_GCC_541\Debug\tasks.o
                0x10082754                xTaskGetSchedulerState
 .text.prvGetNextExpireTime
                0x10082774       0x20 .\CortexM4\ARM_GCC_541\Debug\timers.o
 .text.prvInsertTimerInActiveList
                0x10082794       0x44 .\CortexM4\ARM_GCC_541\Debug\timers.o
 .text.prvCheckForValidListAndQueue
                0x100827d8       0x48 .\CortexM4\ARM_GCC_541\Debug\timers.o
 .text.xTimerCreateTimerTask
                0x10082820       0x50 .\CortexM4\ARM_GCC_541\Debug\timers.o
                0x10082820                xTimerCreateTimerTask
 .text.xTimerGenericCommand
                0x10082870       0x6c .\CortexM4\ARM_GCC_541\Debug\timers.o
                0x10082870                xTimerGenericCommand
 .text.prvSwitchTimerLists
                0x100828dc       0x74 .\CortexM4\ARM_GCC_541\Debug\timers.o
 .text.prvSampleTimeNow
                0x10082950       0x2c .\CortexM4\ARM_GCC_541\Debug\timers.o
 .text.prvProcessExpiredTimer
                0x1008297c       0x5c .\CortexM4\ARM_GCC_541\Debug\timers.o
 .text.prvProcessTimerOrBlockTask
                0x100829d8       0x70 .\CortexM4\ARM_GCC_541\Debug\timers.o
 .text.prvProcessReceivedCommands
                0x10082a48       0xbc .\CortexM4\ARM_GCC_541\Debug\timers.o
 .text.prvTimerTask
                0x10082b04       0x18 .\CortexM4\ARM_GCC_541\Debug\timers.o
 .text.prvTaskExitError
                0x10082b1c       0x40 .\CortexM4\ARM_GCC_541\Debug\port.o
 .text.prvPortStartFirstTask
                0x10082b5c       0x28 .\CortexM4\ARM_GCC_541\Debug\port.o
 .text.vPortEnableVFP
                0x10082b84       0x14 .\CortexM4\ARM_GCC_541\Debug\port.o
 .text.pxPortInitialiseStack
                0x10082b98       0x2c .\CortexM4\ARM_GCC_541\Debug\port.o
                0x10082b98                pxPortInitialiseStack
 *fill*         0x10082bc4        0xc 
 .text.SVC_Handler
                0x10082bd0       0x24 .\CortexM4\ARM_GCC_541\Debug\port.o
                0x10082bd0                SVC_Handler
 .text.vPortEnterCritical
                0x10082bf4       0x44 .\CortexM4\ARM_GCC_541\Debug\port.o
                0x10082bf4                vPortEnterCritical
 .text.vPortExitCritical
                0x10082c38       0x2c .\CortexM4\ARM_GCC_541\Debug\port.o
                0x10082c38                vPortExitCritical
 *fill*         0x10082c64        0xc 
 .text.PendSV_Handler
                0x10082c70       0x64 .\CortexM4\ARM_GCC_541\Debug\port.o
                0x10082c70                PendSV_Handler
 .text.SysTick_Handler
                0x10082cd4       0x2c .\CortexM4\ARM_GCC_541\Debug\port.o
                0x10082cd4                SysTick_Handler
 .text.vPortSetupTimerInterrupt
                0x10082d00       0x38 .\CortexM4\ARM_GCC_541\Debug\port.o
                0x10082d00                vPortSetupTimerInterrupt
 .text.xPortStartScheduler
                0x10082d38       0xc4 .\CortexM4\ARM_GCC_541\Debug\port.o
                0x10082d38                xPortStartScheduler
 .text.vPortValidateInterruptPriority
                0x10082dfc       0x58 .\CortexM4\ARM_GCC_541\Debug\port.o
                0x10082dfc                vPortValidateInterruptPriority
 .text.vApplicationStackOverflowHook
                0x10082e54       0x24 .\CortexM4\ARM_GCC_541\Debug\port.o
                0x10082e54                vApplicationStackOverflowHook
 .text.pvPortMalloc
                0x10082e78       0x18 .\CortexM4\ARM_GCC_541\Debug\heap_3.o
                0x10082e78                pvPortMalloc
 .text.vPortFree
                0x10082e90       0x18 .\CortexM4\ARM_GCC_541\Debug\heap_3.o
                0x10082e90                vPortFree
 .text.Cy_Crypto_Client_ReleaseIntrHndlr
                0x10082ea8       0x38 Generated_Source\PSoC6\pdl\drivers\peripheral\crypto\libs\cy_crypto_client_gcc.a(cy_crypto.o)
 .text.Cy_Crypto_IsServerStarted
                0x10082ee0       0x28 Generated_Source\PSoC6\pdl\drivers\peripheral\crypto\libs\cy_crypto_client_gcc.a(cy_crypto.o)
 .text.Cy_Crypto_IsServerReady.isra.0
                0x10082f08       0x24 Generated_Source\PSoC6\pdl\drivers\peripheral\crypto\libs\cy_crypto_client_gcc.a(cy_crypto.o)
 .text.Cy_Crypto_Client_Send
                0x10082f2c       0x68 Generated_Source\PSoC6\pdl\drivers\peripheral\crypto\libs\cy_crypto_client_gcc.a(cy_crypto.o)
 .text.Cy_Crypto_Sync
                0x10082f94       0x58 Generated_Source\PSoC6\pdl\drivers\peripheral\crypto\libs\cy_crypto_client_gcc.a(cy_crypto.o)
                0x10082f94                Cy_Crypto_Sync
 .text.Cy_Crypto_Init
                0x10082fec       0xa0 Generated_Source\PSoC6\pdl\drivers\peripheral\crypto\libs\cy_crypto_client_gcc.a(cy_crypto.o)
                0x10082fec                Cy_Crypto_Init
 .text.Cy_Crypto_Enable
                0x1008308c       0x30 Generated_Source\PSoC6\pdl\drivers\peripheral\crypto\libs\cy_crypto_client_gcc.a(cy_crypto.o)
                0x1008308c                Cy_Crypto_Enable
 .text.Cy_Crypto_Aes_Init
                0x100830bc       0x28 Generated_Source\PSoC6\pdl\drivers\peripheral\crypto\libs\cy_crypto_client_gcc.a(cy_crypto.o)
                0x100830bc                Cy_Crypto_Aes_Init
 .text.Cy_Crypto_Aes_Ecb_Run
                0x100830e4       0x28 Generated_Source\PSoC6\pdl\drivers\peripheral\crypto\libs\cy_crypto_client_gcc.a(cy_crypto.o)
                0x100830e4                Cy_Crypto_Aes_Ecb_Run
 .text.malloc   0x1008310c       0x10 c:/program files (x86)/cypress/psoc creator/4.4/psoc creator/import/gnu/arm/5.4.1/bin/../lib/gcc/arm-none-eabi/5.4.1/../../../../arm-none-eabi/lib/armv7e-m/softfp\libg_nano.a(lib_a-malloc.o)
                0x1008310c                malloc
 .text.free     0x1008311c       0x10 c:/program files (x86)/cypress/psoc creator/4.4/psoc creator/import/gnu/arm/5.4.1/bin/../lib/gcc/arm-none-eabi/5.4.1/../../../../arm-none-eabi/lib/armv7e-m/softfp\libg_nano.a(lib_a-malloc.o)
                0x1008311c                free
 .text.memcpy   0x1008312c       0x16 c:/program files (x86)/cypress/psoc creator/4.4/psoc creator/import/gnu/arm/5.4.1/bin/../lib/gcc/arm-none-eabi/5.4.1/../../../../arm-none-eabi/lib/armv7e-m/softfp\libg_nano.a(lib_a-memcpy-stub.o)
                0x1008312c                memcpy
 .text.memset   0x10083142       0x10 c:/program files (x86)/cypress/psoc creator/4.4/psoc creator/import/gnu/arm/5.4.1/bin/../lib/gcc/arm-none-eabi/5.4.1/../../../../arm-none-eabi/lib/armv7e-m/softfp\libg_nano.a(lib_a-memset.o)
                0x10083142                memset
 *fill*         0x10083152        0x2 
 .text._free_r  0x10083154       0x9c c:/program files (x86)/cypress/psoc creator/4.4/psoc creator/import/gnu/arm/5.4.1/bin/../lib/gcc/arm-none-eabi/5.4.1/../../../../arm-none-eabi/lib/armv7e-m/softfp\libg_nano.a(lib_a-nano-freer.o)
                0x10083154                _free_r
 .text._malloc_r
                0x100831f0       0xbc c:/program files (x86)/cypress/psoc creator/4.4/psoc creator/import/gnu/arm/5.4.1/bin/../lib/gcc/arm-none-eabi/5.4.1/../../../../arm-none-eabi/lib/armv7e-m/softfp\libg_nano.a(lib_a-nano-mallocr.o)
                0x100831f0                _malloc_r
 .text._sbrk_r  0x100832ac       0x20 c:/program files (x86)/cypress/psoc creator/4.4/psoc creator/import/gnu/arm/5.4.1/bin/../lib/gcc/arm-none-eabi/5.4.1/../../../../arm-none-eabi/lib/armv7e-m/softfp\libg_nano.a(lib_a-sbrkr.o)
                0x100832ac                _sbrk_r
 .text.strncpy  0x100832cc       0x26 c:/program files (x86)/cypress/psoc creator/4.4/psoc creator/import/gnu/arm/5.4.1/bin/../lib/gcc/arm-none-eabi/5.4.1/../../../../arm-none-eabi/lib/armv7e-m/softfp\libg_nano.a(lib_a-strncpy.o)
                0x100832cc                strncpy
 .text.__malloc_lock
                0x100832f2        0x2 c:/program files (x86)/cypress/psoc creator/4.4/psoc creator/import/gnu/arm/5.4.1/bin/../lib/gcc/arm-none-eabi/5.4.1/../../../../arm-none-eabi/lib/armv7e-m/softfp\libg_nano.a(lib_a-mlock.o)
                0x100832f2                __malloc_lock
 .text.__malloc_unlock
                0x100832f4        0x2 c:/program files (x86)/cypress/psoc creator/4.4/psoc creator/import/gnu/arm/5.4.1/bin/../lib/gcc/arm-none-eabi/5.4.1/../../../../arm-none-eabi/lib/armv7e-m/softfp\libg_nano.a(lib_a-mlock.o)
                0x100832f4                __malloc_unlock
 *fill*         0x100832f6        0x2 
 .text._sbrk    0x100832f8       0x1c c:/program files (x86)/cypress/psoc creator/4.4/psoc creator/import/gnu/arm/5.4.1/bin/../lib/gcc/arm-none-eabi/5.4.1/../../../../arm-none-eabi/lib/armv7e-m/softfp\libnosys.a(sbrk.o)
                0x100832f8                _sbrk
 *(.init)
 .init          0x10083314        0x4 c:/program files (x86)/cypress/psoc creator/4.4/psoc creator/import/gnu/arm/5.4.1/bin/../lib/gcc/arm-none-eabi/5.4.1/armv7e-m/softfp/crti.o
                0x10083314                _init
 .init          0x10083318        0x8 c:/program files (x86)/cypress/psoc creator/4.4/psoc creator/import/gnu/arm/5.4.1/bin/../lib/gcc/arm-none-eabi/5.4.1/armv7e-m/softfp/crtn.o
 *(.fini)
 .fini          0x10083320        0x4 c:/program files (x86)/cypress/psoc creator/4.4/psoc creator/import/gnu/arm/5.4.1/bin/../lib/gcc/arm-none-eabi/5.4.1/armv7e-m/softfp/crti.o
                0x10083320                _fini
 .fini          0x10083324        0x8 c:/program files (x86)/cypress/psoc creator/4.4/psoc creator/import/gnu/arm/5.4.1/bin/../lib/gcc/arm-none-eabi/5.4.1/armv7e-m/softfp/crtn.o
 *crtbegin.o(.ctors)
 *crtbegin?.o(.ctors)
 *(EXCLUDE_FILE(*crtend.o *crtend?.o) .ctors)
 *(SORT(.ctors.*))
 *(.ctors)
 *crtbegin.o(.dtors)
 *crtbegin?.o(.dtors)
 *(EXCLUDE_FILE(*crtend.o *crtend?.o) .dtors)
 *(SORT(.dtors.*))
 *(.dtors)
 *(.rodata .rodata.* .constdata .constdata.* .conststring .conststring.*)
 .rodata        0x1008332c       0x30 .\CortexM4\ARM_GCC_541\Debug\main_cm4.o
                0x1008332c                cryptoConfig
 .rodata.str1.4
                0x1008335c        0xa .\CortexM4\ARM_GCC_541\Debug\main_cm4.o
 *fill*         0x10083366        0x2 
 .rodata        0x10083368       0x34 .\CortexM4\ARM_GCC_541\Debug\system_psoc6_cm4.o
 .rodata        0x1008339c        0x8 .\CortexM4\ARM_GCC_541\Debug\cyfitter_sysint_cfg.o
                0x1008339c                UART_SCB_IRQ_cfg
 .rodata        0x100833a4       0x40 .\CortexM4\ARM_GCC_541\Debug\UART.o
                0x100833a4                UART_config
 .rodata.str1.4
                0x100833e4       0x3f .\CortexM4\ARM_GCC_541\Debug\cy_flash.o
 *fill*         0x10083423        0x1 
 .rodata.str1.4
                0x10083424       0x7f .\CortexM4\ARM_GCC_541\Debug\cy_ipc_drv.o
 .rodata.str1.4
                0x100834a3       0x3f .\CortexM4\ARM_GCC_541\Debug\cy_ipc_sema.o
 *fill*         0x100834a3        0x1 
 .rodata.str1.4
                0x100834a4       0x40 .\CortexM4\ARM_GCC_541\Debug\cy_ipc_pipe.o
                                 0x7f (size before relaxing)
 .rodata.str1.4
                0x100834e4       0xc4 .\CortexM4\ARM_GCC_541\Debug\cy_scb_uart.o
 .rodata.str1.4
                0x100835a8       0x41 .\CortexM4\ARM_GCC_541\Debug\cy_sysint.o
 *fill*         0x100835e9        0x3 
 .rodata        0x100835ec      0x170 .\CortexM4\ARM_GCC_541\Debug\cy_device.o
                0x100835ec                cy_deviceIpBlockCfgPSoC6_02
                0x100836a4                cy_deviceIpBlockCfgPSoC6_01
 .rodata.str1.4
                0x1008375c        0x5 .\CortexM4\ARM_GCC_541\Debug\tasks.o
 *fill*         0x10083761        0x3 
 .rodata.str1.4
                0x10083764       0x10 .\CortexM4\ARM_GCC_541\Debug\timers.o
 .rodata.str1.4
                0x10083774       0x50 .\CortexM4\ARM_GCC_541\Debug\port.o
 .rodata.str1.1
                0x100837c4        0x2 c:/program files (x86)/cypress/psoc creator/4.4/psoc creator/import/gnu/arm/5.4.1/bin/../lib/gcc/arm-none-eabi/5.4.1/../../../../arm-none-eabi/lib/armv7e-m/softfp\libg_nano.a(lib_a-impure.o)
 *(.eh_frame*)
 *fill*         0x100837c6        0x2 
 .eh_frame      0x100837c8        0x0 c:/program files (x86)/cypress/psoc creator/4.4/psoc creator/import/gnu/arm/5.4.1/bin/../lib/gcc/arm-none-eabi/5.4.1/armv7e-m/softfp/crtbegin.o
 .eh_frame      0x100837c8        0x4 c:/program files (x86)/cypress/psoc creator/4.4/psoc creator/import/gnu/arm/5.4.1/bin/../lib/gcc/arm-none-eabi/5.4.1/armv7e-m/softfp/crtend.o

.glue_7         0x100837cc        0x0
 .glue_7        0x100837cc        0x0 linker stubs

.glue_7t        0x100837cc        0x0
 .glue_7t       0x100837cc        0x0 linker stubs

.vfp11_veneer   0x100837cc        0x0
 .vfp11_veneer  0x100837cc        0x0 linker stubs

.v4_bx          0x100837cc        0x0
 .v4_bx         0x100837cc        0x0 linker stubs

.iplt           0x100837cc        0x0
 .iplt          0x100837cc        0x0 c:/program files (x86)/cypress/psoc creator/4.4/psoc creator/import/gnu/arm/5.4.1/bin/../lib/gcc/arm-none-eabi/5.4.1/armv7e-m/softfp/crtbegin.o

.ARM.extab
 *(.ARM.extab* .gnu.linkonce.armextab.*)
                0x100837cc                __exidx_start = .

.ARM.exidx
 *(.ARM.exidx* .gnu.linkonce.armexidx.*)
                0x100837cc                __exidx_end = .

.copy.table     0x100837cc       0x18
                0x100837cc                . = ALIGN (0x4)
                0x100837cc                __copy_table_start__ = .
                0x100837cc        0x4 LONG 0x10080000 __Vectors
                0x100837d0        0x4 LONG 0x8024000 __ram_vectors_start__
                0x100837d4        0x4 LONG 0x28c (__Vectors_End - __Vectors)
                0x100837d8        0x4 LONG 0x100837ec __etext
                0x100837dc        0x4 LONG 0x802428c __data_start__
                0x100837e0        0x4 LONG 0x63c (__data_end__ - __data_start__)
                0x100837e4                __copy_table_end__ = .

.zero.table     0x100837e4        0x8
                0x100837e4                . = ALIGN (0x4)
                0x100837e4                __zero_table_start__ = .
                0x100837e4        0x4 LONG 0x802495c __bss_start__
                0x100837e8        0x4 LONG 0x444 (__bss_end__ - __bss_start__)
                0x100837ec                __zero_table_end__ = .
                0x100837ec                __etext = .

.ramVectors     0x08024000      0x28c
                0x08024000                __ram_vectors_start__ = .
 *(.ram_vectors)
 .ram_vectors   0x08024000      0x28c .\CortexM4\ARM_GCC_541\Debug\startup_psoc6_01_cm4.o
                0x08024000                __ramVectors
                0x0802428c                __ram_vectors_end__ = .

.data           0x0802428c      0x63c load address 0x100837ec
                0x0802428c                __data_start__ = .
 *(vtable)
 *(.data*)
 .data          0x0802428c       0x10 .\CortexM4\ARM_GCC_541\Debug\main_cm4.o
                0x0802428c                AES_Key
 .data          0x0802429c       0x20 .\CortexM4\ARM_GCC_541\Debug\system_psoc6_cm4.o
                0x0802429c                cy_BleEcoClockFreqHz
                0x080242a0                cy_Hfclk0FreqHz
                0x080242a4                cy_PeriClkFreqHz
                0x080242a8                SystemCoreClock
                0x080242ac                cy_delayFreqHz
                0x080242b0                cy_delayFreqMhz
                0x080242b4                cy_delayFreqKhz
                0x080242b8                cy_delay32kMs
 .data          0x080242bc        0x4 .\CortexM4\ARM_GCC_541\Debug\port.o
 .data.impure_data
                0x080242c0       0x60 c:/program files (x86)/cypress/psoc creator/4.4/psoc creator/import/gnu/arm/5.4.1/bin/../lib/gcc/arm-none-eabi/5.4.1/../../../../arm-none-eabi/lib/armv7e-m/softfp\libg_nano.a(lib_a-impure.o)
 .data._impure_ptr
                0x08024320        0x4 c:/program files (x86)/cypress/psoc creator/4.4/psoc creator/import/gnu/arm/5.4.1/bin/../lib/gcc/arm-none-eabi/5.4.1/../../../../arm-none-eabi/lib/armv7e-m/softfp\libg_nano.a(lib_a-impure.o)
                0x08024320                _impure_ptr
                0x08024324                . = ALIGN (0x4)
                0x08024324                PROVIDE (__preinit_array_start, .)
 *(.preinit_array)
                0x08024324                PROVIDE (__preinit_array_end, .)
                0x08024324                . = ALIGN (0x4)
                0x08024324                PROVIDE (__init_array_start, .)
 *(SORT(.init_array.*))
 *(.init_array)
 .init_array    0x08024324        0x4 c:/program files (x86)/cypress/psoc creator/4.4/psoc creator/import/gnu/arm/5.4.1/bin/../lib/gcc/arm-none-eabi/5.4.1/armv7e-m/softfp/crtbegin.o
                0x08024328                PROVIDE (__init_array_end, .)
                0x08024328                . = ALIGN (0x4)
                [!provide]                PROVIDE (__fini_array_start, .)
 *(SORT(.fini_array.*))
 *(.fini_array)
 .fini_array    0x08024328        0x4 c:/program files (x86)/cypress/psoc creator/4.4/psoc creator/import/gnu/arm/5.4.1/bin/../lib/gcc/arm-none-eabi/5.4.1/armv7e-m/softfp/crtbegin.o
                [!provide]                PROVIDE (__fini_array_end, .)
 *(.jcr*)
 .jcr           0x0802432c        0x0 c:/program files (x86)/cypress/psoc creator/4.4/psoc creator/import/gnu/arm/5.4.1/bin/../lib/gcc/arm-none-eabi/5.4.1/armv7e-m/softfp/crtbegin.o
 .jcr           0x0802432c        0x4 c:/program files (x86)/cypress/psoc creator/4.4/psoc creator/import/gnu/arm/5.4.1/bin/../lib/gcc/arm-none-eabi/5.4.1/armv7e-m/softfp/crtend.o
                0x08024330                . = ALIGN (0x4)
 *(.cy_ramfunc*)
 .cy_ramfunc    0x08024330      0x300 .\CortexM4\ARM_GCC_541\Debug\cy_flash.o
                0x0802439c                Cy_Flash_ResumeIrqHandler
 .cy_ramfunc    0x08024630      0x218 .\CortexM4\ARM_GCC_541\Debug\cy_syspm.o
 .cy_ramfunc.__stub
                0x08024848       0x80 linker stubs
                0x080248c8                . = ALIGN (0x4)
                0x080248c8                __data_end__ = .

.igot.plt       0x080248c8        0x0 load address 0x10083e28
 .igot.plt      0x080248c8        0x0 c:/program files (x86)/cypress/psoc creator/4.4/psoc creator/import/gnu/arm/5.4.1/bin/../lib/gcc/arm-none-eabi/5.4.1/armv7e-m/softfp/crtbegin.o

.noinit         0x080248c8       0x94 load address 0x10083e28
 *(.noinit)
 .noinit        0x080248c8       0x94 .\CortexM4\ARM_GCC_541\Debug\cy_syslib.o
                0x080248c8                cy_assertFileName
                0x080248e0                cy_assertLine
                0x080248e4                cy_faultFrame

.bss            0x0802495c      0x444 load address 0x10083ebc
                0x0802495c                . = ALIGN (0x4)
                0x0802495c                __bss_start__ = .
 *(.bss*)
 .bss           0x0802495c       0x1c c:/program files (x86)/cypress/psoc creator/4.4/psoc creator/import/gnu/arm/5.4.1/bin/../lib/gcc/arm-none-eabi/5.4.1/armv7e-m/softfp/crtbegin.o
 .bss           0x08024978      0x180 .\CortexM4\ARM_GCC_541\Debug\system_psoc6_cm4.o
 .bss           0x08024af8        0x1 .\CortexM4\ARM_GCC_541\Debug\UART.o
                0x08024af8                UART_initVar
 *fill*         0x08024af9        0x3 
 .bss           0x08024afc       0x18 .\CortexM4\ARM_GCC_541\Debug\cy_flash.o
 .bss           0x08024b14        0xc .\CortexM4\ARM_GCC_541\Debug\cy_ipc_sema.o
 .bss           0x08024b20        0x4 .\CortexM4\ARM_GCC_541\Debug\cy_ipc_pipe.o
 .bss           0x08024b24       0x3c .\CortexM4\ARM_GCC_541\Debug\cy_syspm.o
 .bss           0x08024b60      0x12c .\CortexM4\ARM_GCC_541\Debug\tasks.o
                0x08024c60                pxCurrentTCB
 .bss           0x08024c8c       0x3c .\CortexM4\ARM_GCC_541\Debug\timers.o
 .bss           0x08024cc8        0x8 .\CortexM4\ARM_GCC_541\Debug\port.o
 .bss           0x08024cd0        0x4 Generated_Source\PSoC6\pdl\drivers\peripheral\crypto\libs\cy_crypto_client_gcc.a(cy_crypto.o)
 .bss.__malloc_sbrk_start
                0x08024cd4        0x4 c:/program files (x86)/cypress/psoc creator/4.4/psoc creator/import/gnu/arm/5.4.1/bin/../lib/gcc/arm-none-eabi/5.4.1/../../../../arm-none-eabi/lib/armv7e-m/softfp\libg_nano.a(lib_a-nano-mallocr.o)
                0x08024cd4                __malloc_sbrk_start
 .bss.__malloc_free_list
                0x08024cd8        0x4 c:/program files (x86)/cypress/psoc creator/4.4/psoc creator/import/gnu/arm/5.4.1/bin/../lib/gcc/arm-none-eabi/5.4.1/../../../../arm-none-eabi/lib/armv7e-m/softfp\libg_nano.a(lib_a-nano-mallocr.o)
                0x08024cd8                __malloc_free_list
 .bss.heap_end.4169
                0x08024cdc        0x4 c:/program files (x86)/cypress/psoc creator/4.4/psoc creator/import/gnu/arm/5.4.1/bin/../lib/gcc/arm-none-eabi/5.4.1/../../../../arm-none-eabi/lib/armv7e-m/softfp\libnosys.a(sbrk.o)
 *(COMMON)
 COMMON         0x08024ce0       0x30 .\CortexM4\ARM_GCC_541\Debug\main_cm4.o
                0x08024ce0                cryptoScratch
                0x08024d0c                cryptoAES
 COMMON         0x08024d10       0x38 .\CortexM4\ARM_GCC_541\Debug\UART.o
                0x08024d10                UART_context
 COMMON         0x08024d48        0x4 .\CortexM4\ARM_GCC_541\Debug\cy_device.o
                0x08024d48                cy_device
 COMMON         0x08024d4c       0x50 .\CortexM4\ARM_GCC_541\Debug\queue.o
                0x08024d4c                xQueueRegistry
 COMMON         0x08024d9c        0x4 c:/program files (x86)/cypress/psoc creator/4.4/psoc creator/import/gnu/arm/5.4.1/bin/../lib/gcc/arm-none-eabi/5.4.1/../../../../arm-none-eabi/lib/armv7e-m/softfp\libg_nano.a(lib_a-reent.o)
                0x08024d9c                errno
                0x08024da0                . = ALIGN (0x4)
                0x08024da0                __bss_end__ = .

.heap           0x08024da0      0x400
                0x08024da0                __HeapBase = .
                0x08024da0                __end__ = .
                0x08024da0                end = __end__
 *(.heap*)
 .heap          0x08024da0      0x400 .\CortexM4\ARM_GCC_541\Debug\startup_psoc6_01_cm4.o
                0x080251a0                __HeapLimit = .

.stack_dummy    0x08024da0     0x1000
 *(.stack*)
 .stack         0x08024da0     0x1000 .\CortexM4\ARM_GCC_541\Debug\startup_psoc6_01_cm4.o
                0x08047800                __StackTop = (ORIGIN (ram) + LENGTH (ram))
                0x08046800                __StackLimit = (__StackTop - SIZEOF (.stack_dummy))
                0x08047800                PROVIDE (__stack, __StackTop)
                0x00000001                ASSERT ((__StackLimit >= __HeapLimit), region RAM overflowed with stack)

.cy_app_signature
 *(.cy_app_signature)

.cy_em_eeprom
 *(.cy_em_eeprom)

.cy_sflash_user_data
 *(.cy_sflash_user_data)

.cy_sflash_nar
 *(.cy_sflash_nar)

.cy_sflash_public_key
 *(.cy_sflash_public_key)

.cy_toc_part2
 *(.cy_toc_part2)

.cy_rtoc_part2
 *(.cy_rtoc_part2)

.cy_xip
 *(.cy_xip)

.cy_efuse
 *(.cy_efuse)

.cymeta         0x90500000        0xc
 *(.cymeta)
 .cymeta        0x90500000        0xc .\CortexM4\ARM_GCC_541\Debug\cymetadata.o
                0x90500000                cy_metadata
                0x10000000                __cy_memory_0_start = 0x10000000
                0x00100000                __cy_memory_0_length = 0x100000
                0x00000200                __cy_memory_0_row_size = 0x200
                0x14000000                __cy_memory_1_start = 0x14000000
                0x00008000                __cy_memory_1_length = 0x8000
                0x00000200                __cy_memory_1_row_size = 0x200
                0x16000000                __cy_memory_2_start = 0x16000000
                0x00008000                __cy_memory_2_length = 0x8000
                0x00000200                __cy_memory_2_row_size = 0x200
                0x18000000                __cy_memory_3_start = 0x18000000
                0x08000000                __cy_memory_3_length = 0x8000000
                0x00000200                __cy_memory_3_row_size = 0x200
                0x90700000                __cy_memory_4_start = 0x90700000
                0x00100000                __cy_memory_4_length = 0x100000
                0x00000001                __cy_memory_4_row_size = 0x1
OUTPUT(C:\Users\15311\Desktop\PSoC_project\PSoC6_UDB_I2C_Master\uart_test.cydsn\CortexM4\ARM_GCC_541\Debug\uart_test_link.elf elf32-littlearm)

.rel.dyn        0x08024da0        0x0 load address 0x9855f56c
 .rel.iplt      0x08024da0        0x0 c:/program files (x86)/cypress/psoc creator/4.4/psoc creator/import/gnu/arm/5.4.1/bin/../lib/gcc/arm-none-eabi/5.4.1/armv7e-m/softfp/crtbegin.o

.ARM.attributes
                0x00000000       0x2e
 .ARM.attributes
                0x00000000       0x22 c:/program files (x86)/cypress/psoc creator/4.4/psoc creator/import/gnu/arm/5.4.1/bin/../lib/gcc/arm-none-eabi/5.4.1/armv7e-m/softfp/crti.o
 .ARM.attributes
                0x00000022       0x32 c:/program files (x86)/cypress/psoc creator/4.4/psoc creator/import/gnu/arm/5.4.1/bin/../lib/gcc/arm-none-eabi/5.4.1/armv7e-m/softfp/crtbegin.o
 .ARM.attributes
                0x00000054       0x1f .\CortexM4\ARM_GCC_541\Debug\startup_psoc6_01_cm4.o
 .ARM.attributes
                0x00000073       0x37 .\CortexM4\ARM_GCC_541\Debug\main_cm4.o
 .ARM.attributes
                0x000000aa       0x37 .\CortexM4\ARM_GCC_541\Debug\system_psoc6_cm4.o
 .ARM.attributes
                0x000000e1       0x37 .\CortexM4\ARM_GCC_541\Debug\cyfitter_sysint_cfg.o
 .ARM.attributes
                0x00000118       0x37 .\CortexM4\ARM_GCC_541\Debug\cymetadata.o
 .ARM.attributes
                0x0000014f       0x37 .\CortexM4\ARM_GCC_541\Debug\UART.o
 .ARM.attributes
                0x00000186       0x37 .\CortexM4\ARM_GCC_541\Debug\cy_flash.o
 .ARM.attributes
                0x000001bd       0x37 .\CortexM4\ARM_GCC_541\Debug\cy_ipc_drv.o
 .ARM.attributes
                0x000001f4       0x37 .\CortexM4\ARM_GCC_541\Debug\cy_ipc_sema.o
 .ARM.attributes
                0x0000022b       0x37 .\CortexM4\ARM_GCC_541\Debug\cy_ipc_pipe.o
 .ARM.attributes
                0x00000262       0x37 .\CortexM4\ARM_GCC_541\Debug\cy_scb_common.o
 .ARM.attributes
                0x00000299       0x37 .\CortexM4\ARM_GCC_541\Debug\cy_scb_uart.o
 .ARM.attributes
                0x000002d0       0x37 .\CortexM4\ARM_GCC_541\Debug\cy_sysint.o
 .ARM.attributes
                0x00000307       0x37 .\CortexM4\ARM_GCC_541\Debug\cy_syslib.o
 .ARM.attributes
                0x0000033e       0x25 .\CortexM4\ARM_GCC_541\Debug\cy_syslib_gcc.o
 .ARM.attributes
                0x00000363       0x37 .\CortexM4\ARM_GCC_541\Debug\cy_syspm.o
 .ARM.attributes
                0x0000039a       0x37 .\CortexM4\ARM_GCC_541\Debug\cy_device.o
 .ARM.attributes
                0x000003d1       0x37 .\CortexM4\ARM_GCC_541\Debug\list.o
 .ARM.attributes
                0x00000408       0x37 .\CortexM4\ARM_GCC_541\Debug\queue.o
 .ARM.attributes
                0x0000043f       0x37 .\CortexM4\ARM_GCC_541\Debug\tasks.o
 .ARM.attributes
                0x00000476       0x37 .\CortexM4\ARM_GCC_541\Debug\timers.o
 .ARM.attributes
                0x000004ad       0x37 .\CortexM4\ARM_GCC_541\Debug\port.o
 .ARM.attributes
                0x000004e4       0x37 .\CortexM4\ARM_GCC_541\Debug\heap_3.o
 .ARM.attributes
                0x0000051b       0x32 Generated_Source\PSoC6\pdl\drivers\peripheral\crypto\libs\cy_crypto_client_gcc.a(cy_crypto.o)
 .ARM.attributes
                0x0000054d       0x32 c:/program files (x86)/cypress/psoc creator/4.4/psoc creator/import/gnu/arm/5.4.1/bin/../lib/gcc/arm-none-eabi/5.4.1/../../../../arm-none-eabi/lib/armv7e-m/softfp\libg_nano.a(lib_a-impure.o)
 .ARM.attributes
                0x0000057f       0x32 c:/program files (x86)/cypress/psoc creator/4.4/psoc creator/import/gnu/arm/5.4.1/bin/../lib/gcc/arm-none-eabi/5.4.1/../../../../arm-none-eabi/lib/armv7e-m/softfp\libg_nano.a(lib_a-malloc.o)
 .ARM.attributes
                0x000005b1       0x32 c:/program files (x86)/cypress/psoc creator/4.4/psoc creator/import/gnu/arm/5.4.1/bin/../lib/gcc/arm-none-eabi/5.4.1/../../../../arm-none-eabi/lib/armv7e-m/softfp\libg_nano.a(lib_a-memcpy-stub.o)
 .ARM.attributes
                0x000005e3       0x32 c:/program files (x86)/cypress/psoc creator/4.4/psoc creator/import/gnu/arm/5.4.1/bin/../lib/gcc/arm-none-eabi/5.4.1/../../../../arm-none-eabi/lib/armv7e-m/softfp\libg_nano.a(lib_a-memset.o)
 .ARM.attributes
                0x00000615       0x32 c:/program files (x86)/cypress/psoc creator/4.4/psoc creator/import/gnu/arm/5.4.1/bin/../lib/gcc/arm-none-eabi/5.4.1/../../../../arm-none-eabi/lib/armv7e-m/softfp\libg_nano.a(lib_a-nano-freer.o)
 .ARM.attributes
                0x00000647       0x32 c:/program files (x86)/cypress/psoc creator/4.4/psoc creator/import/gnu/arm/5.4.1/bin/../lib/gcc/arm-none-eabi/5.4.1/../../../../arm-none-eabi/lib/armv7e-m/softfp\libg_nano.a(lib_a-nano-mallocr.o)
 .ARM.attributes
                0x00000679       0x32 c:/program files (x86)/cypress/psoc creator/4.4/psoc creator/import/gnu/arm/5.4.1/bin/../lib/gcc/arm-none-eabi/5.4.1/../../../../arm-none-eabi/lib/armv7e-m/softfp\libg_nano.a(lib_a-sbrkr.o)
 .ARM.attributes
                0x000006ab       0x32 c:/program files (x86)/cypress/psoc creator/4.4/psoc creator/import/gnu/arm/5.4.1/bin/../lib/gcc/arm-none-eabi/5.4.1/../../../../arm-none-eabi/lib/armv7e-m/softfp\libg_nano.a(lib_a-strncpy.o)
 .ARM.attributes
                0x000006dd       0x32 c:/program files (x86)/cypress/psoc creator/4.4/psoc creator/import/gnu/arm/5.4.1/bin/../lib/gcc/arm-none-eabi/5.4.1/../../../../arm-none-eabi/lib/armv7e-m/softfp\libg_nano.a(lib_a-mlock.o)
 .ARM.attributes
                0x0000070f       0x32 c:/program files (x86)/cypress/psoc creator/4.4/psoc creator/import/gnu/arm/5.4.1/bin/../lib/gcc/arm-none-eabi/5.4.1/../../../../arm-none-eabi/lib/armv7e-m/softfp\libg_nano.a(lib_a-reent.o)
 .ARM.attributes
                0x00000741       0x32 c:/program files (x86)/cypress/psoc creator/4.4/psoc creator/import/gnu/arm/5.4.1/bin/../lib/gcc/arm-none-eabi/5.4.1/armv7e-m/softfp/crtend.o
 .ARM.attributes
                0x00000773       0x22 c:/program files (x86)/cypress/psoc creator/4.4/psoc creator/import/gnu/arm/5.4.1/bin/../lib/gcc/arm-none-eabi/5.4.1/armv7e-m/softfp/crtn.o
 .ARM.attributes
                0x00000795       0x32 c:/program files (x86)/cypress/psoc creator/4.4/psoc creator/import/gnu/arm/5.4.1/bin/../lib/gcc/arm-none-eabi/5.4.1/../../../../arm-none-eabi/lib/armv7e-m/softfp\libnosys.a(sbrk.o)

.comment        0x00000000       0xed
 .comment       0x00000000       0x6e .\CortexM4\ARM_GCC_541\Debug\main_cm4.o
                                 0x6f (size before relaxing)
 .comment       0x0000006e       0x6f .\CortexM4\ARM_GCC_541\Debug\system_psoc6_cm4.o
 .comment       0x0000006e       0x6f .\CortexM4\ARM_GCC_541\Debug\cyfitter_sysint_cfg.o
 .comment       0x0000006e       0x6f .\CortexM4\ARM_GCC_541\Debug\cymetadata.o
 .comment       0x0000006e       0x6f .\CortexM4\ARM_GCC_541\Debug\UART.o
 .comment       0x0000006e       0x6f .\CortexM4\ARM_GCC_541\Debug\cy_flash.o
 .comment       0x0000006e       0x6f .\CortexM4\ARM_GCC_541\Debug\cy_ipc_drv.o
 .comment       0x0000006e       0x6f .\CortexM4\ARM_GCC_541\Debug\cy_ipc_sema.o
 .comment       0x0000006e       0x6f .\CortexM4\ARM_GCC_541\Debug\cy_ipc_pipe.o
 .comment       0x0000006e       0x6f .\CortexM4\ARM_GCC_541\Debug\cy_scb_common.o
 .comment       0x0000006e       0x6f .\CortexM4\ARM_GCC_541\Debug\cy_scb_uart.o
 .comment       0x0000006e       0x6f .\CortexM4\ARM_GCC_541\Debug\cy_sysint.o
 .comment       0x0000006e       0x6f .\CortexM4\ARM_GCC_541\Debug\cy_syslib.o
 .comment       0x0000006e       0x6f .\CortexM4\ARM_GCC_541\Debug\cy_syspm.o
 .comment       0x0000006e       0x6f .\CortexM4\ARM_GCC_541\Debug\cy_device.o
 .comment       0x0000006e       0x6f .\CortexM4\ARM_GCC_541\Debug\list.o
 .comment       0x0000006e       0x6f .\CortexM4\ARM_GCC_541\Debug\queue.o
 .comment       0x0000006e       0x6f .\CortexM4\ARM_GCC_541\Debug\tasks.o
 .comment       0x0000006e       0x6f .\CortexM4\ARM_GCC_541\Debug\timers.o
 .comment       0x0000006e       0x6f .\CortexM4\ARM_GCC_541\Debug\port.o
 .comment       0x0000006e       0x6f .\CortexM4\ARM_GCC_541\Debug\heap_3.o
 .comment       0x0000006e       0x7f Generated_Source\PSoC6\pdl\drivers\peripheral\crypto\libs\cy_crypto_client_gcc.a(cy_crypto.o)
                                 0x80 (size before relaxing)

.debug_line     0x00000000     0x6d0a
 .debug_line    0x00000000       0x8e .\CortexM4\ARM_GCC_541\Debug\startup_psoc6_01_cm4.o
 .debug_line    0x0000008e      0x510 .\CortexM4\ARM_GCC_541\Debug\main_cm4.o
 .debug_line    0x0000059e      0x435 .\CortexM4\ARM_GCC_541\Debug\system_psoc6_cm4.o
 .debug_line    0x000009d3      0x24f .\CortexM4\ARM_GCC_541\Debug\cyfitter_sysint_cfg.o
 .debug_line    0x00000c22      0x141 .\CortexM4\ARM_GCC_541\Debug\cymetadata.o
 .debug_line    0x00000d63      0x332 .\CortexM4\ARM_GCC_541\Debug\UART.o
 .debug_line    0x00001095      0x7d2 .\CortexM4\ARM_GCC_541\Debug\cy_flash.o
 .debug_line    0x00001867      0x33e .\CortexM4\ARM_GCC_541\Debug\cy_ipc_drv.o
 .debug_line    0x00001ba5      0x407 .\CortexM4\ARM_GCC_541\Debug\cy_ipc_sema.o
 .debug_line    0x00001fac      0x57c .\CortexM4\ARM_GCC_541\Debug\cy_ipc_pipe.o
 .debug_line    0x00002528      0x4d9 .\CortexM4\ARM_GCC_541\Debug\cy_scb_common.o
 .debug_line    0x00002a01      0xa60 .\CortexM4\ARM_GCC_541\Debug\cy_scb_uart.o
 .debug_line    0x00003461      0x2db .\CortexM4\ARM_GCC_541\Debug\cy_sysint.o
 .debug_line    0x0000373c      0x482 .\CortexM4\ARM_GCC_541\Debug\cy_syslib.o
 .debug_line    0x00003bbe       0x89 .\CortexM4\ARM_GCC_541\Debug\cy_syslib_gcc.o
 .debug_line    0x00003c47      0xa5a .\CortexM4\ARM_GCC_541\Debug\cy_syspm.o
 .debug_line    0x000046a1      0x17e .\CortexM4\ARM_GCC_541\Debug\cy_device.o
 .debug_line    0x0000481f      0x2af .\CortexM4\ARM_GCC_541\Debug\list.o
 .debug_line    0x00004ace      0x939 .\CortexM4\ARM_GCC_541\Debug\queue.o
 .debug_line    0x00005407      0xcd0 .\CortexM4\ARM_GCC_541\Debug\tasks.o
 .debug_line    0x000060d7      0x524 .\CortexM4\ARM_GCC_541\Debug\timers.o
 .debug_line    0x000065fb      0x401 .\CortexM4\ARM_GCC_541\Debug\port.o
 .debug_line    0x000069fc      0x30e .\CortexM4\ARM_GCC_541\Debug\heap_3.o

.debug_info     0x00000000    0x1b774
 .debug_info    0x00000000       0x8c .\CortexM4\ARM_GCC_541\Debug\startup_psoc6_01_cm4.o
 .debug_info    0x0000008c     0x1762 .\CortexM4\ARM_GCC_541\Debug\main_cm4.o
 .debug_info    0x000017ee     0x1bb3 .\CortexM4\ARM_GCC_541\Debug\system_psoc6_cm4.o
 .debug_info    0x000033a1      0x94a .\CortexM4\ARM_GCC_541\Debug\cyfitter_sysint_cfg.o
 .debug_info    0x00003ceb       0xac .\CortexM4\ARM_GCC_541\Debug\cymetadata.o
 .debug_info    0x00003d97     0x13db .\CortexM4\ARM_GCC_541\Debug\UART.o
 .debug_info    0x00005172     0x2a10 .\CortexM4\ARM_GCC_541\Debug\cy_flash.o
 .debug_info    0x00007b82      0x906 .\CortexM4\ARM_GCC_541\Debug\cy_ipc_drv.o
 .debug_info    0x00008488      0xc1e .\CortexM4\ARM_GCC_541\Debug\cy_ipc_sema.o
 .debug_info    0x000090a6     0x1952 .\CortexM4\ARM_GCC_541\Debug\cy_ipc_pipe.o
 .debug_info    0x0000a9f8     0x11b0 .\CortexM4\ARM_GCC_541\Debug\cy_scb_common.o
 .debug_info    0x0000bba8     0x29bc .\CortexM4\ARM_GCC_541\Debug\cy_scb_uart.o
 .debug_info    0x0000e564      0xe11 .\CortexM4\ARM_GCC_541\Debug\cy_sysint.o
 .debug_info    0x0000f375     0x24fa .\CortexM4\ARM_GCC_541\Debug\cy_syslib.o
 .debug_info    0x0001186f       0xba .\CortexM4\ARM_GCC_541\Debug\cy_syslib_gcc.o
 .debug_info    0x00011929     0x4014 .\CortexM4\ARM_GCC_541\Debug\cy_syspm.o
 .debug_info    0x0001593d      0x551 .\CortexM4\ARM_GCC_541\Debug\cy_device.o
 .debug_info    0x00015e8e      0x2df .\CortexM4\ARM_GCC_541\Debug\list.o
 .debug_info    0x0001616d     0x1b44 .\CortexM4\ARM_GCC_541\Debug\queue.o
 .debug_info    0x00017cb1     0x22b4 .\CortexM4\ARM_GCC_541\Debug\tasks.o
 .debug_info    0x00019f65     0x1089 .\CortexM4\ARM_GCC_541\Debug\timers.o
 .debug_info    0x0001afee      0x5ed .\CortexM4\ARM_GCC_541\Debug\port.o
 .debug_info    0x0001b5db      0x199 .\CortexM4\ARM_GCC_541\Debug\heap_3.o

.debug_abbrev   0x00000000     0x2eb8
 .debug_abbrev  0x00000000       0x14 .\CortexM4\ARM_GCC_541\Debug\startup_psoc6_01_cm4.o
 .debug_abbrev  0x00000014      0x325 .\CortexM4\ARM_GCC_541\Debug\main_cm4.o
 .debug_abbrev  0x00000339      0x23a .\CortexM4\ARM_GCC_541\Debug\system_psoc6_cm4.o
 .debug_abbrev  0x00000573       0xe3 .\CortexM4\ARM_GCC_541\Debug\cyfitter_sysint_cfg.o
 .debug_abbrev  0x00000656       0x5d .\CortexM4\ARM_GCC_541\Debug\cymetadata.o
 .debug_abbrev  0x000006b3      0x21d .\CortexM4\ARM_GCC_541\Debug\UART.o
 .debug_abbrev  0x000008d0      0x356 .\CortexM4\ARM_GCC_541\Debug\cy_flash.o
 .debug_abbrev  0x00000c26      0x188 .\CortexM4\ARM_GCC_541\Debug\cy_ipc_drv.o
 .debug_abbrev  0x00000dae      0x219 .\CortexM4\ARM_GCC_541\Debug\cy_ipc_sema.o
 .debug_abbrev  0x00000fc7      0x32b .\CortexM4\ARM_GCC_541\Debug\cy_ipc_pipe.o
 .debug_abbrev  0x000012f2      0x294 .\CortexM4\ARM_GCC_541\Debug\cy_scb_common.o
 .debug_abbrev  0x00001586      0x332 .\CortexM4\ARM_GCC_541\Debug\cy_scb_uart.o
 .debug_abbrev  0x000018b8      0x230 .\CortexM4\ARM_GCC_541\Debug\cy_sysint.o
 .debug_abbrev  0x00001ae8      0x337 .\CortexM4\ARM_GCC_541\Debug\cy_syslib.o
 .debug_abbrev  0x00001e1f       0x14 .\CortexM4\ARM_GCC_541\Debug\cy_syslib_gcc.o
 .debug_abbrev  0x00001e33      0x320 .\CortexM4\ARM_GCC_541\Debug\cy_syspm.o
 .debug_abbrev  0x00002153       0x9d .\CortexM4\ARM_GCC_541\Debug\cy_device.o
 .debug_abbrev  0x000021f0       0xf6 .\CortexM4\ARM_GCC_541\Debug\list.o
 .debug_abbrev  0x000022e6      0x2df .\CortexM4\ARM_GCC_541\Debug\queue.o
 .debug_abbrev  0x000025c5      0x308 .\CortexM4\ARM_GCC_541\Debug\tasks.o
 .debug_abbrev  0x000028cd      0x269 .\CortexM4\ARM_GCC_541\Debug\timers.o
 .debug_abbrev  0x00002b36      0x283 .\CortexM4\ARM_GCC_541\Debug\port.o
 .debug_abbrev  0x00002db9       0xff .\CortexM4\ARM_GCC_541\Debug\heap_3.o

.debug_aranges  0x00000000      0xa00
 .debug_aranges
                0x00000000       0x20 .\CortexM4\ARM_GCC_541\Debug\startup_psoc6_01_cm4.o
 .debug_aranges
                0x00000020       0x50 .\CortexM4\ARM_GCC_541\Debug\main_cm4.o
 .debug_aranges
                0x00000070       0x40 .\CortexM4\ARM_GCC_541\Debug\system_psoc6_cm4.o
 .debug_aranges
                0x000000b0       0x18 .\CortexM4\ARM_GCC_541\Debug\cyfitter_sysint_cfg.o
 .debug_aranges
                0x000000c8       0x18 .\CortexM4\ARM_GCC_541\Debug\cymetadata.o
 .debug_aranges
                0x000000e0       0x28 .\CortexM4\ARM_GCC_541\Debug\UART.o
 .debug_aranges
                0x00000108       0xb8 .\CortexM4\ARM_GCC_541\Debug\cy_flash.o
 .debug_aranges
                0x000001c0       0x30 .\CortexM4\ARM_GCC_541\Debug\cy_ipc_drv.o
 .debug_aranges
                0x000001f0       0x48 .\CortexM4\ARM_GCC_541\Debug\cy_ipc_sema.o
 .debug_aranges
                0x00000238       0x68 .\CortexM4\ARM_GCC_541\Debug\cy_ipc_pipe.o
 .debug_aranges
                0x000002a0       0x68 .\CortexM4\ARM_GCC_541\Debug\cy_scb_common.o
 .debug_aranges
                0x00000308       0xc8 .\CortexM4\ARM_GCC_541\Debug\cy_scb_uart.o
 .debug_aranges
                0x000003d0       0x30 .\CortexM4\ARM_GCC_541\Debug\cy_sysint.o
 .debug_aranges
                0x00000400       0x78 .\CortexM4\ARM_GCC_541\Debug\cy_syslib.o
 .debug_aranges
                0x00000478       0x20 .\CortexM4\ARM_GCC_541\Debug\cy_syslib_gcc.o
 .debug_aranges
                0x00000498      0x118 .\CortexM4\ARM_GCC_541\Debug\cy_syspm.o
 .debug_aranges
                0x000005b0       0x20 .\CortexM4\ARM_GCC_541\Debug\cy_device.o
 .debug_aranges
                0x000005d0       0x40 .\CortexM4\ARM_GCC_541\Debug\list.o
 .debug_aranges
                0x00000610       0xe8 .\CortexM4\ARM_GCC_541\Debug\queue.o
 .debug_aranges
                0x000006f8      0x1a0 .\CortexM4\ARM_GCC_541\Debug\tasks.o
 .debug_aranges
                0x00000898       0xb8 .\CortexM4\ARM_GCC_541\Debug\timers.o
 .debug_aranges
                0x00000950       0x88 .\CortexM4\ARM_GCC_541\Debug\port.o
 .debug_aranges
                0x000009d8       0x28 .\CortexM4\ARM_GCC_541\Debug\heap_3.o

.debug_loc      0x00000000     0x7df3
 .debug_loc     0x00000000      0x2f9 .\CortexM4\ARM_GCC_541\Debug\main_cm4.o
 .debug_loc     0x000002f9      0x1fe .\CortexM4\ARM_GCC_541\Debug\system_psoc6_cm4.o
 .debug_loc     0x000004f7       0x2b .\CortexM4\ARM_GCC_541\Debug\UART.o
 .debug_loc     0x00000522      0xd86 .\CortexM4\ARM_GCC_541\Debug\cy_flash.o
 .debug_loc     0x000012a8      0x2a1 .\CortexM4\ARM_GCC_541\Debug\cy_ipc_drv.o
 .debug_loc     0x00001549      0x76b .\CortexM4\ARM_GCC_541\Debug\cy_ipc_sema.o
 .debug_loc     0x00001cb4      0x7e2 .\CortexM4\ARM_GCC_541\Debug\cy_ipc_pipe.o
 .debug_loc     0x00002496      0x588 .\CortexM4\ARM_GCC_541\Debug\cy_scb_common.o
 .debug_loc     0x00002a1e     0x1386 .\CortexM4\ARM_GCC_541\Debug\cy_scb_uart.o
 .debug_loc     0x00003da4      0x223 .\CortexM4\ARM_GCC_541\Debug\cy_sysint.o
 .debug_loc     0x00003fc7      0x215 .\CortexM4\ARM_GCC_541\Debug\cy_syslib.o
 .debug_loc     0x000041dc      0xe9a .\CortexM4\ARM_GCC_541\Debug\cy_syspm.o
 .debug_loc     0x00005076       0x65 .\CortexM4\ARM_GCC_541\Debug\list.o
 .debug_loc     0x000050db      0xef3 .\CortexM4\ARM_GCC_541\Debug\queue.o
 .debug_loc     0x00005fce     0x12e7 .\CortexM4\ARM_GCC_541\Debug\tasks.o
 .debug_loc     0x000072b5      0x9ad .\CortexM4\ARM_GCC_541\Debug\timers.o
 .debug_loc     0x00007c62      0x11e .\CortexM4\ARM_GCC_541\Debug\port.o
 .debug_loc     0x00007d80       0x73 .\CortexM4\ARM_GCC_541\Debug\heap_3.o

.debug_ranges   0x00000000      0x9b0
 .debug_ranges  0x00000000       0x58 .\CortexM4\ARM_GCC_541\Debug\main_cm4.o
 .debug_ranges  0x00000058       0x48 .\CortexM4\ARM_GCC_541\Debug\system_psoc6_cm4.o
 .debug_ranges  0x000000a0       0x18 .\CortexM4\ARM_GCC_541\Debug\UART.o
 .debug_ranges  0x000000b8       0xd0 .\CortexM4\ARM_GCC_541\Debug\cy_flash.o
 .debug_ranges  0x00000188       0x20 .\CortexM4\ARM_GCC_541\Debug\cy_ipc_drv.o
 .debug_ranges  0x000001a8       0x38 .\CortexM4\ARM_GCC_541\Debug\cy_ipc_sema.o
 .debug_ranges  0x000001e0       0x58 .\CortexM4\ARM_GCC_541\Debug\cy_ipc_pipe.o
 .debug_ranges  0x00000238       0x88 .\CortexM4\ARM_GCC_541\Debug\cy_scb_common.o
 .debug_ranges  0x000002c0       0xd0 .\CortexM4\ARM_GCC_541\Debug\cy_scb_uart.o
 .debug_ranges  0x00000390       0x20 .\CortexM4\ARM_GCC_541\Debug\cy_sysint.o
 .debug_ranges  0x000003b0       0x68 .\CortexM4\ARM_GCC_541\Debug\cy_syslib.o
 .debug_ranges  0x00000418      0x138 .\CortexM4\ARM_GCC_541\Debug\cy_syspm.o
 .debug_ranges  0x00000550       0x10 .\CortexM4\ARM_GCC_541\Debug\cy_device.o
 .debug_ranges  0x00000560       0x30 .\CortexM4\ARM_GCC_541\Debug\list.o
 .debug_ranges  0x00000590      0x120 .\CortexM4\ARM_GCC_541\Debug\queue.o
 .debug_ranges  0x000006b0      0x1c8 .\CortexM4\ARM_GCC_541\Debug\tasks.o
 .debug_ranges  0x00000878       0xa8 .\CortexM4\ARM_GCC_541\Debug\timers.o
 .debug_ranges  0x00000920       0x78 .\CortexM4\ARM_GCC_541\Debug\port.o
 .debug_ranges  0x00000998       0x18 .\CortexM4\ARM_GCC_541\Debug\heap_3.o

.debug_str      0x00000000     0x8482
 .debug_str     0x00000000     0x2221 .\CortexM4\ARM_GCC_541\Debug\main_cm4.o
                               0x22b8 (size before relaxing)
 .debug_str     0x00002221      0xb53 .\CortexM4\ARM_GCC_541\Debug\system_psoc6_cm4.o
                               0x23e2 (size before relaxing)
 .debug_str     0x00002d74       0x3e .\CortexM4\ARM_GCC_541\Debug\cyfitter_sysint_cfg.o
                               0x17b5 (size before relaxing)
 .debug_str     0x00002db2       0x30 .\CortexM4\ARM_GCC_541\Debug\cymetadata.o
                                0x1cb (size before relaxing)
 .debug_str     0x00002de2      0x439 .\CortexM4\ARM_GCC_541\Debug\UART.o
                               0x200c (size before relaxing)
 .debug_str     0x0000321b     0x108a .\CortexM4\ARM_GCC_541\Debug\cy_flash.o
                               0x2dca (size before relaxing)
 .debug_str     0x000042a5       0xfd .\CortexM4\ARM_GCC_541\Debug\cy_ipc_drv.o
                                0x98c (size before relaxing)
 .debug_str     0x000043a2       0xe2 .\CortexM4\ARM_GCC_541\Debug\cy_ipc_sema.o
                                0xb79 (size before relaxing)
 .debug_str     0x00004484      0x318 .\CortexM4\ARM_GCC_541\Debug\cy_ipc_pipe.o
                               0x209b (size before relaxing)
 .debug_str     0x0000479c      0x1da .\CortexM4\ARM_GCC_541\Debug\cy_scb_common.o
                                0xcb5 (size before relaxing)
 .debug_str     0x00004976      0x61c .\CortexM4\ARM_GCC_541\Debug\cy_scb_uart.o
                               0x16e5 (size before relaxing)
 .debug_str     0x00004f92       0xf0 .\CortexM4\ARM_GCC_541\Debug\cy_sysint.o
                               0x196c (size before relaxing)
 .debug_str     0x00005082      0xabb .\CortexM4\ARM_GCC_541\Debug\cy_syslib.o
                               0x1cbf (size before relaxing)
 .debug_str     0x00005b3d     0x1186 .\CortexM4\ARM_GCC_541\Debug\cy_syspm.o
                               0x2b86 (size before relaxing)
 .debug_str     0x00006cc3       0x5d .\CortexM4\ARM_GCC_541\Debug\cy_device.o
                                0x7d9 (size before relaxing)
 .debug_str     0x00006d20      0x167 .\CortexM4\ARM_GCC_541\Debug\list.o
                                0x357 (size before relaxing)
 .debug_str     0x00006e87      0x64c .\CortexM4\ARM_GCC_541\Debug\queue.o
                                0x93b (size before relaxing)
 .debug_str     0x000074d3      0x984 .\CortexM4\ARM_GCC_541\Debug\tasks.o
                                0xf16 (size before relaxing)
 .debug_str     0x00007e57      0x42a .\CortexM4\ARM_GCC_541\Debug\timers.o
                                0x8e2 (size before relaxing)
 .debug_str     0x00008281      0x198 .\CortexM4\ARM_GCC_541\Debug\port.o
                                0x51e (size before relaxing)
 .debug_str     0x00008419       0x69 .\CortexM4\ARM_GCC_541\Debug\heap_3.o
                                0x275 (size before relaxing)

.debug_frame    0x00000000     0x1ec8
 .debug_frame   0x00000000       0xec .\CortexM4\ARM_GCC_541\Debug\main_cm4.o
 .debug_frame   0x000000ec       0x84 .\CortexM4\ARM_GCC_541\Debug\system_psoc6_cm4.o
 .debug_frame   0x00000170       0x48 .\CortexM4\ARM_GCC_541\Debug\UART.o
 .debug_frame   0x000001b8      0x258 .\CortexM4\ARM_GCC_541\Debug\cy_flash.o
 .debug_frame   0x00000410       0x70 .\CortexM4\ARM_GCC_541\Debug\cy_ipc_drv.o
 .debug_frame   0x00000480       0xd8 .\CortexM4\ARM_GCC_541\Debug\cy_ipc_sema.o
 .debug_frame   0x00000558      0x164 .\CortexM4\ARM_GCC_541\Debug\cy_ipc_pipe.o
 .debug_frame   0x000006bc      0x12c .\CortexM4\ARM_GCC_541\Debug\cy_scb_common.o
 .debug_frame   0x000007e8      0x27c .\CortexM4\ARM_GCC_541\Debug\cy_scb_uart.o
 .debug_frame   0x00000a64       0x7c .\CortexM4\ARM_GCC_541\Debug\cy_sysint.o
 .debug_frame   0x00000ae0      0x12c .\CortexM4\ARM_GCC_541\Debug\cy_syslib.o
 .debug_frame   0x00000c0c      0x3dc .\CortexM4\ARM_GCC_541\Debug\cy_syspm.o
 .debug_frame   0x00000fe8       0x20 .\CortexM4\ARM_GCC_541\Debug\cy_device.o
 .debug_frame   0x00001008       0x70 .\CortexM4\ARM_GCC_541\Debug\list.o
 .debug_frame   0x00001078      0x324 .\CortexM4\ARM_GCC_541\Debug\queue.o
 .debug_frame   0x0000139c      0x584 .\CortexM4\ARM_GCC_541\Debug\tasks.o
 .debug_frame   0x00001920      0x260 .\CortexM4\ARM_GCC_541\Debug\timers.o
 .debug_frame   0x00001b80      0x120 .\CortexM4\ARM_GCC_541\Debug\port.o
 .debug_frame   0x00001ca0       0x4c .\CortexM4\ARM_GCC_541\Debug\heap_3.o
 .debug_frame   0x00001cec       0x30 c:/program files (x86)/cypress/psoc creator/4.4/psoc creator/import/gnu/arm/5.4.1/bin/../lib/gcc/arm-none-eabi/5.4.1/../../../../arm-none-eabi/lib/armv7e-m/softfp\libg_nano.a(lib_a-malloc.o)
 .debug_frame   0x00001d1c       0x28 c:/program files (x86)/cypress/psoc creator/4.4/psoc creator/import/gnu/arm/5.4.1/bin/../lib/gcc/arm-none-eabi/5.4.1/../../../../arm-none-eabi/lib/armv7e-m/softfp\libg_nano.a(lib_a-memcpy-stub.o)
 .debug_frame   0x00001d44       0x20 c:/program files (x86)/cypress/psoc creator/4.4/psoc creator/import/gnu/arm/5.4.1/bin/../lib/gcc/arm-none-eabi/5.4.1/../../../../arm-none-eabi/lib/armv7e-m/softfp\libg_nano.a(lib_a-memset.o)
 .debug_frame   0x00001d64       0x38 c:/program files (x86)/cypress/psoc creator/4.4/psoc creator/import/gnu/arm/5.4.1/bin/../lib/gcc/arm-none-eabi/5.4.1/../../../../arm-none-eabi/lib/armv7e-m/softfp\libg_nano.a(lib_a-nano-freer.o)
 .debug_frame   0x00001d9c       0x2c c:/program files (x86)/cypress/psoc creator/4.4/psoc creator/import/gnu/arm/5.4.1/bin/../lib/gcc/arm-none-eabi/5.4.1/../../../../arm-none-eabi/lib/armv7e-m/softfp\libg_nano.a(lib_a-nano-mallocr.o)
 .debug_frame   0x00001dc8       0x2c c:/program files (x86)/cypress/psoc creator/4.4/psoc creator/import/gnu/arm/5.4.1/bin/../lib/gcc/arm-none-eabi/5.4.1/../../../../arm-none-eabi/lib/armv7e-m/softfp\libg_nano.a(lib_a-sbrkr.o)
 .debug_frame   0x00001df4       0x28 c:/program files (x86)/cypress/psoc creator/4.4/psoc creator/import/gnu/arm/5.4.1/bin/../lib/gcc/arm-none-eabi/5.4.1/../../../../arm-none-eabi/lib/armv7e-m/softfp\libg_nano.a(lib_a-strncpy.o)
 .debug_frame   0x00001e1c       0x30 c:/program files (x86)/cypress/psoc creator/4.4/psoc creator/import/gnu/arm/5.4.1/bin/../lib/gcc/arm-none-eabi/5.4.1/../../../../arm-none-eabi/lib/armv7e-m/softfp\libg_nano.a(lib_a-mlock.o)
 .debug_frame   0x00001e4c       0x5c c:/program files (x86)/cypress/psoc creator/4.4/psoc creator/import/gnu/arm/5.4.1/bin/../lib/gcc/arm-none-eabi/5.4.1/../../../../arm-none-eabi/lib/armv7e-m/softfp\libg_nano.a(lib_a-reent.o)
 .debug_frame   0x00001ea8       0x20 c:/program files (x86)/cypress/psoc creator/4.4/psoc creator/import/gnu/arm/5.4.1/bin/../lib/gcc/arm-none-eabi/5.4.1/../../../../arm-none-eabi/lib/armv7e-m/softfp\libnosys.a(sbrk.o)
