Archive member included to satisfy reference by file (symbol)

Generated_Source\PSoC6\pdl\drivers\peripheral\crypto\libs\cy_crypto_server_gcc.a(cy_crypto_server.o)
                              .\CortexM0p\ARM_GCC_541\Debug\main_cm0p.o (Cy_Crypto_Server_Start_Full)
Generated_Source\PSoC6\pdl\drivers\peripheral\crypto\libs\cy_crypto_server_gcc.a(cy_crypto_core_aes_v1.o)
                              Generated_Source\PSoC6\pdl\drivers\peripheral\crypto\libs\cy_crypto_server_gcc.a(cy_crypto_server.o) (Cy_Crypto_Core_V1_Aes_Init)
Generated_Source\PSoC6\pdl\drivers\peripheral\crypto\libs\cy_crypto_server_gcc.a(cy_crypto_core_cmac_v1.o)
                              Generated_Source\PSoC6\pdl\drivers\peripheral\crypto\libs\cy_crypto_server_gcc.a(cy_crypto_server.o) (Cy_Crypto_Core_V1_Cmac)
Generated_Source\PSoC6\pdl\drivers\peripheral\crypto\libs\cy_crypto_server_gcc.a(cy_crypto_core_hmac_v1.o)
                              Generated_Source\PSoC6\pdl\drivers\peripheral\crypto\libs\cy_crypto_server_gcc.a(cy_crypto_server.o) (Cy_Crypto_Core_V1_Hmac)
Generated_Source\PSoC6\pdl\drivers\peripheral\crypto\libs\cy_crypto_server_gcc.a(cy_crypto_core_aes_v2.o)
                              Generated_Source\PSoC6\pdl\drivers\peripheral\crypto\libs\cy_crypto_server_gcc.a(cy_crypto_server.o) (Cy_Crypto_Core_V2_Aes_Init)
Generated_Source\PSoC6\pdl\drivers\peripheral\crypto\libs\cy_crypto_server_gcc.a(cy_crypto_core_cmac_v2.o)
                              Generated_Source\PSoC6\pdl\drivers\peripheral\crypto\libs\cy_crypto_server_gcc.a(cy_crypto_server.o) (Cy_Crypto_Core_V2_Cmac)
Generated_Source\PSoC6\pdl\drivers\peripheral\crypto\libs\cy_crypto_server_gcc.a(cy_crypto_core_hmac_v2.o)
                              Generated_Source\PSoC6\pdl\drivers\peripheral\crypto\libs\cy_crypto_server_gcc.a(cy_crypto_server.o) (Cy_Crypto_Core_V2_Hmac)
Generated_Source\PSoC6\pdl\drivers\peripheral\crypto\libs\cy_crypto_server_gcc.a(cy_crypto_core_rsa.o)
                              Generated_Source\PSoC6\pdl\drivers\peripheral\crypto\libs\cy_crypto_server_gcc.a(cy_crypto_server.o) (Cy_Crypto_Core_Rsa_Verify)
Generated_Source\PSoC6\pdl\drivers\peripheral\crypto\libs\cy_crypto_server_gcc.a(cy_crypto_core_crc_v1.o)
                              Generated_Source\PSoC6\pdl\drivers\peripheral\crypto\libs\cy_crypto_server_gcc.a(cy_crypto_server.o) (Cy_Crypto_Core_V1_Crc_Init)
Generated_Source\PSoC6\pdl\drivers\peripheral\crypto\libs\cy_crypto_server_gcc.a(cy_crypto_core_des_v1.o)
                              Generated_Source\PSoC6\pdl\drivers\peripheral\crypto\libs\cy_crypto_server_gcc.a(cy_crypto_server.o) (Cy_Crypto_Core_V1_Des)
Generated_Source\PSoC6\pdl\drivers\peripheral\crypto\libs\cy_crypto_server_gcc.a(cy_crypto_core_prng_v1.o)
                              Generated_Source\PSoC6\pdl\drivers\peripheral\crypto\libs\cy_crypto_server_gcc.a(cy_crypto_server.o) (Cy_Crypto_Core_V1_Prng_Init)
Generated_Source\PSoC6\pdl\drivers\peripheral\crypto\libs\cy_crypto_server_gcc.a(cy_crypto_core_sha_v1.o)
                              Generated_Source\PSoC6\pdl\drivers\peripheral\crypto\libs\cy_crypto_server_gcc.a(cy_crypto_core_hmac_v1.o) (Cy_Crypto_Core_V1_Sha_ProcessBlock)
Generated_Source\PSoC6\pdl\drivers\peripheral\crypto\libs\cy_crypto_server_gcc.a(cy_crypto_core_mem_v1.o)
                              Generated_Source\PSoC6\pdl\drivers\peripheral\crypto\libs\cy_crypto_server_gcc.a(cy_crypto_server.o) (Cy_Crypto_Core_V1_MemCpy)
Generated_Source\PSoC6\pdl\drivers\peripheral\crypto\libs\cy_crypto_server_gcc.a(cy_crypto_core_trng_v1.o)
                              Generated_Source\PSoC6\pdl\drivers\peripheral\crypto\libs\cy_crypto_server_gcc.a(cy_crypto_server.o) (Cy_Crypto_Core_V1_Trng)
Generated_Source\PSoC6\pdl\drivers\peripheral\crypto\libs\cy_crypto_server_gcc.a(cy_crypto_core_hw_v1.o)
                              Generated_Source\PSoC6\pdl\drivers\peripheral\crypto\libs\cy_crypto_server_gcc.a(cy_crypto_core_prng_v1.o) (Cy_Crypto_SetReg1Instr)
Generated_Source\PSoC6\pdl\drivers\peripheral\crypto\libs\cy_crypto_server_gcc.a(cy_crypto_core_crc_v2.o)
                              Generated_Source\PSoC6\pdl\drivers\peripheral\crypto\libs\cy_crypto_server_gcc.a(cy_crypto_server.o) (Cy_Crypto_Core_V2_Crc_Init)
Generated_Source\PSoC6\pdl\drivers\peripheral\crypto\libs\cy_crypto_server_gcc.a(cy_crypto_core_des_v2.o)
                              Generated_Source\PSoC6\pdl\drivers\peripheral\crypto\libs\cy_crypto_server_gcc.a(cy_crypto_server.o) (Cy_Crypto_Core_V2_Des)
Generated_Source\PSoC6\pdl\drivers\peripheral\crypto\libs\cy_crypto_server_gcc.a(cy_crypto_core_prng_v2.o)
                              Generated_Source\PSoC6\pdl\drivers\peripheral\crypto\libs\cy_crypto_server_gcc.a(cy_crypto_server.o) (Cy_Crypto_Core_V2_Prng_Init)
Generated_Source\PSoC6\pdl\drivers\peripheral\crypto\libs\cy_crypto_server_gcc.a(cy_crypto_core_sha_v2.o)
[...]
Memory Configuration

Name             Origin             Length             Attributes
ram              0x08000000         0x00024000         xrw
flash            0x10000000         0x00080000         xr
em_eeprom        0x14000000         0x00008000         xr
sflash_user_data 0x16000800         0x00000800         xr
sflash_nar       0x16001a00         0x00000200         xr
sflash_public_key 0x16005a00         0x00000c00         xr
sflash_toc_2     0x16007c00         0x00000200         xr
sflash_rtoc_2    0x16007e00         0x00000200         xr
xip              0x18000000         0x08000000         xr
efuse            0x90700000         0x00100000         r
*default*        0x00000000         0xffffffff

Linker script and memory map

LOAD c:/program files (x86)/cypress/psoc creator/4.4/psoc creator/import/gnu/arm/5.4.1/bin/../lib/gcc/arm-none-eabi/5.4.1/armv6-m/crti.o
LOAD c:/program files (x86)/cypress/psoc creator/4.4/psoc creator/import/gnu/arm/5.4.1/bin/../lib/gcc/arm-none-eabi/5.4.1/armv6-m/crtbegin.o
LOAD c:/program files (x86)/cypress/psoc creator/4.4/psoc creator/import/gnu/arm/5.4.1/bin/../lib/gcc/arm-none-eabi/5.4.1/../../../../arm-none-eabi/lib/armv6-m/crt0.o
START GROUP
LOAD Generated_Source\PSoC6\pdl\drivers\peripheral\crypto\libs\cy_crypto_client_gcc.a
LOAD Generated_Source\PSoC6\pdl\drivers\peripheral\crypto\libs\cy_crypto_server_gcc.a
LOAD .\CortexM0p\ARM_GCC_541\Debug\startup_psoc6_01_cm0plus.o
LOAD .\CortexM0p\ARM_GCC_541\Debug\main_cm0p.o
LOAD .\CortexM0p\ARM_GCC_541\Debug\system_psoc6_cm0plus.o
LOAD .\CortexM0p\ARM_GCC_541\Debug\stdio_user.o
LOAD .\CortexM0p\ARM_GCC_541\Debug\cyfitter_sysint_cfg.o
LOAD .\CortexM0p\ARM_GCC_541\Debug\cyfitter_cfg.o
LOAD .\CortexM0p\ARM_GCC_541\Debug\cymetadata.o
LOAD .\CortexM0p\ARM_GCC_541\Debug\I2C.o
LOAD .\CortexM0p\ARM_GCC_541\Debug\I2C_BOOT.o
LOAD .\CortexM0p\ARM_GCC_541\Debug\I2C_INT.o
LOAD .\CortexM0p\ARM_GCC_541\Debug\I2C_PM.o
LOAD .\CortexM0p\ARM_GCC_541\Debug\I2C_SLAVE.o
LOAD .\CortexM0p\ARM_GCC_541\Debug\I2C_MASTER.o
LOAD .\CortexM0p\ARM_GCC_541\Debug\cy_efuse.o
LOAD .\CortexM0p\ARM_GCC_541\Debug\cy_flash.o
LOAD .\CortexM0p\ARM_GCC_541\Debug\cy_gpio.o
LOAD .\CortexM0p\ARM_GCC_541\Debug\cy_ipc_drv.o
LOAD .\CortexM0p\ARM_GCC_541\Debug\cy_ipc_sema.o
LOAD .\CortexM0p\ARM_GCC_541\Debug\cy_ipc_pipe.o
LOAD .\CortexM0p\ARM_GCC_541\Debug\cy_lvd.o
LOAD .\CortexM0p\ARM_GCC_541\Debug\cy_profile.o
LOAD .\CortexM0p\ARM_GCC_541\Debug\cy_prot.o
LOAD .\CortexM0p\ARM_GCC_541\Debug\cy_sysanalog.o
LOAD .\CortexM0p\ARM_GCC_541\Debug\cy_sysclk.o
LOAD .\CortexM0p\ARM_GCC_541\Debug\cy_sysint.o
LOAD .\CortexM0p\ARM_GCC_541\Debug\cy_syslib.o
LOAD .\CortexM0p\ARM_GCC_541\Debug\cy_syslib_gcc.o
LOAD .\CortexM0p\ARM_GCC_541\Debug\cy_syspm.o
LOAD .\CortexM0p\ARM_GCC_541\Debug\cy_systick.o
LOAD .\CortexM0p\ARM_GCC_541\Debug\cy_trigmux.o
LOAD .\CortexM0p\ARM_GCC_541\Debug\cy_wdt.o
LOAD .\CortexM0p\ARM_GCC_541\Debug\cy_device.o
LOAD .\CortexM0p\ARM_GCC_541\Debug\cy_scb_common.o
LOAD .\CortexM0p\ARM_GCC_541\Debug\cy_scb_i2c.o
LOAD .\CortexM0p\ARM_GCC_541\Debug\cy_scb_ezi2c.o
LOAD .\CortexM0p\ARM_GCC_541\Debug\cy_scb_spi.o
LOAD .\CortexM0p\ARM_GCC_541\Debug\cy_scb_uart.o
LOAD .\CortexM0p\ARM_GCC_541\Debug\cy_sar.o
LOAD .\CortexM0p\ARM_GCC_541\Debug\cy_tcpwm_counter.o
LOAD .\CortexM0p\ARM_GCC_541\Debug\cy_tcpwm_pwm.o
LOAD .\CortexM0p\ARM_GCC_541\Debug\cy_tcpwm_quaddec.o
LOAD .\CortexM0p\ARM_GCC_541\Debug\cy_ble_clk.o
LOAD .\CortexM0p\ARM_GCC_541\Debug\retarget.o
LOAD .\CortexM0p\ARM_GCC_541\Debug\UART.o
LOAD .\CortexM0p\ARM_GCC_541\Debug\ADC.o
LOAD .\CortexM0p\ARM_GCC_541\Debug\ADC_INT.o
LOAD .\CortexM0p\ARM_GCC_541\Debug\ADC_INIT.o
LOAD .\CortexM0p\ARM_GCC_541\Debug\ADC_PM.o
LOAD .\CortexM0p\ARM_GCC_541\Debug\Timer.o
LOAD .\CortexM0p\ARM_GCC_541\Debug\UART_1.o
END GROUP
START GROUP
LOAD c:/program files (x86)/cypress/psoc creator/4.4/psoc creator/import/gnu/arm/5.4.1/bin/../lib/gcc/arm-none-eabi/5.4.1/armv6-m\libgcc.a
LOAD c:/program files (x86)/cypress/psoc creator/4.4/psoc creator/import/gnu/arm/5.4.1/bin/../lib/gcc/arm-none-eabi/5.4.1/../../../../arm-none-eabi/lib/armv6-m\libg_nano.a
LOAD c:/program files (x86)/cypress/psoc creator/4.4/psoc creator/import/gnu/arm/5.4.1/bin/../lib/gcc/arm-none-eabi/5.4.1/../../../../arm-none-eabi/lib/armv6-m\libc_nano.a
END GROUP
START GROUP
LOAD c:/program files (x86)/cypress/psoc creator/4.4/psoc creator/import/gnu/arm/5.4.1/bin/../lib/gcc/arm-none-eabi/5.4.1/armv6-m\libgcc.a
LOAD c:/program files (x86)/cypress/psoc creator/4.4/psoc creator/import/gnu/arm/5.4.1/bin/../lib/gcc/arm-none-eabi/5.4.1/../../../../arm-none-eabi/lib/armv6-m\libc_nano.a
END GROUP
LOAD c:/program files (x86)/cypress/psoc creator/4.4/psoc creator/import/gnu/arm/5.4.1/bin/../lib/gcc/arm-none-eabi/5.4.1/armv6-m/crtend.o
LOAD c:/program files (x86)/cypress/psoc creator/4.4/psoc creator/import/gnu/arm/5.4.1/bin/../lib/gcc/arm-none-eabi/5.4.1/armv6-m/crtn.o
START GROUP
LOAD c:/program files (x86)/cypress/psoc creator/4.4/psoc creator/import/gnu/arm/5.4.1/bin/../lib/gcc/arm-none-eabi/5.4.1/armv6-m\libgcc.a
LOAD c:/program files (x86)/cypress/psoc creator/4.4/psoc creator/import/gnu/arm/5.4.1/bin/../lib/gcc/arm-none-eabi/5.4.1/../../../../arm-none-eabi/lib/armv6-m\libc.a
LOAD c:/program files (x86)/cypress/psoc creator/4.4/psoc creator/import/gnu/arm/5.4.1/bin/../lib/gcc/arm-none-eabi/5.4.1/../../../../arm-none-eabi/lib/armv6-m\libnosys.a
END GROUP
START GROUP
LOAD c:/program files (x86)/cypress/psoc creator/4.4/psoc creator/import/gnu/arm/5.4.1/bin/../lib/gcc/arm-none-eabi/5.4.1/armv6-m\libgcc.a
LOAD c:/program files (x86)/cypress/psoc creator/4.4/psoc creator/import/gnu/arm/5.4.1/bin/../lib/gcc/arm-none-eabi/5.4.1/../../../../arm-none-eabi/lib/armv6-m\libc.a
LOAD c:/program files (x86)/cypress/psoc creator/4.4/psoc creator/import/gnu/arm/5.4.1/bin/../lib/gcc/arm-none-eabi/5.4.1/../../../../arm-none-eabi/lib/armv6-m\libm.a
LOAD c:/program files (x86)/cypress/psoc creator/4.4/psoc creator/import/gnu/arm/5.4.1/bin/../lib/gcc/arm-none-eabi/5.4.1/../../../../arm-none-eabi/lib/armv6-m\libnosys.a
END GROUP

.cy_app_header
 *(.cy_app_header)

.text           0x10000000     0x6c9c
                0x10000000                . = ALIGN (0x4)
                0x10000000                __Vectors = .
 *(.vectors)
 .vectors       0x10000000       0xc0 .\CortexM0p\ARM_GCC_541\Debug\startup_psoc6_01_cm0plus.o
                0x100000c0                . = ALIGN (0x4)
                0x100000c0                __Vectors_End = .
                0x000000c0                __Vectors_Size = (__Vectors_End - __Vectors)
                0x100000c0                __end__ = .
                0x100000c0                . = ALIGN (0x4)
 *(.text*)
 .text          0x100000c0       0x60 c:/program files (x86)/cypress/psoc creator/4.4/psoc creator/import/gnu/arm/5.4.1/bin/../lib/gcc/arm-none-eabi/5.4.1/armv6-m/crtbegin.o
 .text          0x10000120       0x80 .\CortexM0p\ARM_GCC_541\Debug\startup_psoc6_01_cm0plus.o
                0x10000120                Cy_OnResetUser
                0x10000122                Reset_Handler
                0x10000180                NvicMux10_IRQHandler
                0x10000180                NvicMux26_IRQHandler
                0x10000180                SysTick_Handler
                0x10000180                NvicMux21_IRQHandler
                0x10000180                NMI_Handler
                0x10000180                NvicMux19_IRQHandler
                0x10000180                NvicMux8_IRQHandler
                0x10000180                NvicMux27_IRQHandler
                0x10000180                PendSV_Handler
                0x10000180                NvicMux17_IRQHandler
                0x10000180                NvicMux0_IRQHandler
                0x10000180                NvicMux25_IRQHandler
                0x10000180                NvicMux13_IRQHandler
                0x10000180                NvicMux11_IRQHandler
                0x10000180                NvicMux9_IRQHandler
                0x10000180                NvicMux18_IRQHandler
                0x10000180                NvicMux6_IRQHandler
                0x10000180                NvicMux22_IRQHandler
                0x10000180                NvicMux7_IRQHandler
                0x10000180                NvicMux2_IRQHandler
                0x10000180                NvicMux4_IRQHandler
                0x10000180                Default_Handler
                0x10000180                NvicMux30_IRQHandler
                0x10000180                NvicMux12_IRQHandler
                0x10000180                NvicMux5_IRQHandler
                0x10000180                NvicMux14_IRQHandler
                0x10000180                NvicMux3_IRQHandler
                0x10000180                SVC_Handler
                0x10000180                NvicMux1_IRQHandler
                0x10000180                NvicMux16_IRQHandler
                0x10000180                NvicMux29_IRQHandler
                0x10000180                NvicMux31_IRQHandler
                0x10000180                NvicMux24_IRQHandler
                0x10000180                NvicMux20_IRQHandler
                0x10000180                NvicMux15_IRQHandler
                0x10000180                NvicMux28_IRQHandler
                0x10000180                NvicMux23_IRQHandler
                0x10000184                HardFault_Handler
 .text.main     0x100001a0       0x24 .\CortexM0p\ARM_GCC_541\Debug\main_cm0p.o
                0x100001a0                main
 .text.Cy_SysIpcPipeIsrCm0
                0x100001c4        0xc .\CortexM0p\ARM_GCC_541\Debug\system_psoc6_cm0plus.o
                0x100001c4                Cy_SysIpcPipeIsrCm0
 .text.SystemCoreClockUpdate
                0x100001d0      0x1b0 .\CortexM0p\ARM_GCC_541\Debug\system_psoc6_cm0plus.o
                0x100001d0                SystemCoreClockUpdate
 .text.SystemInit
                0x10000380       0xc8 .\CortexM0p\ARM_GCC_541\Debug\system_psoc6_cm0plus.o
                0x10000380                SystemInit
 .text.Cy_SysGetCM4Status
                0x10000448       0x10 .\CortexM0p\ARM_GCC_541\Debug\system_psoc6_cm0plus.o
                0x10000448                Cy_SysGetCM4Status
 .text.Cy_SysResetCM4
                0x10000458       0x34 .\CortexM0p\ARM_GCC_541\Debug\system_psoc6_cm0plus.o
                0x10000458                Cy_SysResetCM4
 .text.Cy_SysEnableCM4
                0x1000048c       0x5c .\CortexM0p\ARM_GCC_541\Debug\system_psoc6_cm0plus.o
                0x1000048c                Cy_SysEnableCM4
 .text.CyClockStartupError
                0x100004e8        0x4 .\CortexM0p\ARM_GCC_541\Debug\cyfitter_cfg.o
 .text.cfg_write_bytes32
                0x100004ec       0x34 .\CortexM0p\ARM_GCC_541\Debug\cyfitter_cfg.o
 .text.AnalogSetDefault
                0x10000520       0x34 .\CortexM0p\ARM_GCC_541\Debug\cyfitter_cfg.o
 .text.CYMEMZERO
                0x10000554        0xc .\CortexM0p\ARM_GCC_541\Debug\cyfitter_cfg.o
 .text.CYCONFIGCPYCODE
                0x10000560        0x8 .\CortexM0p\ARM_GCC_541\Debug\cyfitter_cfg.o
 .text.ClockInit
                0x10000568      0x388 .\CortexM0p\ARM_GCC_541\Debug\cyfitter_cfg.o
 .text.Cy_SystemInit
                0x100008f0      0x1b8 .\CortexM0p\ARM_GCC_541\Debug\cyfitter_cfg.o
                0x100008f0                Cy_SystemInit
 .text.Cy_Flash_ProcessOpcode
                0x10000aa8       0xbc .\CortexM0p\ARM_GCC_541\Debug\cy_flash.o
 .text.Cy_Flash_OperationStatus
                0x10000b64       0x5c .\CortexM0p\ARM_GCC_541\Debug\cy_flash.o
 .text.Cy_Flash_InitExt
                0x10000bc0       0x44 .\CortexM0p\ARM_GCC_541\Debug\cy_flash.o
                0x10000bc0                Cy_Flash_InitExt
 .text.Cy_Flash_Init
                0x10000c04       0x10 .\CortexM0p\ARM_GCC_541\Debug\cy_flash.o
                0x10000c04                Cy_Flash_Init
 .text.Cy_GPIO_Port_Init
                0x10000c14       0xdc .\CortexM0p\ARM_GCC_541\Debug\cy_gpio.o
                0x10000c14                Cy_GPIO_Port_Init
 .text.Cy_IPC_Drv_LockRelease
                0x10000cf0       0x40 .\CortexM0p\ARM_GCC_541\Debug\cy_ipc_drv.o
                0x10000cf0                Cy_IPC_Drv_LockRelease
 .text.Cy_IPC_Drv_SendMsgWord
                0x10000d30       0x40 .\CortexM0p\ARM_GCC_541\Debug\cy_ipc_drv.o
                0x10000d30                Cy_IPC_Drv_SendMsgWord
 .text.Cy_IPC_Drv_ReadMsgWord
                0x10000d70       0x38 .\CortexM0p\ARM_GCC_541\Debug\cy_ipc_drv.o
                0x10000d70                Cy_IPC_Drv_ReadMsgWord
 .text.Cy_IPC_Sema_InitExt
                0x10000da8       0xac .\CortexM0p\ARM_GCC_541\Debug\cy_ipc_sema.o
                0x10000da8                Cy_IPC_Sema_InitExt
 .text.Cy_IPC_Sema_Init
                0x10000e54       0x68 .\CortexM0p\ARM_GCC_541\Debug\cy_ipc_sema.o
                0x10000e54                Cy_IPC_Sema_Init
 .text.Cy_IPC_Sema_Clear
                0x10000ebc       0x8c .\CortexM0p\ARM_GCC_541\Debug\cy_ipc_sema.o
                0x10000ebc                Cy_IPC_Sema_Clear
 .text.Cy_IPC_Sema_Status
                0x10000f48       0x3c .\CortexM0p\ARM_GCC_541\Debug\cy_ipc_sema.o
                0x10000f48                Cy_IPC_Sema_Status
 .text.Cy_IPC_Pipe_Config
                0x10000f84       0x14 .\CortexM0p\ARM_GCC_541\Debug\cy_ipc_pipe.o
                0x10000f84                Cy_IPC_Pipe_Config
 .text.Cy_IPC_Pipe_EndpointInit
                0x10000f98       0xd8 .\CortexM0p\ARM_GCC_541\Debug\cy_ipc_pipe.o
                0x10000f98                Cy_IPC_Pipe_EndpointInit
 .text.Cy_IPC_Pipe_Init
                0x10001070       0xbc .\CortexM0p\ARM_GCC_541\Debug\cy_ipc_pipe.o
                0x10001070                Cy_IPC_Pipe_Init
 .text.Cy_IPC_Pipe_SendMessage
                0x1000112c       0xb8 .\CortexM0p\ARM_GCC_541\Debug\cy_ipc_pipe.o
                0x1000112c                Cy_IPC_Pipe_SendMessage
 .text.Cy_IPC_Pipe_RegisterCallback
                0x100011e4       0x54 .\CortexM0p\ARM_GCC_541\Debug\cy_ipc_pipe.o
                0x100011e4                Cy_IPC_Pipe_RegisterCallback
 .text.Cy_IPC_Pipe_ExecCallback
                0x10001238       0xd0 .\CortexM0p\ARM_GCC_541\Debug\cy_ipc_pipe.o
                0x10001238                Cy_IPC_Pipe_ExecCallback
 .text.Cy_IPC_Pipe_ExecuteCallback
                0x10001308       0x30 .\CortexM0p\ARM_GCC_541\Debug\cy_ipc_pipe.o
                0x10001308                Cy_IPC_Pipe_ExecuteCallback
 .text.Cy_Prot_GetActivePC
                0x10001338       0x34 .\CortexM0p\ARM_GCC_541\Debug\cy_prot.o
                0x10001338                Cy_Prot_GetActivePC
 .text.Cy_SysClk_ClkPathSetSource
                0x1000136c       0x5c .\CortexM0p\ARM_GCC_541\Debug\cy_sysclk.o
                0x1000136c                Cy_SysClk_ClkPathSetSource
 .text.Cy_SysClk_FllManualConfigure
                0x100013c8      0x178 .\CortexM0p\ARM_GCC_541\Debug\cy_sysclk.o
                0x100013c8                Cy_SysClk_FllManualConfigure
 .text.Cy_SysClk_FllEnable
                0x10001540       0xdc .\CortexM0p\ARM_GCC_541\Debug\cy_sysclk.o
                0x10001540                Cy_SysClk_FllEnable
 .text.Cy_SysInt_SetInterruptSource
                0x1000161c       0x78 .\CortexM0p\ARM_GCC_541\Debug\cy_sysint.o
                0x1000161c                Cy_SysInt_SetInterruptSource
 .text.Cy_SysInt_SetVector
                0x10001694       0x44 .\CortexM0p\ARM_GCC_541\Debug\cy_sysint.o
                0x10001694                Cy_SysInt_SetVector
 .text.Cy_SysInt_Init
                0x100016d8       0xc4 .\CortexM0p\ARM_GCC_541\Debug\cy_sysint.o
                0x100016d8                Cy_SysInt_Init
 .text.Cy_SysLib_DelayUs
                0x1000179c       0x14 .\CortexM0p\ARM_GCC_541\Debug\cy_syslib.o
                0x1000179c                Cy_SysLib_DelayUs
 .text.Cy_SysLib_Halt
                0x100017b0        0x4 .\CortexM0p\ARM_GCC_541\Debug\cy_syslib.o
                0x100017b0                Cy_SysLib_Halt
 .text.Cy_SysLib_AssertFailed
                0x100017b4       0x1c .\CortexM0p\ARM_GCC_541\Debug\cy_syslib.o
                0x100017b4                Cy_SysLib_AssertFailed
 .text.Cy_SysLib_ResetBackupDomain
                0x100017d0       0x20 .\CortexM0p\ARM_GCC_541\Debug\cy_syslib.o
                0x100017d0                Cy_SysLib_ResetBackupDomain
 .text.Cy_SysLib_GetResetReason
                0x100017f0       0x1c .\CortexM0p\ARM_GCC_541\Debug\cy_syslib.o
                0x100017f0                Cy_SysLib_GetResetReason
 .text.Cy_SysLib_ProcessingFault
                0x1000180c        0x4 .\CortexM0p\ARM_GCC_541\Debug\cy_syslib.o
                0x1000180c                Cy_SysLib_ProcessingFault
 .text.Cy_SysLib_FaultHandler
                0x10001810       0x30 .\CortexM0p\ARM_GCC_541\Debug\cy_syslib.o
                0x10001810                Cy_SysLib_FaultHandler
 .text.Cy_SysLib_SetWaitStates
                0x10001840       0xe0 .\CortexM0p\ARM_GCC_541\Debug\cy_syslib.o
                0x10001840                Cy_SysLib_SetWaitStates
 .text          0x10001920       0x20 .\CortexM0p\ARM_GCC_541\Debug\cy_syslib_gcc.o
                0x10001920                Cy_SysLib_DelayCycles
                0x10001932                Cy_SysLib_EnterCriticalSection
                0x1000193a                Cy_SysLib_ExitCriticalSection
 .text.SetReadMarginTrimUlp
                0x10001940       0x98 .\CortexM0p\ARM_GCC_541\Debug\cy_syspm.o
 .text.SetReadMarginTrimLp
                0x100019d8       0x90 .\CortexM0p\ARM_GCC_541\Debug\cy_syspm.o
 .text.SetWriteAssistTrimUlp
                0x10001a68       0x74 .\CortexM0p\ARM_GCC_541\Debug\cy_syspm.o
 .text.SetWriteAssistTrimLp
                0x10001adc       0x84 .\CortexM0p\ARM_GCC_541\Debug\cy_syspm.o
 .text.IsVoltageChangePossible
                0x10001b60       0x58 .\CortexM0p\ARM_GCC_541\Debug\cy_syspm.o
 .text.Cy_SysPm_WriteVoltageBitForFlash
                0x10001bb8      0x12c .\CortexM0p\ARM_GCC_541\Debug\cy_syspm.o
                0x10001bb8                Cy_SysPm_WriteVoltageBitForFlash
 .text.Cy_SysPm_LdoSetVoltage
                0x10001ce4       0xd0 .\CortexM0p\ARM_GCC_541\Debug\cy_syspm.o
                0x10001ce4                Cy_SysPm_LdoSetVoltage
 .text.Cy_SysTick_SetClockSource
                0x10001db4       0x3c .\CortexM0p\ARM_GCC_541\Debug\cy_systick.o
                0x10001db4                Cy_SysTick_SetClockSource
 .text.Cy_WDT_Unlock
                0x10001df0       0x24 .\CortexM0p\ARM_GCC_541\Debug\cy_wdt.o
                0x10001df0                Cy_WDT_Unlock
 .text.Cy_PDL_Init
                0x10001e14        0xc .\CortexM0p\ARM_GCC_541\Debug\cy_device.o
                0x10001e14                Cy_PDL_Init
 .text.__NVIC_ClearPendingIRQ
                0x10001e20       0x1c Generated_Source\PSoC6\pdl\drivers\peripheral\crypto\libs\cy_crypto_server_gcc.a(cy_crypto_server.o)
 .text.Cy_Crypto_Server_ErrorHandler
                0x10001e3c       0x50 Generated_Source\PSoC6\pdl\drivers\peripheral\crypto\libs\cy_crypto_server_gcc.a(cy_crypto_server.o)
                0x10001e3c                Cy_Crypto_Server_ErrorHandler
 .text.Cy_Crypto_Server_Start_Common
                0x10001e8c       0xcc Generated_Source\PSoC6\pdl\drivers\peripheral\crypto\libs\cy_crypto_server_gcc.a(cy_crypto_server.o)
 .text.Cy_Crypto_Server_Start_Full
                0x10001f58       0x34 Generated_Source\PSoC6\pdl\drivers\peripheral\crypto\libs\cy_crypto_server_gcc.a(cy_crypto_server.o)
                0x10001f58                Cy_Crypto_Server_Start_Full
 .text.Cy_Crypto_Server_Process
                0x10001f8c      0x330 Generated_Source\PSoC6\pdl\drivers\peripheral\crypto\libs\cy_crypto_server_gcc.a(cy_crypto_server.o)
                0x10001f8c                Cy_Crypto_Server_Process
 .text.Cy_Crypto_Server_GetDataHandler
                0x100022bc       0x54 Generated_Source\PSoC6\pdl\drivers\peripheral\crypto\libs\cy_crypto_server_gcc.a(cy_crypto_server.o)
                0x100022bc                Cy_Crypto_Server_GetDataHandler
 .text.Cy_Crypto_Core_V1_Aes_ProcessBlock
                0x10002310       0x44 Generated_Source\PSoC6\pdl\drivers\peripheral\crypto\libs\cy_crypto_server_gcc.a(cy_crypto_core_aes_v1.o)
                0x10002310                Cy_Crypto_Core_V1_Aes_ProcessBlock
 .text.Cy_Crypto_Core_V1_Aes_Xor
                0x10002354       0x34 Generated_Source\PSoC6\pdl\drivers\peripheral\crypto\libs\cy_crypto_server_gcc.a(cy_crypto_core_aes_v1.o)
                0x10002354                Cy_Crypto_Core_V1_Aes_Xor
 .text.Cy_Crypto_Core_V1_Aes_Init
                0x10002388       0x58 Generated_Source\PSoC6\pdl\drivers\peripheral\crypto\libs\cy_crypto_server_gcc.a(cy_crypto_core_aes_v1.o)
                0x10002388                Cy_Crypto_Core_V1_Aes_Init
 .text.Cy_Crypto_Core_V1_Aes_Ecb
                0x100023e0       0x40 Generated_Source\PSoC6\pdl\drivers\peripheral\crypto\libs\cy_crypto_server_gcc.a(cy_crypto_core_aes_v1.o)
                0x100023e0                Cy_Crypto_Core_V1_Aes_Ecb
 .text.Cy_Crypto_Core_V1_Aes_Cbc
                0x10002420       0xf0 Generated_Source\PSoC6\pdl\drivers\peripheral\crypto\libs\cy_crypto_server_gcc.a(cy_crypto_core_aes_v1.o)
                0x10002420                Cy_Crypto_Core_V1_Aes_Cbc
 .text.Cy_Crypto_Core_V1_Aes_Cfb
                0x10002510       0xa8 Generated_Source\PSoC6\pdl\drivers\peripheral\crypto\libs\cy_crypto_server_gcc.a(cy_crypto_core_aes_v1.o)
                0x10002510                Cy_Crypto_Core_V1_Aes_Cfb
 .text.Cy_Crypto_Core_V1_Aes_Ctr
                0x100025b8       0xc6 Generated_Source\PSoC6\pdl\drivers\peripheral\crypto\libs\cy_crypto_server_gcc.a(cy_crypto_core_aes_v1.o)
                0x100025b8                Cy_Crypto_Core_V1_Aes_Ctr
 .text.Cy_Crypto_Core_V1_Cmac_CalcSubKey
                0x1000267e       0x2a Generated_Source\PSoC6\pdl\drivers\peripheral\crypto\libs\cy_crypto_server_gcc.a(cy_crypto_core_cmac_v1.o)
 .text.Cy_Crypto_Core_V1_Cmac_Start
                0x100026a8       0x2a Generated_Source\PSoC6\pdl\drivers\peripheral\crypto\libs\cy_crypto_server_gcc.a(cy_crypto_core_cmac_v1.o)
                0x100026a8                Cy_Crypto_Core_V1_Cmac_Start
 .text.Cy_Crypto_Core_V1_Cmac_Update
                0x100026d2       0x64 Generated_Source\PSoC6\pdl\drivers\peripheral\crypto\libs\cy_crypto_server_gcc.a(cy_crypto_core_cmac_v1.o)
                0x100026d2                Cy_Crypto_Core_V1_Cmac_Update
 .text.Cy_Crypto_Core_V1_Cmac_Finish
                0x10002736       0x74 Generated_Source\PSoC6\pdl\drivers\peripheral\crypto\libs\cy_crypto_server_gcc.a(cy_crypto_core_cmac_v1.o)
                0x10002736                Cy_Crypto_Core_V1_Cmac_Finish
 *fill*         0x100027aa        0x2 
 .text.Cy_Crypto_Core_V1_Cmac
                0x100027ac       0x60 Generated_Source\PSoC6\pdl\drivers\peripheral\crypto\libs\cy_crypto_server_gcc.a(cy_crypto_core_cmac_v1.o)
                0x100027ac                Cy_Crypto_Core_V1_Cmac
 .text.Cy_Crypto_Core_V1_Hmac
                0x1000280c      0x198 Generated_Source\PSoC6\pdl\drivers\peripheral\crypto\libs\cy_crypto_server_gcc.a(cy_crypto_core_hmac_v1.o)
                0x1000280c                Cy_Crypto_Core_V1_Hmac
 .text.Cy_Crypto_Core_GetFIFOUsed
                0x100029a4       0x14 Generated_Source\PSoC6\pdl\drivers\peripheral\crypto\libs\cy_crypto_server_gcc.a(cy_crypto_core_aes_v2.o)
 .text.Cy_Crypto_Core_V2_FFContinue
                0x100029b8       0x54 Generated_Source\PSoC6\pdl\drivers\peripheral\crypto\libs\cy_crypto_server_gcc.a(cy_crypto_core_aes_v2.o)
 .text.Cy_Crypto_Core_V2_BlockMov
                0x10002a0c       0x34 Generated_Source\PSoC6\pdl\drivers\peripheral\crypto\libs\cy_crypto_server_gcc.a(cy_crypto_core_aes_v2.o)
 .text.Cy_Crypto_Core_V2_RBSetByte
                0x10002a40       0x2c Generated_Source\PSoC6\pdl\drivers\peripheral\crypto\libs\cy_crypto_server_gcc.a(cy_crypto_core_aes_v2.o)
 .text.Cy_Crypto_Core_V2_RunAes
                0x10002a6c       0x24 Generated_Source\PSoC6\pdl\drivers\peripheral\crypto\libs\cy_crypto_server_gcc.a(cy_crypto_core_aes_v2.o)
 .text.Cy_Crypto_Core_V2_RunAesInv
                0x10002a90       0x24 Generated_Source\PSoC6\pdl\drivers\peripheral\crypto\libs\cy_crypto_server_gcc.a(cy_crypto_core_aes_v2.o)
 .text.Cy_Crypto_Core_V2_FFStart.constprop.3
                0x10002ab4       0x34 Generated_Source\PSoC6\pdl\drivers\peripheral\crypto\libs\cy_crypto_server_gcc.a(cy_crypto_core_aes_v2.o)
 .text.Cy_Crypto_Core_V2_Aes_LoadEncKey
                0x10002ae8       0x34 Generated_Source\PSoC6\pdl\drivers\peripheral\crypto\libs\cy_crypto_server_gcc.a(cy_crypto_core_aes_v2.o)
                0x10002ae8                Cy_Crypto_Core_V2_Aes_LoadEncKey
 .text.Cy_Crypto_Core_V2_Aes_LoadDecKey
                0x10002b1c       0x34 Generated_Source\PSoC6\pdl\drivers\peripheral\crypto\libs\cy_crypto_server_gcc.a(cy_crypto_core_aes_v2.o)
                0x10002b1c                Cy_Crypto_Core_V2_Aes_LoadDecKey
 .text.Cy_Crypto_Core_V2_Aes_Init
                0x10002b50       0x30 Generated_Source\PSoC6\pdl\drivers\peripheral\crypto\libs\cy_crypto_server_gcc.a(cy_crypto_core_aes_v2.o)
                0x10002b50                Cy_Crypto_Core_V2_Aes_Init
 .text.Cy_Crypto_Core_V2_Aes_Ecb
                0x10002b80       0x5c Generated_Source\PSoC6\pdl\drivers\peripheral\crypto\libs\cy_crypto_server_gcc.a(cy_crypto_core_aes_v2.o)
                0x10002b80                Cy_Crypto_Core_V2_Aes_Ecb
 .text.Cy_Crypto_Core_V2_Aes_Cbc
                0x10002bdc       0xdc Generated_Source\PSoC6\pdl\drivers\peripheral\crypto\libs\cy_crypto_server_gcc.a(cy_crypto_core_aes_v2.o)
                0x10002bdc                Cy_Crypto_Core_V2_Aes_Cbc
 .text.Cy_Crypto_Core_V2_Aes_Cfb
                0x10002cb8       0xc0 Generated_Source\PSoC6\pdl\drivers\peripheral\crypto\libs\cy_crypto_server_gcc.a(cy_crypto_core_aes_v2.o)
                0x10002cb8                Cy_Crypto_Core_V2_Aes_Cfb
 .text.Cy_Crypto_Core_V2_Aes_Ctr
                0x10002d78      0x188 Generated_Source\PSoC6\pdl\drivers\peripheral\crypto\libs\cy_crypto_server_gcc.a(cy_crypto_core_aes_v2.o)
                0x10002d78                Cy_Crypto_Core_V2_Aes_Ctr
 .text.Cy_Crypto_Core_GetFIFOUsed
                0x10002f00       0x14 Generated_Source\PSoC6\pdl\drivers\peripheral\crypto\libs\cy_crypto_server_gcc.a(cy_crypto_core_cmac_v2.o)
 .text.Cy_Crypto_Core_V2_RunAes
                0x10002f14       0x24 Generated_Source\PSoC6\pdl\drivers\peripheral\crypto\libs\cy_crypto_server_gcc.a(cy_crypto_core_cmac_v2.o)
 .text.Cy_Crypto_Core_V2_Cmac_CalcSubKey
                0x10002f38       0x2a Generated_Source\PSoC6\pdl\drivers\peripheral\crypto\libs\cy_crypto_server_gcc.a(cy_crypto_core_cmac_v2.o)
 *fill*         0x10002f62        0x2 
 .text.Cy_Crypto_Core_V2_FFContinue.constprop.2
                0x10002f64       0x40 Generated_Source\PSoC6\pdl\drivers\peripheral\crypto\libs\cy_crypto_server_gcc.a(cy_crypto_core_cmac_v2.o)
 .text.Cy_Crypto_Core_V2_FFStart.constprop.3
                0x10002fa4       0x34 Generated_Source\PSoC6\pdl\drivers\peripheral\crypto\libs\cy_crypto_server_gcc.a(cy_crypto_core_cmac_v2.o)
 .text.Cy_Crypto_Core_V2_Cmac_Start
                0x10002fd8       0x78 Generated_Source\PSoC6\pdl\drivers\peripheral\crypto\libs\cy_crypto_server_gcc.a(cy_crypto_core_cmac_v2.o)
                0x10002fd8                Cy_Crypto_Core_V2_Cmac_Start
 .text.Cy_Crypto_Core_V2_Cmac_Update
                0x10003050       0x44 Generated_Source\PSoC6\pdl\drivers\peripheral\crypto\libs\cy_crypto_server_gcc.a(cy_crypto_core_cmac_v2.o)
                0x10003050                Cy_Crypto_Core_V2_Cmac_Update
 .text.Cy_Crypto_Core_V2_Cmac_Finish
                0x10003094       0xa8 Generated_Source\PSoC6\pdl\drivers\peripheral\crypto\libs\cy_crypto_server_gcc.a(cy_crypto_core_cmac_v2.o)
                0x10003094                Cy_Crypto_Core_V2_Cmac_Finish
 .text.Cy_Crypto_Core_V2_Cmac
                0x1000313c       0x46 Generated_Source\PSoC6\pdl\drivers\peripheral\crypto\libs\cy_crypto_server_gcc.a(cy_crypto_core_cmac_v2.o)
                0x1000313c                Cy_Crypto_Core_V2_Cmac
 .text.Cy_Crypto_Core_V2_Hmac
                0x10003182      0x142 Generated_Source\PSoC6\pdl\drivers\peripheral\crypto\libs\cy_crypto_server_gcc.a(cy_crypto_core_hmac_v2.o)
                0x10003182                Cy_Crypto_Core_V2_Hmac
 .text.Cy_Crypto_Core_WaitForReady
                0x100032c4       0x14 Generated_Source\PSoC6\pdl\drivers\peripheral\crypto\libs\cy_crypto_server_gcc.a(cy_crypto_core_rsa.o)
 .text.Cy_Crypto_Core_MemCmp
                0x100032d8       0x20 Generated_Source\PSoC6\pdl\drivers\peripheral\crypto\libs\cy_crypto_server_gcc.a(cy_crypto_core_rsa.o)
 .text.Cy_Crypto_Core_MemSet.constprop.2
                0x100032f8       0x24 Generated_Source\PSoC6\pdl\drivers\peripheral\crypto\libs\cy_crypto_server_gcc.a(cy_crypto_core_rsa.o)
 .text.CY_CRYPTO_VU_COND_SET_BIT.constprop.12
                0x1000331c       0x30 Generated_Source\PSoC6\pdl\drivers\peripheral\crypto\libs\cy_crypto_server_gcc.a(cy_crypto_core_rsa.o)
 .text.CY_CRYPTO_VU_COND_LSR1.constprop.17
                0x1000334c       0x34 Generated_Source\PSoC6\pdl\drivers\peripheral\crypto\libs\cy_crypto_server_gcc.a(cy_crypto_core_rsa.o)
 .text.CY_CRYPTO_VU_ALLOC_MEM
                0x10003380       0x34 Generated_Source\PSoC6\pdl\drivers\peripheral\crypto\libs\cy_crypto_server_gcc.a(cy_crypto_core_rsa.o)
 .text.CY_CRYPTO_VU_SET_REG.constprop.27
                0x100033b4       0x34 Generated_Source\PSoC6\pdl\drivers\peripheral\crypto\libs\cy_crypto_server_gcc.a(cy_crypto_core_rsa.o)
 .text.Cy_Crypto_Core_Rsa_BarrettGetU
                0x100033e8       0xd8 Generated_Source\PSoC6\pdl\drivers\peripheral\crypto\libs\cy_crypto_server_gcc.a(cy_crypto_core_rsa.o)
 .text.Cy_Crypto_Core_Rsa_MontTransform
                0x100034c0      0x114 Generated_Source\PSoC6\pdl\drivers\peripheral\crypto\libs\cy_crypto_server_gcc.a(cy_crypto_core_rsa.o)
 .text.Cy_Crypto_Core_Rsa_MontCoeff
                0x100035d4      0x160 Generated_Source\PSoC6\pdl\drivers\peripheral\crypto\libs\cy_crypto_server_gcc.a(cy_crypto_core_rsa.o)
 .text.Cy_Crypto_Core_Rsa_MontMul.constprop.1
                0x10003734      0x168 Generated_Source\PSoC6\pdl\drivers\peripheral\crypto\libs\cy_crypto_server_gcc.a(cy_crypto_core_rsa.o)
 .text.Cy_Crypto_Core_Rsa_Verify
                0x1000389c       0x9c Generated_Source\PSoC6\pdl\drivers\peripheral\crypto\libs\cy_crypto_server_gcc.a(cy_crypto_core_rsa.o)
                0x1000389c                Cy_Crypto_Core_Rsa_Verify
 .text.Cy_Crypto_Core_Rsa_Proc
                0x10003938      0x330 Generated_Source\PSoC6\pdl\drivers\peripheral\crypto\libs\cy_crypto_server_gcc.a(cy_crypto_core_rsa.o)
                0x10003938                Cy_Crypto_Core_Rsa_Proc
 .text.Cy_Crypto_Core_Rsa_Coef
                0x10003c68       0xf0 Generated_Source\PSoC6\pdl\drivers\peripheral\crypto\libs\cy_crypto_server_gcc.a(cy_crypto_core_rsa.o)
                0x10003c68                Cy_Crypto_Core_Rsa_Coef
 .text.Cy_Crypto_Core_V1_Crc_Init
                0x10003d58       0x3c Generated_Source\PSoC6\pdl\drivers\peripheral\crypto\libs\cy_crypto_server_gcc.a(cy_crypto_core_crc_v1.o)
                0x10003d58                Cy_Crypto_Core_V1_Crc_Init
 .text.Cy_Crypto_Core_V1_Crc
                0x10003d94       0x44 Generated_Source\PSoC6\pdl\drivers\peripheral\crypto\libs\cy_crypto_server_gcc.a(cy_crypto_core_crc_v1.o)
                0x10003d94                Cy_Crypto_Core_V1_Crc
 .text.Cy_Crypto_Core_V1_Des_ProcessBlock
                0x10003dd8       0x48 Generated_Source\PSoC6\pdl\drivers\peripheral\crypto\libs\cy_crypto_server_gcc.a(cy_crypto_core_des_v1.o)
 .text.Cy_Crypto_Core_V1_Des
                0x10003e20       0x88 Generated_Source\PSoC6\pdl\drivers\peripheral\crypto\libs\cy_crypto_server_gcc.a(cy_crypto_core_des_v1.o)
                0x10003e20                Cy_Crypto_Core_V1_Des
 .text.Cy_Crypto_Core_V1_Tdes
                0x10003ea8       0xb0 Generated_Source\PSoC6\pdl\drivers\peripheral\crypto\libs\cy_crypto_server_gcc.a(cy_crypto_core_des_v1.o)
                0x10003ea8                Cy_Crypto_Core_V1_Tdes
 .text.Cy_Crypto_Core_V1_Prng_Init
                0x10003f58       0x20 Generated_Source\PSoC6\pdl\drivers\peripheral\crypto\libs\cy_crypto_server_gcc.a(cy_crypto_core_prng_v1.o)
                0x10003f58                Cy_Crypto_Core_V1_Prng_Init
 .text.Cy_Crypto_Core_V1_Prng
                0x10003f78       0x34 Generated_Source\PSoC6\pdl\drivers\peripheral\crypto\libs\cy_crypto_server_gcc.a(cy_crypto_core_prng_v1.o)
                0x10003f78                Cy_Crypto_Core_V1_Prng
 .text.Cy_Crypto_Core_V1_Sha_ProcessBlock
                0x10003fac       0x3c Generated_Source\PSoC6\pdl\drivers\peripheral\crypto\libs\cy_crypto_server_gcc.a(cy_crypto_core_sha_v1.o)
                0x10003fac                Cy_Crypto_Core_V1_Sha_ProcessBlock
 .text.Cy_Crypto_Core_V1_Sha_Init
                0x10003fe8       0xcc Generated_Source\PSoC6\pdl\drivers\peripheral\crypto\libs\cy_crypto_server_gcc.a(cy_crypto_core_sha_v1.o)
                0x10003fe8                Cy_Crypto_Core_V1_Sha_Init
 .text.Cy_Crypto_Core_V1_Sha_Start
                0x100040b4       0x10 Generated_Source\PSoC6\pdl\drivers\peripheral\crypto\libs\cy_crypto_server_gcc.a(cy_crypto_core_sha_v1.o)
                0x100040b4                Cy_Crypto_Core_V1_Sha_Start
 .text.Cy_Crypto_Core_V1_Sha_Update
                0x100040c4       0x34 Generated_Source\PSoC6\pdl\drivers\peripheral\crypto\libs\cy_crypto_server_gcc.a(cy_crypto_core_sha_v1.o)
                0x100040c4                Cy_Crypto_Core_V1_Sha_Update
 .text.Cy_Crypto_Core_V1_Sha_Finish
                0x100040f8       0xb6 Generated_Source\PSoC6\pdl\drivers\peripheral\crypto\libs\cy_crypto_server_gcc.a(cy_crypto_core_sha_v1.o)
                0x100040f8                Cy_Crypto_Core_V1_Sha_Finish
 .text.Cy_Crypto_Core_V1_Sha_Free
                0x100041ae       0x30 Generated_Source\PSoC6\pdl\drivers\peripheral\crypto\libs\cy_crypto_server_gcc.a(cy_crypto_core_sha_v1.o)
                0x100041ae                Cy_Crypto_Core_V1_Sha_Free
 *fill*         0x100041de        0x2 
 .text.Cy_Crypto_Core_V1_Sha
                0x100041e0       0x74 Generated_Source\PSoC6\pdl\drivers\peripheral\crypto\libs\cy_crypto_server_gcc.a(cy_crypto_core_sha_v1.o)
                0x100041e0                Cy_Crypto_Core_V1_Sha
 .text.Cy_Crypto_Core_V1_MemCpy
                0x10004254       0x38 Generated_Source\PSoC6\pdl\drivers\peripheral\crypto\libs\cy_crypto_server_gcc.a(cy_crypto_core_mem_v1.o)
                0x10004254                Cy_Crypto_Core_V1_MemCpy
 .text.Cy_Crypto_Core_V1_MemSet
                0x1000428c       0x38 Generated_Source\PSoC6\pdl\drivers\peripheral\crypto\libs\cy_crypto_server_gcc.a(cy_crypto_core_mem_v1.o)
                0x1000428c                Cy_Crypto_Core_V1_MemSet
 .text.Cy_Crypto_Core_V1_MemCmp
                0x100042c4       0x34 Generated_Source\PSoC6\pdl\drivers\peripheral\crypto\libs\cy_crypto_server_gcc.a(cy_crypto_core_mem_v1.o)
                0x100042c4                Cy_Crypto_Core_V1_MemCmp
 .text.Cy_Crypto_Core_V1_MemXor
                0x100042f8       0x40 Generated_Source\PSoC6\pdl\drivers\peripheral\crypto\libs\cy_crypto_server_gcc.a(cy_crypto_core_mem_v1.o)
                0x100042f8                Cy_Crypto_Core_V1_MemXor
 .text.Cy_Crypto_Core_V1_Trng
                0x10004338       0x6c Generated_Source\PSoC6\pdl\drivers\peripheral\crypto\libs\cy_crypto_server_gcc.a(cy_crypto_core_trng_v1.o)
                0x10004338                Cy_Crypto_Core_V1_Trng
 .text.Cy_Crypto_Core_GetFIFOUsed
                0x100043a4       0x14 Generated_Source\PSoC6\pdl\drivers\peripheral\crypto\libs\cy_crypto_server_gcc.a(cy_crypto_core_hw_v1.o)
 .text.Cy_Crypto_SetReg1Instr
                0x100043b8       0x2c Generated_Source\PSoC6\pdl\drivers\peripheral\crypto\libs\cy_crypto_server_gcc.a(cy_crypto_core_hw_v1.o)
                0x100043b8                Cy_Crypto_SetReg1Instr
 .text.Cy_Crypto_SetReg2Instr
                0x100043e4       0x34 Generated_Source\PSoC6\pdl\drivers\peripheral\crypto\libs\cy_crypto_server_gcc.a(cy_crypto_core_hw_v1.o)
                0x100043e4                Cy_Crypto_SetReg2Instr
 .text.Cy_Crypto_SetReg3Instr
                0x10004418       0x3c Generated_Source\PSoC6\pdl\drivers\peripheral\crypto\libs\cy_crypto_server_gcc.a(cy_crypto_core_hw_v1.o)
                0x10004418                Cy_Crypto_SetReg3Instr
 .text.Cy_Crypto_SetReg4Instr
                0x10004454       0x44 Generated_Source\PSoC6\pdl\drivers\peripheral\crypto\libs\cy_crypto_server_gcc.a(cy_crypto_core_hw_v1.o)
                0x10004454                Cy_Crypto_SetReg4Instr
 .text.Cy_Crypto_Run1ParamInstr
                0x10004498       0x24 Generated_Source\PSoC6\pdl\drivers\peripheral\crypto\libs\cy_crypto_server_gcc.a(cy_crypto_core_hw_v1.o)
                0x10004498                Cy_Crypto_Run1ParamInstr
 .text.Cy_Crypto_Run2ParamInstr
                0x100044bc       0x2c Generated_Source\PSoC6\pdl\drivers\peripheral\crypto\libs\cy_crypto_server_gcc.a(cy_crypto_core_hw_v1.o)
                0x100044bc                Cy_Crypto_Run2ParamInstr
 .text.Cy_Crypto_Run3ParamInstr
                0x100044e8       0x34 Generated_Source\PSoC6\pdl\drivers\peripheral\crypto\libs\cy_crypto_server_gcc.a(cy_crypto_core_hw_v1.o)
                0x100044e8                Cy_Crypto_Run3ParamInstr
 .text.Cy_Crypto_Run4ParamInstr
                0x1000451c       0x3c Generated_Source\PSoC6\pdl\drivers\peripheral\crypto\libs\cy_crypto_server_gcc.a(cy_crypto_core_hw_v1.o)
                0x1000451c                Cy_Crypto_Run4ParamInstr
 .text.Cy_Crypto_Core_V2_Crc_Init
                0x10004558       0x3c Generated_Source\PSoC6\pdl\drivers\peripheral\crypto\libs\cy_crypto_server_gcc.a(cy_crypto_core_crc_v2.o)
                0x10004558                Cy_Crypto_Core_V2_Crc_Init
 .text.Cy_Crypto_Core_V2_Crc
                0x10004594       0x68 Generated_Source\PSoC6\pdl\drivers\peripheral\crypto\libs\cy_crypto_server_gcc.a(cy_crypto_core_crc_v2.o)
                0x10004594                Cy_Crypto_Core_V2_Crc
 .text.Cy_Crypto_Core_V2_FFContinue.constprop.0
                0x100045fc       0x3c Generated_Source\PSoC6\pdl\drivers\peripheral\crypto\libs\cy_crypto_server_gcc.a(cy_crypto_core_des_v2.o)
 .text.Cy_Crypto_Core_V2_Run
                0x10004638       0x24 Generated_Source\PSoC6\pdl\drivers\peripheral\crypto\libs\cy_crypto_server_gcc.a(cy_crypto_core_des_v2.o)
 .text.Cy_Crypto_Core_V2_BlockMov
                0x1000465c       0x30 Generated_Source\PSoC6\pdl\drivers\peripheral\crypto\libs\cy_crypto_server_gcc.a(cy_crypto_core_des_v2.o)
 .text.Cy_Crypto_Core_V2_FFStart.constprop.1
                0x1000468c       0x34 Generated_Source\PSoC6\pdl\drivers\peripheral\crypto\libs\cy_crypto_server_gcc.a(cy_crypto_core_des_v2.o)
 .text.Cy_Crypto_Core_V2_Des
                0x100046c0       0x88 Generated_Source\PSoC6\pdl\drivers\peripheral\crypto\libs\cy_crypto_server_gcc.a(cy_crypto_core_des_v2.o)
                0x100046c0                Cy_Crypto_Core_V2_Des
 .text.Cy_Crypto_Core_V2_Tdes
                0x10004748       0xb8 Generated_Source\PSoC6\pdl\drivers\peripheral\crypto\libs\cy_crypto_server_gcc.a(cy_crypto_core_des_v2.o)
                0x10004748                Cy_Crypto_Core_V2_Tdes
 .text.Cy_Crypto_Core_V2_Prng_Init
                0x10004800       0x20 Generated_Source\PSoC6\pdl\drivers\peripheral\crypto\libs\cy_crypto_server_gcc.a(cy_crypto_core_prng_v2.o)
                0x10004800                Cy_Crypto_Core_V2_Prng_Init
 .text.Cy_Crypto_Core_V2_Prng
                0x10004820       0x2c Generated_Source\PSoC6\pdl\drivers\peripheral\crypto\libs\cy_crypto_server_gcc.a(cy_crypto_core_prng_v2.o)
                0x10004820                Cy_Crypto_Core_V2_Prng
 .text.Cy_Crypto_Core_GetFIFOUsed
                0x1000484c       0x14 Generated_Source\PSoC6\pdl\drivers\peripheral\crypto\libs\cy_crypto_server_gcc.a(cy_crypto_core_sha_v2.o)
 .text.Cy_Crypto_Core_V2_Sync
                0x10004860       0x14 Generated_Source\PSoC6\pdl\drivers\peripheral\crypto\libs\cy_crypto_server_gcc.a(cy_crypto_core_sha_v2.o)
 .text.Cy_Crypto_Core_V2_FFStart
                0x10004874       0x38 Generated_Source\PSoC6\pdl\drivers\peripheral\crypto\libs\cy_crypto_server_gcc.a(cy_crypto_core_sha_v2.o)
 .text.Cy_Crypto_Core_V2_Run
                0x100048ac       0x24 Generated_Source\PSoC6\pdl\drivers\peripheral\crypto\libs\cy_crypto_server_gcc.a(cy_crypto_core_sha_v2.o)
 .text.Cy_Crypto_Core_V2_RBClear
                0x100048d0       0x24 Generated_Source\PSoC6\pdl\drivers\peripheral\crypto\libs\cy_crypto_server_gcc.a(cy_crypto_core_sha_v2.o)
 .text.Cy_Crypto_Core_V2_RBSwap
                0x100048f4       0x24 Generated_Source\PSoC6\pdl\drivers\peripheral\crypto\libs\cy_crypto_server_gcc.a(cy_crypto_core_sha_v2.o)
 .text.Cy_Crypto_Core_V2_RBSetByte
                0x10004918       0x2c Generated_Source\PSoC6\pdl\drivers\peripheral\crypto\libs\cy_crypto_server_gcc.a(cy_crypto_core_sha_v2.o)
 .text.Cy_Crypto_Core_V2_RBXor.constprop.1
                0x10004944       0x28 Generated_Source\PSoC6\pdl\drivers\peripheral\crypto\libs\cy_crypto_server_gcc.a(cy_crypto_core_sha_v2.o)
 .text.Cy_Crypto_Core_V2_Sha_Init
                0x1000496c       0xbc Generated_Source\PSoC6\pdl\drivers\peripheral\crypto\libs\cy_crypto_server_gcc.a(cy_crypto_core_sha_v2.o)
                0x1000496c                Cy_Crypto_Core_V2_Sha_Init
 .text.Cy_Crypto_Core_V2_Sha_Start
                0x10004a28       0x38 Generated_Source\PSoC6\pdl\drivers\peripheral\crypto\libs\cy_crypto_server_gcc.a(cy_crypto_core_sha_v2.o)
                0x10004a28                Cy_Crypto_Core_V2_Sha_Start
 .text.Cy_Crypto_Core_V2_Sha_Update
                0x10004a60       0x64 Generated_Source\PSoC6\pdl\drivers\peripheral\crypto\libs\cy_crypto_server_gcc.a(cy_crypto_core_sha_v2.o)
                0x10004a60                Cy_Crypto_Core_V2_Sha_Update
 .text.Cy_Crypto_Core_V2_Sha_Finish
                0x10004ac4       0xec Generated_Source\PSoC6\pdl\drivers\peripheral\crypto\libs\cy_crypto_server_gcc.a(cy_crypto_core_sha_v2.o)
                0x10004ac4                Cy_Crypto_Core_V2_Sha_Finish
 .text.Cy_Crypto_Core_V2_Sha_Free
                0x10004bb0       0x1a Generated_Source\PSoC6\pdl\drivers\peripheral\crypto\libs\cy_crypto_server_gcc.a(cy_crypto_core_sha_v2.o)
                0x10004bb0                Cy_Crypto_Core_V2_Sha_Free
 .text.Cy_Crypto_Core_V2_Sha
                0x10004bca       0x42 Generated_Source\PSoC6\pdl\drivers\peripheral\crypto\libs\cy_crypto_server_gcc.a(cy_crypto_core_sha_v2.o)
                0x10004bca                Cy_Crypto_Core_V2_Sha
 .text.Cy_Crypto_Core_GetFIFOUsed
                0x10004c0c       0x14 Generated_Source\PSoC6\pdl\drivers\peripheral\crypto\libs\cy_crypto_server_gcc.a(cy_crypto_core_mem_v2.o)
 .text.Cy_Crypto_Core_V2_Sync
                0x10004c20       0x14 Generated_Source\PSoC6\pdl\drivers\peripheral\crypto\libs\cy_crypto_server_gcc.a(cy_crypto_core_mem_v2.o)
 .text.Cy_Crypto_Core_V2_FFContinue
                0x10004c34       0x54 Generated_Source\PSoC6\pdl\drivers\peripheral\crypto\libs\cy_crypto_server_gcc.a(cy_crypto_core_mem_v2.o)
 .text.Cy_Crypto_Core_V2_FFStart.constprop.4
                0x10004c88       0x34 Generated_Source\PSoC6\pdl\drivers\peripheral\crypto\libs\cy_crypto_server_gcc.a(cy_crypto_core_mem_v2.o)
 .text.Cy_Crypto_Core_V2_MemCpy
                0x10004cbc       0x78 Generated_Source\PSoC6\pdl\drivers\peripheral\crypto\libs\cy_crypto_server_gcc.a(cy_crypto_core_mem_v2.o)
                0x10004cbc                Cy_Crypto_Core_V2_MemCpy
 .text.Cy_Crypto_Core_V2_MemSet
                0x10004d34       0x74 Generated_Source\PSoC6\pdl\drivers\peripheral\crypto\libs\cy_crypto_server_gcc.a(cy_crypto_core_mem_v2.o)
                0x10004d34                Cy_Crypto_Core_V2_MemSet
 .text.Cy_Crypto_Core_V2_MemCmp
                0x10004da8       0x8c Generated_Source\PSoC6\pdl\drivers\peripheral\crypto\libs\cy_crypto_server_gcc.a(cy_crypto_core_mem_v2.o)
                0x10004da8                Cy_Crypto_Core_V2_MemCmp
 .text.Cy_Crypto_Core_V2_MemXor
                0x10004e34       0x8c Generated_Source\PSoC6\pdl\drivers\peripheral\crypto\libs\cy_crypto_server_gcc.a(cy_crypto_core_mem_v2.o)
                0x10004e34                Cy_Crypto_Core_V2_MemXor
 .text.Cy_Crypto_Core_V2_Trng
                0x10004ec0       0xa0 Generated_Source\PSoC6\pdl\drivers\peripheral\crypto\libs\cy_crypto_server_gcc.a(cy_crypto_core_trng_v2.o)
                0x10004ec0                Cy_Crypto_Core_V2_Trng
 .text.CY_CRYPTO_VU_SET_REG.constprop.0
                0x10004f60       0x34 Generated_Source\PSoC6\pdl\drivers\peripheral\crypto\libs\cy_crypto_server_gcc.a(cy_crypto_core_hw.o)
 .text.Cy_Crypto_Core_HwInit
                0x10004f94       0x24 Generated_Source\PSoC6\pdl\drivers\peripheral\crypto\libs\cy_crypto_server_gcc.a(cy_crypto_core_hw.o)
                0x10004f94                Cy_Crypto_Core_HwInit
 .text.Cy_Crypto_Core_Enable
                0x10004fb8      0x114 Generated_Source\PSoC6\pdl\drivers\peripheral\crypto\libs\cy_crypto_server_gcc.a(cy_crypto_core_hw.o)
                0x10004fb8                Cy_Crypto_Core_Enable
 .text.Cy_Crypto_Core_GetLibInfo
                0x100050cc        0x8 Generated_Source\PSoC6\pdl\drivers\peripheral\crypto\libs\cy_crypto_server_gcc.a(cy_crypto_core_hw.o)
                0x100050cc                Cy_Crypto_Core_GetLibInfo
 .text.Cy_Crypto_Core_Disable
                0x100050d4       0x1c Generated_Source\PSoC6\pdl\drivers\peripheral\crypto\libs\cy_crypto_server_gcc.a(cy_crypto_core_hw.o)
                0x100050d4                Cy_Crypto_Core_Disable
 .text.Cy_Crypto_Core_Vu_RegMemPointer
                0x100050f0       0x20 Generated_Source\PSoC6\pdl\drivers\peripheral\crypto\libs\cy_crypto_server_gcc.a(cy_crypto_core_vu.o)
 .text.Cy_Crypto_Core_MemCpy
                0x10005110       0x20 Generated_Source\PSoC6\pdl\drivers\peripheral\crypto\libs\cy_crypto_server_gcc.a(cy_crypto_core_vu.o)
 .text.Cy_Crypto_Core_Vu_SetMemValue
                0x10005130       0x26 Generated_Source\PSoC6\pdl\drivers\peripheral\crypto\libs\cy_crypto_server_gcc.a(cy_crypto_core_vu.o)
                0x10005130                Cy_Crypto_Core_Vu_SetMemValue
 .text.Cy_Crypto_Core_Vu_GetMemValue
                0x10005156       0x28 Generated_Source\PSoC6\pdl\drivers\peripheral\crypto\libs\cy_crypto_server_gcc.a(cy_crypto_core_vu.o)
                0x10005156                Cy_Crypto_Core_Vu_GetMemValue
 *fill*         0x1000517e        0x2 
 .text          0x10005180       0x14 c:/program files (x86)/cypress/psoc creator/4.4/psoc creator/import/gnu/arm/5.4.1/bin/../lib/gcc/arm-none-eabi/5.4.1/armv6-m\libgcc.a(_thumb1_case_uqi.o)
                0x10005180                __gnu_thumb1_case_uqi
 .text          0x10005194      0x114 c:/program files (x86)/cypress/psoc creator/4.4/psoc creator/import/gnu/arm/5.4.1/bin/../lib/gcc/arm-none-eabi/5.4.1/armv6-m\libgcc.a(_udivsi3.o)
                0x10005194                __aeabi_uidiv
                0x10005194                __udivsi3
                0x100052a0                __aeabi_uidivmod
 .text          0x100052a8        0x4 c:/program files (x86)/cypress/psoc creator/4.4/psoc creator/import/gnu/arm/5.4.1/bin/../lib/gcc/arm-none-eabi/5.4.1/armv6-m\libgcc.a(_dvmd_tls.o)
                0x100052a8                __aeabi_idiv0
                0x100052a8                __aeabi_ldiv0
 .text.memcmp   0x100052ac       0x1e c:/program files (x86)/cypress/psoc creator/4.4/psoc creator/import/gnu/arm/5.4.1/bin/../lib/gcc/arm-none-eabi/5.4.1/../../../../arm-none-eabi/lib/armv6-m\libg_nano.a(lib_a-memcmp.o)
                0x100052ac                memcmp
 .text.memcpy   0x100052ca       0x12 c:/program files (x86)/cypress/psoc creator/4.4/psoc creator/import/gnu/arm/5.4.1/bin/../lib/gcc/arm-none-eabi/5.4.1/../../../../arm-none-eabi/lib/armv6-m\libg_nano.a(lib_a-memcpy-stub.o)
                0x100052ca                memcpy
 .text.memset   0x100052dc       0x10 c:/program files (x86)/cypress/psoc creator/4.4/psoc creator/import/gnu/arm/5.4.1/bin/../lib/gcc/arm-none-eabi/5.4.1/../../../../arm-none-eabi/lib/armv6-m\libg_nano.a(lib_a-memset.o)
                0x100052dc                memset
 .text.strncpy  0x100052ec       0x26 c:/program files (x86)/cypress/psoc creator/4.4/psoc creator/import/gnu/arm/5.4.1/bin/../lib/gcc/arm-none-eabi/5.4.1/../../../../arm-none-eabi/lib/armv6-m\libg_nano.a(lib_a-strncpy.o)
                0x100052ec                strncpy
 *(.init)
 *fill*         0x10005312        0x2 
 .init          0x10005314        0x4 c:/program files (x86)/cypress/psoc creator/4.4/psoc creator/import/gnu/arm/5.4.1/bin/../lib/gcc/arm-none-eabi/5.4.1/armv6-m/crti.o
                0x10005314                _init
 .init          0x10005318        0x8 c:/program files (x86)/cypress/psoc creator/4.4/psoc creator/import/gnu/arm/5.4.1/bin/../lib/gcc/arm-none-eabi/5.4.1/armv6-m/crtn.o
 *(.fini)
 .fini          0x10005320        0x4 c:/program files (x86)/cypress/psoc creator/4.4/psoc creator/import/gnu/arm/5.4.1/bin/../lib/gcc/arm-none-eabi/5.4.1/armv6-m/crti.o
                0x10005320                _fini
 .fini          0x10005324        0x8 c:/program files (x86)/cypress/psoc creator/4.4/psoc creator/import/gnu/arm/5.4.1/bin/../lib/gcc/arm-none-eabi/5.4.1/armv6-m/crtn.o
 *crtbegin.o(.ctors)
 *crtbegin?.o(.ctors)
 *(EXCLUDE_FILE(*crtend.o *crtend?.o) .ctors)
 *(SORT(.ctors.*))
 *(.ctors)
 *crtbegin.o(.dtors)
 *crtbegin?.o(.dtors)
 *(EXCLUDE_FILE(*crtend.o *crtend?.o) .dtors)
 *(SORT(.dtors.*))
 *(.dtors)
 *(.rodata .rodata.* .constdata .constdata.* .conststring .conststring.*)
 .rodata        0x1000532c       0x30 .\CortexM0p\ARM_GCC_541\Debug\main_cm0p.o
                0x1000532c                cryptoConfig
 .rodata        0x1000535c       0x34 .\CortexM0p\ARM_GCC_541\Debug\system_psoc6_cm0plus.o
 .rodata.str1.4
                0x10005390       0x17 .\CortexM0p\ARM_GCC_541\Debug\system_psoc6_cm0plus.o
 *fill*         0x100053a7        0x1 
 .rodata        0x100053a8      0xda8 .\CortexM0p\ARM_GCC_541\Debug\cyfitter_cfg.o
 .rodata.str1.4
                0x10006150       0x3f .\CortexM0p\ARM_GCC_541\Debug\cy_flash.o
 *fill*         0x1000618f        0x1 
 .rodata.str1.4
                0x10006190       0x7d .\CortexM0p\ARM_GCC_541\Debug\cy_gpio.o
 *fill*         0x1000620d        0x3 
 .rodata.str1.4
                0x10006210       0x7f .\CortexM0p\ARM_GCC_541\Debug\cy_ipc_drv.o
 .rodata.str1.4
                0x1000628f       0x3f .\CortexM0p\ARM_GCC_541\Debug\cy_ipc_sema.o
 *fill*         0x1000628f        0x1 
 .rodata.str1.4
                0x10006290       0x40 .\CortexM0p\ARM_GCC_541\Debug\cy_ipc_pipe.o
                                 0x7f (size before relaxing)
 .rodata.str1.4
                0x100062d0       0x3d .\CortexM0p\ARM_GCC_541\Debug\cy_prot.o
 *fill*         0x1000630d        0x3 
 .rodata.str1.4
                0x10006310       0x85 .\CortexM0p\ARM_GCC_541\Debug\cy_sysclk.o
 *fill*         0x10006395        0x3 
 .rodata.str1.4
                0x10006398       0x41 .\CortexM0p\ARM_GCC_541\Debug\cy_sysint.o
 *fill*         0x100063d9        0x3 
 .rodata.str1.4
                0x100063dc       0x40 .\CortexM0p\ARM_GCC_541\Debug\cy_syspm.o
                                 0x7f (size before relaxing)
 .rodata        0x1000641c      0x170 .\CortexM0p\ARM_GCC_541\Debug\cy_device.o
                0x1000641c                cy_deviceIpBlockCfgPSoC6_02
                0x100064d4                cy_deviceIpBlockCfgPSoC6_01
 .rodata        0x1000658c      0x210 Generated_Source\PSoC6\pdl\drivers\peripheral\crypto\libs\cy_crypto_server_gcc.a(cy_crypto_server.o)
 .rodata        0x1000679c       0xab Generated_Source\PSoC6\pdl\drivers\peripheral\crypto\libs\cy_crypto_server_gcc.a(cy_crypto_core_rsa.o)
 *fill*         0x10006847        0x1 
 .rodata        0x10006848       0x80 Generated_Source\PSoC6\pdl\drivers\peripheral\crypto\libs\cy_crypto_server_gcc.a(cy_crypto_core_des_v1.o)
 .rodata        0x100068c8      0x154 Generated_Source\PSoC6\pdl\drivers\peripheral\crypto\libs\cy_crypto_server_gcc.a(cy_crypto_core_sha_v1.o)
 .rodata        0x10006a1c       0x80 Generated_Source\PSoC6\pdl\drivers\peripheral\crypto\libs\cy_crypto_server_gcc.a(cy_crypto_core_des_v2.o)
 .rodata        0x10006a9c      0x154 Generated_Source\PSoC6\pdl\drivers\peripheral\crypto\libs\cy_crypto_server_gcc.a(cy_crypto_core_sha_v2.o)
 .rodata        0x10006bf0       0xa8 Generated_Source\PSoC6\pdl\drivers\peripheral\crypto\libs\cy_crypto_server_gcc.a(cy_crypto_core_hw.o)
                0x10006bf0                cy_cryptoIpBlockCfgPSoC6_01
                0x10006c44                cy_cryptoIpBlockCfgPSoC6_02
 *(.eh_frame*)
 .eh_frame      0x10006c98        0x0 c:/program files (x86)/cypress/psoc creator/4.4/psoc creator/import/gnu/arm/5.4.1/bin/../lib/gcc/arm-none-eabi/5.4.1/armv6-m/crtbegin.o
 .eh_frame      0x10006c98        0x4 c:/program files (x86)/cypress/psoc creator/4.4/psoc creator/import/gnu/arm/5.4.1/bin/../lib/gcc/arm-none-eabi/5.4.1/armv6-m/crtend.o

.glue_7         0x10006c9c        0x0
 .glue_7        0x10006c9c        0x0 linker stubs

.glue_7t        0x10006c9c        0x0
 .glue_7t       0x10006c9c        0x0 linker stubs

.vfp11_veneer   0x10006c9c        0x0
 .vfp11_veneer  0x10006c9c        0x0 linker stubs

.v4_bx          0x10006c9c        0x0
 .v4_bx         0x10006c9c        0x0 linker stubs

.iplt           0x10006c9c        0x0
 .iplt          0x10006c9c        0x0 c:/program files (x86)/cypress/psoc creator/4.4/psoc creator/import/gnu/arm/5.4.1/bin/../lib/gcc/arm-none-eabi/5.4.1/armv6-m/crtbegin.o

.ARM.extab
 *(.ARM.extab* .gnu.linkonce.armextab.*)
                0x10006c9c                __exidx_start = .

.ARM.exidx
 *(.ARM.exidx* .gnu.linkonce.armexidx.*)
                0x10006c9c                __exidx_end = .

.copy.table     0x10006c9c       0x18
                0x10006c9c                . = ALIGN (0x4)
                0x10006c9c                __copy_table_start__ = .
                0x10006c9c        0x4 LONG 0x10000000 __Vectors
                0x10006ca0        0x4 LONG 0x8000000 __ram_vectors_start__
                0x10006ca4        0x4 LONG 0xc0 (__Vectors_End - __Vectors)
                0x10006ca8        0x4 LONG 0x10006cbc __etext
                0x10006cac        0x4 LONG 0x80000c0 __data_start__
                0x10006cb0        0x4 LONG 0x540 (__data_end__ - __data_start__)
                0x10006cb4                __copy_table_end__ = .

.zero.table     0x10006cb4        0x8
                0x10006cb4                . = ALIGN (0x4)
                0x10006cb4                __zero_table_start__ = .
                0x10006cb4        0x4 LONG 0x800063c __bss_start__
                0x10006cb8        0x4 LONG 0x218 (__bss_end__ - __bss_start__)
                0x10006cbc                __zero_table_end__ = .
                0x10006cbc                __etext = .

.ramVectors     0x08000000       0xc0
                0x08000000                __ram_vectors_start__ = .
 *(.ram_vectors)
 .ram_vectors   0x08000000       0xc0 .\CortexM0p\ARM_GCC_541\Debug\startup_psoc6_01_cm0plus.o
                0x08000000                __ramVectors
                0x080000c0                __ram_vectors_end__ = .

.data           0x080000c0      0x540 load address 0x10006cbc
                0x080000c0                __data_start__ = .
 *(vtable)
 *(.data*)
 .data          0x080000c0       0x20 .\CortexM0p\ARM_GCC_541\Debug\system_psoc6_cm0plus.o
                0x080000c0                cy_BleEcoClockFreqHz
                0x080000c4                cy_Hfclk0FreqHz
                0x080000c8                cy_PeriClkFreqHz
                0x080000cc                SystemCoreClock
                0x080000d0                cy_delayFreqHz
                0x080000d4                cy_delayFreqMhz
                0x080000d8                cy_delayFreqKhz
                0x080000dc                cy_delay32kMs
                0x080000e0                . = ALIGN (0x4)
                0x080000e0                PROVIDE (__preinit_array_start, .)
 *(.preinit_array)
                0x080000e0                PROVIDE (__preinit_array_end, .)
                0x080000e0                . = ALIGN (0x4)
                0x080000e0                PROVIDE (__init_array_start, .)
 *(SORT(.init_array.*))
 *(.init_array)
 .init_array    0x080000e0        0x4 c:/program files (x86)/cypress/psoc creator/4.4/psoc creator/import/gnu/arm/5.4.1/bin/../lib/gcc/arm-none-eabi/5.4.1/armv6-m/crtbegin.o
                0x080000e4                PROVIDE (__init_array_end, .)
                0x080000e4                . = ALIGN (0x4)
                [!provide]                PROVIDE (__fini_array_start, .)
 *(SORT(.fini_array.*))
 *(.fini_array)
 .fini_array    0x080000e4        0x4 c:/program files (x86)/cypress/psoc creator/4.4/psoc creator/import/gnu/arm/5.4.1/bin/../lib/gcc/arm-none-eabi/5.4.1/armv6-m/crtbegin.o
                [!provide]                PROVIDE (__fini_array_end, .)
 *(.jcr*)
 .jcr           0x080000e8        0x0 c:/program files (x86)/cypress/psoc creator/4.4/psoc creator/import/gnu/arm/5.4.1/bin/../lib/gcc/arm-none-eabi/5.4.1/armv6-m/crtbegin.o
 .jcr           0x080000e8        0x4 c:/program files (x86)/cypress/psoc creator/4.4/psoc creator/import/gnu/arm/5.4.1/bin/../lib/gcc/arm-none-eabi/5.4.1/armv6-m/crtend.o
                0x080000ec                . = ALIGN (0x4)
 *(.cy_ramfunc*)
 .cy_ramfunc    0x080000ec      0x248 .\CortexM0p\ARM_GCC_541\Debug\cy_flash.o
 .cy_ramfunc    0x08000334      0x238 .\CortexM0p\ARM_GCC_541\Debug\cy_syspm.o
 *fill*         0x0800056c        0x4 
 .cy_ramfunc.__stub
                0x08000570       0x90 linker stubs
                0x08000600                . = ALIGN (0x4)
                0x08000600                __data_end__ = .

.igot.plt       0x08000600        0x0 load address 0x100071fc
 .igot.plt      0x08000600        0x0 c:/program files (x86)/cypress/psoc creator/4.4/psoc creator/import/gnu/arm/5.4.1/bin/../lib/gcc/arm-none-eabi/5.4.1/armv6-m/crtbegin.o

.noinit         0x08000600       0x3c load address 0x10007200
 *(.noinit)
 .noinit        0x08000600       0x3c .\CortexM0p\ARM_GCC_541\Debug\cy_syslib.o
                0x08000600                cy_assertFileName
                0x08000618                cy_assertLine
                0x0800061c                cy_faultFrame

.bss            0x0800063c      0x218 load address 0x1000723c
                0x0800063c                . = ALIGN (0x4)
                0x0800063c                __bss_start__ = .
 *(.bss*)
 .bss           0x0800063c       0x1c c:/program files (x86)/cypress/psoc creator/4.4/psoc creator/import/gnu/arm/5.4.1/bin/../lib/gcc/arm-none-eabi/5.4.1/armv6-m/crtbegin.o
 .bss           0x08000658      0x190 .\CortexM0p\ARM_GCC_541\Debug\system_psoc6_cm0plus.o
 .bss           0x080007e8       0x18 .\CortexM0p\ARM_GCC_541\Debug\cy_flash.o
 .bss           0x08000800        0xc .\CortexM0p\ARM_GCC_541\Debug\cy_ipc_sema.o
 .bss           0x0800080c        0x4 .\CortexM0p\ARM_GCC_541\Debug\cy_ipc_pipe.o
 .bss           0x08000810        0xc Generated_Source\PSoC6\pdl\drivers\peripheral\crypto\libs\cy_crypto_server_gcc.a(cy_crypto_server.o)
                0x08000818                processData
 .bss           0x0800081c        0x4 Generated_Source\PSoC6\pdl\drivers\peripheral\crypto\libs\cy_crypto_server_gcc.a(cy_crypto_core_hw.o)
                0x0800081c                cy_cryptoIP
 *(COMMON)
 COMMON         0x08000820       0x30 .\CortexM0p\ARM_GCC_541\Debug\main_cm0p.o
                0x08000820                cryptoServerContext
                0x0800084c                cryptoStatus
 COMMON         0x08000850        0x4 .\CortexM0p\ARM_GCC_541\Debug\cy_device.o
                0x08000850                cy_device
                0x08000854                . = ALIGN (0x4)
                0x08000854                __bss_end__ = .

.heap           0x08000858      0x400
                0x08000858                __HeapBase = .
                0x08000858                __end__ = .
                0x08000858                end = __end__
 *(.heap*)
 .heap          0x08000858      0x400 .\CortexM0p\ARM_GCC_541\Debug\startup_psoc6_01_cm0plus.o
                0x08000c58                __HeapLimit = .

.stack_dummy    0x08000858     0x1000
 *(.stack*)
 .stack         0x08000858     0x1000 .\CortexM0p\ARM_GCC_541\Debug\startup_psoc6_01_cm0plus.o
                0x08024000                __StackTop = (ORIGIN (ram) + LENGTH (ram))
                0x08023000                __StackLimit = (__StackTop - SIZEOF (.stack_dummy))
                0x08024000                PROVIDE (__stack, __StackTop)
                0x00000001                ASSERT ((__StackLimit >= __HeapLimit), region RAM overflowed with stack)

.cy_em_eeprom
 *(.cy_em_eeprom)

.cy_sflash_user_data
 *(.cy_sflash_user_data)

.cy_sflash_nar
 *(.cy_sflash_nar)

.cy_sflash_public_key
 *(.cy_sflash_public_key)

.cy_toc_part2
 *(.cy_toc_part2)

.cy_rtoc_part2
 *(.cy_rtoc_part2)

.cy_xip
 *(.cy_xip)

.cy_efuse
 *(.cy_efuse)

.cymeta         0x90500000        0xc
 *(.cymeta)
 .cymeta        0x90500000        0xc .\CortexM0p\ARM_GCC_541\Debug\cymetadata.o
                0x90500000                cy_metadata
                0x10000000                __cy_memory_0_start = 0x10000000
                0x00100000                __cy_memory_0_length = 0x100000
                0x00000200                __cy_memory_0_row_size = 0x200
                0x14000000                __cy_memory_1_start = 0x14000000
                0x00008000                __cy_memory_1_length = 0x8000
                0x00000200                __cy_memory_1_row_size = 0x200
                0x16000000                __cy_memory_2_start = 0x16000000
                0x00008000                __cy_memory_2_length = 0x8000
                0x00000200                __cy_memory_2_row_size = 0x200
                0x18000000                __cy_memory_3_start = 0x18000000
                0x08000000                __cy_memory_3_length = 0x8000000
                0x00000200                __cy_memory_3_row_size = 0x200
                0x90700000                __cy_memory_4_start = 0x90700000
                0x00100000                __cy_memory_4_length = 0x100000
                0x00000001                __cy_memory_4_row_size = 0x1
OUTPUT(C:\Users\shizh\Desktop\ECMO\ecmo_psoc6_ws\CY8CPROTO-063-BLE_Master.cydsn\CortexM0p\ARM_GCC_541\Debug\CY8CPROTO-063-BLE_Master_link.elf elf32-littlearm)

.rel.dyn        0x08000854        0x0 load address 0x98506c0c
 .rel.iplt      0x08000854        0x0 c:/program files (x86)/cypress/psoc creator/4.4/psoc creator/import/gnu/arm/5.4.1/bin/../lib/gcc/arm-none-eabi/5.4.1/armv6-m/crtbegin.o

.ARM.attributes
                0x00000000       0x28
 .ARM.attributes
                0x00000000       0x1e c:/program files (x86)/cypress/psoc creator/4.4/psoc creator/import/gnu/arm/5.4.1/bin/../lib/gcc/arm-none-eabi/5.4.1/armv6-m/crti.o
 .ARM.attributes
                0x0000001e       0x2c c:/program files (x86)/cypress/psoc creator/4.4/psoc creator/import/gnu/arm/5.4.1/bin/../lib/gcc/arm-none-eabi/5.4.1/armv6-m/crtbegin.o
 .ARM.attributes
                0x0000004a       0x1b .\CortexM0p\ARM_GCC_541\Debug\startup_psoc6_01_cm0plus.o
 .ARM.attributes
                0x00000065       0x32 .\CortexM0p\ARM_GCC_541\Debug\main_cm0p.o
 .ARM.attributes
                0x00000097       0x32 .\CortexM0p\ARM_GCC_541\Debug\system_psoc6_cm0plus.o
 .ARM.attributes
                0x000000c9       0x32 .\CortexM0p\ARM_GCC_541\Debug\cyfitter_cfg.o
 .ARM.attributes
                0x000000fb       0x32 .\CortexM0p\ARM_GCC_541\Debug\cymetadata.o
 .ARM.attributes
                0x0000012d       0x32 .\CortexM0p\ARM_GCC_541\Debug\cy_flash.o
 .ARM.attributes
                0x0000015f       0x32 .\CortexM0p\ARM_GCC_541\Debug\cy_gpio.o
 .ARM.attributes
                0x00000191       0x32 .\CortexM0p\ARM_GCC_541\Debug\cy_ipc_drv.o
 .ARM.attributes
                0x000001c3       0x32 .\CortexM0p\ARM_GCC_541\Debug\cy_ipc_sema.o
 .ARM.attributes
                0x000001f5       0x32 .\CortexM0p\ARM_GCC_541\Debug\cy_ipc_pipe.o
 .ARM.attributes
                0x00000227       0x32 .\CortexM0p\ARM_GCC_541\Debug\cy_prot.o
 .ARM.attributes
                0x00000259       0x32 .\CortexM0p\ARM_GCC_541\Debug\cy_sysclk.o
 .ARM.attributes
                0x0000028b       0x32 .\CortexM0p\ARM_GCC_541\Debug\cy_sysint.o
 .ARM.attributes
                0x000002bd       0x32 .\CortexM0p\ARM_GCC_541\Debug\cy_syslib.o
 .ARM.attributes
                0x000002ef       0x22 .\CortexM0p\ARM_GCC_541\Debug\cy_syslib_gcc.o
 .ARM.attributes
                0x00000311       0x32 .\CortexM0p\ARM_GCC_541\Debug\cy_syspm.o
 .ARM.attributes
                0x00000343       0x32 .\CortexM0p\ARM_GCC_541\Debug\cy_systick.o
 .ARM.attributes
                0x00000375       0x32 .\CortexM0p\ARM_GCC_541\Debug\cy_wdt.o
 .ARM.attributes
                0x000003a7       0x32 .\CortexM0p\ARM_GCC_541\Debug\cy_device.o
 .ARM.attributes
                0x000003d9       0x32 Generated_Source\PSoC6\pdl\drivers\peripheral\crypto\libs\cy_crypto_server_gcc.a(cy_crypto_server.o)
 .ARM.attributes
                0x0000040b       0x32 Generated_Source\PSoC6\pdl\drivers\peripheral\crypto\libs\cy_crypto_server_gcc.a(cy_crypto_core_aes_v1.o)
 .ARM.attributes
                0x0000043d       0x32 Generated_Source\PSoC6\pdl\drivers\peripheral\crypto\libs\cy_crypto_server_gcc.a(cy_crypto_core_cmac_v1.o)
 .ARM.attributes
                0x0000046f       0x32 Generated_Source\PSoC6\pdl\drivers\peripheral\crypto\libs\cy_crypto_server_gcc.a(cy_crypto_core_hmac_v1.o)
 .ARM.attributes
                0x000004a1       0x32 Generated_Source\PSoC6\pdl\drivers\peripheral\crypto\libs\cy_crypto_server_gcc.a(cy_crypto_core_aes_v2.o)
 .ARM.attributes
                0x000004d3       0x32 Generated_Source\PSoC6\pdl\drivers\peripheral\crypto\libs\cy_crypto_server_gcc.a(cy_crypto_core_cmac_v2.o)
 .ARM.attributes
                0x00000505       0x32 Generated_Source\PSoC6\pdl\drivers\peripheral\crypto\libs\cy_crypto_server_gcc.a(cy_crypto_core_hmac_v2.o)
 .ARM.attributes
                0x00000537       0x32 Generated_Source\PSoC6\pdl\drivers\peripheral\crypto\libs\cy_crypto_server_gcc.a(cy_crypto_core_rsa.o)
 .ARM.attributes
                0x00000569       0x32 Generated_Source\PSoC6\pdl\drivers\peripheral\crypto\libs\cy_crypto_server_gcc.a(cy_crypto_core_crc_v1.o)
 .ARM.attributes
                0x0000059b       0x32 Generated_Source\PSoC6\pdl\drivers\peripheral\crypto\libs\cy_crypto_server_gcc.a(cy_crypto_core_des_v1.o)
 .ARM.attributes
                0x000005cd       0x32 Generated_Source\PSoC6\pdl\drivers\peripheral\crypto\libs\cy_crypto_server_gcc.a(cy_crypto_core_prng_v1.o)
 .ARM.attributes
                0x000005ff       0x32 Generated_Source\PSoC6\pdl\drivers\peripheral\crypto\libs\cy_crypto_server_gcc.a(cy_crypto_core_sha_v1.o)
 .ARM.attributes
                0x00000631       0x32 Generated_Source\PSoC6\pdl\drivers\peripheral\crypto\libs\cy_crypto_server_gcc.a(cy_crypto_core_mem_v1.o)
 .ARM.attributes
                0x00000663       0x32 Generated_Source\PSoC6\pdl\drivers\peripheral\crypto\libs\cy_crypto_server_gcc.a(cy_crypto_core_trng_v1.o)
 .ARM.attributes
                0x00000695       0x32 Generated_Source\PSoC6\pdl\drivers\peripheral\crypto\libs\cy_crypto_server_gcc.a(cy_crypto_core_hw_v1.o)
 .ARM.attributes
                0x000006c7       0x32 Generated_Source\PSoC6\pdl\drivers\peripheral\crypto\libs\cy_crypto_server_gcc.a(cy_crypto_core_crc_v2.o)
 .ARM.attributes
                0x000006f9       0x32 Generated_Source\PSoC6\pdl\drivers\peripheral\crypto\libs\cy_crypto_server_gcc.a(cy_crypto_core_des_v2.o)
 .ARM.attributes
                0x0000072b       0x32 Generated_Source\PSoC6\pdl\drivers\peripheral\crypto\libs\cy_crypto_server_gcc.a(cy_crypto_core_prng_v2.o)
 .ARM.attributes
                0x0000075d       0x32 Generated_Source\PSoC6\pdl\drivers\peripheral\crypto\libs\cy_crypto_server_gcc.a(cy_crypto_core_sha_v2.o)
 .ARM.attributes
                0x0000078f       0x32 Generated_Source\PSoC6\pdl\drivers\peripheral\crypto\libs\cy_crypto_server_gcc.a(cy_crypto_core_mem_v2.o)
 .ARM.attributes
                0x000007c1       0x32 Generated_Source\PSoC6\pdl\drivers\peripheral\crypto\libs\cy_crypto_server_gcc.a(cy_crypto_core_trng_v2.o)
 .ARM.attributes
                0x000007f3       0x32 Generated_Source\PSoC6\pdl\drivers\peripheral\crypto\libs\cy_crypto_server_gcc.a(cy_crypto_core_hw.o)
 .ARM.attributes
                0x00000825       0x32 Generated_Source\PSoC6\pdl\drivers\peripheral\crypto\libs\cy_crypto_server_gcc.a(cy_crypto_core_vu.o)
 .ARM.attributes
                0x00000857       0x1e c:/program files (x86)/cypress/psoc creator/4.4/psoc creator/import/gnu/arm/5.4.1/bin/../lib/gcc/arm-none-eabi/5.4.1/armv6-m\libgcc.a(_thumb1_case_uqi.o)
 .ARM.attributes
                0x00000875       0x1e c:/program files (x86)/cypress/psoc creator/4.4/psoc creator/import/gnu/arm/5.4.1/bin/../lib/gcc/arm-none-eabi/5.4.1/armv6-m\libgcc.a(_udivsi3.o)
 .ARM.attributes
                0x00000893       0x1e c:/program files (x86)/cypress/psoc creator/4.4/psoc creator/import/gnu/arm/5.4.1/bin/../lib/gcc/arm-none-eabi/5.4.1/armv6-m\libgcc.a(_dvmd_tls.o)
 .ARM.attributes
                0x000008b1       0x2c c:/program files (x86)/cypress/psoc creator/4.4/psoc creator/import/gnu/arm/5.4.1/bin/../lib/gcc/arm-none-eabi/5.4.1/../../../../arm-none-eabi/lib/armv6-m\libg_nano.a(lib_a-memcmp.o)
 .ARM.attributes
                0x000008dd       0x2c c:/program files (x86)/cypress/psoc creator/4.4/psoc creator/import/gnu/arm/5.4.1/bin/../lib/gcc/arm-none-eabi/5.4.1/../../../../arm-none-eabi/lib/armv6-m\libg_nano.a(lib_a-memcpy-stub.o)
 .ARM.attributes
                0x00000909       0x2c c:/program files (x86)/cypress/psoc creator/4.4/psoc creator/import/gnu/arm/5.4.1/bin/../lib/gcc/arm-none-eabi/5.4.1/../../../../arm-none-eabi/lib/armv6-m\libg_nano.a(lib_a-memset.o)
 .ARM.attributes
                0x00000935       0x2c c:/program files (x86)/cypress/psoc creator/4.4/psoc creator/import/gnu/arm/5.4.1/bin/../lib/gcc/arm-none-eabi/5.4.1/../../../../arm-none-eabi/lib/armv6-m\libg_nano.a(lib_a-strncpy.o)
 .ARM.attributes
                0x00000961       0x2c c:/program files (x86)/cypress/psoc creator/4.4/psoc creator/import/gnu/arm/5.4.1/bin/../lib/gcc/arm-none-eabi/5.4.1/armv6-m/crtend.o
 .ARM.attributes
                0x0000098d       0x1e c:/program files (x86)/cypress/psoc creator/4.4/psoc creator/import/gnu/arm/5.4.1/bin/../lib/gcc/arm-none-eabi/5.4.1/armv6-m/crtn.o

.comment        0x00000000       0xed
 .comment       0x00000000       0x6e .\CortexM0p\ARM_GCC_541\Debug\main_cm0p.o
                                 0x6f (size before relaxing)
 .comment       0x0000006e       0x6f .\CortexM0p\ARM_GCC_541\Debug\system_psoc6_cm0plus.o
 .comment       0x0000006e       0x6f .\CortexM0p\ARM_GCC_541\Debug\cyfitter_cfg.o
 .comment       0x0000006e       0x6f .\CortexM0p\ARM_GCC_541\Debug\cymetadata.o
 .comment       0x0000006e       0x6f .\CortexM0p\ARM_GCC_541\Debug\cy_flash.o
 .comment       0x0000006e       0x6f .\CortexM0p\ARM_GCC_541\Debug\cy_gpio.o
 .comment       0x0000006e       0x6f .\CortexM0p\ARM_GCC_541\Debug\cy_ipc_drv.o
 .comment       0x0000006e       0x6f .\CortexM0p\ARM_GCC_541\Debug\cy_ipc_sema.o
 .comment       0x0000006e       0x6f .\CortexM0p\ARM_GCC_541\Debug\cy_ipc_pipe.o
 .comment       0x0000006e       0x6f .\CortexM0p\ARM_GCC_541\Debug\cy_prot.o
 .comment       0x0000006e       0x6f .\CortexM0p\ARM_GCC_541\Debug\cy_sysclk.o
 .comment       0x0000006e       0x6f .\CortexM0p\ARM_GCC_541\Debug\cy_sysint.o
 .comment       0x0000006e       0x6f .\CortexM0p\ARM_GCC_541\Debug\cy_syslib.o
 .comment       0x0000006e       0x6f .\CortexM0p\ARM_GCC_541\Debug\cy_syspm.o
 .comment       0x0000006e       0x6f .\CortexM0p\ARM_GCC_541\Debug\cy_systick.o
 .comment       0x0000006e       0x6f .\CortexM0p\ARM_GCC_541\Debug\cy_wdt.o
 .comment       0x0000006e       0x6f .\CortexM0p\ARM_GCC_541\Debug\cy_device.o
 .comment       0x0000006e       0x7f Generated_Source\PSoC6\pdl\drivers\peripheral\crypto\libs\cy_crypto_server_gcc.a(cy_crypto_server.o)
                                 0x80 (size before relaxing)
 .comment       0x000000ed       0x80 Generated_Source\PSoC6\pdl\drivers\peripheral\crypto\libs\cy_crypto_server_gcc.a(cy_crypto_core_aes_v1.o)
 .comment       0x000000ed       0x80 Generated_Source\PSoC6\pdl\drivers\peripheral\crypto\libs\cy_crypto_server_gcc.a(cy_crypto_core_cmac_v1.o)
 .comment       0x000000ed       0x80 Generated_Source\PSoC6\pdl\drivers\peripheral\crypto\libs\cy_crypto_server_gcc.a(cy_crypto_core_hmac_v1.o)
 .comment       0x000000ed       0x80 Generated_Source\PSoC6\pdl\drivers\peripheral\crypto\libs\cy_crypto_server_gcc.a(cy_crypto_core_aes_v2.o)
 .comment       0x000000ed       0x80 Generated_Source\PSoC6\pdl\drivers\peripheral\crypto\libs\cy_crypto_server_gcc.a(cy_crypto_core_cmac_v2.o)
 .comment       0x000000ed       0x80 Generated_Source\PSoC6\pdl\drivers\peripheral\crypto\libs\cy_crypto_server_gcc.a(cy_crypto_core_hmac_v2.o)
 .comment       0x000000ed       0x80 Generated_Source\PSoC6\pdl\drivers\peripheral\crypto\libs\cy_crypto_server_gcc.a(cy_crypto_core_rsa.o)
 .comment       0x000000ed       0x80 Generated_Source\PSoC6\pdl\drivers\peripheral\crypto\libs\cy_crypto_server_gcc.a(cy_crypto_core_crc_v1.o)
 .comment       0x000000ed       0x80 Generated_Source\PSoC6\pdl\drivers\peripheral\crypto\libs\cy_crypto_server_gcc.a(cy_crypto_core_des_v1.o)
 .comment       0x000000ed       0x80 Generated_Source\PSoC6\pdl\drivers\peripheral\crypto\libs\cy_crypto_server_gcc.a(cy_crypto_core_prng_v1.o)
 .comment       0x000000ed       0x80 Generated_Source\PSoC6\pdl\drivers\peripheral\crypto\libs\cy_crypto_server_gcc.a(cy_crypto_core_sha_v1.o)
 .comment       0x000000ed       0x80 Generated_Source\PSoC6\pdl\drivers\peripheral\crypto\libs\cy_crypto_server_gcc.a(cy_crypto_core_mem_v1.o)
 .comment       0x000000ed       0x80 Generated_Source\PSoC6\pdl\drivers\peripheral\crypto\libs\cy_crypto_server_gcc.a(cy_crypto_core_trng_v1.o)
 .comment       0x000000ed       0x80 Generated_Source\PSoC6\pdl\drivers\peripheral\crypto\libs\cy_crypto_server_gcc.a(cy_crypto_core_hw_v1.o)
 .comment       0x000000ed       0x80 Generated_Source\PSoC6\pdl\drivers\peripheral\crypto\libs\cy_crypto_server_gcc.a(cy_crypto_core_crc_v2.o)
 .comment       0x000000ed       0x80 Generated_Source\PSoC6\pdl\drivers\peripheral\crypto\libs\cy_crypto_server_gcc.a(cy_crypto_core_des_v2.o)
 .comment       0x000000ed       0x80 Generated_Source\PSoC6\pdl\drivers\peripheral\crypto\libs\cy_crypto_server_gcc.a(cy_crypto_core_prng_v2.o)
 .comment       0x000000ed       0x80 Generated_Source\PSoC6\pdl\drivers\peripheral\crypto\libs\cy_crypto_server_gcc.a(cy_crypto_core_sha_v2.o)
 .comment       0x000000ed       0x80 Generated_Source\PSoC6\pdl\drivers\peripheral\crypto\libs\cy_crypto_server_gcc.a(cy_crypto_core_mem_v2.o)
 .comment       0x000000ed       0x80 Generated_Source\PSoC6\pdl\drivers\peripheral\crypto\libs\cy_crypto_server_gcc.a(cy_crypto_core_trng_v2.o)
 .comment       0x000000ed       0x80 Generated_Source\PSoC6\pdl\drivers\peripheral\crypto\libs\cy_crypto_server_gcc.a(cy_crypto_core_hw.o)
 .comment       0x000000ed       0x80 Generated_Source\PSoC6\pdl\drivers\peripheral\crypto\libs\cy_crypto_server_gcc.a(cy_crypto_core_vu.o)

.debug_line     0x00000000     0x5872
 .debug_line    0x00000000       0x92 .\CortexM0p\ARM_GCC_541\Debug\startup_psoc6_01_cm0plus.o
 .debug_line    0x00000092      0x413 .\CortexM0p\ARM_GCC_541\Debug\main_cm0p.o
 .debug_line    0x000004a5      0x4cb .\CortexM0p\ARM_GCC_541\Debug\system_psoc6_cm0plus.o
 .debug_line    0x00000970      0x5dc .\CortexM0p\ARM_GCC_541\Debug\cyfitter_cfg.o
 .debug_line    0x00000f4c      0x141 .\CortexM0p\ARM_GCC_541\Debug\cymetadata.o
 .debug_line    0x0000108d      0x6f2 .\CortexM0p\ARM_GCC_541\Debug\cy_flash.o
 .debug_line    0x0000177f      0x4b4 .\CortexM0p\ARM_GCC_541\Debug\cy_gpio.o
 .debug_line    0x00001c33      0x307 .\CortexM0p\ARM_GCC_541\Debug\cy_ipc_drv.o
 .debug_line    0x00001f3a      0x3c9 .\CortexM0p\ARM_GCC_541\Debug\cy_ipc_sema.o
 .debug_line    0x00002303      0x589 .\CortexM0p\ARM_GCC_541\Debug\cy_ipc_pipe.o
 .debug_line    0x0000288c      0xb20 .\CortexM0p\ARM_GCC_541\Debug\cy_prot.o
 .debug_line    0x000033ac      0x9ff .\CortexM0p\ARM_GCC_541\Debug\cy_sysclk.o
 .debug_line    0x00003dab      0x3bd .\CortexM0p\ARM_GCC_541\Debug\cy_sysint.o
 .debug_line    0x00004168      0x4b8 .\CortexM0p\ARM_GCC_541\Debug\cy_syslib.o
 .debug_line    0x00004620       0x89 .\CortexM0p\ARM_GCC_541\Debug\cy_syslib_gcc.o
 .debug_line    0x000046a9      0xa4c .\CortexM0p\ARM_GCC_541\Debug\cy_syspm.o
 .debug_line    0x000050f5      0x31b .\CortexM0p\ARM_GCC_541\Debug\cy_systick.o
 .debug_line    0x00005410      0x2e3 .\CortexM0p\ARM_GCC_541\Debug\cy_wdt.o
 .debug_line    0x000056f3      0x17f .\CortexM0p\ARM_GCC_541\Debug\cy_device.o

.debug_info     0x00000000    0x1afe0
 .debug_info    0x00000000       0x90 .\CortexM0p\ARM_GCC_541\Debug\startup_psoc6_01_cm0plus.o
 .debug_info    0x00000090     0x101e .\CortexM0p\ARM_GCC_541\Debug\main_cm0p.o
 .debug_info    0x000010ae     0x21bb .\CortexM0p\ARM_GCC_541\Debug\system_psoc6_cm0plus.o
 .debug_info    0x00003269     0x2908 .\CortexM0p\ARM_GCC_541\Debug\cyfitter_cfg.o
 .debug_info    0x00005b71       0xac .\CortexM0p\ARM_GCC_541\Debug\cymetadata.o
 .debug_info    0x00005c1d     0x2393 .\CortexM0p\ARM_GCC_541\Debug\cy_flash.o
 .debug_info    0x00007fb0     0x238e .\CortexM0p\ARM_GCC_541\Debug\cy_gpio.o
 .debug_info    0x0000a33e      0x8df .\CortexM0p\ARM_GCC_541\Debug\cy_ipc_drv.o
 .debug_info    0x0000ac1d      0xbf9 .\CortexM0p\ARM_GCC_541\Debug\cy_ipc_sema.o
 .debug_info    0x0000b816     0x19e8 .\CortexM0p\ARM_GCC_541\Debug\cy_ipc_pipe.o
 .debug_info    0x0000d1fe     0x2b76 .\CortexM0p\ARM_GCC_541\Debug\cy_prot.o
 .debug_info    0x0000fd74     0x21b4 .\CortexM0p\ARM_GCC_541\Debug\cy_sysclk.o
 .debug_info    0x00011f28     0x1af4 .\CortexM0p\ARM_GCC_541\Debug\cy_sysint.o
 .debug_info    0x00013a1c     0x20bb .\CortexM0p\ARM_GCC_541\Debug\cy_syslib.o
 .debug_info    0x00015ad7       0xba .\CortexM0p\ARM_GCC_541\Debug\cy_syslib_gcc.o
 .debug_info    0x00015b91     0x3ef3 .\CortexM0p\ARM_GCC_541\Debug\cy_syspm.o
 .debug_info    0x00019a84      0x7fc .\CortexM0p\ARM_GCC_541\Debug\cy_systick.o
 .debug_info    0x0001a280      0x80f .\CortexM0p\ARM_GCC_541\Debug\cy_wdt.o
 .debug_info    0x0001aa8f      0x551 .\CortexM0p\ARM_GCC_541\Debug\cy_device.o

.debug_abbrev   0x00000000     0x25fb
 .debug_abbrev  0x00000000       0x14 .\CortexM0p\ARM_GCC_541\Debug\startup_psoc6_01_cm0plus.o
 .debug_abbrev  0x00000014      0x1d0 .\CortexM0p\ARM_GCC_541\Debug\main_cm0p.o
 .debug_abbrev  0x000001e4      0x272 .\CortexM0p\ARM_GCC_541\Debug\system_psoc6_cm0plus.o
 .debug_abbrev  0x00000456      0x337 .\CortexM0p\ARM_GCC_541\Debug\cyfitter_cfg.o
 .debug_abbrev  0x0000078d       0x5d .\CortexM0p\ARM_GCC_541\Debug\cymetadata.o
 .debug_abbrev  0x000007ea      0x313 .\CortexM0p\ARM_GCC_541\Debug\cy_flash.o
 .debug_abbrev  0x00000afd      0x250 .\CortexM0p\ARM_GCC_541\Debug\cy_gpio.o
 .debug_abbrev  0x00000d4d      0x177 .\CortexM0p\ARM_GCC_541\Debug\cy_ipc_drv.o
 .debug_abbrev  0x00000ec4      0x208 .\CortexM0p\ARM_GCC_541\Debug\cy_ipc_sema.o
 .debug_abbrev  0x000010cc      0x31a .\CortexM0p\ARM_GCC_541\Debug\cy_ipc_pipe.o
 .debug_abbrev  0x000013e6      0x213 .\CortexM0p\ARM_GCC_541\Debug\cy_prot.o
 .debug_abbrev  0x000015f9      0x36d .\CortexM0p\ARM_GCC_541\Debug\cy_sysclk.o
 .debug_abbrev  0x00001966      0x274 .\CortexM0p\ARM_GCC_541\Debug\cy_sysint.o
 .debug_abbrev  0x00001bda      0x30d .\CortexM0p\ARM_GCC_541\Debug\cy_syslib.o
 .debug_abbrev  0x00001ee7       0x14 .\CortexM0p\ARM_GCC_541\Debug\cy_syslib_gcc.o
 .debug_abbrev  0x00001efb      0x30f .\CortexM0p\ARM_GCC_541\Debug\cy_syspm.o
 .debug_abbrev  0x0000220a      0x203 .\CortexM0p\ARM_GCC_541\Debug\cy_systick.o
 .debug_abbrev  0x0000240d      0x151 .\CortexM0p\ARM_GCC_541\Debug\cy_wdt.o
 .debug_abbrev  0x0000255e       0x9d .\CortexM0p\ARM_GCC_541\Debug\cy_device.o

.debug_aranges  0x00000000      0x808
 .debug_aranges
                0x00000000       0x20 .\CortexM0p\ARM_GCC_541\Debug\startup_psoc6_01_cm0plus.o
 .debug_aranges
                0x00000020       0x20 .\CortexM0p\ARM_GCC_541\Debug\main_cm0p.o
 .debug_aranges
                0x00000040       0x60 .\CortexM0p\ARM_GCC_541\Debug\system_psoc6_cm0plus.o
 .debug_aranges
                0x000000a0       0x50 .\CortexM0p\ARM_GCC_541\Debug\cyfitter_cfg.o
 .debug_aranges
                0x000000f0       0x18 .\CortexM0p\ARM_GCC_541\Debug\cymetadata.o
 .debug_aranges
                0x00000108       0xb0 .\CortexM0p\ARM_GCC_541\Debug\cy_flash.o
 .debug_aranges
                0x000001b8       0x48 .\CortexM0p\ARM_GCC_541\Debug\cy_gpio.o
 .debug_aranges
                0x00000200       0x30 .\CortexM0p\ARM_GCC_541\Debug\cy_ipc_drv.o
 .debug_aranges
                0x00000230       0x48 .\CortexM0p\ARM_GCC_541\Debug\cy_ipc_sema.o
 .debug_aranges
                0x00000278       0x68 .\CortexM0p\ARM_GCC_541\Debug\cy_ipc_pipe.o
 .debug_aranges
                0x000002e0      0x198 .\CortexM0p\ARM_GCC_541\Debug\cy_prot.o
 .debug_aranges
                0x00000478       0xb0 .\CortexM0p\ARM_GCC_541\Debug\cy_sysclk.o
 .debug_aranges
                0x00000528       0x58 .\CortexM0p\ARM_GCC_541\Debug\cy_sysint.o
 .debug_aranges
                0x00000580       0x80 .\CortexM0p\ARM_GCC_541\Debug\cy_syslib.o
 .debug_aranges
                0x00000600       0x20 .\CortexM0p\ARM_GCC_541\Debug\cy_syslib_gcc.o
 .debug_aranges
                0x00000620      0x118 .\CortexM0p\ARM_GCC_541\Debug\cy_syspm.o
 .debug_aranges
                0x00000738       0x58 .\CortexM0p\ARM_GCC_541\Debug\cy_systick.o
 .debug_aranges
                0x00000790       0x58 .\CortexM0p\ARM_GCC_541\Debug\cy_wdt.o
 .debug_aranges
                0x000007e8       0x20 .\CortexM0p\ARM_GCC_541\Debug\cy_device.o

.debug_ranges   0x00000000      0x798
 .debug_ranges  0x00000000       0x10 .\CortexM0p\ARM_GCC_541\Debug\main_cm0p.o
 .debug_ranges  0x00000010       0x68 .\CortexM0p\ARM_GCC_541\Debug\system_psoc6_cm0plus.o
 .debug_ranges  0x00000078       0x40 .\CortexM0p\ARM_GCC_541\Debug\cyfitter_cfg.o
 .debug_ranges  0x000000b8       0xc8 .\CortexM0p\ARM_GCC_541\Debug\cy_flash.o
 .debug_ranges  0x00000180       0x38 .\CortexM0p\ARM_GCC_541\Debug\cy_gpio.o
 .debug_ranges  0x000001b8       0x20 .\CortexM0p\ARM_GCC_541\Debug\cy_ipc_drv.o
 .debug_ranges  0x000001d8       0x38 .\CortexM0p\ARM_GCC_541\Debug\cy_ipc_sema.o
 .debug_ranges  0x00000210       0x58 .\CortexM0p\ARM_GCC_541\Debug\cy_ipc_pipe.o
 .debug_ranges  0x00000268      0x188 .\CortexM0p\ARM_GCC_541\Debug\cy_prot.o
 .debug_ranges  0x000003f0      0x118 .\CortexM0p\ARM_GCC_541\Debug\cy_sysclk.o
 .debug_ranges  0x00000508       0x48 .\CortexM0p\ARM_GCC_541\Debug\cy_sysint.o
 .debug_ranges  0x00000550       0x70 .\CortexM0p\ARM_GCC_541\Debug\cy_syslib.o
 .debug_ranges  0x000005c0      0x138 .\CortexM0p\ARM_GCC_541\Debug\cy_syspm.o
 .debug_ranges  0x000006f8       0x48 .\CortexM0p\ARM_GCC_541\Debug\cy_systick.o
 .debug_ranges  0x00000740       0x48 .\CortexM0p\ARM_GCC_541\Debug\cy_wdt.o
 .debug_ranges  0x00000788       0x10 .\CortexM0p\ARM_GCC_541\Debug\cy_device.o

.debug_str      0x00000000     0xba90
 .debug_str     0x00000000     0x1f72 .\CortexM0p\ARM_GCC_541\Debug\main_cm0p.o
                               0x1fd9 (size before relaxing)
 .debug_str     0x00001f72     0x120c .\CortexM0p\ARM_GCC_541\Debug\system_psoc6_cm0plus.o
                               0x1de7 (size before relaxing)
 .debug_str     0x0000317e     0x17e6 .\CortexM0p\ARM_GCC_541\Debug\cyfitter_cfg.o
                               0x241f (size before relaxing)
 .debug_str     0x00004964       0x30 .\CortexM0p\ARM_GCC_541\Debug\cymetadata.o
                                0x1aa (size before relaxing)
 .debug_str     0x00004994     0x1030 .\CortexM0p\ARM_GCC_541\Debug\cy_flash.o
                               0x1d0d (size before relaxing)
 .debug_str     0x000059c4     0x2e86 .\CortexM0p\ARM_GCC_541\Debug\cy_gpio.o
                               0x3704 (size before relaxing)
 .debug_str     0x0000884a       0xfd .\CortexM0p\ARM_GCC_541\Debug\cy_ipc_drv.o
                                0x94c (size before relaxing)
 .debug_str     0x00008947       0xd5 .\CortexM0p\ARM_GCC_541\Debug\cy_ipc_sema.o
                                0xb39 (size before relaxing)
 .debug_str     0x00008a1c      0x356 .\CortexM0p\ARM_GCC_541\Debug\cy_ipc_pipe.o
                               0x2210 (size before relaxing)
 .debug_str     0x00008d72      0xe0c .\CortexM0p\ARM_GCC_541\Debug\cy_prot.o
                               0x16c4 (size before relaxing)
 .debug_str     0x00009b7e      0x6b5 .\CortexM0p\ARM_GCC_541\Debug\cy_sysclk.o
                               0x1e69 (size before relaxing)
 .debug_str     0x0000a233      0x39f .\CortexM0p\ARM_GCC_541\Debug\cy_sysint.o
                               0x2057 (size before relaxing)
 .debug_str     0x0000a5d2      0x23c .\CortexM0p\ARM_GCC_541\Debug\cy_syslib.o
                               0x1b02 (size before relaxing)
 .debug_str     0x0000a80e      0xf81 .\CortexM0p\ARM_GCC_541\Debug\cy_syspm.o
                               0x2aed (size before relaxing)
 .debug_str     0x0000b78f      0x1e5 .\CortexM0p\ARM_GCC_541\Debug\cy_systick.o
                                0xa06 (size before relaxing)
 .debug_str     0x0000b974       0xbf .\CortexM0p\ARM_GCC_541\Debug\cy_wdt.o
                                0x6e9 (size before relaxing)
 .debug_str     0x0000ba33       0x5d .\CortexM0p\ARM_GCC_541\Debug\cy_device.o
                                0x7b8 (size before relaxing)

.debug_frame    0x00000000     0x17ec
 .debug_frame   0x00000000       0x2c .\CortexM0p\ARM_GCC_541\Debug\main_cm0p.o
 .debug_frame   0x0000002c       0xfc .\CortexM0p\ARM_GCC_541\Debug\system_psoc6_cm0plus.o
 .debug_frame   0x00000128       0xd0 .\CortexM0p\ARM_GCC_541\Debug\cyfitter_cfg.o
 .debug_frame   0x000001f8      0x218 .\CortexM0p\ARM_GCC_541\Debug\cy_flash.o
 .debug_frame   0x00000410       0xec .\CortexM0p\ARM_GCC_541\Debug\cy_gpio.o
 .debug_frame   0x000004fc       0x70 .\CortexM0p\ARM_GCC_541\Debug\cy_ipc_drv.o
 .debug_frame   0x0000056c       0xbc .\CortexM0p\ARM_GCC_541\Debug\cy_ipc_sema.o
 .debug_frame   0x00000628      0x150 .\CortexM0p\ARM_GCC_541\Debug\cy_ipc_pipe.o
 .debug_frame   0x00000778      0x5b8 .\CortexM0p\ARM_GCC_541\Debug\cy_prot.o
 .debug_frame   0x00000d30      0x298 .\CortexM0p\ARM_GCC_541\Debug\cy_sysclk.o
 .debug_frame   0x00000fc8       0xe4 .\CortexM0p\ARM_GCC_541\Debug\cy_sysint.o
 .debug_frame   0x000010ac      0x138 .\CortexM0p\ARM_GCC_541\Debug\cy_syslib.o
 .debug_frame   0x000011e4      0x3bc .\CortexM0p\ARM_GCC_541\Debug\cy_syspm.o
 .debug_frame   0x000015a0       0xac .\CortexM0p\ARM_GCC_541\Debug\cy_systick.o
 .debug_frame   0x0000164c       0xc0 .\CortexM0p\ARM_GCC_541\Debug\cy_wdt.o
 .debug_frame   0x0000170c       0x20 .\CortexM0p\ARM_GCC_541\Debug\cy_device.o
 .debug_frame   0x0000172c       0x20 c:/program files (x86)/cypress/psoc creator/4.4/psoc creator/import/gnu/arm/5.4.1/bin/../lib/gcc/arm-none-eabi/5.4.1/armv6-m\libgcc.a(_udivsi3.o)
 .debug_frame   0x0000174c       0x2c c:/program files (x86)/cypress/psoc creator/4.4/psoc creator/import/gnu/arm/5.4.1/bin/../lib/gcc/arm-none-eabi/5.4.1/../../../../arm-none-eabi/lib/armv6-m\libg_nano.a(lib_a-memcmp.o)
 .debug_frame   0x00001778       0x28 c:/program files (x86)/cypress/psoc creator/4.4/psoc creator/import/gnu/arm/5.4.1/bin/../lib/gcc/arm-none-eabi/5.4.1/../../../../arm-none-eabi/lib/armv6-m\libg_nano.a(lib_a-memcpy-stub.o)
 .debug_frame   0x000017a0       0x20 c:/program files (x86)/cypress/psoc creator/4.4/psoc creator/import/gnu/arm/5.4.1/bin/../lib/gcc/arm-none-eabi/5.4.1/../../../../arm-none-eabi/lib/armv6-m\libg_nano.a(lib_a-memset.o)
 .debug_frame   0x000017c0       0x2c c:/program files (x86)/cypress/psoc creator/4.4/psoc creator/import/gnu/arm/5.4.1/bin/../lib/gcc/arm-none-eabi/5.4.1/../../../../arm-none-eabi/lib/armv6-m\libg_nano.a(lib_a-strncpy.o)

.debug_loc      0x00000000     0x7bcd
 .debug_loc     0x00000000      0x358 .\CortexM0p\ARM_GCC_541\Debug\system_psoc6_cm0plus.o
 .debug_loc     0x00000358      0x76c .\CortexM0p\ARM_GCC_541\Debug\cyfitter_cfg.o
 .debug_loc     0x00000ac4      0xd3c .\CortexM0p\ARM_GCC_541\Debug\cy_flash.o
 .debug_loc     0x00001800      0x815 .\CortexM0p\ARM_GCC_541\Debug\cy_gpio.o
 .debug_loc     0x00002015      0x303 .\CortexM0p\ARM_GCC_541\Debug\cy_ipc_drv.o
 .debug_loc     0x00002318      0x7fa .\CortexM0p\ARM_GCC_541\Debug\cy_ipc_sema.o
 .debug_loc     0x00002b12      0x778 .\CortexM0p\ARM_GCC_541\Debug\cy_ipc_pipe.o
 .debug_loc     0x0000328a     0x1858 .\CortexM0p\ARM_GCC_541\Debug\cy_prot.o
 .debug_loc     0x00004ae2     0x18e7 .\CortexM0p\ARM_GCC_541\Debug\cy_sysclk.o
 .debug_loc     0x000063c9      0x4bc .\CortexM0p\ARM_GCC_541\Debug\cy_sysint.o
 .debug_loc     0x00006885      0x239 .\CortexM0p\ARM_GCC_541\Debug\cy_syslib.o
 .debug_loc     0x00006abe      0xf1d .\CortexM0p\ARM_GCC_541\Debug\cy_syspm.o
 .debug_loc     0x000079db      0x19a .\CortexM0p\ARM_GCC_541\Debug\cy_systick.o
 .debug_loc     0x00007b75       0x58 .\CortexM0p\ARM_GCC_541\Debug\cy_wdt.o
