Archive member included to satisfy reference by file (symbol)

Generated_Source\PSoC6\pdl\drivers\peripheral\crypto\libs\cy_crypto_client_gcc.a(cy_crypto.o)
                              .\CortexM4\ARM_GCC_541\Debug\main_cm4.o (Cy_Crypto_Sync)
c:/program files (x86)/cypress/psoc creator/4.4/psoc creator/import/gnu/arm/5.4.1/bin/../lib/gcc/arm-none-eabi/5.4.1/armv7e-m/softfp\libgcc.a(_arm_addsubdf3.o)
                              .\CortexM4\ARM_GCC_541\Debug\main_cm4.o (__aeabi_dsub)
c:/program files (x86)/cypress/psoc creator/4.4/psoc creator/import/gnu/arm/5.4.1/bin/../lib/gcc/arm-none-eabi/5.4.1/armv7e-m/softfp\libgcc.a(_arm_muldivdf3.o)
                              .\CortexM4\ARM_GCC_541\Debug\main_cm4.o (__aeabi_dmul)
c:/program files (x86)/cypress/psoc creator/4.4/psoc creator/import/gnu/arm/5.4.1/bin/../lib/gcc/arm-none-eabi/5.4.1/armv7e-m/softfp\libgcc.a(_arm_fixdfsi.o)
                              .\CortexM4\ARM_GCC_541\Debug\bq34z100.o (__aeabi_d2iz)
c:/program files (x86)/cypress/psoc creator/4.4/psoc creator/import/gnu/arm/5.4.1/bin/../lib/gcc/arm-none-eabi/5.4.1/armv7e-m/softfp\libgcc.a(_arm_fixunsdfsi.o)
                              .\CortexM4\ARM_GCC_541\Debug\cy_sysclk.o (__aeabi_d2uiz)
c:/program files (x86)/cypress/psoc creator/4.4/psoc creator/import/gnu/arm/5.4.1/bin/../lib/gcc/arm-none-eabi/5.4.1/armv7e-m/softfp\libgcc.a(_arm_truncdfsf2.o)
                              .\CortexM4\ARM_GCC_541\Debug\main_cm4.o (__aeabi_d2f)
c:/program files (x86)/cypress/psoc creator/4.4/psoc creator/import/gnu/arm/5.4.1/bin/../lib/gcc/arm-none-eabi/5.4.1/armv7e-m/softfp\libgcc.a(_aeabi_ldivmod.o)
                              .\CortexM4\ARM_GCC_541\Debug\cy_sar.o (__aeabi_ldivmod)
c:/program files (x86)/cypress/psoc creator/4.4/psoc creator/import/gnu/arm/5.4.1/bin/../lib/gcc/arm-none-eabi/5.4.1/armv7e-m/softfp\libgcc.a(_aeabi_uldivmod.o)
                              .\CortexM4\ARM_GCC_541\Debug\cy_sysclk.o (__aeabi_uldivmod)
c:/program files (x86)/cypress/psoc creator/4.4/psoc creator/import/gnu/arm/5.4.1/bin/../lib/gcc/arm-none-eabi/5.4.1/armv7e-m/softfp\libgcc.a(_udivmoddi4.o)
                              c:/program files (x86)/cypress/psoc creator/4.4/psoc creator/import/gnu/arm/5.4.1/bin/../lib/gcc/arm-none-eabi/5.4.1/armv7e-m/softfp\libgcc.a(_aeabi_ldivmod.o) (__udivmoddi4)
c:/program files (x86)/cypress/psoc creator/4.4/psoc creator/import/gnu/arm/5.4.1/bin/../lib/gcc/arm-none-eabi/5.4.1/armv7e-m/softfp\libgcc.a(_dvmd_tls.o)
                              c:/program files (x86)/cypress/psoc creator/4.4/psoc creator/import/gnu/arm/5.4.1/bin/../lib/gcc/arm-none-eabi/5.4.1/armv7e-m/softfp\libgcc.a(_aeabi_ldivmod.o) (__aeabi_ldiv0)
c:/program files (x86)/cypress/psoc creator/4.4/psoc creator/import/gnu/arm/5.4.1/bin/../lib/gcc/arm-none-eabi/5.4.1/../../../../arm-none-eabi/lib/armv7e-m/softfp\libg_nano.a(lib_a-exit.o)
                              c:/program files (x86)/cypress/psoc creator/4.4/psoc creator/import/gnu/arm/5.4.1/bin/../lib/gcc/arm-none-eabi/5.4.1/../../../../arm-none-eabi/lib/armv7e-m/softfp/crt0.o (exit)
c:/program files (x86)/cypress/psoc creator/4.4/psoc creator/import/gnu/arm/5.4.1/bin/../lib/gcc/arm-none-eabi/5.4.1/../../../../arm-none-eabi/lib/armv7e-m/softfp\libg_nano.a(lib_a-impure.o)
                              c:/program files (x86)/cypress/psoc creator/4.4/psoc creator/import/gnu/arm/5.4.1/bin/../lib/gcc/arm-none-eabi/5.4.1/../../../../arm-none-eabi/lib/armv7e-m/softfp\libg_nano.a(lib_a-exit.o) (_global_impure_ptr)
c:/program files (x86)/cypress/psoc creator/4.4/psoc creator/import/gnu/arm/5.4.1/bin/../lib/gcc/arm-none-eabi/5.4.1/../../../../arm-none-eabi/lib/armv7e-m/softfp\libg_nano.a(lib_a-init.o)
                              c:/program files (x86)/cypress/psoc creator/4.4/psoc creator/import/gnu/arm/5.4.1/bin/../lib/gcc/arm-none-eabi/5.4.1/../../../../arm-none-eabi/lib/armv7e-m/softfp/crt0.o (__libc_init_array)
c:/program files (x86)/cypress/psoc creator/4.4/psoc creator/import/gnu/arm/5.4.1/bin/../lib/gcc/arm-none-eabi/5.4.1/../../../../arm-none-eabi/lib/armv7e-m/softfp\libg_nano.a(lib_a-memcpy-stub.o)
                              .\CortexM4\ARM_GCC_541\Debug\main_cm4.o (memcpy)
c:/program files (x86)/cypress/psoc creator/4.4/psoc creator/import/gnu/arm/5.4.1/bin/../lib/gcc/arm-none-eabi/5.4.1/../../../../arm-none-eabi/lib/armv7e-m/softfp\libg_nano.a(lib_a-memset.o)
                              c:/program files (x86)/cypress/psoc creator/4.4/psoc creator/import/gnu/arm/5.4.1/bin/../lib/gcc/arm-none-eabi/5.4.1/../../../../arm-none-eabi/lib/armv7e-m/softfp/crt0.o (memset)
c:/program files (x86)/cypress/psoc creator/4.4/psoc creator/import/gnu/arm/5.4.1/bin/../lib/gcc/arm-none-eabi/5.4.1/../../../../arm-none-eabi/lib/armv7e-m/softfp\libg_nano.a(lib_a-nano-vfprintf_float.o)
                              .\CortexM4\ARM_GCC_541\Debug\retarget.o (_printf_float)
[...]
Memory Configuration

Name             Origin             Length             Attributes
ram              0x08024000         0x00023800         xrw
flash            0x10080000         0x00080000         xr
em_eeprom        0x14000000         0x00008000         xr
sflash_user_data 0x16000800         0x00000800         xr
sflash_nar       0x16001a00         0x00000200         xr
sflash_public_key 0x16005a00         0x00000c00         xr
sflash_toc_2     0x16007c00         0x00000200         xr
sflash_rtoc_2    0x16007e00         0x00000200         xr
xip              0x18000000         0x08000000         xr
efuse            0x90700000         0x00100000         r
*default*        0x00000000         0xffffffff

Linker script and memory map

LOAD c:/program files (x86)/cypress/psoc creator/4.4/psoc creator/import/gnu/arm/5.4.1/bin/../lib/gcc/arm-none-eabi/5.4.1/armv7e-m/softfp/crti.o
LOAD c:/program files (x86)/cypress/psoc creator/4.4/psoc creator/import/gnu/arm/5.4.1/bin/../lib/gcc/arm-none-eabi/5.4.1/armv7e-m/softfp/crtbegin.o
LOAD c:/program files (x86)/cypress/psoc creator/4.4/psoc creator/import/gnu/arm/5.4.1/bin/../lib/gcc/arm-none-eabi/5.4.1/../../../../arm-none-eabi/lib/armv7e-m/softfp/crt0.o
START GROUP
LOAD Generated_Source\PSoC6\pdl\drivers\peripheral\crypto\libs\cy_crypto_client_gcc.a
LOAD Generated_Source\PSoC6\pdl\drivers\peripheral\crypto\libs\cy_crypto_server_gcc.a
LOAD .\CortexM4\ARM_GCC_541\Debug\startup_psoc6_01_cm4.o
LOAD .\CortexM4\ARM_GCC_541\Debug\main_cm4.o
LOAD .\CortexM4\ARM_GCC_541\Debug\system_psoc6_cm4.o
LOAD .\CortexM4\ARM_GCC_541\Debug\ADPD1080.o
LOAD .\CortexM4\ARM_GCC_541\Debug\bq34z100.o
LOAD .\CortexM4\ARM_GCC_541\Debug\stdio_user.o
LOAD .\CortexM4\ARM_GCC_541\Debug\cyfitter_sysint_cfg.o
LOAD .\CortexM4\ARM_GCC_541\Debug\cymetadata.o
LOAD .\CortexM4\ARM_GCC_541\Debug\I2C.o
LOAD .\CortexM4\ARM_GCC_541\Debug\I2C_BOOT.o
LOAD .\CortexM4\ARM_GCC_541\Debug\I2C_INT.o
LOAD .\CortexM4\ARM_GCC_541\Debug\I2C_PM.o
LOAD .\CortexM4\ARM_GCC_541\Debug\I2C_SLAVE.o
LOAD .\CortexM4\ARM_GCC_541\Debug\I2C_MASTER.o
LOAD .\CortexM4\ARM_GCC_541\Debug\cy_efuse.o
LOAD .\CortexM4\ARM_GCC_541\Debug\cy_flash.o
LOAD .\CortexM4\ARM_GCC_541\Debug\cy_gpio.o
LOAD .\CortexM4\ARM_GCC_541\Debug\cy_ipc_drv.o
LOAD .\CortexM4\ARM_GCC_541\Debug\cy_ipc_sema.o
LOAD .\CortexM4\ARM_GCC_541\Debug\cy_ipc_pipe.o
LOAD .\CortexM4\ARM_GCC_541\Debug\cy_lvd.o
LOAD .\CortexM4\ARM_GCC_541\Debug\cy_profile.o
LOAD .\CortexM4\ARM_GCC_541\Debug\cy_prot.o
LOAD .\CortexM4\ARM_GCC_541\Debug\cy_sysanalog.o
LOAD .\CortexM4\ARM_GCC_541\Debug\cy_sysclk.o
LOAD .\CortexM4\ARM_GCC_541\Debug\cy_sysint.o
LOAD .\CortexM4\ARM_GCC_541\Debug\cy_syslib.o
LOAD .\CortexM4\ARM_GCC_541\Debug\cy_syslib_gcc.o
LOAD .\CortexM4\ARM_GCC_541\Debug\cy_syspm.o
LOAD .\CortexM4\ARM_GCC_541\Debug\cy_systick.o
LOAD .\CortexM4\ARM_GCC_541\Debug\cy_trigmux.o
LOAD .\CortexM4\ARM_GCC_541\Debug\cy_wdt.o
LOAD .\CortexM4\ARM_GCC_541\Debug\cy_device.o
LOAD .\CortexM4\ARM_GCC_541\Debug\cy_scb_common.o
LOAD .\CortexM4\ARM_GCC_541\Debug\cy_scb_i2c.o
LOAD .\CortexM4\ARM_GCC_541\Debug\cy_scb_ezi2c.o
LOAD .\CortexM4\ARM_GCC_541\Debug\cy_scb_spi.o
LOAD .\CortexM4\ARM_GCC_541\Debug\cy_scb_uart.o
LOAD .\CortexM4\ARM_GCC_541\Debug\cy_sar.o
LOAD .\CortexM4\ARM_GCC_541\Debug\cy_tcpwm_counter.o
LOAD .\CortexM4\ARM_GCC_541\Debug\cy_tcpwm_pwm.o
LOAD .\CortexM4\ARM_GCC_541\Debug\cy_tcpwm_quaddec.o
LOAD .\CortexM4\ARM_GCC_541\Debug\cy_ctb.o
LOAD .\CortexM4\ARM_GCC_541\Debug\cy_ctdac.o
LOAD .\CortexM4\ARM_GCC_541\Debug\cy_ble_clk.o
LOAD .\CortexM4\ARM_GCC_541\Debug\croutine.o
LOAD .\CortexM4\ARM_GCC_541\Debug\event_groups.o
LOAD .\CortexM4\ARM_GCC_541\Debug\list.o
LOAD .\CortexM4\ARM_GCC_541\Debug\queue.o
LOAD .\CortexM4\ARM_GCC_541\Debug\tasks.o
LOAD .\CortexM4\ARM_GCC_541\Debug\timers.o
LOAD .\CortexM4\ARM_GCC_541\Debug\stream_buffer.o
LOAD .\CortexM4\ARM_GCC_541\Debug\port.o
LOAD .\CortexM4\ARM_GCC_541\Debug\heap_1.o
LOAD .\CortexM4\ARM_GCC_541\Debug\retarget.o
LOAD .\CortexM4\ARM_GCC_541\Debug\UART.o
LOAD .\CortexM4\ARM_GCC_541\Debug\ADC.o
LOAD .\CortexM4\ARM_GCC_541\Debug\ADC_INT.o
LOAD .\CortexM4\ARM_GCC_541\Debug\ADC_INIT.o
LOAD .\CortexM4\ARM_GCC_541\Debug\ADC_PM.o
LOAD .\CortexM4\ARM_GCC_541\Debug\Timer.o
LOAD .\CortexM4\ARM_GCC_541\Debug\VDAC.o
END GROUP
START GROUP
LOAD c:/program files (x86)/cypress/psoc creator/4.4/psoc creator/import/gnu/arm/5.4.1/bin/../lib/gcc/arm-none-eabi/5.4.1/armv7e-m/softfp\libgcc.a
LOAD c:/program files (x86)/cypress/psoc creator/4.4/psoc creator/import/gnu/arm/5.4.1/bin/../lib/gcc/arm-none-eabi/5.4.1/../../../../arm-none-eabi/lib/armv7e-m/softfp\libg_nano.a
LOAD c:/program files (x86)/cypress/psoc creator/4.4/psoc creator/import/gnu/arm/5.4.1/bin/../lib/gcc/arm-none-eabi/5.4.1/../../../../arm-none-eabi/lib/armv7e-m/softfp\libc_nano.a
END GROUP
START GROUP
LOAD c:/program files (x86)/cypress/psoc creator/4.4/psoc creator/import/gnu/arm/5.4.1/bin/../lib/gcc/arm-none-eabi/5.4.1/armv7e-m/softfp\libgcc.a
LOAD c:/program files (x86)/cypress/psoc creator/4.4/psoc creator/import/gnu/arm/5.4.1/bin/../lib/gcc/arm-none-eabi/5.4.1/../../../../arm-none-eabi/lib/armv7e-m/softfp\libc_nano.a
END GROUP
LOAD c:/program files (x86)/cypress/psoc creator/4.4/psoc creator/import/gnu/arm/5.4.1/bin/../lib/gcc/arm-none-eabi/5.4.1/armv7e-m/softfp/crtend.o
LOAD c:/program files (x86)/cypress/psoc creator/4.4/psoc creator/import/gnu/arm/5.4.1/bin/../lib/gcc/arm-none-eabi/5.4.1/armv7e-m/softfp/crtn.o
START GROUP
LOAD c:/program files (x86)/cypress/psoc creator/4.4/psoc creator/import/gnu/arm/5.4.1/bin/../lib/gcc/arm-none-eabi/5.4.1/armv7e-m/softfp\libgcc.a
LOAD c:/program files (x86)/cypress/psoc creator/4.4/psoc creator/import/gnu/arm/5.4.1/bin/../lib/gcc/arm-none-eabi/5.4.1/../../../../arm-none-eabi/lib/armv7e-m/softfp\libc.a
LOAD c:/program files (x86)/cypress/psoc creator/4.4/psoc creator/import/gnu/arm/5.4.1/bin/../lib/gcc/arm-none-eabi/5.4.1/../../../../arm-none-eabi/lib/armv7e-m/softfp\libnosys.a
END GROUP
START GROUP
LOAD c:/program files (x86)/cypress/psoc creator/4.4/psoc creator/import/gnu/arm/5.4.1/bin/../lib/gcc/arm-none-eabi/5.4.1/armv7e-m/softfp\libgcc.a
LOAD c:/program files (x86)/cypress/psoc creator/4.4/psoc creator/import/gnu/arm/5.4.1/bin/../lib/gcc/arm-none-eabi/5.4.1/../../../../arm-none-eabi/lib/armv7e-m/softfp\libc.a
LOAD c:/program files (x86)/cypress/psoc creator/4.4/psoc creator/import/gnu/arm/5.4.1/bin/../lib/gcc/arm-none-eabi/5.4.1/../../../../arm-none-eabi/lib/armv7e-m/softfp\libm.a
LOAD c:/program files (x86)/cypress/psoc creator/4.4/psoc creator/import/gnu/arm/5.4.1/bin/../lib/gcc/arm-none-eabi/5.4.1/../../../../arm-none-eabi/lib/armv7e-m/softfp\libnosys.a
END GROUP

.text           0x10080000     0x814c
                0x10080000                . = ALIGN (0x4)
                0x10080000                __Vectors = .
 *(.vectors)
 .vectors       0x10080000      0x28c .\CortexM4\ARM_GCC_541\Debug\startup_psoc6_01_cm4.o
                0x1008028c                . = ALIGN (0x4)
                0x1008028c                __Vectors_End = .
                0x0000028c                __Vectors_Size = (__Vectors_End - __Vectors)
                0x1008028c                __end__ = .
                0x1008028c                . = ALIGN (0x4)
 *(.text*)
 .text          0x1008028c       0x5c c:/program files (x86)/cypress/psoc creator/4.4/psoc creator/import/gnu/arm/5.4.1/bin/../lib/gcc/arm-none-eabi/5.4.1/armv7e-m/softfp/crtbegin.o
 .text          0x100802e8       0x84 .\CortexM4\ARM_GCC_541\Debug\startup_psoc6_01_cm4.o
                0x100802e8                Cy_OnResetUser
                0x100802ea                Reset_Handler
                0x1008034c                cpuss_interrupts_ipc_6_IRQHandler
                0x1008034c                DebugMon_Handler
                0x1008034c                tcpwm_1_interrupts_11_IRQHandler
                0x1008034c                cpuss_interrupts_ipc_0_IRQHandler
                0x1008034c                tcpwm_1_interrupts_15_IRQHandler
                0x1008034c                ioss_interrupts_gpio_13_IRQHandler
                0x1008034c                tcpwm_1_interrupts_13_IRQHandler
                0x1008034c                cpuss_interrupts_dw1_8_IRQHandler
                0x1008034c                tcpwm_0_interrupts_0_IRQHandler
                0x1008034c                cpuss_interrupt_fm_IRQHandler
                0x1008034c                cpuss_interrupts_ipc_7_IRQHandler
                0x1008034c                tcpwm_1_interrupts_14_IRQHandler
                0x1008034c                cpuss_interrupts_dw0_5_IRQHandler
                0x1008034c                tcpwm_1_interrupts_9_IRQHandler
                0x1008034c                cpuss_interrupts_cm0_cti_1_IRQHandler
                0x1008034c                tcpwm_1_interrupts_22_IRQHandler
                0x1008034c                cpuss_interrupts_dw0_4_IRQHandler
                0x1008034c                NMI_Handler
                0x1008034c                cpuss_interrupts_dw1_12_IRQHandler
                0x1008034c                tcpwm_1_interrupts_12_IRQHandler
                0x1008034c                smif_interrupt_IRQHandler
                0x1008034c                tcpwm_1_interrupts_2_IRQHandler
                0x1008034c                cpuss_interrupts_ipc_13_IRQHandler
                0x1008034c                udb_interrupts_11_IRQHandler
                0x1008034c                tcpwm_1_interrupts_18_IRQHandler
                0x1008034c                cpuss_interrupts_dw0_11_IRQHandler
                0x1008034c                tcpwm_0_interrupts_2_IRQHandler
                0x1008034c                cpuss_interrupts_dw0_13_IRQHandler
                0x1008034c                udb_interrupts_2_IRQHandler
                0x1008034c                cpuss_interrupts_dw1_7_IRQHandler
                0x1008034c                ioss_interrupts_gpio_1_IRQHandler
                0x1008034c                ioss_interrupts_gpio_7_IRQHandler
                0x1008034c                scb_5_interrupt_IRQHandler
                0x1008034c                udb_interrupts_6_IRQHandler
                0x1008034c                cpuss_interrupts_fault_1_IRQHandler
                0x1008034c                cpuss_interrupts_ipc_4_IRQHandler
                0x1008034c                cpuss_interrupts_ipc_5_IRQHandler
                0x1008034c                cpuss_interrupts_dw1_10_IRQHandler
                0x1008034c                udb_interrupts_0_IRQHandler
                0x1008034c                tcpwm_1_interrupts_6_IRQHandler
                0x1008034c                scb_4_interrupt_IRQHandler
                0x1008034c                pass_interrupt_dacs_IRQHandler
                0x1008034c                ioss_interrupts_gpio_2_IRQHandler
                0x1008034c                cpuss_interrupts_dw1_9_IRQHandler
                0x1008034c                cpuss_interrupts_dw1_13_IRQHandler
                0x1008034c                scb_2_interrupt_IRQHandler
                0x1008034c                cpuss_interrupts_cm0_cti_0_IRQHandler
                0x1008034c                udb_interrupts_5_IRQHandler
                0x1008034c                srss_interrupt_IRQHandler
                0x1008034c                udb_interrupts_12_IRQHandler
                0x1008034c                scb_0_interrupt_IRQHandler
                0x1008034c                csd_interrupt_IRQHandler
                0x1008034c                udb_interrupts_1_IRQHandler
                0x1008034c                profile_interrupt_IRQHandler
                0x1008034c                tcpwm_1_interrupts_1_IRQHandler
                0x1008034c                cpuss_interrupts_ipc_12_IRQHandler
                0x1008034c                tcpwm_1_interrupts_3_IRQHandler
                0x1008034c                tcpwm_0_interrupts_7_IRQHandler
                0x1008034c                cpuss_interrupts_dw1_1_IRQHandler
                0x1008034c                cpuss_interrupts_dw1_0_IRQHandler
                0x1008034c                cpuss_interrupts_dw0_9_IRQHandler
                0x1008034c                lpcomp_interrupt_IRQHandler
                0x1008034c                tcpwm_1_interrupts_23_IRQHandler
                0x1008034c                udb_interrupts_4_IRQHandler
                0x1008034c                tcpwm_1_interrupts_20_IRQHandler
                0x1008034c                ioss_interrupt_gpio_IRQHandler
                0x1008034c                tcpwm_0_interrupts_1_IRQHandler
                0x1008034c                ioss_interrupts_gpio_8_IRQHandler
                0x1008034c                tcpwm_0_interrupts_6_IRQHandler
                0x1008034c                scb_7_interrupt_IRQHandler
                0x1008034c                tcpwm_1_interrupts_7_IRQHandler
                0x1008034c                cpuss_interrupts_ipc_11_IRQHandler
                0x1008034c                udb_interrupts_13_IRQHandler
                0x1008034c                cpuss_interrupts_dw0_15_IRQHandler
                0x1008034c                udb_interrupts_7_IRQHandler
                0x1008034c                cpuss_interrupts_dw1_6_IRQHandler
                0x1008034c                cpuss_interrupt_crypto_IRQHandler
                0x1008034c                scb_1_interrupt_IRQHandler
                0x1008034c                Default_Handler
                0x1008034c                usb_interrupt_hi_IRQHandler
                0x1008034c                tcpwm_1_interrupts_0_IRQHandler
                0x1008034c                udb_interrupts_9_IRQHandler
                0x1008034c                audioss_interrupt_pdm_IRQHandler
                0x1008034c                srss_interrupt_mcwdt_0_IRQHandler
                0x1008034c                scb_3_interrupt_IRQHandler
                0x1008034c                pass_interrupt_ctbs_IRQHandler
                0x1008034c                udb_interrupts_8_IRQHandler
                0x1008034c                ioss_interrupts_gpio_3_IRQHandler
                0x1008034c                scb_6_interrupt_IRQHandler
                0x1008034c                cpuss_interrupts_cm4_cti_0_IRQHandler
                0x1008034c                cpuss_interrupts_dw1_3_IRQHandler
                0x1008034c                pass_interrupt_sar_IRQHandler
                0x1008034c                ioss_interrupts_gpio_0_IRQHandler
                0x1008034c                ioss_interrupts_gpio_14_IRQHandler
                0x1008034c                tcpwm_0_interrupts_4_IRQHandler
                0x1008034c                udb_interrupts_3_IRQHandler
                0x1008034c                tcpwm_0_interrupts_5_IRQHandler
                0x1008034c                cpuss_interrupts_ipc_15_IRQHandler
                0x1008034c                cpuss_interrupts_cm4_cti_1_IRQHandler
                0x1008034c                scb_8_interrupt_IRQHandler
                0x1008034c                srss_interrupt_mcwdt_1_IRQHandler
                0x1008034c                cpuss_interrupts_dw1_2_IRQHandler
                0x1008034c                cpuss_interrupts_dw1_5_IRQHandler
                0x1008034c                cpuss_interrupts_ipc_1_IRQHandler
                0x1008034c                cpuss_interrupts_dw0_0_IRQHandler
                0x1008034c                ioss_interrupts_gpio_12_IRQHandler
                0x1008034c                cpuss_interrupts_ipc_3_IRQHandler
                0x1008034c                tcpwm_1_interrupts_17_IRQHandler
                0x1008034c                srss_interrupt_backup_IRQHandler
                0x1008034c                bless_interrupt_IRQHandler
                0x1008034c                cpuss_interrupts_ipc_10_IRQHandler
                0x1008034c                cpuss_interrupts_ipc_9_IRQHandler
                0x1008034c                cpuss_interrupts_dw0_14_IRQHandler
                0x1008034c                tcpwm_1_interrupts_4_IRQHandler
                0x1008034c                tcpwm_0_interrupts_3_IRQHandler
                0x1008034c                cpuss_interrupts_dw1_15_IRQHandler
                0x1008034c                ioss_interrupts_gpio_10_IRQHandler
                0x1008034c                udb_interrupts_10_IRQHandler
                0x1008034c                cpuss_interrupts_dw0_8_IRQHandler
                0x1008034c                ioss_interrupts_gpio_11_IRQHandler
                0x1008034c                cpuss_interrupts_ipc_14_IRQHandler
                0x1008034c                ioss_interrupts_gpio_5_IRQHandler
                0x1008034c                ioss_interrupts_gpio_4_IRQHandler
                0x1008034c                tcpwm_1_interrupts_8_IRQHandler
                0x1008034c                cpuss_interrupts_dw1_14_IRQHandler
                0x1008034c                usb_interrupt_med_IRQHandler
                0x1008034c                cpuss_interrupts_dw0_2_IRQHandler
                0x1008034c                tcpwm_1_interrupts_10_IRQHandler
                0x1008034c                cpuss_interrupts_fault_0_IRQHandler
                0x1008034c                cpuss_interrupts_dw0_12_IRQHandler
                0x1008034c                ioss_interrupts_gpio_6_IRQHandler
                0x1008034c                tcpwm_1_interrupts_21_IRQHandler
                0x1008034c                tcpwm_1_interrupts_16_IRQHandler
                0x1008034c                cpuss_interrupts_dw1_4_IRQHandler
                0x1008034c                udb_interrupts_15_IRQHandler
                0x1008034c                cpuss_interrupts_dw1_11_IRQHandler
                0x1008034c                cpuss_interrupts_dw0_6_IRQHandler
                0x1008034c                ioss_interrupt_vdd_IRQHandler
                0x1008034c                cpuss_interrupts_dw0_7_IRQHandler
                0x1008034c                audioss_interrupt_i2s_IRQHandler
                0x1008034c                tcpwm_1_interrupts_5_IRQHandler
                0x1008034c                cpuss_interrupts_ipc_2_IRQHandler
                0x1008034c                cpuss_interrupts_dw0_10_IRQHandler
                0x1008034c                tcpwm_1_interrupts_19_IRQHandler
                0x1008034c                cpuss_interrupts_dw0_1_IRQHandler
                0x1008034c                ioss_interrupts_gpio_9_IRQHandler
                0x1008034c                usb_interrupt_lo_IRQHandler
                0x1008034c                cpuss_interrupts_ipc_8_IRQHandler
                0x1008034c                udb_interrupts_14_IRQHandler
                0x1008034c                cpuss_interrupts_dw0_3_IRQHandler
                0x10080350                UsageFault_Handler
                0x10080350                HardFault_Handler
                0x10080350                MemManage_Handler
                0x10080350                BusFault_Handler
 .text.Timer_Int_Handler
                0x1008036c      0x120 .\CortexM4\ARM_GCC_541\Debug\main_cm4.o
                0x1008036c                Timer_Int_Handler
 .text.calculateCRC8
                0x1008048c       0x28 .\CortexM4\ARM_GCC_541\Debug\main_cm4.o
                0x1008048c                calculateCRC8
 .text.wrap_data
                0x100804b4       0x64 .\CortexM4\ARM_GCC_541\Debug\main_cm4.o
                0x100804b4                wrap_data
 .text.movingAvg
                0x10080518       0x34 .\CortexM4\ARM_GCC_541\Debug\main_cm4.o
                0x10080518                movingAvg
 .text.float2Bytes
                0x1008054c       0x10 .\CortexM4\ARM_GCC_541\Debug\main_cm4.o
                0x1008054c                float2Bytes
 *fill*         0x1008055c        0x4 
 .text.main     0x10080560      0x380 .\CortexM4\ARM_GCC_541\Debug\main_cm4.o
                0x10080560                main
 .text.Cy_SysIpcPipeIsrCm4
                0x100808e0        0xc .\CortexM4\ARM_GCC_541\Debug\system_psoc6_cm4.o
                0x100808e0                Cy_SysIpcPipeIsrCm4
 .text.Cy_SystemInit
                0x100808ec        0x4 .\CortexM4\ARM_GCC_541\Debug\system_psoc6_cm4.o
                0x100808ec                Cy_SystemInit
 .text.SystemCoreClockUpdate
                0x100808f0      0x190 .\CortexM4\ARM_GCC_541\Debug\system_psoc6_cm4.o
                0x100808f0                SystemCoreClockUpdate
 .text.SystemInit
                0x10080a80       0x48 .\CortexM4\ARM_GCC_541\Debug\system_psoc6_cm4.o
                0x10080a80                SystemInit
 .text.Cy_SystemInitFpuEnable
                0x10080ac8       0x28 .\CortexM4\ARM_GCC_541\Debug\system_psoc6_cm4.o
                0x10080ac8                Cy_SystemInitFpuEnable
 .text.ADPD1080_WriteReg
                0x10080af0       0x28 .\CortexM4\ARM_GCC_541\Debug\ADPD1080.o
                0x10080af0                ADPD1080_WriteReg
 .text.ADPD1080_ReadReg
                0x10080b18       0x38 .\CortexM4\ARM_GCC_541\Debug\ADPD1080.o
                0x10080b18                ADPD1080_ReadReg
 .text.ADPD1080_Begin
                0x10080b50       0x20 .\CortexM4\ARM_GCC_541\Debug\ADPD1080.o
                0x10080b50                ADPD1080_Begin
 .text.ADPD1080_SetOperationMode
                0x10080b70       0x1c .\CortexM4\ARM_GCC_541\Debug\ADPD1080.o
                0x10080b70                ADPD1080_SetOperationMode
 .text.ADPD1080_SetTimeSlotSwitch
                0x10080b8c       0x28 .\CortexM4\ARM_GCC_541\Debug\ADPD1080.o
                0x10080b8c                ADPD1080_SetTimeSlotSwitch
 .text.ADPD1080_Set32KCLK
                0x10080bb4       0x1c .\CortexM4\ARM_GCC_541\Debug\ADPD1080.o
                0x10080bb4                ADPD1080_Set32KCLK
 .text.ADPD1080_SetFIFO
                0x10080bd0       0x3c .\CortexM4\ARM_GCC_541\Debug\ADPD1080.o
                0x10080bd0                ADPD1080_SetFIFO
 .text.ADPD1080_SelectLED
                0x10080c0c       0x2c .\CortexM4\ARM_GCC_541\Debug\ADPD1080.o
                0x10080c0c                ADPD1080_SelectLED
 .text.ADPD1080_ReadDataRegs
                0x10080c38       0x34 .\CortexM4\ARM_GCC_541\Debug\ADPD1080.o
                0x10080c38                ADPD1080_ReadDataRegs
 .text.ADPD1080_SetLEDWidthOffset
                0x10080c6c       0x1c .\CortexM4\ARM_GCC_541\Debug\ADPD1080.o
                0x10080c6c                ADPD1080_SetLEDWidthOffset
 .text.ADPD1080_SetAFEWidthOffset
                0x10080c88       0x28 .\CortexM4\ARM_GCC_541\Debug\ADPD1080.o
                0x10080c88                ADPD1080_SetAFEWidthOffset
 .text.ADPD1080_SetTIAGain
                0x10080cb0       0x14 .\CortexM4\ARM_GCC_541\Debug\ADPD1080.o
                0x10080cb0                ADPD1080_SetTIAGain
 .text.ADPD1080_SetSamplingFrequency
                0x10080cc4       0x14 .\CortexM4\ARM_GCC_541\Debug\ADPD1080.o
                0x10080cc4                ADPD1080_SetSamplingFrequency
 .text.ADPD1080_SetAverageFactor
                0x10080cd8       0x10 .\CortexM4\ARM_GCC_541\Debug\ADPD1080.o
                0x10080cd8                ADPD1080_SetAverageFactor
 .text.ADPD1080_SetADCClock
                0x10080ce8        0xc .\CortexM4\ARM_GCC_541\Debug\ADPD1080.o
                0x10080ce8                ADPD1080_SetADCClock
 .text.ADPD1080_SetDigitalClock
                0x10080cf4       0x18 .\CortexM4\ARM_GCC_541\Debug\ADPD1080.o
                0x10080cf4                ADPD1080_SetDigitalClock
 .text.ADPD1080_Reset
                0x10080d0c        0xc .\CortexM4\ARM_GCC_541\Debug\ADPD1080.o
                0x10080d0c                ADPD1080_Reset
 .text.ADPD1080_SetOffset
                0x10080d18       0x64 .\CortexM4\ARM_GCC_541\Debug\ADPD1080.o
                0x10080d18                ADPD1080_SetOffset
 .text.ADPD1080_SetPulseNumberPeriod
                0x10080d7c       0x18 .\CortexM4\ARM_GCC_541\Debug\ADPD1080.o
                0x10080d7c                ADPD1080_SetPulseNumberPeriod
 .text.turbidity_ReadDataNoInterrupt
                0x10080d94       0x40 .\CortexM4\ARM_GCC_541\Debug\ADPD1080.o
                0x10080d94                turbidity_ReadDataNoInterrupt
 .text.register_settings
                0x10080dd4      0x428 .\CortexM4\ARM_GCC_541\Debug\ADPD1080.o
                0x10080dd4                register_settings
 .text.turbidity_Init
                0x100811fc      0x138 .\CortexM4\ARM_GCC_541\Debug\ADPD1080.o
                0x100811fc                turbidity_Init
 .text.STDIO_PutChar
                0x10081334       0x18 .\CortexM4\ARM_GCC_541\Debug\stdio_user.o
                0x10081334                STDIO_PutChar
 .text.STDIO_GetChar
                0x1008134c       0x1c .\CortexM4\ARM_GCC_541\Debug\stdio_user.o
                0x1008134c                STDIO_GetChar
 .text.I2C_Init
                0x10081368       0x8c .\CortexM4\ARM_GCC_541\Debug\I2C.o
                0x10081368                I2C_Init
 .text.I2C_Enable
                0x100813f4       0x10 .\CortexM4\ARM_GCC_541\Debug\I2C.o
                0x100813f4                I2C_Enable
 .text.I2C_Start
                0x10081404       0x28 .\CortexM4\ARM_GCC_541\Debug\I2C.o
                0x10081404                I2C_Start
 .text.I2C_ISR  0x1008142c      0x39c .\CortexM4\ARM_GCC_541\Debug\I2C_INT.o
                0x1008142c                I2C_ISR
 .text.I2C_MasterSendStart
                0x100817c8       0xb0 .\CortexM4\ARM_GCC_541\Debug\I2C_MASTER.o
                0x100817c8                I2C_MasterSendStart
 .text.I2C_MasterSendRestart
                0x10081878       0x80 .\CortexM4\ARM_GCC_541\Debug\I2C_MASTER.o
                0x10081878                I2C_MasterSendRestart
 .text.I2C_MasterSendStop
                0x100818f8       0x54 .\CortexM4\ARM_GCC_541\Debug\I2C_MASTER.o
                0x100818f8                I2C_MasterSendStop
 .text.I2C_MasterWriteByte
                0x1008194c       0x74 .\CortexM4\ARM_GCC_541\Debug\I2C_MASTER.o
                0x1008194c                I2C_MasterWriteByte
 .text.I2C_MasterReadByte
                0x100819c0       0x94 .\CortexM4\ARM_GCC_541\Debug\I2C_MASTER.o
                0x100819c0                I2C_MasterReadByte
 .text.Cy_Flash_ProcessOpcode
                0x10081a54       0xac .\CortexM4\ARM_GCC_541\Debug\cy_flash.o
 .text.Cy_Flash_OperationStatus
                0x10081b00       0x5c .\CortexM4\ARM_GCC_541\Debug\cy_flash.o
 .text.Cy_Flash_InitExt
                0x10081b5c       0x80 .\CortexM4\ARM_GCC_541\Debug\cy_flash.o
                0x10081b5c                Cy_Flash_InitExt
 .text.Cy_Flash_Init
                0x10081bdc       0x10 .\CortexM4\ARM_GCC_541\Debug\cy_flash.o
                0x10081bdc                Cy_Flash_Init
 .text.Cy_IPC_Drv_LockRelease
                0x10081bec       0x3c .\CortexM4\ARM_GCC_541\Debug\cy_ipc_drv.o
                0x10081bec                Cy_IPC_Drv_LockRelease
 .text.Cy_IPC_Drv_SendMsgWord
                0x10081c28       0x3c .\CortexM4\ARM_GCC_541\Debug\cy_ipc_drv.o
                0x10081c28                Cy_IPC_Drv_SendMsgWord
 .text.Cy_IPC_Drv_ReadMsgWord
                0x10081c64       0x38 .\CortexM4\ARM_GCC_541\Debug\cy_ipc_drv.o
                0x10081c64                Cy_IPC_Drv_ReadMsgWord
 .text.Cy_IPC_Sema_InitExt
                0x10081c9c       0xac .\CortexM4\ARM_GCC_541\Debug\cy_ipc_sema.o
                0x10081c9c                Cy_IPC_Sema_InitExt
 .text.Cy_IPC_Sema_Init
                0x10081d48       0x64 .\CortexM4\ARM_GCC_541\Debug\cy_ipc_sema.o
                0x10081d48                Cy_IPC_Sema_Init
 .text.Cy_IPC_Sema_Clear
                0x10081dac       0x88 .\CortexM4\ARM_GCC_541\Debug\cy_ipc_sema.o
                0x10081dac                Cy_IPC_Sema_Clear
 .text.Cy_IPC_Sema_Status
                0x10081e34       0x40 .\CortexM4\ARM_GCC_541\Debug\cy_ipc_sema.o
                0x10081e34                Cy_IPC_Sema_Status
 .text.Cy_IPC_Pipe_Config
                0x10081e74       0x10 .\CortexM4\ARM_GCC_541\Debug\cy_ipc_pipe.o
                0x10081e74                Cy_IPC_Pipe_Config
 .text.Cy_IPC_Pipe_EndpointInit
                0x10081e84       0xd0 .\CortexM4\ARM_GCC_541\Debug\cy_ipc_pipe.o
                0x10081e84                Cy_IPC_Pipe_EndpointInit
 .text.Cy_IPC_Pipe_Init
                0x10081f54       0xb4 .\CortexM4\ARM_GCC_541\Debug\cy_ipc_pipe.o
                0x10081f54                Cy_IPC_Pipe_Init
 .text.Cy_IPC_Pipe_SendMessage
                0x10082008       0xa4 .\CortexM4\ARM_GCC_541\Debug\cy_ipc_pipe.o
                0x10082008                Cy_IPC_Pipe_SendMessage
 .text.Cy_IPC_Pipe_RegisterCallback
                0x100820ac       0x50 .\CortexM4\ARM_GCC_541\Debug\cy_ipc_pipe.o
                0x100820ac                Cy_IPC_Pipe_RegisterCallback
 .text.Cy_IPC_Pipe_ExecCallback
                0x100820fc       0xbc .\CortexM4\ARM_GCC_541\Debug\cy_ipc_pipe.o
                0x100820fc                Cy_IPC_Pipe_ExecCallback
 .text.Cy_IPC_Pipe_ExecuteCallback
                0x100821b8       0x2c .\CortexM4\ARM_GCC_541\Debug\cy_ipc_pipe.o
                0x100821b8                Cy_IPC_Pipe_ExecuteCallback
 .text.Cy_SysInt_SetVector
                0x100821e4       0x48 .\CortexM4\ARM_GCC_541\Debug\cy_sysint.o
                0x100821e4                Cy_SysInt_SetVector
 .text.Cy_SysInt_Init
                0x1008222c       0x74 .\CortexM4\ARM_GCC_541\Debug\cy_sysint.o
                0x1008222c                Cy_SysInt_Init
 .text.Cy_SysLib_Delay
                0x100822a0       0x30 .\CortexM4\ARM_GCC_541\Debug\cy_syslib.o
                0x100822a0                Cy_SysLib_Delay
 .text.Cy_SysLib_DelayUs
                0x100822d0       0x14 .\CortexM4\ARM_GCC_541\Debug\cy_syslib.o
                0x100822d0                Cy_SysLib_DelayUs
 .text.Cy_SysLib_Halt
                0x100822e4        0x4 .\CortexM4\ARM_GCC_541\Debug\cy_syslib.o
                0x100822e4                Cy_SysLib_Halt
 .text.Cy_SysLib_AssertFailed
                0x100822e8       0x1c .\CortexM4\ARM_GCC_541\Debug\cy_syslib.o
                0x100822e8                Cy_SysLib_AssertFailed
 .text.Cy_SysLib_ProcessingFault
                0x10082304        0x4 .\CortexM4\ARM_GCC_541\Debug\cy_syslib.o
                0x10082304                Cy_SysLib_ProcessingFault
 .text.Cy_SysLib_FaultHandler
                0x10082308       0xa4 .\CortexM4\ARM_GCC_541\Debug\cy_syslib.o
                0x10082308                Cy_SysLib_FaultHandler
 *fill*         0x100823ac        0x4 
 .text          0x100823b0       0x20 .\CortexM4\ARM_GCC_541\Debug\cy_syslib_gcc.o
                0x100823b0                Cy_SysLib_DelayCycles
                0x100823c2                Cy_SysLib_EnterCriticalSection
                0x100823ca                Cy_SysLib_ExitCriticalSection
 .text.Cy_PDL_Init
                0x100823d0        0xc .\CortexM4\ARM_GCC_541\Debug\cy_device.o
                0x100823d0                Cy_PDL_Init
 .text.Cy_SCB_ReadArrayNoCheck
                0x100823dc       0x38 .\CortexM4\ARM_GCC_541\Debug\cy_scb_common.o
                0x100823dc                Cy_SCB_ReadArrayNoCheck
 .text.Cy_SCB_ReadArray
                0x10082414       0x1c .\CortexM4\ARM_GCC_541\Debug\cy_scb_common.o
                0x10082414                Cy_SCB_ReadArray
 .text.Cy_SCB_Write
                0x10082430       0x28 .\CortexM4\ARM_GCC_541\Debug\cy_scb_common.o
                0x10082430                Cy_SCB_Write
 .text.Cy_SCB_WriteArrayNoCheck
                0x10082458       0x38 .\CortexM4\ARM_GCC_541\Debug\cy_scb_common.o
                0x10082458                Cy_SCB_WriteArrayNoCheck
 .text.Cy_SCB_WriteArray
                0x10082490       0x2c .\CortexM4\ARM_GCC_541\Debug\cy_scb_common.o
                0x10082490                Cy_SCB_WriteArray
 .text.HandleDataTransmit
                0x100824bc       0xdc .\CortexM4\ARM_GCC_541\Debug\cy_scb_uart.o
 .text.HandleDataReceive
                0x10082598       0xf8 .\CortexM4\ARM_GCC_541\Debug\cy_scb_uart.o
 .text.Cy_SCB_UART_Init
                0x10082690      0x364 .\CortexM4\ARM_GCC_541\Debug\cy_scb_uart.o
                0x10082690                Cy_SCB_UART_Init
 .text.Cy_SCB_UART_GetNumInRingBuffer
                0x100829f4       0x18 .\CortexM4\ARM_GCC_541\Debug\cy_scb_uart.o
                0x100829f4                Cy_SCB_UART_GetNumInRingBuffer
 .text.HandleRingBuffer
                0x10082a0c       0xcc .\CortexM4\ARM_GCC_541\Debug\cy_scb_uart.o
 .text.Cy_SCB_UART_Interrupt
                0x10082ad8       0xe8 .\CortexM4\ARM_GCC_541\Debug\cy_scb_uart.o
                0x10082ad8                Cy_SCB_UART_Interrupt
 .text.Cy_SAR_Init
                0x10082bc0      0x200 .\CortexM4\ARM_GCC_541\Debug\cy_sar.o
                0x10082bc0                Cy_SAR_Init
 .text.Cy_SAR_DeInit
                0x10082dc0       0x70 .\CortexM4\ARM_GCC_541\Debug\cy_sar.o
                0x10082dc0                Cy_SAR_DeInit
 .text.Cy_SAR_Enable
                0x10082e30       0x20 .\CortexM4\ARM_GCC_541\Debug\cy_sar.o
                0x10082e30                Cy_SAR_Enable
 .text.Cy_SAR_StartConvert
                0x10082e50       0x2c .\CortexM4\ARM_GCC_541\Debug\cy_sar.o
                0x10082e50                Cy_SAR_StartConvert
 .text.Cy_SAR_IsEndConversion
                0x10082e7c       0x64 .\CortexM4\ARM_GCC_541\Debug\cy_sar.o
                0x10082e7c                Cy_SAR_IsEndConversion
 .text.Cy_SAR_IsChannelSingleEnded
                0x10082ee0       0x34 .\CortexM4\ARM_GCC_541\Debug\cy_sar.o
                0x10082ee0                Cy_SAR_IsChannelSingleEnded
 .text.Cy_SAR_IsChannelSigned
                0x10082f14       0x54 .\CortexM4\ARM_GCC_541\Debug\cy_sar.o
                0x10082f14                Cy_SAR_IsChannelSigned
 .text.Cy_SAR_GetResult16
                0x10082f68       0x2c .\CortexM4\ARM_GCC_541\Debug\cy_sar.o
                0x10082f68                Cy_SAR_GetResult16
 .text.Cy_SAR_RawCounts2Counts
                0x10082f94       0x80 .\CortexM4\ARM_GCC_541\Debug\cy_sar.o
                0x10082f94                Cy_SAR_RawCounts2Counts
 .text.Cy_SAR_CountsTo_Volts
                0x10083014       0x6c .\CortexM4\ARM_GCC_541\Debug\cy_sar.o
                0x10083014                Cy_SAR_CountsTo_Volts
 .text.Cy_SAR_SetAnalogSwitch
                0x10083080       0x4c .\CortexM4\ARM_GCC_541\Debug\cy_sar.o
                0x10083080                Cy_SAR_SetAnalogSwitch
 .text.Cy_SAR_SetSwitchSarSeqCtrl
                0x100830cc       0x4c .\CortexM4\ARM_GCC_541\Debug\cy_sar.o
                0x100830cc                Cy_SAR_SetSwitchSarSeqCtrl
 .text.Cy_TCPWM_Counter_Init
                0x10083118      0x110 .\CortexM4\ARM_GCC_541\Debug\cy_tcpwm_counter.o
                0x10083118                Cy_TCPWM_Counter_Init
 .text.Cy_CTDAC_ConfigureClock
                0x10083228      0x3cc .\CortexM4\ARM_GCC_541\Debug\cy_ctdac.o
 .text.Cy_CTDAC_Init
                0x100835f4      0x168 .\CortexM4\ARM_GCC_541\Debug\cy_ctdac.o
                0x100835f4                Cy_CTDAC_Init
 .text.vListInsertEnd
                0x1008375c       0x18 .\CortexM4\ARM_GCC_541\Debug\list.o
                0x1008375c                vListInsertEnd
 .text.uxListRemove
                0x10083774       0x28 .\CortexM4\ARM_GCC_541\Debug\list.o
                0x10083774                uxListRemove
 .text.prvResetNextTaskUnblockTime
                0x1008379c       0x2c .\CortexM4\ARM_GCC_541\Debug\tasks.o
 .text.xTaskIncrementTick
                0x100837c8       0xfc .\CortexM4\ARM_GCC_541\Debug\tasks.o
                0x100837c8                xTaskIncrementTick
 .text.vTaskSwitchContext
                0x100838c4       0xc8 .\CortexM4\ARM_GCC_541\Debug\tasks.o
                0x100838c4                vTaskSwitchContext
 *fill*         0x1008398c        0x4 
 .text.SVC_Handler
                0x10083990       0x24 .\CortexM4\ARM_GCC_541\Debug\port.o
                0x10083990                SVC_Handler
 *fill*         0x100839b4        0xc 
 .text.PendSV_Handler
                0x100839c0       0x64 .\CortexM4\ARM_GCC_541\Debug\port.o
                0x100839c0                PendSV_Handler
 .text.SysTick_Handler
                0x10083a24       0x2c .\CortexM4\ARM_GCC_541\Debug\port.o
                0x10083a24                SysTick_Handler
 .text.vApplicationStackOverflowHook
                0x10083a50       0x24 .\CortexM4\ARM_GCC_541\Debug\port.o
                0x10083a50                vApplicationStackOverflowHook
 .text._write   0x10083a74       0x24 .\CortexM4\ARM_GCC_541\Debug\retarget.o
                0x10083a74                _write
 .text._read    0x10083a98       0x2c .\CortexM4\ARM_GCC_541\Debug\retarget.o
                0x10083a98                _read
 .text.UART_Interrupt
                0x10083ac4       0x14 .\CortexM4\ARM_GCC_541\Debug\UART.o
 .text.UART_Start
                0x10083ad8       0x64 .\CortexM4\ARM_GCC_541\Debug\UART.o
                0x10083ad8                UART_Start
 .text.ADC_InitConfig
                0x10083b3c       0xa4 .\CortexM4\ARM_GCC_541\Debug\ADC.o
                0x10083b3c                ADC_InitConfig
 .text.ADC_StartConvert
                0x10083be0       0x24 .\CortexM4\ARM_GCC_541\Debug\ADC.o
                0x10083be0                ADC_StartConvert
 .text.ADC_IsEndConversion
                0x10083c04       0x18 .\CortexM4\ARM_GCC_541\Debug\ADC.o
                0x10083c04                ADC_IsEndConversion
 .text.ADC_Init
                0x10083c1c       0x34 .\CortexM4\ARM_GCC_541\Debug\ADC.o
                0x10083c1c                ADC_Init
 .text.ADC_Start
                0x10083c50       0x2c .\CortexM4\ARM_GCC_541\Debug\ADC.o
                0x10083c50                ADC_Start
 .text.ADC_ISR  0x10083c7c       0x30 .\CortexM4\ARM_GCC_541\Debug\ADC_INT.o
                0x10083c7c                ADC_ISR
 .text.Timer_Start
                0x10083cac       0x30 .\CortexM4\ARM_GCC_541\Debug\Timer.o
                0x10083cac                Timer_Start
 .text.VDAC_Start
                0x10083cdc       0x30 .\CortexM4\ARM_GCC_541\Debug\VDAC.o
                0x10083cdc                VDAC_Start
 .text.Cy_Crypto_Client_ReleaseIntrHndlr
                0x10083d0c       0x38 Generated_Source\PSoC6\pdl\drivers\peripheral\crypto\libs\cy_crypto_client_gcc.a(cy_crypto.o)
 .text.Cy_Crypto_IsServerStarted
                0x10083d44       0x28 Generated_Source\PSoC6\pdl\drivers\peripheral\crypto\libs\cy_crypto_client_gcc.a(cy_crypto.o)
 .text.Cy_Crypto_IsServerReady.isra.0
                0x10083d6c       0x24 Generated_Source\PSoC6\pdl\drivers\peripheral\crypto\libs\cy_crypto_client_gcc.a(cy_crypto.o)
 .text.Cy_Crypto_Client_Send
                0x10083d90       0x68 Generated_Source\PSoC6\pdl\drivers\peripheral\crypto\libs\cy_crypto_client_gcc.a(cy_crypto.o)
 .text.Cy_Crypto_Sync
                0x10083df8       0x58 Generated_Source\PSoC6\pdl\drivers\peripheral\crypto\libs\cy_crypto_client_gcc.a(cy_crypto.o)
                0x10083df8                Cy_Crypto_Sync
 .text.Cy_Crypto_Init
                0x10083e50       0xa0 Generated_Source\PSoC6\pdl\drivers\peripheral\crypto\libs\cy_crypto_client_gcc.a(cy_crypto.o)
                0x10083e50                Cy_Crypto_Init
 .text.Cy_Crypto_Enable
                0x10083ef0       0x30 Generated_Source\PSoC6\pdl\drivers\peripheral\crypto\libs\cy_crypto_client_gcc.a(cy_crypto.o)
                0x10083ef0                Cy_Crypto_Enable
 .text.Cy_Crypto_Aes_Init
                0x10083f20       0x28 Generated_Source\PSoC6\pdl\drivers\peripheral\crypto\libs\cy_crypto_client_gcc.a(cy_crypto.o)
                0x10083f20                Cy_Crypto_Aes_Init
 .text.Cy_Crypto_Aes_Ecb_Run
                0x10083f48       0x28 Generated_Source\PSoC6\pdl\drivers\peripheral\crypto\libs\cy_crypto_client_gcc.a(cy_crypto.o)
                0x10083f48                Cy_Crypto_Aes_Ecb_Run
 .text          0x10083f70      0x370 c:/program files (x86)/cypress/psoc creator/4.4/psoc creator/import/gnu/arm/5.4.1/bin/../lib/gcc/arm-none-eabi/5.4.1/armv7e-m/softfp\libgcc.a(_arm_addsubdf3.o)
                0x10083f70                __aeabi_drsub
                0x10083f78                __aeabi_dsub
                0x10083f78                __subdf3
                0x10083f7c                __aeabi_dadd
                0x10083f7c                __adddf3
                0x100841f4                __floatunsidf
                0x100841f4                __aeabi_ui2d
                0x10084214                __floatsidf
                0x10084214                __aeabi_i2d
                0x10084238                __aeabi_f2d
                0x10084238                __extendsfdf2
                0x10084274                __floatundidf
                0x10084274                __aeabi_ul2d
                0x10084284                __floatdidf
                0x10084284                __aeabi_l2d
 .text          0x100842e0      0x424 c:/program files (x86)/cypress/psoc creator/4.4/psoc creator/import/gnu/arm/5.4.1/bin/../lib/gcc/arm-none-eabi/5.4.1/armv7e-m/softfp\libgcc.a(_arm_muldivdf3.o)
                0x100842e0                __aeabi_dmul
                0x100842e0                __muldf3
                0x10084534                __divdf3
                0x10084534                __aeabi_ddiv
 .text          0x10084704       0x50 c:/program files (x86)/cypress/psoc creator/4.4/psoc creator/import/gnu/arm/5.4.1/bin/../lib/gcc/arm-none-eabi/5.4.1/armv7e-m/softfp\libgcc.a(_arm_fixdfsi.o)
                0x10084704                __aeabi_d2iz
                0x10084704                __fixdfsi
 .text          0x10084754       0xa0 c:/program files (x86)/cypress/psoc creator/4.4/psoc creator/import/gnu/arm/5.4.1/bin/../lib/gcc/arm-none-eabi/5.4.1/armv7e-m/softfp\libgcc.a(_arm_truncdfsf2.o)
                0x10084754                __truncdfsf2
                0x10084754                __aeabi_d2f
 .text.memcpy   0x100847f4       0x16 c:/program files (x86)/cypress/psoc creator/4.4/psoc creator/import/gnu/arm/5.4.1/bin/../lib/gcc/arm-none-eabi/5.4.1/../../../../arm-none-eabi/lib/armv7e-m/softfp\libg_nano.a(lib_a-memcpy-stub.o)
                0x100847f4                memcpy
 .text.memset   0x1008480a       0x10 c:/program files (x86)/cypress/psoc creator/4.4/psoc creator/import/gnu/arm/5.4.1/bin/../lib/gcc/arm-none-eabi/5.4.1/../../../../arm-none-eabi/lib/armv7e-m/softfp\libg_nano.a(lib_a-memset.o)
                0x1008480a                memset
 .text.__cvt    0x1008481a       0xc2 c:/program files (x86)/cypress/psoc creator/4.4/psoc creator/import/gnu/arm/5.4.1/bin/../lib/gcc/arm-none-eabi/5.4.1/../../../../arm-none-eabi/lib/armv7e-m/softfp\libg_nano.a(lib_a-nano-vfprintf_float.o)
                0x1008481a                __cvt
 .text.__exponent
                0x100848dc       0x60 c:/program files (x86)/cypress/psoc creator/4.4/psoc creator/import/gnu/arm/5.4.1/bin/../lib/gcc/arm-none-eabi/5.4.1/../../../../arm-none-eabi/lib/armv7e-m/softfp\libg_nano.a(lib_a-nano-vfprintf_float.o)
                0x100848dc                __exponent
 .text._printf_float
                0x1008493c      0x488 c:/program files (x86)/cypress/psoc creator/4.4/psoc creator/import/gnu/arm/5.4.1/bin/../lib/gcc/arm-none-eabi/5.4.1/../../../../arm-none-eabi/lib/armv7e-m/softfp\libg_nano.a(lib_a-nano-vfprintf_float.o)
                0x1008493c                _printf_float
 .text._printf_common
                0x10084dc4       0xec c:/program files (x86)/cypress/psoc creator/4.4/psoc creator/import/gnu/arm/5.4.1/bin/../lib/gcc/arm-none-eabi/5.4.1/../../../../arm-none-eabi/lib/armv7e-m/softfp\libg_nano.a(lib_a-nano-vfprintf_i.o)
                0x10084dc4                _printf_common
 .text._printf_i
                0x10084eb0      0x24c c:/program files (x86)/cypress/psoc creator/4.4/psoc creator/import/gnu/arm/5.4.1/bin/../lib/gcc/arm-none-eabi/5.4.1/../../../../arm-none-eabi/lib/armv7e-m/softfp\libg_nano.a(lib_a-nano-vfprintf_i.o)
                0x10084eb0                _printf_i
 .text.printf   0x100850fc       0x30 c:/program files (x86)/cypress/psoc creator/4.4/psoc creator/import/gnu/arm/5.4.1/bin/../lib/gcc/arm-none-eabi/5.4.1/../../../../arm-none-eabi/lib/armv7e-m/softfp\libg_nano.a(lib_a-printf.o)
                0x100850fc                iprintf
                0x100850fc                printf
 .text._puts_r  0x1008512c       0xb4 c:/program files (x86)/cypress/psoc creator/4.4/psoc creator/import/gnu/arm/5.4.1/bin/../lib/gcc/arm-none-eabi/5.4.1/../../../../arm-none-eabi/lib/armv7e-m/softfp\libg_nano.a(lib_a-puts.o)
                0x1008512c                _puts_r
 .text.puts     0x100851e0       0x10 c:/program files (x86)/cypress/psoc creator/4.4/psoc creator/import/gnu/arm/5.4.1/bin/../lib/gcc/arm-none-eabi/5.4.1/../../../../arm-none-eabi/lib/armv7e-m/softfp\libg_nano.a(lib_a-puts.o)
                0x100851e0                puts
 .text          0x100851f0       0x10 c:/program files (x86)/cypress/psoc creator/4.4/psoc creator/import/gnu/arm/5.4.1/bin/../lib/gcc/arm-none-eabi/5.4.1/../../../../arm-none-eabi/lib/armv7e-m/softfp\libg_nano.a(lib_a-strlen.o)
                0x100851f0                strlen
 .text.strncpy  0x10085200       0x26 c:/program files (x86)/cypress/psoc creator/4.4/psoc creator/import/gnu/arm/5.4.1/bin/../lib/gcc/arm-none-eabi/5.4.1/../../../../arm-none-eabi/lib/armv7e-m/softfp\libg_nano.a(lib_a-strncpy.o)
                0x10085200                strncpy
 *fill*         0x10085226        0x2 
 .text.__swbuf_r
                0x10085228       0xa8 c:/program files (x86)/cypress/psoc creator/4.4/psoc creator/import/gnu/arm/5.4.1/bin/../lib/gcc/arm-none-eabi/5.4.1/../../../../arm-none-eabi/lib/armv7e-m/softfp\libg_nano.a(lib_a-wbuf.o)
                0x10085228                __swbuf_r
 .text.__swsetup_r
                0x100852d0       0xdc c:/program files (x86)/cypress/psoc creator/4.4/psoc creator/import/gnu/arm/5.4.1/bin/../lib/gcc/arm-none-eabi/5.4.1/../../../../arm-none-eabi/lib/armv7e-m/softfp\libg_nano.a(lib_a-wsetup.o)
                0x100852d0                __swsetup_r
 .text.quorem   0x100853ac      0x11e c:/program files (x86)/cypress/psoc creator/4.4/psoc creator/import/gnu/arm/5.4.1/bin/../lib/gcc/arm-none-eabi/5.4.1/../../../../arm-none-eabi/lib/armv7e-m/softfp\libg_nano.a(lib_a-dtoa.o)
 *fill*         0x100854ca        0x6 
 .text._dtoa_r  0x100854d0      0xb38 c:/program files (x86)/cypress/psoc creator/4.4/psoc creator/import/gnu/arm/5.4.1/bin/../lib/gcc/arm-none-eabi/5.4.1/../../../../arm-none-eabi/lib/armv7e-m/softfp\libg_nano.a(lib_a-dtoa.o)
                0x100854d0                _dtoa_r
 .text.__sflush_r
                0x10086008      0x110 c:/program files (x86)/cypress/psoc creator/4.4/psoc creator/import/gnu/arm/5.4.1/bin/../lib/gcc/arm-none-eabi/5.4.1/../../../../arm-none-eabi/lib/armv7e-m/softfp\libg_nano.a(lib_a-fflush.o)
                0x10086008                __sflush_r
 .text._fflush_r
                0x10086118       0x54 c:/program files (x86)/cypress/psoc creator/4.4/psoc creator/import/gnu/arm/5.4.1/bin/../lib/gcc/arm-none-eabi/5.4.1/../../../../arm-none-eabi/lib/armv7e-m/softfp\libg_nano.a(lib_a-fflush.o)
                0x10086118                _fflush_r
 .text._cleanup_r
                0x1008616c        0xc c:/program files (x86)/cypress/psoc creator/4.4/psoc creator/import/gnu/arm/5.4.1/bin/../lib/gcc/arm-none-eabi/5.4.1/../../../../arm-none-eabi/lib/armv7e-m/softfp\libg_nano.a(lib_a-findfp.o)
                0x1008616c                _cleanup_r
 .text.std.isra.0
                0x10086178       0x48 c:/program files (x86)/cypress/psoc creator/4.4/psoc creator/import/gnu/arm/5.4.1/bin/../lib/gcc/arm-none-eabi/5.4.1/../../../../arm-none-eabi/lib/armv7e-m/softfp\libg_nano.a(lib_a-findfp.o)
 .text.__sfmoreglue
                0x100861c0       0x2c c:/program files (x86)/cypress/psoc creator/4.4/psoc creator/import/gnu/arm/5.4.1/bin/../lib/gcc/arm-none-eabi/5.4.1/../../../../arm-none-eabi/lib/armv7e-m/softfp\libg_nano.a(lib_a-findfp.o)
                0x100861c0                __sfmoreglue
 .text.__sinit  0x100861ec       0x60 c:/program files (x86)/cypress/psoc creator/4.4/psoc creator/import/gnu/arm/5.4.1/bin/../lib/gcc/arm-none-eabi/5.4.1/../../../../arm-none-eabi/lib/armv7e-m/softfp\libg_nano.a(lib_a-findfp.o)
                0x100861ec                __sinit
 .text.__sfp    0x1008624c       0x78 c:/program files (x86)/cypress/psoc creator/4.4/psoc creator/import/gnu/arm/5.4.1/bin/../lib/gcc/arm-none-eabi/5.4.1/../../../../arm-none-eabi/lib/armv7e-m/softfp\libg_nano.a(lib_a-findfp.o)
                0x1008624c                __sfp
 .text._fwalk_reent
                0x100862c4       0x3c c:/program files (x86)/cypress/psoc creator/4.4/psoc creator/import/gnu/arm/5.4.1/bin/../lib/gcc/arm-none-eabi/5.4.1/../../../../arm-none-eabi/lib/armv7e-m/softfp\libg_nano.a(lib_a-fwalk.o)
                0x100862c4                _fwalk_reent
 .text._localeconv_r
                0x10086300        0x8 c:/program files (x86)/cypress/psoc creator/4.4/psoc creator/import/gnu/arm/5.4.1/bin/../lib/gcc/arm-none-eabi/5.4.1/../../../../arm-none-eabi/lib/armv7e-m/softfp\libg_nano.a(lib_a-locale.o)
                0x10086300                _localeconv_r
 .text.__swhatbuf_r
                0x10086308       0x46 c:/program files (x86)/cypress/psoc creator/4.4/psoc creator/import/gnu/arm/5.4.1/bin/../lib/gcc/arm-none-eabi/5.4.1/../../../../arm-none-eabi/lib/armv7e-m/softfp\libg_nano.a(lib_a-makebuf.o)
                0x10086308                __swhatbuf_r
 *fill*         0x1008634e        0x2 
 .text.__smakebuf_r
                0x10086350       0x78 c:/program files (x86)/cypress/psoc creator/4.4/psoc creator/import/gnu/arm/5.4.1/bin/../lib/gcc/arm-none-eabi/5.4.1/../../../../arm-none-eabi/lib/armv7e-m/softfp\libg_nano.a(lib_a-makebuf.o)
                0x10086350                __smakebuf_r
 .text.malloc   0x100863c8       0x10 c:/program files (x86)/cypress/psoc creator/4.4/psoc creator/import/gnu/arm/5.4.1/bin/../lib/gcc/arm-none-eabi/5.4.1/../../../../arm-none-eabi/lib/armv7e-m/softfp\libg_nano.a(lib_a-malloc.o)
                0x100863c8                malloc
 *fill*         0x100863d8        0x8 
 .text          0x100863e0       0xa0 c:/program files (x86)/cypress/psoc creator/4.4/psoc creator/import/gnu/arm/5.4.1/bin/../lib/gcc/arm-none-eabi/5.4.1/../../../../arm-none-eabi/lib/armv7e-m/softfp\libg_nano.a(lib_a-memchr.o)
                0x100863e0                memchr
 .text._Balloc  0x10086480       0x6a c:/program files (x86)/cypress/psoc creator/4.4/psoc creator/import/gnu/arm/5.4.1/bin/../lib/gcc/arm-none-eabi/5.4.1/../../../../arm-none-eabi/lib/armv7e-m/softfp\libg_nano.a(lib_a-mprec.o)
                0x10086480                _Balloc
 .text._Bfree   0x100864ea       0x2e c:/program files (x86)/cypress/psoc creator/4.4/psoc creator/import/gnu/arm/5.4.1/bin/../lib/gcc/arm-none-eabi/5.4.1/../../../../arm-none-eabi/lib/armv7e-m/softfp\libg_nano.a(lib_a-mprec.o)
                0x100864ea                _Bfree
 .text.__multadd
                0x10086518       0x76 c:/program files (x86)/cypress/psoc creator/4.4/psoc creator/import/gnu/arm/5.4.1/bin/../lib/gcc/arm-none-eabi/5.4.1/../../../../arm-none-eabi/lib/armv7e-m/softfp\libg_nano.a(lib_a-mprec.o)
                0x10086518                __multadd
 .text.__hi0bits
                0x1008658e       0x40 c:/program files (x86)/cypress/psoc creator/4.4/psoc creator/import/gnu/arm/5.4.1/bin/../lib/gcc/arm-none-eabi/5.4.1/../../../../arm-none-eabi/lib/armv7e-m/softfp\libg_nano.a(lib_a-mprec.o)
                0x1008658e                __hi0bits
 .text.__lo0bits
                0x100865ce       0x5a c:/program files (x86)/cypress/psoc creator/4.4/psoc creator/import/gnu/arm/5.4.1/bin/../lib/gcc/arm-none-eabi/5.4.1/../../../../arm-none-eabi/lib/armv7e-m/softfp\libg_nano.a(lib_a-mprec.o)
                0x100865ce                __lo0bits
 .text.__i2b    0x10086628       0x12 c:/program files (x86)/cypress/psoc creator/4.4/psoc creator/import/gnu/arm/5.4.1/bin/../lib/gcc/arm-none-eabi/5.4.1/../../../../arm-none-eabi/lib/armv7e-m/softfp\libg_nano.a(lib_a-mprec.o)
                0x10086628                __i2b
 .text.__multiply
                0x1008663a      0x122 c:/program files (x86)/cypress/psoc creator/4.4/psoc creator/import/gnu/arm/5.4.1/bin/../lib/gcc/arm-none-eabi/5.4.1/../../../../arm-none-eabi/lib/armv7e-m/softfp\libg_nano.a(lib_a-mprec.o)
                0x1008663a                __multiply
 .text.__pow5mult
                0x1008675c       0x9c c:/program files (x86)/cypress/psoc creator/4.4/psoc creator/import/gnu/arm/5.4.1/bin/../lib/gcc/arm-none-eabi/5.4.1/../../../../arm-none-eabi/lib/armv7e-m/softfp\libg_nano.a(lib_a-mprec.o)
                0x1008675c                __pow5mult
 .text.__lshift
                0x100867f8       0xa2 c:/program files (x86)/cypress/psoc creator/4.4/psoc creator/import/gnu/arm/5.4.1/bin/../lib/gcc/arm-none-eabi/5.4.1/../../../../arm-none-eabi/lib/armv7e-m/softfp\libg_nano.a(lib_a-mprec.o)
                0x100867f8                __lshift
 .text.__mcmp   0x1008689a       0x38 c:/program files (x86)/cypress/psoc creator/4.4/psoc creator/import/gnu/arm/5.4.1/bin/../lib/gcc/arm-none-eabi/5.4.1/../../../../arm-none-eabi/lib/armv7e-m/softfp\libg_nano.a(lib_a-mprec.o)
                0x1008689a                __mcmp
 .text.__mdiff  0x100868d2       0xbe c:/program files (x86)/cypress/psoc creator/4.4/psoc creator/import/gnu/arm/5.4.1/bin/../lib/gcc/arm-none-eabi/5.4.1/../../../../arm-none-eabi/lib/armv7e-m/softfp\libg_nano.a(lib_a-mprec.o)
                0x100868d2                __mdiff
 .text.__d2b    0x10086990       0x9c c:/program files (x86)/cypress/psoc creator/4.4/psoc creator/import/gnu/arm/5.4.1/bin/../lib/gcc/arm-none-eabi/5.4.1/../../../../arm-none-eabi/lib/armv7e-m/softfp\libg_nano.a(lib_a-mprec.o)
                0x10086990                __d2b
 .text._calloc_r
                0x10086a2c       0x1c c:/program files (x86)/cypress/psoc creator/4.4/psoc creator/import/gnu/arm/5.4.1/bin/../lib/gcc/arm-none-eabi/5.4.1/../../../../arm-none-eabi/lib/armv7e-m/softfp\libg_nano.a(lib_a-nano-callocr.o)
                0x10086a2c                _calloc_r
 .text._free_r  0x10086a48       0x9c c:/program files (x86)/cypress/psoc creator/4.4/psoc creator/import/gnu/arm/5.4.1/bin/../lib/gcc/arm-none-eabi/5.4.1/../../../../arm-none-eabi/lib/armv7e-m/softfp\libg_nano.a(lib_a-nano-freer.o)
                0x10086a48                _free_r
 .text._malloc_r
                0x10086ae4       0xbc c:/program files (x86)/cypress/psoc creator/4.4/psoc creator/import/gnu/arm/5.4.1/bin/../lib/gcc/arm-none-eabi/5.4.1/../../../../arm-none-eabi/lib/armv7e-m/softfp\libg_nano.a(lib_a-nano-mallocr.o)
                0x10086ae4                _malloc_r
 .text.__sfputc_r
                0x10086ba0       0x30 c:/program files (x86)/cypress/psoc creator/4.4/psoc creator/import/gnu/arm/5.4.1/bin/../lib/gcc/arm-none-eabi/5.4.1/../../../../arm-none-eabi/lib/armv7e-m/softfp\libg_nano.a(lib_a-nano-vfprintf.o)
 .text.__sfputs_r
                0x10086bd0       0x24 c:/program files (x86)/cypress/psoc creator/4.4/psoc creator/import/gnu/arm/5.4.1/bin/../lib/gcc/arm-none-eabi/5.4.1/../../../../arm-none-eabi/lib/armv7e-m/softfp\libg_nano.a(lib_a-nano-vfprintf.o)
                0x10086bd0                __sfputs_r
 .text._vfprintf_r
                0x10086bf4      0x238 c:/program files (x86)/cypress/psoc creator/4.4/psoc creator/import/gnu/arm/5.4.1/bin/../lib/gcc/arm-none-eabi/5.4.1/../../../../arm-none-eabi/lib/armv7e-m/softfp\libg_nano.a(lib_a-nano-vfprintf.o)
                0x10086bf4                _vfprintf_r
                0x10086bf4                _vfiprintf_r
 .text._sbrk_r  0x10086e2c       0x20 c:/program files (x86)/cypress/psoc creator/4.4/psoc creator/import/gnu/arm/5.4.1/bin/../lib/gcc/arm-none-eabi/5.4.1/../../../../arm-none-eabi/lib/armv7e-m/softfp\libg_nano.a(lib_a-sbrkr.o)
                0x10086e2c                _sbrk_r
 .text.__sread  0x10086e4c       0x22 c:/program files (x86)/cypress/psoc creator/4.4/psoc creator/import/gnu/arm/5.4.1/bin/../lib/gcc/arm-none-eabi/5.4.1/../../../../arm-none-eabi/lib/armv7e-m/softfp\libg_nano.a(lib_a-stdio.o)
                0x10086e4c                __sread
 .text.__swrite
                0x10086e6e       0x38 c:/program files (x86)/cypress/psoc creator/4.4/psoc creator/import/gnu/arm/5.4.1/bin/../lib/gcc/arm-none-eabi/5.4.1/../../../../arm-none-eabi/lib/armv7e-m/softfp\libg_nano.a(lib_a-stdio.o)
                0x10086e6e                __swrite
 .text.__sseek  0x10086ea6       0x24 c:/program files (x86)/cypress/psoc creator/4.4/psoc creator/import/gnu/arm/5.4.1/bin/../lib/gcc/arm-none-eabi/5.4.1/../../../../arm-none-eabi/lib/armv7e-m/softfp\libg_nano.a(lib_a-stdio.o)
                0x10086ea6                __sseek
 .text.__sclose
                0x10086eca        0x8 c:/program files (x86)/cypress/psoc creator/4.4/psoc creator/import/gnu/arm/5.4.1/bin/../lib/gcc/arm-none-eabi/5.4.1/../../../../arm-none-eabi/lib/armv7e-m/softfp\libg_nano.a(lib_a-stdio.o)
                0x10086eca                __sclose
 *fill*         0x10086ed2        0x2 
 .text._write_r
                0x10086ed4       0x24 c:/program files (x86)/cypress/psoc creator/4.4/psoc creator/import/gnu/arm/5.4.1/bin/../lib/gcc/arm-none-eabi/5.4.1/../../../../arm-none-eabi/lib/armv7e-m/softfp\libg_nano.a(lib_a-writer.o)
                0x10086ed4                _write_r
 .text._close_r
                0x10086ef8       0x20 c:/program files (x86)/cypress/psoc creator/4.4/psoc creator/import/gnu/arm/5.4.1/bin/../lib/gcc/arm-none-eabi/5.4.1/../../../../arm-none-eabi/lib/armv7e-m/softfp\libg_nano.a(lib_a-closer.o)
                0x10086ef8                _close_r
 .text._fstat_r
                0x10086f18       0x24 c:/program files (x86)/cypress/psoc creator/4.4/psoc creator/import/gnu/arm/5.4.1/bin/../lib/gcc/arm-none-eabi/5.4.1/../../../../arm-none-eabi/lib/armv7e-m/softfp\libg_nano.a(lib_a-fstatr.o)
                0x10086f18                _fstat_r
 .text._isatty_r
                0x10086f3c       0x20 c:/program files (x86)/cypress/psoc creator/4.4/psoc creator/import/gnu/arm/5.4.1/bin/../lib/gcc/arm-none-eabi/5.4.1/../../../../arm-none-eabi/lib/armv7e-m/softfp\libg_nano.a(lib_a-isattyr.o)
                0x10086f3c                _isatty_r
 .text._lseek_r
                0x10086f5c       0x24 c:/program files (x86)/cypress/psoc creator/4.4/psoc creator/import/gnu/arm/5.4.1/bin/../lib/gcc/arm-none-eabi/5.4.1/../../../../arm-none-eabi/lib/armv7e-m/softfp\libg_nano.a(lib_a-lseekr.o)
                0x10086f5c                _lseek_r
 .text.__malloc_lock
                0x10086f80        0x2 c:/program files (x86)/cypress/psoc creator/4.4/psoc creator/import/gnu/arm/5.4.1/bin/../lib/gcc/arm-none-eabi/5.4.1/../../../../arm-none-eabi/lib/armv7e-m/softfp\libg_nano.a(lib_a-mlock.o)
                0x10086f80                __malloc_lock
 .text.__malloc_unlock
                0x10086f82        0x2 c:/program files (x86)/cypress/psoc creator/4.4/psoc creator/import/gnu/arm/5.4.1/bin/../lib/gcc/arm-none-eabi/5.4.1/../../../../arm-none-eabi/lib/armv7e-m/softfp\libg_nano.a(lib_a-mlock.o)
                0x10086f82                __malloc_unlock
 .text._read_r  0x10086f84       0x24 c:/program files (x86)/cypress/psoc creator/4.4/psoc creator/import/gnu/arm/5.4.1/bin/../lib/gcc/arm-none-eabi/5.4.1/../../../../arm-none-eabi/lib/armv7e-m/softfp\libg_nano.a(lib_a-readr.o)
                0x10086f84                _read_r
 .text          0x10086fa8      0x110 c:/program files (x86)/cypress/psoc creator/4.4/psoc creator/import/gnu/arm/5.4.1/bin/../lib/gcc/arm-none-eabi/5.4.1/armv7e-m/softfp\libgcc.a(_arm_cmpdf2.o)
                0x10086fa8                __gtdf2
                0x10086fa8                __gedf2
                0x10086fb0                __ltdf2
                0x10086fb0                __ledf2
                0x10086fb8                __nedf2
                0x10086fb8                __eqdf2
                0x10086fb8                __cmpdf2
                0x10087034                __aeabi_cdrcmple
                0x10087044                __aeabi_cdcmpeq
                0x10087044                __aeabi_cdcmple
                0x10087054                __aeabi_dcmpeq
                0x10087068                __aeabi_dcmplt
                0x1008707c                __aeabi_dcmple
                0x10087090                __aeabi_dcmpge
                0x100870a4                __aeabi_dcmpgt
 .text          0x100870b8       0x2c c:/program files (x86)/cypress/psoc creator/4.4/psoc creator/import/gnu/arm/5.4.1/bin/../lib/gcc/arm-none-eabi/5.4.1/armv7e-m/softfp\libgcc.a(_arm_unorddf2.o)
                0x100870b8                __unorddf2
                0x100870b8                __aeabi_dcmpun
 .text._close   0x100870e4       0x10 c:/program files (x86)/cypress/psoc creator/4.4/psoc creator/import/gnu/arm/5.4.1/bin/../lib/gcc/arm-none-eabi/5.4.1/../../../../arm-none-eabi/lib/armv7e-m/softfp\libnosys.a(close.o)
                0x100870e4                _close
 .text._fstat   0x100870f4       0x10 c:/program files (x86)/cypress/psoc creator/4.4/psoc creator/import/gnu/arm/5.4.1/bin/../lib/gcc/arm-none-eabi/5.4.1/../../../../arm-none-eabi/lib/armv7e-m/softfp\libnosys.a(fstat.o)
                0x100870f4                _fstat
 .text._isatty  0x10087104       0x10 c:/program files (x86)/cypress/psoc creator/4.4/psoc creator/import/gnu/arm/5.4.1/bin/../lib/gcc/arm-none-eabi/5.4.1/../../../../arm-none-eabi/lib/armv7e-m/softfp\libnosys.a(isatty.o)
                0x10087104                _isatty
 .text._lseek   0x10087114       0x10 c:/program files (x86)/cypress/psoc creator/4.4/psoc creator/import/gnu/arm/5.4.1/bin/../lib/gcc/arm-none-eabi/5.4.1/../../../../arm-none-eabi/lib/armv7e-m/softfp\libnosys.a(lseek.o)
                0x10087114                _lseek
 .text._sbrk    0x10087124       0x1c c:/program files (x86)/cypress/psoc creator/4.4/psoc creator/import/gnu/arm/5.4.1/bin/../lib/gcc/arm-none-eabi/5.4.1/../../../../arm-none-eabi/lib/armv7e-m/softfp\libnosys.a(sbrk.o)
                0x10087124                _sbrk
 .text.log      0x10087140      0x100 c:/program files (x86)/cypress/psoc creator/4.4/psoc creator/import/gnu/arm/5.4.1/bin/../lib/gcc/arm-none-eabi/5.4.1/../../../../arm-none-eabi/lib/armv7e-m/softfp\libm.a(lib_a-w_log.o)
                0x10087140                log
 .text.__ieee754_log
                0x10087240      0x3e8 c:/program files (x86)/cypress/psoc creator/4.4/psoc creator/import/gnu/arm/5.4.1/bin/../lib/gcc/arm-none-eabi/5.4.1/../../../../arm-none-eabi/lib/armv7e-m/softfp\libm.a(lib_a-e_log.o)
                0x10087240                __ieee754_log
 .text.matherr  0x10087628        0x4 c:/program files (x86)/cypress/psoc creator/4.4/psoc creator/import/gnu/arm/5.4.1/bin/../lib/gcc/arm-none-eabi/5.4.1/../../../../arm-none-eabi/lib/armv7e-m/softfp\libm.a(lib_a-s_matherr.o)
                0x10087628                matherr
 .text.nan      0x1008762c        0xc c:/program files (x86)/cypress/psoc creator/4.4/psoc creator/import/gnu/arm/5.4.1/bin/../lib/gcc/arm-none-eabi/5.4.1/../../../../arm-none-eabi/lib/armv7e-m/softfp\libm.a(lib_a-s_nan.o)
                0x1008762c                nan
 .text.__errno  0x10087638        0xc c:/program files (x86)/cypress/psoc creator/4.4/psoc creator/import/gnu/arm/5.4.1/bin/../lib/gcc/arm-none-eabi/5.4.1/../../../../arm-none-eabi/lib/armv7e-m/softfp\libc.a(lib_a-errno.o)
                0x10087638                __errno
 *(.init)
 .init          0x10087644        0x4 c:/program files (x86)/cypress/psoc creator/4.4/psoc creator/import/gnu/arm/5.4.1/bin/../lib/gcc/arm-none-eabi/5.4.1/armv7e-m/softfp/crti.o
                0x10087644                _init
 .init          0x10087648        0x8 c:/program files (x86)/cypress/psoc creator/4.4/psoc creator/import/gnu/arm/5.4.1/bin/../lib/gcc/arm-none-eabi/5.4.1/armv7e-m/softfp/crtn.o
 *(.fini)
 .fini          0x10087650        0x4 c:/program files (x86)/cypress/psoc creator/4.4/psoc creator/import/gnu/arm/5.4.1/bin/../lib/gcc/arm-none-eabi/5.4.1/armv7e-m/softfp/crti.o
                0x10087650                _fini
 .fini          0x10087654        0x8 c:/program files (x86)/cypress/psoc creator/4.4/psoc creator/import/gnu/arm/5.4.1/bin/../lib/gcc/arm-none-eabi/5.4.1/armv7e-m/softfp/crtn.o
 *crtbegin.o(.ctors)
 *crtbegin?.o(.ctors)
 *(EXCLUDE_FILE(*crtend.o *crtend?.o) .ctors)
 *(SORT(.ctors.*))
 *(.ctors)
 *crtbegin.o(.dtors)
 *crtbegin?.o(.dtors)
 *(EXCLUDE_FILE(*crtend.o *crtend?.o) .dtors)
 *(SORT(.dtors.*))
 *(.dtors)
 *(.rodata .rodata.* .constdata .constdata.* .conststring .conststring.*)
 .rodata        0x1008765c      0x130 .\CortexM4\ARM_GCC_541\Debug\main_cm4.o
                0x1008765c                crcTable
                0x1008775c                cryptoConfig
 .rodata.str1.4
                0x1008778c      0x197 .\CortexM4\ARM_GCC_541\Debug\main_cm4.o
 *fill*         0x10087923        0x1 
 .rodata        0x10087924       0x34 .\CortexM4\ARM_GCC_541\Debug\system_psoc6_cm4.o
 .rodata        0x10087958        0x2 .\CortexM4\ARM_GCC_541\Debug\ADPD1080.o
                0x10087958                PULSE_B
                0x10087959                PULSE_A
 *fill*         0x1008795a        0x2 
 .rodata.str1.4
                0x1008795c       0x14 .\CortexM4\ARM_GCC_541\Debug\ADPD1080.o
 .rodata        0x10087970       0x20 .\CortexM4\ARM_GCC_541\Debug\cyfitter_sysint_cfg.o
                0x10087970                ADC_IRQ_cfg
                0x10087978                I2C_I2C_IRQ_cfg
                0x10087980                Timer_Int_cfg
                0x10087988                UART_SCB_IRQ_cfg
 .rodata.str1.4
                0x10087990       0x21 .\CortexM4\ARM_GCC_541\Debug\I2C_INT.o
 *fill*         0x100879b1        0x3 
 .rodata.str1.4
                0x100879b4       0x3f .\CortexM4\ARM_GCC_541\Debug\cy_flash.o
 *fill*         0x100879f3        0x1 
 .rodata.str1.4
                0x100879f4       0x7f .\CortexM4\ARM_GCC_541\Debug\cy_ipc_drv.o
 .rodata.str1.4
                0x10087a73       0x3f .\CortexM4\ARM_GCC_541\Debug\cy_ipc_sema.o
 *fill*         0x10087a73        0x1 
 .rodata.str1.4
                0x10087a74       0x40 .\CortexM4\ARM_GCC_541\Debug\cy_ipc_pipe.o
                                 0x7f (size before relaxing)
 .rodata.str1.4
                0x10087ab4       0x41 .\CortexM4\ARM_GCC_541\Debug\cy_sysint.o
 *fill*         0x10087af5        0x3 
 .rodata        0x10087af8      0x170 .\CortexM4\ARM_GCC_541\Debug\cy_device.o
                0x10087af8                cy_deviceIpBlockCfgPSoC6_02
                0x10087bb0                cy_deviceIpBlockCfgPSoC6_01
 .rodata.str1.4
                0x10087c68       0xc4 .\CortexM4\ARM_GCC_541\Debug\cy_scb_uart.o
 .rodata.str1.4
                0x10087d2c       0x3b .\CortexM4\ARM_GCC_541\Debug\cy_sar.o
 *fill*         0x10087d67        0x1 
 .rodata.str1.4
                0x10087d68       0x3f .\CortexM4\ARM_GCC_541\Debug\cy_ctdac.o
 *fill*         0x10087da7        0x1 
 .rodata.str1.4
                0x10087da8       0x50 .\CortexM4\ARM_GCC_541\Debug\port.o
 .rodata        0x10087df8       0x40 .\CortexM4\ARM_GCC_541\Debug\UART.o
                0x10087df8                UART_config
 .rodata.str1.4
                0x10087e38       0x3b .\CortexM4\ARM_GCC_541\Debug\ADC_INT.o
 *fill*         0x10087e73        0x1 
 .rodata        0x10087e74       0x8c .\CortexM4\ARM_GCC_541\Debug\ADC_INIT.o
                0x10087e74                ADC_allConfigs
 .rodata        0x10087f00       0x4c .\CortexM4\ARM_GCC_541\Debug\Timer.o
                0x10087f00                Timer_config
 .rodata        0x10087f4c       0x34 .\CortexM4\ARM_GCC_541\Debug\VDAC.o
                0x10087f4c                VDAC_ctdacConfig
 .rodata.str1.1
                0x10087f80        0x2 c:/program files (x86)/cypress/psoc creator/4.4/psoc creator/import/gnu/arm/5.4.1/bin/../lib/gcc/arm-none-eabi/5.4.1/../../../../arm-none-eabi/lib/armv7e-m/softfp\libg_nano.a(lib_a-impure.o)
 *fill*         0x10087f82        0x2 
 .rodata._global_impure_ptr
                0x10087f84        0x4 c:/program files (x86)/cypress/psoc creator/4.4/psoc creator/import/gnu/arm/5.4.1/bin/../lib/gcc/arm-none-eabi/5.4.1/../../../../arm-none-eabi/lib/armv7e-m/softfp\libg_nano.a(lib_a-impure.o)
                0x10087f84                _global_impure_ptr
 .rodata.str1.1
                0x10087f88       0x12 c:/program files (x86)/cypress/psoc creator/4.4/psoc creator/import/gnu/arm/5.4.1/bin/../lib/gcc/arm-none-eabi/5.4.1/../../../../arm-none-eabi/lib/armv7e-m/softfp\libg_nano.a(lib_a-nano-vfprintf_float.o)
 .rodata.str1.1
                0x10087f9a       0x22 c:/program files (x86)/cypress/psoc creator/4.4/psoc creator/import/gnu/arm/5.4.1/bin/../lib/gcc/arm-none-eabi/5.4.1/../../../../arm-none-eabi/lib/armv7e-m/softfp\libg_nano.a(lib_a-nano-vfprintf_i.o)
 .rodata.str1.1
                0x10087fbc        0xd c:/program files (x86)/cypress/psoc creator/4.4/psoc creator/import/gnu/arm/5.4.1/bin/../lib/gcc/arm-none-eabi/5.4.1/../../../../arm-none-eabi/lib/armv7e-m/softfp\libg_nano.a(lib_a-dtoa.o)
                                  0xf (size before relaxing)
 *fill*         0x10087fc9        0x3 
 .rodata.__sf_fake_stdin
                0x10087fcc       0x20 c:/program files (x86)/cypress/psoc creator/4.4/psoc creator/import/gnu/arm/5.4.1/bin/../lib/gcc/arm-none-eabi/5.4.1/../../../../arm-none-eabi/lib/armv7e-m/softfp\libg_nano.a(lib_a-findfp.o)
                0x10087fcc                __sf_fake_stdin
 .rodata.__sf_fake_stdout
                0x10087fec       0x20 c:/program files (x86)/cypress/psoc creator/4.4/psoc creator/import/gnu/arm/5.4.1/bin/../lib/gcc/arm-none-eabi/5.4.1/../../../../arm-none-eabi/lib/armv7e-m/softfp\libg_nano.a(lib_a-findfp.o)
                0x10087fec                __sf_fake_stdout
 .rodata.__sf_fake_stderr
                0x1008800c       0x20 c:/program files (x86)/cypress/psoc creator/4.4/psoc creator/import/gnu/arm/5.4.1/bin/../lib/gcc/arm-none-eabi/5.4.1/../../../../arm-none-eabi/lib/armv7e-m/softfp\libg_nano.a(lib_a-findfp.o)
                0x1008800c                __sf_fake_stderr
 .rodata.str1.1
                0x1008802c        0x8 c:/program files (x86)/cypress/psoc creator/4.4/psoc creator/import/gnu/arm/5.4.1/bin/../lib/gcc/arm-none-eabi/5.4.1/../../../../arm-none-eabi/lib/armv7e-m/softfp\libg_nano.a(lib_a-locale.o)
                                  0xb (size before relaxing)
 .rodata.p05.5410
                0x10088034        0xc c:/program files (x86)/cypress/psoc creator/4.4/psoc creator/import/gnu/arm/5.4.1/bin/../lib/gcc/arm-none-eabi/5.4.1/../../../../arm-none-eabi/lib/armv7e-m/softfp\libg_nano.a(lib_a-mprec.o)
 .rodata.__mprec_bigtens
                0x10088040       0x28 c:/program files (x86)/cypress/psoc creator/4.4/psoc creator/import/gnu/arm/5.4.1/bin/../lib/gcc/arm-none-eabi/5.4.1/../../../../arm-none-eabi/lib/armv7e-m/softfp\libg_nano.a(lib_a-mprec.o)
                0x10088040                __mprec_bigtens
 .rodata.__mprec_tens
                0x10088068       0xc8 c:/program files (x86)/cypress/psoc creator/4.4/psoc creator/import/gnu/arm/5.4.1/bin/../lib/gcc/arm-none-eabi/5.4.1/../../../../arm-none-eabi/lib/armv7e-m/softfp\libg_nano.a(lib_a-mprec.o)
                0x10088068                __mprec_tens
 .rodata.str1.1
                0x10088130       0x11 c:/program files (x86)/cypress/psoc creator/4.4/psoc creator/import/gnu/arm/5.4.1/bin/../lib/gcc/arm-none-eabi/5.4.1/../../../../arm-none-eabi/lib/armv7e-m/softfp\libg_nano.a(lib_a-nano-vfprintf.o)
 *fill*         0x10088141        0x3 
 .rodata.str1.4
                0x10088144        0x4 c:/program files (x86)/cypress/psoc creator/4.4/psoc creator/import/gnu/arm/5.4.1/bin/../lib/gcc/arm-none-eabi/5.4.1/../../../../arm-none-eabi/lib/armv7e-m/softfp\libm.a(lib_a-w_log.o)
                                  0x5 (size before relaxing)
 *(.eh_frame*)
 .eh_frame      0x10088148        0x0 c:/program files (x86)/cypress/psoc creator/4.4/psoc creator/import/gnu/arm/5.4.1/bin/../lib/gcc/arm-none-eabi/5.4.1/armv7e-m/softfp/crtbegin.o
 .eh_frame      0x10088148        0x4 c:/program files (x86)/cypress/psoc creator/4.4/psoc creator/import/gnu/arm/5.4.1/bin/../lib/gcc/arm-none-eabi/5.4.1/armv7e-m/softfp/crtend.o

.glue_7         0x1008814c        0x0
 .glue_7        0x1008814c        0x0 linker stubs

.glue_7t        0x1008814c        0x0
 .glue_7t       0x1008814c        0x0 linker stubs

.vfp11_veneer   0x1008814c        0x0
 .vfp11_veneer  0x1008814c        0x0 linker stubs

.v4_bx          0x1008814c        0x0
 .v4_bx         0x1008814c        0x0 linker stubs

.iplt           0x1008814c        0x0
 .iplt          0x1008814c        0x0 c:/program files (x86)/cypress/psoc creator/4.4/psoc creator/import/gnu/arm/5.4.1/bin/../lib/gcc/arm-none-eabi/5.4.1/armv7e-m/softfp/crtbegin.o

.ARM.extab
 *(.ARM.extab* .gnu.linkonce.armextab.*)
                0x1008814c                __exidx_start = .

.ARM.exidx
 *(.ARM.exidx* .gnu.linkonce.armexidx.*)
                0x1008814c                __exidx_end = .

.copy.table     0x1008814c       0x18
                0x1008814c                . = ALIGN (0x4)
                0x1008814c                __copy_table_start__ = .
                0x1008814c        0x4 LONG 0x10080000 __Vectors
                0x10088150        0x4 LONG 0x8024000 __ram_vectors_start__
                0x10088154        0x4 LONG 0x28c (__Vectors_End - __Vectors)
                0x10088158        0x4 LONG 0x1008816c __etext
                0x1008815c        0x4 LONG 0x802428c __data_start__
                0x10088160        0x4 LONG 0x674 (__data_end__ - __data_start__)
                0x10088164                __copy_table_end__ = .

.zero.table     0x10088164        0x8
                0x10088164                . = ALIGN (0x4)
                0x10088164                __zero_table_start__ = .
                0x10088164        0x4 LONG 0x8024994 __bss_start__
                0x10088168        0x4 LONG 0xcac (__bss_end__ - __bss_start__)
                0x1008816c                __zero_table_end__ = .
                0x1008816c                __etext = .

.ramVectors     0x08024000      0x28c
                0x08024000                __ram_vectors_start__ = .
 *(.ram_vectors)
 .ram_vectors   0x08024000      0x28c .\CortexM4\ARM_GCC_541\Debug\startup_psoc6_01_cm4.o
                0x08024000                __ramVectors
                0x0802428c                __ram_vectors_end__ = .

.data           0x0802428c      0x674 load address 0x1008816c
                0x0802428c                __data_start__ = .
 *(vtable)
 *(.data*)
 .data          0x0802428c       0x10 .\CortexM4\ARM_GCC_541\Debug\main_cm4.o
                0x0802428c                AES_Key
 .data          0x0802429c       0x20 .\CortexM4\ARM_GCC_541\Debug\system_psoc6_cm4.o
                0x0802429c                cy_BleEcoClockFreqHz
                0x080242a0                cy_Hfclk0FreqHz
                0x080242a4                cy_PeriClkFreqHz
                0x080242a8                SystemCoreClock
                0x080242ac                cy_delayFreqHz
                0x080242b0                cy_delayFreqMhz
                0x080242b4                cy_delayFreqKhz
                0x080242b8                cy_delay32kMs
 .data.impure_data
                0x080242bc       0x60 c:/program files (x86)/cypress/psoc creator/4.4/psoc creator/import/gnu/arm/5.4.1/bin/../lib/gcc/arm-none-eabi/5.4.1/../../../../arm-none-eabi/lib/armv7e-m/softfp\libg_nano.a(lib_a-impure.o)
 .data._impure_ptr
                0x0802431c        0x4 c:/program files (x86)/cypress/psoc creator/4.4/psoc creator/import/gnu/arm/5.4.1/bin/../lib/gcc/arm-none-eabi/5.4.1/../../../../arm-none-eabi/lib/armv7e-m/softfp\libg_nano.a(lib_a-impure.o)
                0x0802431c                _impure_ptr
 .data.lconv    0x08024320       0x38 c:/program files (x86)/cypress/psoc creator/4.4/psoc creator/import/gnu/arm/5.4.1/bin/../lib/gcc/arm-none-eabi/5.4.1/../../../../arm-none-eabi/lib/armv7e-m/softfp\libg_nano.a(lib_a-locale.o)
 .data.__fdlib_version
                0x08024358        0x1 c:/program files (x86)/cypress/psoc creator/4.4/psoc creator/import/gnu/arm/5.4.1/bin/../lib/gcc/arm-none-eabi/5.4.1/../../../../arm-none-eabi/lib/armv7e-m/softfp\libm.a(lib_a-s_lib_ver.o)
                0x08024358                __fdlib_version
                0x0802435c                . = ALIGN (0x4)
 *fill*         0x08024359        0x3 
                0x0802435c                PROVIDE (__preinit_array_start, .)
 *(.preinit_array)
                0x0802435c                PROVIDE (__preinit_array_end, .)
                0x0802435c                . = ALIGN (0x4)
                0x0802435c                PROVIDE (__init_array_start, .)
 *(SORT(.init_array.*))
 *(.init_array)
 .init_array    0x0802435c        0x4 c:/program files (x86)/cypress/psoc creator/4.4/psoc creator/import/gnu/arm/5.4.1/bin/../lib/gcc/arm-none-eabi/5.4.1/armv7e-m/softfp/crtbegin.o
                0x08024360                PROVIDE (__init_array_end, .)
                0x08024360                . = ALIGN (0x4)
                [!provide]                PROVIDE (__fini_array_start, .)
 *(SORT(.fini_array.*))
 *(.fini_array)
 .fini_array    0x08024360        0x4 c:/program files (x86)/cypress/psoc creator/4.4/psoc creator/import/gnu/arm/5.4.1/bin/../lib/gcc/arm-none-eabi/5.4.1/armv7e-m/softfp/crtbegin.o
                [!provide]                PROVIDE (__fini_array_end, .)
 *(.jcr*)
 .jcr           0x08024364        0x0 c:/program files (x86)/cypress/psoc creator/4.4/psoc creator/import/gnu/arm/5.4.1/bin/../lib/gcc/arm-none-eabi/5.4.1/armv7e-m/softfp/crtbegin.o
 .jcr           0x08024364        0x4 c:/program files (x86)/cypress/psoc creator/4.4/psoc creator/import/gnu/arm/5.4.1/bin/../lib/gcc/arm-none-eabi/5.4.1/armv7e-m/softfp/crtend.o
                0x08024368                . = ALIGN (0x4)
 *(.cy_ramfunc*)
 .cy_ramfunc    0x08024368      0x300 .\CortexM4\ARM_GCC_541\Debug\cy_flash.o
                0x080243d4                Cy_Flash_ResumeIrqHandler
 .cy_ramfunc    0x08024668      0x218 .\CortexM4\ARM_GCC_541\Debug\cy_syspm.o
 .cy_ramfunc.__stub
                0x08024880       0x80 linker stubs
                0x08024900                . = ALIGN (0x4)
                0x08024900                __data_end__ = .

.igot.plt       0x08024900        0x0 load address 0x100887e0
 .igot.plt      0x08024900        0x0 c:/program files (x86)/cypress/psoc creator/4.4/psoc creator/import/gnu/arm/5.4.1/bin/../lib/gcc/arm-none-eabi/5.4.1/armv7e-m/softfp/crtbegin.o

.noinit         0x08024900       0x94 load address 0x100887e0
 *(.noinit)
 .noinit        0x08024900       0x94 .\CortexM4\ARM_GCC_541\Debug\cy_syslib.o
                0x08024900                cy_assertFileName
                0x08024918                cy_assertLine
                0x0802491c                cy_faultFrame

.bss            0x08024994      0xcac load address 0x10088874
                0x08024994                . = ALIGN (0x4)
                0x08024994                __bss_start__ = .
 *(.bss*)
 .bss           0x08024994       0x1c c:/program files (x86)/cypress/psoc creator/4.4/psoc creator/import/gnu/arm/5.4.1/bin/../lib/gcc/arm-none-eabi/5.4.1/armv7e-m/softfp/crtbegin.o
 .bss           0x080249b0        0x3 .\CortexM4\ARM_GCC_541\Debug\main_cm4.o
                0x080249b0                timerCount
                0x080249b2                dataReady
 *fill*         0x080249b3        0x1 
 .bss           0x080249b4      0x180 .\CortexM4\ARM_GCC_541\Debug\system_psoc6_cm4.o
 .bss           0x08024b34       0x10 .\CortexM4\ARM_GCC_541\Debug\ADPD1080.o
                0x08024b34                au16DataSlotB
                0x08024b3c                au16DataSlotA
 .bss           0x08024b44        0x1 .\CortexM4\ARM_GCC_541\Debug\I2C.o
                0x08024b44                I2C_initVar
 *fill*         0x08024b45        0x3 
 .bss           0x08024b48       0x18 .\CortexM4\ARM_GCC_541\Debug\cy_flash.o
 .bss           0x08024b60        0xc .\CortexM4\ARM_GCC_541\Debug\cy_ipc_sema.o
 .bss           0x08024b6c        0x4 .\CortexM4\ARM_GCC_541\Debug\cy_ipc_pipe.o
 .bss           0x08024b70       0x3c .\CortexM4\ARM_GCC_541\Debug\cy_syspm.o
 .bss           0x08024bac      0x12c .\CortexM4\ARM_GCC_541\Debug\tasks.o
                0x08024cac                pxCurrentTCB
 .bss           0x08024cd8        0x1 .\CortexM4\ARM_GCC_541\Debug\UART.o
                0x08024cd8                UART_initVar
 *fill*         0x08024cd9        0x3 
 .bss           0x08024cdc        0x6 .\CortexM4\ARM_GCC_541\Debug\ADC.o
                0x08024cdc                ADC_currentConfig
                0x08024ce0                ADC_initVar
                0x08024ce1                ADC_selected
 .bss           0x08024ce2        0x1 .\CortexM4\ARM_GCC_541\Debug\Timer.o
                0x08024ce2                Timer_initVar
 *fill*         0x08024ce3        0x1 
 .bss           0x08024ce4        0x8 .\CortexM4\ARM_GCC_541\Debug\VDAC.o
                0x08024ce4                VDAC_initVar
 .bss           0x08024cec        0x4 Generated_Source\PSoC6\pdl\drivers\peripheral\crypto\libs\cy_crypto_client_gcc.a(cy_crypto.o)
 .bss.__malloc_sbrk_start
                0x08024cf0        0x4 c:/program files (x86)/cypress/psoc creator/4.4/psoc creator/import/gnu/arm/5.4.1/bin/../lib/gcc/arm-none-eabi/5.4.1/../../../../arm-none-eabi/lib/armv7e-m/softfp\libg_nano.a(lib_a-nano-mallocr.o)
                0x08024cf0                __malloc_sbrk_start
 .bss.__malloc_free_list
                0x08024cf4        0x4 c:/program files (x86)/cypress/psoc creator/4.4/psoc creator/import/gnu/arm/5.4.1/bin/../lib/gcc/arm-none-eabi/5.4.1/../../../../arm-none-eabi/lib/armv7e-m/softfp\libg_nano.a(lib_a-nano-mallocr.o)
                0x08024cf4                __malloc_free_list
 .bss.heap_end.4169
                0x08024cf8        0x4 c:/program files (x86)/cypress/psoc creator/4.4/psoc creator/import/gnu/arm/5.4.1/bin/../lib/gcc/arm-none-eabi/5.4.1/../../../../arm-none-eabi/lib/armv7e-m/softfp\libnosys.a(sbrk.o)
 *(COMMON)
 COMMON         0x08024cfc      0x890 .\CortexM4\ARM_GCC_541\Debug\main_cm4.o
                0x08024cfc                packet
                0x080250e4                cryptoScratch
                0x08025110                cryptoAES
                0x08025144                adpdDataB
                0x08025158                ADCData
                0x08025160                encrypted_pkt
                0x08025548                adpdDataA
                0x0802555c                cryptoServerContext
                0x08025588                cryptoStatus
 COMMON         0x0802558c        0x1 .\CortexM4\ARM_GCC_541\Debug\I2C.o
                0x0802558c                I2C_state
 *fill*         0x0802558d        0x3 
 COMMON         0x08025590       0x10 .\CortexM4\ARM_GCC_541\Debug\I2C_MASTER.o
                0x08025590                I2C_mstrWrBufIndex
                0x08025591                I2C_mstrWrBufSize
                0x08025592                I2C_mstrStatus
                0x08025594                I2C_mstrRdBufPtr
                0x08025598                I2C_mstrControl
                0x08025599                I2C_mstrRdBufSize
                0x0802559a                I2C_mstrRdBufIndex
                0x0802559c                I2C_mstrWrBufPtr
 COMMON         0x080255a0        0x4 .\CortexM4\ARM_GCC_541\Debug\cy_device.o
                0x080255a0                cy_device
 COMMON         0x080255a4       0x60 .\CortexM4\ARM_GCC_541\Debug\cy_sar.o
                0x080255a4                Cy_SAR_offset
                0x080255c4                Cy_SAR_countsPer10Volt
 COMMON         0x08025604       0x38 .\CortexM4\ARM_GCC_541\Debug\UART.o
                0x08025604                UART_context
 COMMON         0x0802563c        0x4 c:/program files (x86)/cypress/psoc creator/4.4/psoc creator/import/gnu/arm/5.4.1/bin/../lib/gcc/arm-none-eabi/5.4.1/../../../../arm-none-eabi/lib/armv7e-m/softfp\libg_nano.a(lib_a-reent.o)
                0x0802563c                errno
                0x08025640                . = ALIGN (0x4)
                0x08025640                __bss_end__ = .

.heap           0x08025640      0x400
                0x08025640                __HeapBase = .
                0x08025640                __end__ = .
                0x08025640                end = __end__
 *(.heap*)
 .heap          0x08025640      0x400 .\CortexM4\ARM_GCC_541\Debug\startup_psoc6_01_cm4.o
                0x08025a40                __HeapLimit = .

.stack_dummy    0x08025640     0x1000
 *(.stack*)
 .stack         0x08025640     0x1000 .\CortexM4\ARM_GCC_541\Debug\startup_psoc6_01_cm4.o
                0x08047800                __StackTop = (ORIGIN (ram) + LENGTH (ram))
                0x08046800                __StackLimit = (__StackTop - SIZEOF (.stack_dummy))
                0x08047800                PROVIDE (__stack, __StackTop)
                0x00000001                ASSERT ((__StackLimit >= __HeapLimit), region RAM overflowed with stack)

.cy_app_signature
 *(.cy_app_signature)

.cy_em_eeprom
 *(.cy_em_eeprom)

.cy_sflash_user_data
 *(.cy_sflash_user_data)

.cy_sflash_nar
 *(.cy_sflash_nar)

.cy_sflash_public_key
 *(.cy_sflash_public_key)

.cy_toc_part2
 *(.cy_toc_part2)

.cy_rtoc_part2
 *(.cy_rtoc_part2)

.cy_xip
 *(.cy_xip)

.cy_efuse
 *(.cy_efuse)

.cymeta         0x90500000        0xc
 *(.cymeta)
 .cymeta        0x90500000        0xc .\CortexM4\ARM_GCC_541\Debug\cymetadata.o
                0x90500000                cy_metadata
                0x10000000                __cy_memory_0_start = 0x10000000
                0x00100000                __cy_memory_0_length = 0x100000
                0x00000200                __cy_memory_0_row_size = 0x200
                0x14000000                __cy_memory_1_start = 0x14000000
                0x00008000                __cy_memory_1_length = 0x8000
                0x00000200                __cy_memory_1_row_size = 0x200
                0x16000000                __cy_memory_2_start = 0x16000000
                0x00008000                __cy_memory_2_length = 0x8000
                0x00000200                __cy_memory_2_row_size = 0x200
                0x18000000                __cy_memory_3_start = 0x18000000
                0x08000000                __cy_memory_3_length = 0x8000000
                0x00000200                __cy_memory_3_row_size = 0x200
                0x90700000                __cy_memory_4_start = 0x90700000
                0x00100000                __cy_memory_4_length = 0x100000
                0x00000001                __cy_memory_4_row_size = 0x1
OUTPUT(C:\Users\thoma\Documents\PSoC Creator\ecmo\szhang\PSoC6_UDB_I2C_Master\CY8CPROTO-063-BLE_Master.cydsn\CortexM4\ARM_GCC_541\Debug\CY8CPROTO-063-BLE_Master_link.elf elf32-littlearm)

.rel.dyn        0x08025640        0x0 load address 0x98563eec
 .rel.iplt      0x08025640        0x0 c:/program files (x86)/cypress/psoc creator/4.4/psoc creator/import/gnu/arm/5.4.1/bin/../lib/gcc/arm-none-eabi/5.4.1/armv7e-m/softfp/crtbegin.o

.ARM.attributes
                0x00000000       0x2e
 .ARM.attributes
                0x00000000       0x22 c:/program files (x86)/cypress/psoc creator/4.4/psoc creator/import/gnu/arm/5.4.1/bin/../lib/gcc/arm-none-eabi/5.4.1/armv7e-m/softfp/crti.o
 .ARM.attributes
                0x00000022       0x32 c:/program files (x86)/cypress/psoc creator/4.4/psoc creator/import/gnu/arm/5.4.1/bin/../lib/gcc/arm-none-eabi/5.4.1/armv7e-m/softfp/crtbegin.o
 .ARM.attributes
                0x00000054       0x1f .\CortexM4\ARM_GCC_541\Debug\startup_psoc6_01_cm4.o
 .ARM.attributes
                0x00000073       0x37 .\CortexM4\ARM_GCC_541\Debug\main_cm4.o
 .ARM.attributes
                0x000000aa       0x37 .\CortexM4\ARM_GCC_541\Debug\system_psoc6_cm4.o
 .ARM.attributes
                0x000000e1       0x37 .\CortexM4\ARM_GCC_541\Debug\ADPD1080.o
 .ARM.attributes
                0x00000118       0x37 .\CortexM4\ARM_GCC_541\Debug\stdio_user.o
 .ARM.attributes
                0x0000014f       0x37 .\CortexM4\ARM_GCC_541\Debug\cyfitter_sysint_cfg.o
 .ARM.attributes
                0x00000186       0x37 .\CortexM4\ARM_GCC_541\Debug\cymetadata.o
 .ARM.attributes
                0x000001bd       0x37 .\CortexM4\ARM_GCC_541\Debug\I2C.o
 .ARM.attributes
                0x000001f4       0x37 .\CortexM4\ARM_GCC_541\Debug\I2C_INT.o
 .ARM.attributes
                0x0000022b       0x37 .\CortexM4\ARM_GCC_541\Debug\I2C_MASTER.o
 .ARM.attributes
                0x00000262       0x37 .\CortexM4\ARM_GCC_541\Debug\cy_flash.o
 .ARM.attributes
                0x00000299       0x37 .\CortexM4\ARM_GCC_541\Debug\cy_ipc_drv.o
 .ARM.attributes
                0x000002d0       0x37 .\CortexM4\ARM_GCC_541\Debug\cy_ipc_sema.o
 .ARM.attributes
                0x00000307       0x37 .\CortexM4\ARM_GCC_541\Debug\cy_ipc_pipe.o
 .ARM.attributes
                0x0000033e       0x37 .\CortexM4\ARM_GCC_541\Debug\cy_sysint.o
 .ARM.attributes
                0x00000375       0x37 .\CortexM4\ARM_GCC_541\Debug\cy_syslib.o
 .ARM.attributes
                0x000003ac       0x25 .\CortexM4\ARM_GCC_541\Debug\cy_syslib_gcc.o
 .ARM.attributes
                0x000003d1       0x37 .\CortexM4\ARM_GCC_541\Debug\cy_syspm.o
 .ARM.attributes
                0x00000408       0x37 .\CortexM4\ARM_GCC_541\Debug\cy_device.o
 .ARM.attributes
                0x0000043f       0x37 .\CortexM4\ARM_GCC_541\Debug\cy_scb_common.o
 .ARM.attributes
                0x00000476       0x37 .\CortexM4\ARM_GCC_541\Debug\cy_scb_uart.o
 .ARM.attributes
                0x000004ad       0x37 .\CortexM4\ARM_GCC_541\Debug\cy_sar.o
 .ARM.attributes
                0x000004e4       0x37 .\CortexM4\ARM_GCC_541\Debug\cy_tcpwm_counter.o
 .ARM.attributes
                0x0000051b       0x37 .\CortexM4\ARM_GCC_541\Debug\cy_ctdac.o
 .ARM.attributes
                0x00000552       0x37 .\CortexM4\ARM_GCC_541\Debug\list.o
 .ARM.attributes
                0x00000589       0x37 .\CortexM4\ARM_GCC_541\Debug\tasks.o
 .ARM.attributes
                0x000005c0       0x37 .\CortexM4\ARM_GCC_541\Debug\port.o
 .ARM.attributes
                0x000005f7       0x37 .\CortexM4\ARM_GCC_541\Debug\retarget.o
 .ARM.attributes
                0x0000062e       0x37 .\CortexM4\ARM_GCC_541\Debug\UART.o
 .ARM.attributes
                0x00000665       0x37 .\CortexM4\ARM_GCC_541\Debug\ADC.o
 .ARM.attributes
                0x0000069c       0x37 .\CortexM4\ARM_GCC_541\Debug\ADC_INT.o
 .ARM.attributes
                0x000006d3       0x37 .\CortexM4\ARM_GCC_541\Debug\ADC_INIT.o
 .ARM.attributes
                0x0000070a       0x37 .\CortexM4\ARM_GCC_541\Debug\Timer.o
 .ARM.attributes
                0x00000741       0x37 .\CortexM4\ARM_GCC_541\Debug\VDAC.o
 .ARM.attributes
                0x00000778       0x32 Generated_Source\PSoC6\pdl\drivers\peripheral\crypto\libs\cy_crypto_client_gcc.a(cy_crypto.o)
 .ARM.attributes
                0x000007aa       0x22 c:/program files (x86)/cypress/psoc creator/4.4/psoc creator/import/gnu/arm/5.4.1/bin/../lib/gcc/arm-none-eabi/5.4.1/armv7e-m/softfp\libgcc.a(_arm_addsubdf3.o)
 .ARM.attributes
                0x000007cc       0x22 c:/program files (x86)/cypress/psoc creator/4.4/psoc creator/import/gnu/arm/5.4.1/bin/../lib/gcc/arm-none-eabi/5.4.1/armv7e-m/softfp\libgcc.a(_arm_muldivdf3.o)
 .ARM.attributes
                0x000007ee       0x22 c:/program files (x86)/cypress/psoc creator/4.4/psoc creator/import/gnu/arm/5.4.1/bin/../lib/gcc/arm-none-eabi/5.4.1/armv7e-m/softfp\libgcc.a(_arm_fixdfsi.o)
 .ARM.attributes
                0x00000810       0x22 c:/program files (x86)/cypress/psoc creator/4.4/psoc creator/import/gnu/arm/5.4.1/bin/../lib/gcc/arm-none-eabi/5.4.1/armv7e-m/softfp\libgcc.a(_arm_truncdfsf2.o)
 .ARM.attributes
                0x00000832       0x32 c:/program files (x86)/cypress/psoc creator/4.4/psoc creator/import/gnu/arm/5.4.1/bin/../lib/gcc/arm-none-eabi/5.4.1/../../../../arm-none-eabi/lib/armv7e-m/softfp\libg_nano.a(lib_a-impure.o)
 .ARM.attributes
                0x00000864       0x32 c:/program files (x86)/cypress/psoc creator/4.4/psoc creator/import/gnu/arm/5.4.1/bin/../lib/gcc/arm-none-eabi/5.4.1/../../../../arm-none-eabi/lib/armv7e-m/softfp\libg_nano.a(lib_a-memcpy-stub.o)
 .ARM.attributes
                0x00000896       0x32 c:/program files (x86)/cypress/psoc creator/4.4/psoc creator/import/gnu/arm/5.4.1/bin/../lib/gcc/arm-none-eabi/5.4.1/../../../../arm-none-eabi/lib/armv7e-m/softfp\libg_nano.a(lib_a-memset.o)
 .ARM.attributes
                0x000008c8       0x32 c:/program files (x86)/cypress/psoc creator/4.4/psoc creator/import/gnu/arm/5.4.1/bin/../lib/gcc/arm-none-eabi/5.4.1/../../../../arm-none-eabi/lib/armv7e-m/softfp\libg_nano.a(lib_a-nano-vfprintf_float.o)
 .ARM.attributes
                0x000008fa       0x32 c:/program files (x86)/cypress/psoc creator/4.4/psoc creator/import/gnu/arm/5.4.1/bin/../lib/gcc/arm-none-eabi/5.4.1/../../../../arm-none-eabi/lib/armv7e-m/softfp\libg_nano.a(lib_a-nano-vfprintf_i.o)
 .ARM.attributes
                0x0000092c       0x32 c:/program files (x86)/cypress/psoc creator/4.4/psoc creator/import/gnu/arm/5.4.1/bin/../lib/gcc/arm-none-eabi/5.4.1/../../../../arm-none-eabi/lib/armv7e-m/softfp\libg_nano.a(lib_a-printf.o)
 .ARM.attributes
                0x0000095e       0x32 c:/program files (x86)/cypress/psoc creator/4.4/psoc creator/import/gnu/arm/5.4.1/bin/../lib/gcc/arm-none-eabi/5.4.1/../../../../arm-none-eabi/lib/armv7e-m/softfp\libg_nano.a(lib_a-puts.o)
 .ARM.attributes
                0x00000990       0x1b c:/program files (x86)/cypress/psoc creator/4.4/psoc creator/import/gnu/arm/5.4.1/bin/../lib/gcc/arm-none-eabi/5.4.1/../../../../arm-none-eabi/lib/armv7e-m/softfp\libg_nano.a(lib_a-strlen.o)
 .ARM.attributes
                0x000009ab       0x32 c:/program files (x86)/cypress/psoc creator/4.4/psoc creator/import/gnu/arm/5.4.1/bin/../lib/gcc/arm-none-eabi/5.4.1/../../../../arm-none-eabi/lib/armv7e-m/softfp\libg_nano.a(lib_a-strncpy.o)
 .ARM.attributes
                0x000009dd       0x32 c:/program files (x86)/cypress/psoc creator/4.4/psoc creator/import/gnu/arm/5.4.1/bin/../lib/gcc/arm-none-eabi/5.4.1/../../../../arm-none-eabi/lib/armv7e-m/softfp\libg_nano.a(lib_a-wbuf.o)
 .ARM.attributes