Archive member included to satisfy reference by file (symbol)

Generated_Source\PSoC6\pdl\drivers\peripheral\crypto\libs\cy_crypto_client_gcc.a(cy_crypto.o)
                              .\CortexM4\ARM_GCC_541\Debug\main_cm4.o (Cy_Crypto_Sync)
Generated_Source\PSoC6\pdl\drivers\peripheral\crypto\libs\cy_crypto_server_gcc.a(cy_crypto_server.o)
                              .\CortexM4\ARM_GCC_541\Debug\main_cm4.o (Cy_Crypto_Server_Start_Full)
Generated_Source\PSoC6\pdl\drivers\peripheral\crypto\libs\cy_crypto_server_gcc.a(cy_crypto_core_aes_v1.o)
                              Generated_Source\PSoC6\pdl\drivers\peripheral\crypto\libs\cy_crypto_server_gcc.a(cy_crypto_server.o) (Cy_Crypto_Core_V1_Aes_Init)
Generated_Source\PSoC6\pdl\drivers\peripheral\crypto\libs\cy_crypto_server_gcc.a(cy_crypto_core_cmac_v1.o)
                              Generated_Source\PSoC6\pdl\drivers\peripheral\crypto\libs\cy_crypto_server_gcc.a(cy_crypto_server.o) (Cy_Crypto_Core_V1_Cmac)
Generated_Source\PSoC6\pdl\drivers\peripheral\crypto\libs\cy_crypto_server_gcc.a(cy_crypto_core_hmac_v1.o)
                              Generated_Source\PSoC6\pdl\drivers\peripheral\crypto\libs\cy_crypto_server_gcc.a(cy_crypto_server.o) (Cy_Crypto_Core_V1_Hmac)
Generated_Source\PSoC6\pdl\drivers\peripheral\crypto\libs\cy_crypto_server_gcc.a(cy_crypto_core_aes_v2.o)
                              Generated_Source\PSoC6\pdl\drivers\peripheral\crypto\libs\cy_crypto_server_gcc.a(cy_crypto_server.o) (Cy_Crypto_Core_V2_Aes_Init)
Generated_Source\PSoC6\pdl\drivers\peripheral\crypto\libs\cy_crypto_server_gcc.a(cy_crypto_core_cmac_v2.o)
                              Generated_Source\PSoC6\pdl\drivers\peripheral\crypto\libs\cy_crypto_server_gcc.a(cy_crypto_server.o) (Cy_Crypto_Core_V2_Cmac)
Generated_Source\PSoC6\pdl\drivers\peripheral\crypto\libs\cy_crypto_server_gcc.a(cy_crypto_core_hmac_v2.o)
                              Generated_Source\PSoC6\pdl\drivers\peripheral\crypto\libs\cy_crypto_server_gcc.a(cy_crypto_server.o) (Cy_Crypto_Core_V2_Hmac)
Generated_Source\PSoC6\pdl\drivers\peripheral\crypto\libs\cy_crypto_server_gcc.a(cy_crypto_core_rsa.o)
                              Generated_Source\PSoC6\pdl\drivers\peripheral\crypto\libs\cy_crypto_server_gcc.a(cy_crypto_server.o) (Cy_Crypto_Core_Rsa_Verify)
Generated_Source\PSoC6\pdl\drivers\peripheral\crypto\libs\cy_crypto_server_gcc.a(cy_crypto_core_crc_v1.o)
                              Generated_Source\PSoC6\pdl\drivers\peripheral\crypto\libs\cy_crypto_server_gcc.a(cy_crypto_server.o) (Cy_Crypto_Core_V1_Crc_Init)
Generated_Source\PSoC6\pdl\drivers\peripheral\crypto\libs\cy_crypto_server_gcc.a(cy_crypto_core_des_v1.o)
                              Generated_Source\PSoC6\pdl\drivers\peripheral\crypto\libs\cy_crypto_server_gcc.a(cy_crypto_server.o) (Cy_Crypto_Core_V1_Des)
Generated_Source\PSoC6\pdl\drivers\peripheral\crypto\libs\cy_crypto_server_gcc.a(cy_crypto_core_prng_v1.o)
                              Generated_Source\PSoC6\pdl\drivers\peripheral\crypto\libs\cy_crypto_server_gcc.a(cy_crypto_server.o) (Cy_Crypto_Core_V1_Prng_Init)
Generated_Source\PSoC6\pdl\drivers\peripheral\crypto\libs\cy_crypto_server_gcc.a(cy_crypto_core_sha_v1.o)
                              Generated_Source\PSoC6\pdl\drivers\peripheral\crypto\libs\cy_crypto_server_gcc.a(cy_crypto_core_hmac_v1.o) (Cy_Crypto_Core_V1_Sha_ProcessBlock)
Generated_Source\PSoC6\pdl\drivers\peripheral\crypto\libs\cy_crypto_server_gcc.a(cy_crypto_core_mem_v1.o)
                              Generated_Source\PSoC6\pdl\drivers\peripheral\crypto\libs\cy_crypto_server_gcc.a(cy_crypto_server.o) (Cy_Crypto_Core_V1_MemCpy)
Generated_Source\PSoC6\pdl\drivers\peripheral\crypto\libs\cy_crypto_server_gcc.a(cy_crypto_core_trng_v1.o)
                              Generated_Source\PSoC6\pdl\drivers\peripheral\crypto\libs\cy_crypto_server_gcc.a(cy_crypto_server.o) (Cy_Crypto_Core_V1_Trng)
Generated_Source\PSoC6\pdl\drivers\peripheral\crypto\libs\cy_crypto_server_gcc.a(cy_crypto_core_hw_v1.o)
                              Generated_Source\PSoC6\pdl\drivers\peripheral\crypto\libs\cy_crypto_server_gcc.a(cy_crypto_core_prng_v1.o) (Cy_Crypto_SetReg1Instr)
Generated_Source\PSoC6\pdl\drivers\peripheral\crypto\libs\cy_crypto_server_gcc.a(cy_crypto_core_crc_v2.o)
                              Generated_Source\PSoC6\pdl\drivers\peripheral\crypto\libs\cy_crypto_server_gcc.a(cy_crypto_server.o) (Cy_Crypto_Core_V2_Crc_Init)
Generated_Source\PSoC6\pdl\drivers\peripheral\crypto\libs\cy_crypto_server_gcc.a(cy_crypto_core_des_v2.o)
                              Generated_Source\PSoC6\pdl\drivers\peripheral\crypto\libs\cy_crypto_server_gcc.a(cy_crypto_server.o) (Cy_Crypto_Core_V2_Des)
Generated_Source\PSoC6\pdl\drivers\peripheral\crypto\libs\cy_crypto_server_gcc.a(cy_crypto_core_prng_v2.o)
                              Generated_Source\PSoC6\pdl\drivers\peripheral\crypto\libs\cy_crypto_server_gcc.a(cy_crypto_server.o) (Cy_Crypto_Core_V2_Prng_Init)
[...]
Memory Configuration

Name             Origin             Length             Attributes
ram              0x08024000         0x00023800         xrw
flash            0x10080000         0x00080000         xr
em_eeprom        0x14000000         0x00008000         xr
sflash_user_data 0x16000800         0x00000800         xr
sflash_nar       0x16001a00         0x00000200         xr
sflash_public_key 0x16005a00         0x00000c00         xr
sflash_toc_2     0x16007c00         0x00000200         xr
sflash_rtoc_2    0x16007e00         0x00000200         xr
xip              0x18000000         0x08000000         xr
efuse            0x90700000         0x00100000         r
*default*        0x00000000         0xffffffff

Linker script and memory map

LOAD c:/program files (x86)/cypress/psoc creator/4.4/psoc creator/import/gnu/arm/5.4.1/bin/../lib/gcc/arm-none-eabi/5.4.1/armv7e-m/softfp/crti.o
LOAD c:/program files (x86)/cypress/psoc creator/4.4/psoc creator/import/gnu/arm/5.4.1/bin/../lib/gcc/arm-none-eabi/5.4.1/armv7e-m/softfp/crtbegin.o
LOAD c:/program files (x86)/cypress/psoc creator/4.4/psoc creator/import/gnu/arm/5.4.1/bin/../lib/gcc/arm-none-eabi/5.4.1/../../../../arm-none-eabi/lib/armv7e-m/softfp/crt0.o
START GROUP
LOAD Generated_Source\PSoC6\pdl\drivers\peripheral\crypto\libs\cy_crypto_client_gcc.a
LOAD Generated_Source\PSoC6\pdl\drivers\peripheral\crypto\libs\cy_crypto_server_gcc.a
LOAD .\CortexM4\ARM_GCC_541\Debug\startup_psoc6_01_cm4.o
LOAD .\CortexM4\ARM_GCC_541\Debug\main_cm4.o
LOAD .\CortexM4\ARM_GCC_541\Debug\system_psoc6_cm4.o
LOAD .\CortexM4\ARM_GCC_541\Debug\stdio_user.o
LOAD .\CortexM4\ARM_GCC_541\Debug\cyfitter_sysint_cfg.o
LOAD .\CortexM4\ARM_GCC_541\Debug\cymetadata.o
LOAD .\CortexM4\ARM_GCC_541\Debug\UART.o
LOAD .\CortexM4\ARM_GCC_541\Debug\cy_efuse.o
LOAD .\CortexM4\ARM_GCC_541\Debug\cy_flash.o
LOAD .\CortexM4\ARM_GCC_541\Debug\cy_gpio.o
LOAD .\CortexM4\ARM_GCC_541\Debug\cy_ipc_drv.o
LOAD .\CortexM4\ARM_GCC_541\Debug\cy_ipc_sema.o
LOAD .\CortexM4\ARM_GCC_541\Debug\cy_ipc_pipe.o
LOAD .\CortexM4\ARM_GCC_541\Debug\cy_lvd.o
LOAD .\CortexM4\ARM_GCC_541\Debug\cy_profile.o
LOAD .\CortexM4\ARM_GCC_541\Debug\cy_prot.o
LOAD .\CortexM4\ARM_GCC_541\Debug\cy_scb_common.o
LOAD .\CortexM4\ARM_GCC_541\Debug\cy_scb_i2c.o
LOAD .\CortexM4\ARM_GCC_541\Debug\cy_scb_ezi2c.o
LOAD .\CortexM4\ARM_GCC_541\Debug\cy_scb_spi.o
LOAD .\CortexM4\ARM_GCC_541\Debug\cy_scb_uart.o
LOAD .\CortexM4\ARM_GCC_541\Debug\cy_sysanalog.o
LOAD .\CortexM4\ARM_GCC_541\Debug\cy_sysclk.o
LOAD .\CortexM4\ARM_GCC_541\Debug\cy_sysint.o
LOAD .\CortexM4\ARM_GCC_541\Debug\cy_syslib.o
LOAD .\CortexM4\ARM_GCC_541\Debug\cy_syslib_gcc.o
LOAD .\CortexM4\ARM_GCC_541\Debug\cy_syspm.o
LOAD .\CortexM4\ARM_GCC_541\Debug\cy_systick.o
LOAD .\CortexM4\ARM_GCC_541\Debug\cy_trigmux.o
LOAD .\CortexM4\ARM_GCC_541\Debug\cy_wdt.o
LOAD .\CortexM4\ARM_GCC_541\Debug\cy_device.o
LOAD .\CortexM4\ARM_GCC_541\Debug\cy_ble_clk.o
LOAD .\CortexM4\ARM_GCC_541\Debug\retarget.o
END GROUP
START GROUP
LOAD c:/program files (x86)/cypress/psoc creator/4.4/psoc creator/import/gnu/arm/5.4.1/bin/../lib/gcc/arm-none-eabi/5.4.1/armv7e-m/softfp\libgcc.a
LOAD c:/program files (x86)/cypress/psoc creator/4.4/psoc creator/import/gnu/arm/5.4.1/bin/../lib/gcc/arm-none-eabi/5.4.1/../../../../arm-none-eabi/lib/armv7e-m/softfp\libg_nano.a
LOAD c:/program files (x86)/cypress/psoc creator/4.4/psoc creator/import/gnu/arm/5.4.1/bin/../lib/gcc/arm-none-eabi/5.4.1/../../../../arm-none-eabi/lib/armv7e-m/softfp\libc_nano.a
END GROUP
START GROUP
LOAD c:/program files (x86)/cypress/psoc creator/4.4/psoc creator/import/gnu/arm/5.4.1/bin/../lib/gcc/arm-none-eabi/5.4.1/armv7e-m/softfp\libgcc.a
LOAD c:/program files (x86)/cypress/psoc creator/4.4/psoc creator/import/gnu/arm/5.4.1/bin/../lib/gcc/arm-none-eabi/5.4.1/../../../../arm-none-eabi/lib/armv7e-m/softfp\libc_nano.a
END GROUP
LOAD c:/program files (x86)/cypress/psoc creator/4.4/psoc creator/import/gnu/arm/5.4.1/bin/../lib/gcc/arm-none-eabi/5.4.1/armv7e-m/softfp/crtend.o
LOAD c:/program files (x86)/cypress/psoc creator/4.4/psoc creator/import/gnu/arm/5.4.1/bin/../lib/gcc/arm-none-eabi/5.4.1/armv7e-m/softfp/crtn.o
START GROUP
LOAD c:/program files (x86)/cypress/psoc creator/4.4/psoc creator/import/gnu/arm/5.4.1/bin/../lib/gcc/arm-none-eabi/5.4.1/armv7e-m/softfp\libgcc.a
LOAD c:/program files (x86)/cypress/psoc creator/4.4/psoc creator/import/gnu/arm/5.4.1/bin/../lib/gcc/arm-none-eabi/5.4.1/../../../../arm-none-eabi/lib/armv7e-m/softfp\libc.a
LOAD c:/program files (x86)/cypress/psoc creator/4.4/psoc creator/import/gnu/arm/5.4.1/bin/../lib/gcc/arm-none-eabi/5.4.1/../../../../arm-none-eabi/lib/armv7e-m/softfp\libnosys.a
END GROUP
START GROUP
LOAD c:/program files (x86)/cypress/psoc creator/4.4/psoc creator/import/gnu/arm/5.4.1/bin/../lib/gcc/arm-none-eabi/5.4.1/armv7e-m/softfp\libgcc.a
LOAD c:/program files (x86)/cypress/psoc creator/4.4/psoc creator/import/gnu/arm/5.4.1/bin/../lib/gcc/arm-none-eabi/5.4.1/../../../../arm-none-eabi/lib/armv7e-m/softfp\libc.a
LOAD c:/program files (x86)/cypress/psoc creator/4.4/psoc creator/import/gnu/arm/5.4.1/bin/../lib/gcc/arm-none-eabi/5.4.1/../../../../arm-none-eabi/lib/armv7e-m/softfp\libm.a
LOAD c:/program files (x86)/cypress/psoc creator/4.4/psoc creator/import/gnu/arm/5.4.1/bin/../lib/gcc/arm-none-eabi/5.4.1/../../../../arm-none-eabi/lib/armv7e-m/softfp\libnosys.a
END GROUP

.text           0x10080000     0x94d8
                0x10080000                . = ALIGN (0x4)
                0x10080000                __Vectors = .
 *(.vectors)
 .vectors       0x10080000      0x28c .\CortexM4\ARM_GCC_541\Debug\startup_psoc6_01_cm4.o
                0x1008028c                . = ALIGN (0x4)
                0x1008028c                __Vectors_End = .
                0x0000028c                __Vectors_Size = (__Vectors_End - __Vectors)
                0x1008028c                __end__ = .
                0x1008028c                . = ALIGN (0x4)
 *(.text*)
 .text          0x1008028c       0x5c c:/program files (x86)/cypress/psoc creator/4.4/psoc creator/import/gnu/arm/5.4.1/bin/../lib/gcc/arm-none-eabi/5.4.1/armv7e-m/softfp/crtbegin.o
 .text          0x100802e8       0x84 .\CortexM4\ARM_GCC_541\Debug\startup_psoc6_01_cm4.o
                0x100802e8                Cy_OnResetUser
                0x100802ea                Reset_Handler
                0x1008034c                cpuss_interrupts_ipc_6_IRQHandler
                0x1008034c                DebugMon_Handler
                0x1008034c                tcpwm_1_interrupts_11_IRQHandler
                0x1008034c                cpuss_interrupts_ipc_0_IRQHandler
                0x1008034c                tcpwm_1_interrupts_15_IRQHandler
                0x1008034c                ioss_interrupts_gpio_13_IRQHandler
                0x1008034c                tcpwm_1_interrupts_13_IRQHandler
                0x1008034c                cpuss_interrupts_dw1_8_IRQHandler
                0x1008034c                tcpwm_0_interrupts_0_IRQHandler
                0x1008034c                SysTick_Handler
                0x1008034c                cpuss_interrupt_fm_IRQHandler
                0x1008034c                cpuss_interrupts_ipc_7_IRQHandler
                0x1008034c                tcpwm_1_interrupts_14_IRQHandler
                0x1008034c                cpuss_interrupts_dw0_5_IRQHandler
                0x1008034c                tcpwm_1_interrupts_9_IRQHandler
                0x1008034c                cpuss_interrupts_cm0_cti_1_IRQHandler
                0x1008034c                tcpwm_1_interrupts_22_IRQHandler
                0x1008034c                cpuss_interrupts_dw0_4_IRQHandler
                0x1008034c                PendSV_Handler
                0x1008034c                NMI_Handler
                0x1008034c                cpuss_interrupts_dw1_12_IRQHandler
                0x1008034c                tcpwm_1_interrupts_12_IRQHandler
                0x1008034c                smif_interrupt_IRQHandler
                0x1008034c                tcpwm_1_interrupts_2_IRQHandler
                0x1008034c                cpuss_interrupts_ipc_13_IRQHandler
                0x1008034c                udb_interrupts_11_IRQHandler
                0x1008034c                tcpwm_1_interrupts_18_IRQHandler
                0x1008034c                cpuss_interrupts_dw0_11_IRQHandler
                0x1008034c                tcpwm_0_interrupts_2_IRQHandler
                0x1008034c                cpuss_interrupts_dw0_13_IRQHandler
                0x1008034c                udb_interrupts_2_IRQHandler
                0x1008034c                cpuss_interrupts_dw1_7_IRQHandler
                0x1008034c                ioss_interrupts_gpio_1_IRQHandler
                0x1008034c                ioss_interrupts_gpio_7_IRQHandler
                0x1008034c                scb_5_interrupt_IRQHandler
                0x1008034c                udb_interrupts_6_IRQHandler
                0x1008034c                cpuss_interrupts_fault_1_IRQHandler
                0x1008034c                cpuss_interrupts_ipc_4_IRQHandler
                0x1008034c                cpuss_interrupts_ipc_5_IRQHandler
                0x1008034c                cpuss_interrupts_dw1_10_IRQHandler
                0x1008034c                udb_interrupts_0_IRQHandler
                0x1008034c                tcpwm_1_interrupts_6_IRQHandler
                0x1008034c                scb_4_interrupt_IRQHandler
                0x1008034c                pass_interrupt_dacs_IRQHandler
                0x1008034c                ioss_interrupts_gpio_2_IRQHandler
                0x1008034c                cpuss_interrupts_dw1_9_IRQHandler
                0x1008034c                cpuss_interrupts_dw1_13_IRQHandler
                0x1008034c                scb_2_interrupt_IRQHandler
                0x1008034c                cpuss_interrupts_cm0_cti_0_IRQHandler
                0x1008034c                udb_interrupts_5_IRQHandler
                0x1008034c                srss_interrupt_IRQHandler
                0x1008034c                udb_interrupts_12_IRQHandler
                0x1008034c                scb_0_interrupt_IRQHandler
                0x1008034c                csd_interrupt_IRQHandler
                0x1008034c                udb_interrupts_1_IRQHandler
                0x1008034c                profile_interrupt_IRQHandler
                0x1008034c                tcpwm_1_interrupts_1_IRQHandler
                0x1008034c                cpuss_interrupts_ipc_12_IRQHandler
                0x1008034c                tcpwm_1_interrupts_3_IRQHandler
                0x1008034c                tcpwm_0_interrupts_7_IRQHandler
                0x1008034c                cpuss_interrupts_dw1_1_IRQHandler
                0x1008034c                cpuss_interrupts_dw1_0_IRQHandler
                0x1008034c                cpuss_interrupts_dw0_9_IRQHandler
                0x1008034c                lpcomp_interrupt_IRQHandler
                0x1008034c                tcpwm_1_interrupts_23_IRQHandler
                0x1008034c                udb_interrupts_4_IRQHandler
                0x1008034c                tcpwm_1_interrupts_20_IRQHandler
                0x1008034c                ioss_interrupt_gpio_IRQHandler
                0x1008034c                tcpwm_0_interrupts_1_IRQHandler
                0x1008034c                ioss_interrupts_gpio_8_IRQHandler
                0x1008034c                tcpwm_0_interrupts_6_IRQHandler
                0x1008034c                scb_7_interrupt_IRQHandler
                0x1008034c                tcpwm_1_interrupts_7_IRQHandler
                0x1008034c                cpuss_interrupts_ipc_11_IRQHandler
                0x1008034c                udb_interrupts_13_IRQHandler
                0x1008034c                cpuss_interrupts_dw0_15_IRQHandler
                0x1008034c                udb_interrupts_7_IRQHandler
                0x1008034c                cpuss_interrupts_dw1_6_IRQHandler
                0x1008034c                cpuss_interrupt_crypto_IRQHandler
                0x1008034c                scb_1_interrupt_IRQHandler
                0x1008034c                Default_Handler
                0x1008034c                usb_interrupt_hi_IRQHandler
                0x1008034c                tcpwm_1_interrupts_0_IRQHandler
                0x1008034c                udb_interrupts_9_IRQHandler
                0x1008034c                audioss_interrupt_pdm_IRQHandler
                0x1008034c                srss_interrupt_mcwdt_0_IRQHandler
                0x1008034c                scb_3_interrupt_IRQHandler
                0x1008034c                pass_interrupt_ctbs_IRQHandler
                0x1008034c                udb_interrupts_8_IRQHandler
                0x1008034c                ioss_interrupts_gpio_3_IRQHandler
                0x1008034c                scb_6_interrupt_IRQHandler
                0x1008034c                cpuss_interrupts_cm4_cti_0_IRQHandler
                0x1008034c                cpuss_interrupts_dw1_3_IRQHandler
                0x1008034c                pass_interrupt_sar_IRQHandler
                0x1008034c                ioss_interrupts_gpio_0_IRQHandler
                0x1008034c                ioss_interrupts_gpio_14_IRQHandler
                0x1008034c                tcpwm_0_interrupts_4_IRQHandler
                0x1008034c                udb_interrupts_3_IRQHandler
                0x1008034c                tcpwm_0_interrupts_5_IRQHandler
                0x1008034c                cpuss_interrupts_ipc_15_IRQHandler
                0x1008034c                cpuss_interrupts_cm4_cti_1_IRQHandler
                0x1008034c                scb_8_interrupt_IRQHandler
                0x1008034c                srss_interrupt_mcwdt_1_IRQHandler
                0x1008034c                cpuss_interrupts_dw1_2_IRQHandler
                0x1008034c                SVC_Handler
                0x1008034c                cpuss_interrupts_dw1_5_IRQHandler
                0x1008034c                cpuss_interrupts_ipc_1_IRQHandler
                0x1008034c                cpuss_interrupts_dw0_0_IRQHandler
                0x1008034c                ioss_interrupts_gpio_12_IRQHandler
                0x1008034c                cpuss_interrupts_ipc_3_IRQHandler
                0x1008034c                tcpwm_1_interrupts_17_IRQHandler
                0x1008034c                srss_interrupt_backup_IRQHandler
                0x1008034c                bless_interrupt_IRQHandler
                0x1008034c                cpuss_interrupts_ipc_10_IRQHandler
                0x1008034c                cpuss_interrupts_ipc_9_IRQHandler
                0x1008034c                cpuss_interrupts_dw0_14_IRQHandler
                0x1008034c                tcpwm_1_interrupts_4_IRQHandler
                0x1008034c                tcpwm_0_interrupts_3_IRQHandler
                0x1008034c                cpuss_interrupts_dw1_15_IRQHandler
                0x1008034c                ioss_interrupts_gpio_10_IRQHandler
                0x1008034c                udb_interrupts_10_IRQHandler
                0x1008034c                cpuss_interrupts_dw0_8_IRQHandler
                0x1008034c                ioss_interrupts_gpio_11_IRQHandler
                0x1008034c                cpuss_interrupts_ipc_14_IRQHandler
                0x1008034c                ioss_interrupts_gpio_5_IRQHandler
                0x1008034c                ioss_interrupts_gpio_4_IRQHandler
                0x1008034c                tcpwm_1_interrupts_8_IRQHandler
                0x1008034c                cpuss_interrupts_dw1_14_IRQHandler
                0x1008034c                usb_interrupt_med_IRQHandler
                0x1008034c                cpuss_interrupts_dw0_2_IRQHandler
                0x1008034c                tcpwm_1_interrupts_10_IRQHandler
                0x1008034c                cpuss_interrupts_fault_0_IRQHandler
                0x1008034c                cpuss_interrupts_dw0_12_IRQHandler
                0x1008034c                ioss_interrupts_gpio_6_IRQHandler
                0x1008034c                tcpwm_1_interrupts_21_IRQHandler
                0x1008034c                tcpwm_1_interrupts_16_IRQHandler
                0x1008034c                cpuss_interrupts_dw1_4_IRQHandler
                0x1008034c                udb_interrupts_15_IRQHandler
                0x1008034c                cpuss_interrupts_dw1_11_IRQHandler
                0x1008034c                cpuss_interrupts_dw0_6_IRQHandler
                0x1008034c                ioss_interrupt_vdd_IRQHandler
                0x1008034c                cpuss_interrupts_dw0_7_IRQHandler
                0x1008034c                audioss_interrupt_i2s_IRQHandler
                0x1008034c                tcpwm_1_interrupts_5_IRQHandler
                0x1008034c                cpuss_interrupts_ipc_2_IRQHandler
                0x1008034c                cpuss_interrupts_dw0_10_IRQHandler
                0x1008034c                tcpwm_1_interrupts_19_IRQHandler
                0x1008034c                cpuss_interrupts_dw0_1_IRQHandler
                0x1008034c                ioss_interrupts_gpio_9_IRQHandler
                0x1008034c                usb_interrupt_lo_IRQHandler
                0x1008034c                cpuss_interrupts_ipc_8_IRQHandler
                0x1008034c                udb_interrupts_14_IRQHandler
                0x1008034c                cpuss_interrupts_dw0_3_IRQHandler
                0x10080350                UsageFault_Handler
                0x10080350                HardFault_Handler
                0x10080350                MemManage_Handler
                0x10080350                BusFault_Handler
 .text.UART_Isr
                0x1008036c       0x14 .\CortexM4\ARM_GCC_541\Debug\main_cm4.o
                0x1008036c                UART_Isr
 .text.DisplayMenu
                0x10080380       0x2c .\CortexM4\ARM_GCC_541\Debug\main_cm4.o
                0x10080380                DisplayMenu
 .text.PrintData
                0x100803ac       0x40 .\CortexM4\ARM_GCC_541\Debug\main_cm4.o
                0x100803ac                PrintData
 .text.main     0x100803ec      0x1d4 .\CortexM4\ARM_GCC_541\Debug\main_cm4.o
                0x100803ec                main
 .text.Cy_SysIpcPipeIsrCm4
                0x100805c0        0xc .\CortexM4\ARM_GCC_541\Debug\system_psoc6_cm4.o
                0x100805c0                Cy_SysIpcPipeIsrCm4
 .text.Cy_SystemInit
                0x100805cc        0x4 .\CortexM4\ARM_GCC_541\Debug\system_psoc6_cm4.o
                0x100805cc                Cy_SystemInit
 .text.SystemCoreClockUpdate
                0x100805d0      0x190 .\CortexM4\ARM_GCC_541\Debug\system_psoc6_cm4.o
                0x100805d0                SystemCoreClockUpdate
 .text.SystemInit
                0x10080760       0x48 .\CortexM4\ARM_GCC_541\Debug\system_psoc6_cm4.o
                0x10080760                SystemInit
 .text.Cy_SystemInitFpuEnable
                0x100807a8       0x28 .\CortexM4\ARM_GCC_541\Debug\system_psoc6_cm4.o
                0x100807a8                Cy_SystemInitFpuEnable
 .text.STDIO_PutChar
                0x100807d0       0x18 .\CortexM4\ARM_GCC_541\Debug\stdio_user.o
                0x100807d0                STDIO_PutChar
 .text.STDIO_GetChar
                0x100807e8       0x1c .\CortexM4\ARM_GCC_541\Debug\stdio_user.o
                0x100807e8                STDIO_GetChar
 .text.Cy_Flash_ProcessOpcode
                0x10080804       0xac .\CortexM4\ARM_GCC_541\Debug\cy_flash.o
 .text.Cy_Flash_OperationStatus
                0x100808b0       0x5c .\CortexM4\ARM_GCC_541\Debug\cy_flash.o
 .text.Cy_Flash_InitExt
                0x1008090c       0x80 .\CortexM4\ARM_GCC_541\Debug\cy_flash.o
                0x1008090c                Cy_Flash_InitExt
 .text.Cy_Flash_Init
                0x1008098c       0x10 .\CortexM4\ARM_GCC_541\Debug\cy_flash.o
                0x1008098c                Cy_Flash_Init
 .text.Cy_IPC_Drv_LockRelease
                0x1008099c       0x3c .\CortexM4\ARM_GCC_541\Debug\cy_ipc_drv.o
                0x1008099c                Cy_IPC_Drv_LockRelease
 .text.Cy_IPC_Drv_SendMsgWord
                0x100809d8       0x3c .\CortexM4\ARM_GCC_541\Debug\cy_ipc_drv.o
                0x100809d8                Cy_IPC_Drv_SendMsgWord
 .text.Cy_IPC_Drv_ReadMsgWord
                0x10080a14       0x38 .\CortexM4\ARM_GCC_541\Debug\cy_ipc_drv.o
                0x10080a14                Cy_IPC_Drv_ReadMsgWord
 .text.Cy_IPC_Sema_InitExt
                0x10080a4c       0xac .\CortexM4\ARM_GCC_541\Debug\cy_ipc_sema.o
                0x10080a4c                Cy_IPC_Sema_InitExt
 .text.Cy_IPC_Sema_Init
                0x10080af8       0x64 .\CortexM4\ARM_GCC_541\Debug\cy_ipc_sema.o
                0x10080af8                Cy_IPC_Sema_Init
 .text.Cy_IPC_Sema_Clear
                0x10080b5c       0x88 .\CortexM4\ARM_GCC_541\Debug\cy_ipc_sema.o
                0x10080b5c                Cy_IPC_Sema_Clear
 .text.Cy_IPC_Sema_Status
                0x10080be4       0x40 .\CortexM4\ARM_GCC_541\Debug\cy_ipc_sema.o
                0x10080be4                Cy_IPC_Sema_Status
 .text.Cy_IPC_Pipe_Config
                0x10080c24       0x10 .\CortexM4\ARM_GCC_541\Debug\cy_ipc_pipe.o
                0x10080c24                Cy_IPC_Pipe_Config
 .text.Cy_IPC_Pipe_EndpointInit
                0x10080c34       0xd0 .\CortexM4\ARM_GCC_541\Debug\cy_ipc_pipe.o
                0x10080c34                Cy_IPC_Pipe_EndpointInit
 .text.Cy_IPC_Pipe_Init
                0x10080d04       0xb4 .\CortexM4\ARM_GCC_541\Debug\cy_ipc_pipe.o
                0x10080d04                Cy_IPC_Pipe_Init
 .text.Cy_IPC_Pipe_SendMessage
                0x10080db8       0xa4 .\CortexM4\ARM_GCC_541\Debug\cy_ipc_pipe.o
                0x10080db8                Cy_IPC_Pipe_SendMessage
 .text.Cy_IPC_Pipe_RegisterCallback
                0x10080e5c       0x50 .\CortexM4\ARM_GCC_541\Debug\cy_ipc_pipe.o
                0x10080e5c                Cy_IPC_Pipe_RegisterCallback
 .text.Cy_IPC_Pipe_ExecCallback
                0x10080eac       0xbc .\CortexM4\ARM_GCC_541\Debug\cy_ipc_pipe.o
                0x10080eac                Cy_IPC_Pipe_ExecCallback
 .text.Cy_IPC_Pipe_ExecuteCallback
                0x10080f68       0x2c .\CortexM4\ARM_GCC_541\Debug\cy_ipc_pipe.o
                0x10080f68                Cy_IPC_Pipe_ExecuteCallback
 .text.Cy_SCB_ReadArrayNoCheck
                0x10080f94       0x38 .\CortexM4\ARM_GCC_541\Debug\cy_scb_common.o
                0x10080f94                Cy_SCB_ReadArrayNoCheck
 .text.Cy_SCB_ReadArray
                0x10080fcc       0x1c .\CortexM4\ARM_GCC_541\Debug\cy_scb_common.o
                0x10080fcc                Cy_SCB_ReadArray
 .text.Cy_SCB_Write
                0x10080fe8       0x28 .\CortexM4\ARM_GCC_541\Debug\cy_scb_common.o
                0x10080fe8                Cy_SCB_Write
 .text.Cy_SCB_WriteArrayNoCheck
                0x10081010       0x38 .\CortexM4\ARM_GCC_541\Debug\cy_scb_common.o
                0x10081010                Cy_SCB_WriteArrayNoCheck
 .text.Cy_SCB_WriteArray
                0x10081048       0x2c .\CortexM4\ARM_GCC_541\Debug\cy_scb_common.o
                0x10081048                Cy_SCB_WriteArray
 .text.HandleDataTransmit
                0x10081074       0xdc .\CortexM4\ARM_GCC_541\Debug\cy_scb_uart.o
 .text.HandleDataReceive
                0x10081150       0xf8 .\CortexM4\ARM_GCC_541\Debug\cy_scb_uart.o
 .text.Cy_SCB_UART_Init
                0x10081248      0x364 .\CortexM4\ARM_GCC_541\Debug\cy_scb_uart.o
                0x10081248                Cy_SCB_UART_Init
 .text.Cy_SCB_UART_GetNumInRingBuffer
                0x100815ac       0x18 .\CortexM4\ARM_GCC_541\Debug\cy_scb_uart.o
                0x100815ac                Cy_SCB_UART_GetNumInRingBuffer
 .text.HandleRingBuffer
                0x100815c4       0xcc .\CortexM4\ARM_GCC_541\Debug\cy_scb_uart.o
 .text.Cy_SCB_UART_Receive
                0x10081690      0x150 .\CortexM4\ARM_GCC_541\Debug\cy_scb_uart.o
                0x10081690                Cy_SCB_UART_Receive
 .text.Cy_SCB_UART_GetReceiveStatus
                0x100817e0        0x4 .\CortexM4\ARM_GCC_541\Debug\cy_scb_uart.o
                0x100817e0                Cy_SCB_UART_GetReceiveStatus
 .text.Cy_SCB_UART_Interrupt
                0x100817e4       0xe8 .\CortexM4\ARM_GCC_541\Debug\cy_scb_uart.o
                0x100817e4                Cy_SCB_UART_Interrupt
 .text.Cy_SysInt_SetVector
                0x100818cc       0x48 .\CortexM4\ARM_GCC_541\Debug\cy_sysint.o
                0x100818cc                Cy_SysInt_SetVector
 .text.Cy_SysInt_Init
                0x10081914       0x74 .\CortexM4\ARM_GCC_541\Debug\cy_sysint.o
                0x10081914                Cy_SysInt_Init
 .text.Cy_SysLib_Halt
                0x10081988        0x4 .\CortexM4\ARM_GCC_541\Debug\cy_syslib.o
                0x10081988                Cy_SysLib_Halt
 .text.Cy_SysLib_AssertFailed
                0x1008198c       0x1c .\CortexM4\ARM_GCC_541\Debug\cy_syslib.o
                0x1008198c                Cy_SysLib_AssertFailed
 .text.Cy_SysLib_ProcessingFault
                0x100819a8        0x4 .\CortexM4\ARM_GCC_541\Debug\cy_syslib.o
                0x100819a8                Cy_SysLib_ProcessingFault
 .text.Cy_SysLib_FaultHandler
                0x100819ac       0xa4 .\CortexM4\ARM_GCC_541\Debug\cy_syslib.o
                0x100819ac                Cy_SysLib_FaultHandler
 .text          0x10081a50       0x20 .\CortexM4\ARM_GCC_541\Debug\cy_syslib_gcc.o
                0x10081a50                Cy_SysLib_DelayCycles
                0x10081a62                Cy_SysLib_EnterCriticalSection
                0x10081a6a                Cy_SysLib_ExitCriticalSection
 .text.Cy_PDL_Init
                0x10081a70        0xc .\CortexM4\ARM_GCC_541\Debug\cy_device.o
                0x10081a70                Cy_PDL_Init
 .text._write   0x10081a7c       0x24 .\CortexM4\ARM_GCC_541\Debug\retarget.o
                0x10081a7c                _write
 .text._read    0x10081aa0       0x2c .\CortexM4\ARM_GCC_541\Debug\retarget.o
                0x10081aa0                _read
 .text.Cy_Crypto_Client_ReleaseIntrHndlr
                0x10081acc       0x38 Generated_Source\PSoC6\pdl\drivers\peripheral\crypto\libs\cy_crypto_client_gcc.a(cy_crypto.o)
 .text.Cy_Crypto_IsServerStarted
                0x10081b04       0x28 Generated_Source\PSoC6\pdl\drivers\peripheral\crypto\libs\cy_crypto_client_gcc.a(cy_crypto.o)
 .text.Cy_Crypto_IsServerReady.isra.0
                0x10081b2c       0x24 Generated_Source\PSoC6\pdl\drivers\peripheral\crypto\libs\cy_crypto_client_gcc.a(cy_crypto.o)
 .text.Cy_Crypto_Client_Send
                0x10081b50       0x68 Generated_Source\PSoC6\pdl\drivers\peripheral\crypto\libs\cy_crypto_client_gcc.a(cy_crypto.o)
 .text.Cy_Crypto_Sync
                0x10081bb8       0x58 Generated_Source\PSoC6\pdl\drivers\peripheral\crypto\libs\cy_crypto_client_gcc.a(cy_crypto.o)
                0x10081bb8                Cy_Crypto_Sync
 .text.Cy_Crypto_Init
                0x10081c10       0xa0 Generated_Source\PSoC6\pdl\drivers\peripheral\crypto\libs\cy_crypto_client_gcc.a(cy_crypto.o)
                0x10081c10                Cy_Crypto_Init
 .text.Cy_Crypto_Enable
                0x10081cb0       0x30 Generated_Source\PSoC6\pdl\drivers\peripheral\crypto\libs\cy_crypto_client_gcc.a(cy_crypto.o)
                0x10081cb0                Cy_Crypto_Enable
 .text.Cy_Crypto_Aes_Init
                0x10081ce0       0x28 Generated_Source\PSoC6\pdl\drivers\peripheral\crypto\libs\cy_crypto_client_gcc.a(cy_crypto.o)
                0x10081ce0                Cy_Crypto_Aes_Init
 .text.Cy_Crypto_Aes_Ecb_Run
                0x10081d08       0x28 Generated_Source\PSoC6\pdl\drivers\peripheral\crypto\libs\cy_crypto_client_gcc.a(cy_crypto.o)
                0x10081d08                Cy_Crypto_Aes_Ecb_Run
 .text.__NVIC_ClearPendingIRQ
                0x10081d30       0x1c Generated_Source\PSoC6\pdl\drivers\peripheral\crypto\libs\cy_crypto_server_gcc.a(cy_crypto_server.o)
 .text.Cy_Crypto_Server_ErrorHandler
                0x10081d4c       0x50 Generated_Source\PSoC6\pdl\drivers\peripheral\crypto\libs\cy_crypto_server_gcc.a(cy_crypto_server.o)
                0x10081d4c                Cy_Crypto_Server_ErrorHandler
 .text.Cy_Crypto_Server_Start_Common
                0x10081d9c       0xcc Generated_Source\PSoC6\pdl\drivers\peripheral\crypto\libs\cy_crypto_server_gcc.a(cy_crypto_server.o)
 .text.Cy_Crypto_Server_Start_Full
                0x10081e68       0x34 Generated_Source\PSoC6\pdl\drivers\peripheral\crypto\libs\cy_crypto_server_gcc.a(cy_crypto_server.o)
                0x10081e68                Cy_Crypto_Server_Start_Full
 .text.Cy_Crypto_Server_Process
                0x10081e9c      0x330 Generated_Source\PSoC6\pdl\drivers\peripheral\crypto\libs\cy_crypto_server_gcc.a(cy_crypto_server.o)
                0x10081e9c                Cy_Crypto_Server_Process
 .text.Cy_Crypto_Server_GetDataHandler
                0x100821cc       0x54 Generated_Source\PSoC6\pdl\drivers\peripheral\crypto\libs\cy_crypto_server_gcc.a(cy_crypto_server.o)
                0x100821cc                Cy_Crypto_Server_GetDataHandler
 .text.Cy_Crypto_Core_V1_Aes_ProcessBlock
                0x10082220       0x44 Generated_Source\PSoC6\pdl\drivers\peripheral\crypto\libs\cy_crypto_server_gcc.a(cy_crypto_core_aes_v1.o)
                0x10082220                Cy_Crypto_Core_V1_Aes_ProcessBlock
 .text.Cy_Crypto_Core_V1_Aes_Xor
                0x10082264       0x34 Generated_Source\PSoC6\pdl\drivers\peripheral\crypto\libs\cy_crypto_server_gcc.a(cy_crypto_core_aes_v1.o)
                0x10082264                Cy_Crypto_Core_V1_Aes_Xor
 .text.Cy_Crypto_Core_V1_Aes_Init
                0x10082298       0x58 Generated_Source\PSoC6\pdl\drivers\peripheral\crypto\libs\cy_crypto_server_gcc.a(cy_crypto_core_aes_v1.o)
                0x10082298                Cy_Crypto_Core_V1_Aes_Init
 .text.Cy_Crypto_Core_V1_Aes_Ecb
                0x100822f0       0x40 Generated_Source\PSoC6\pdl\drivers\peripheral\crypto\libs\cy_crypto_server_gcc.a(cy_crypto_core_aes_v1.o)
                0x100822f0                Cy_Crypto_Core_V1_Aes_Ecb
 .text.Cy_Crypto_Core_V1_Aes_Cbc
                0x10082330       0xf0 Generated_Source\PSoC6\pdl\drivers\peripheral\crypto\libs\cy_crypto_server_gcc.a(cy_crypto_core_aes_v1.o)
                0x10082330                Cy_Crypto_Core_V1_Aes_Cbc
 .text.Cy_Crypto_Core_V1_Aes_Cfb
                0x10082420       0xa8 Generated_Source\PSoC6\pdl\drivers\peripheral\crypto\libs\cy_crypto_server_gcc.a(cy_crypto_core_aes_v1.o)
                0x10082420                Cy_Crypto_Core_V1_Aes_Cfb
 .text.Cy_Crypto_Core_V1_Aes_Ctr
                0x100824c8       0xc6 Generated_Source\PSoC6\pdl\drivers\peripheral\crypto\libs\cy_crypto_server_gcc.a(cy_crypto_core_aes_v1.o)
                0x100824c8                Cy_Crypto_Core_V1_Aes_Ctr
 .text.Cy_Crypto_Core_V1_Cmac_CalcSubKey
                0x1008258e       0x2a Generated_Source\PSoC6\pdl\drivers\peripheral\crypto\libs\cy_crypto_server_gcc.a(cy_crypto_core_cmac_v1.o)
 .text.Cy_Crypto_Core_V1_Cmac_Start
                0x100825b8       0x2a Generated_Source\PSoC6\pdl\drivers\peripheral\crypto\libs\cy_crypto_server_gcc.a(cy_crypto_core_cmac_v1.o)
                0x100825b8                Cy_Crypto_Core_V1_Cmac_Start
 .text.Cy_Crypto_Core_V1_Cmac_Update
                0x100825e2       0x64 Generated_Source\PSoC6\pdl\drivers\peripheral\crypto\libs\cy_crypto_server_gcc.a(cy_crypto_core_cmac_v1.o)
                0x100825e2                Cy_Crypto_Core_V1_Cmac_Update
 .text.Cy_Crypto_Core_V1_Cmac_Finish
                0x10082646       0x74 Generated_Source\PSoC6\pdl\drivers\peripheral\crypto\libs\cy_crypto_server_gcc.a(cy_crypto_core_cmac_v1.o)
                0x10082646                Cy_Crypto_Core_V1_Cmac_Finish
 *fill*         0x100826ba        0x2 
 .text.Cy_Crypto_Core_V1_Cmac
                0x100826bc       0x60 Generated_Source\PSoC6\pdl\drivers\peripheral\crypto\libs\cy_crypto_server_gcc.a(cy_crypto_core_cmac_v1.o)
                0x100826bc                Cy_Crypto_Core_V1_Cmac
 .text.Cy_Crypto_Core_V1_Hmac
                0x1008271c      0x198 Generated_Source\PSoC6\pdl\drivers\peripheral\crypto\libs\cy_crypto_server_gcc.a(cy_crypto_core_hmac_v1.o)
                0x1008271c                Cy_Crypto_Core_V1_Hmac
 .text.Cy_Crypto_Core_GetFIFOUsed
                0x100828b4       0x14 Generated_Source\PSoC6\pdl\drivers\peripheral\crypto\libs\cy_crypto_server_gcc.a(cy_crypto_core_aes_v2.o)
 .text.Cy_Crypto_Core_V2_FFContinue
                0x100828c8       0x54 Generated_Source\PSoC6\pdl\drivers\peripheral\crypto\libs\cy_crypto_server_gcc.a(cy_crypto_core_aes_v2.o)
 .text.Cy_Crypto_Core_V2_BlockMov
                0x1008291c       0x34 Generated_Source\PSoC6\pdl\drivers\peripheral\crypto\libs\cy_crypto_server_gcc.a(cy_crypto_core_aes_v2.o)
 .text.Cy_Crypto_Core_V2_RBSetByte
                0x10082950       0x2c Generated_Source\PSoC6\pdl\drivers\peripheral\crypto\libs\cy_crypto_server_gcc.a(cy_crypto_core_aes_v2.o)
 .text.Cy_Crypto_Core_V2_RunAes
                0x1008297c       0x24 Generated_Source\PSoC6\pdl\drivers\peripheral\crypto\libs\cy_crypto_server_gcc.a(cy_crypto_core_aes_v2.o)
 .text.Cy_Crypto_Core_V2_RunAesInv
                0x100829a0       0x24 Generated_Source\PSoC6\pdl\drivers\peripheral\crypto\libs\cy_crypto_server_gcc.a(cy_crypto_core_aes_v2.o)
 .text.Cy_Crypto_Core_V2_FFStart.constprop.3
                0x100829c4       0x34 Generated_Source\PSoC6\pdl\drivers\peripheral\crypto\libs\cy_crypto_server_gcc.a(cy_crypto_core_aes_v2.o)
 .text.Cy_Crypto_Core_V2_Aes_LoadEncKey
                0x100829f8       0x34 Generated_Source\PSoC6\pdl\drivers\peripheral\crypto\libs\cy_crypto_server_gcc.a(cy_crypto_core_aes_v2.o)
                0x100829f8                Cy_Crypto_Core_V2_Aes_LoadEncKey
 .text.Cy_Crypto_Core_V2_Aes_LoadDecKey
                0x10082a2c       0x34 Generated_Source\PSoC6\pdl\drivers\peripheral\crypto\libs\cy_crypto_server_gcc.a(cy_crypto_core_aes_v2.o)
                0x10082a2c                Cy_Crypto_Core_V2_Aes_LoadDecKey
 .text.Cy_Crypto_Core_V2_Aes_Init
                0x10082a60       0x30 Generated_Source\PSoC6\pdl\drivers\peripheral\crypto\libs\cy_crypto_server_gcc.a(cy_crypto_core_aes_v2.o)
                0x10082a60                Cy_Crypto_Core_V2_Aes_Init
 .text.Cy_Crypto_Core_V2_Aes_Ecb
                0x10082a90       0x5c Generated_Source\PSoC6\pdl\drivers\peripheral\crypto\libs\cy_crypto_server_gcc.a(cy_crypto_core_aes_v2.o)
                0x10082a90                Cy_Crypto_Core_V2_Aes_Ecb
 .text.Cy_Crypto_Core_V2_Aes_Cbc
                0x10082aec       0xdc Generated_Source\PSoC6\pdl\drivers\peripheral\crypto\libs\cy_crypto_server_gcc.a(cy_crypto_core_aes_v2.o)
                0x10082aec                Cy_Crypto_Core_V2_Aes_Cbc
 .text.Cy_Crypto_Core_V2_Aes_Cfb
                0x10082bc8       0xc0 Generated_Source\PSoC6\pdl\drivers\peripheral\crypto\libs\cy_crypto_server_gcc.a(cy_crypto_core_aes_v2.o)
                0x10082bc8                Cy_Crypto_Core_V2_Aes_Cfb
 .text.Cy_Crypto_Core_V2_Aes_Ctr
                0x10082c88      0x188 Generated_Source\PSoC6\pdl\drivers\peripheral\crypto\libs\cy_crypto_server_gcc.a(cy_crypto_core_aes_v2.o)
                0x10082c88                Cy_Crypto_Core_V2_Aes_Ctr
 .text.Cy_Crypto_Core_GetFIFOUsed
                0x10082e10       0x14 Generated_Source\PSoC6\pdl\drivers\peripheral\crypto\libs\cy_crypto_server_gcc.a(cy_crypto_core_cmac_v2.o)
 .text.Cy_Crypto_Core_V2_RunAes
                0x10082e24       0x24 Generated_Source\PSoC6\pdl\drivers\peripheral\crypto\libs\cy_crypto_server_gcc.a(cy_crypto_core_cmac_v2.o)
 .text.Cy_Crypto_Core_V2_Cmac_CalcSubKey
                0x10082e48       0x2a Generated_Source\PSoC6\pdl\drivers\peripheral\crypto\libs\cy_crypto_server_gcc.a(cy_crypto_core_cmac_v2.o)
 *fill*         0x10082e72        0x2 
 .text.Cy_Crypto_Core_V2_FFContinue.constprop.2
                0x10082e74       0x40 Generated_Source\PSoC6\pdl\drivers\peripheral\crypto\libs\cy_crypto_server_gcc.a(cy_crypto_core_cmac_v2.o)
 .text.Cy_Crypto_Core_V2_FFStart.constprop.3
                0x10082eb4       0x34 Generated_Source\PSoC6\pdl\drivers\peripheral\crypto\libs\cy_crypto_server_gcc.a(cy_crypto_core_cmac_v2.o)
 .text.Cy_Crypto_Core_V2_Cmac_Start
                0x10082ee8       0x78 Generated_Source\PSoC6\pdl\drivers\peripheral\crypto\libs\cy_crypto_server_gcc.a(cy_crypto_core_cmac_v2.o)
                0x10082ee8                Cy_Crypto_Core_V2_Cmac_Start
 .text.Cy_Crypto_Core_V2_Cmac_Update
                0x10082f60       0x44 Generated_Source\PSoC6\pdl\drivers\peripheral\crypto\libs\cy_crypto_server_gcc.a(cy_crypto_core_cmac_v2.o)
                0x10082f60                Cy_Crypto_Core_V2_Cmac_Update
 .text.Cy_Crypto_Core_V2_Cmac_Finish
                0x10082fa4       0xa8 Generated_Source\PSoC6\pdl\drivers\peripheral\crypto\libs\cy_crypto_server_gcc.a(cy_crypto_core_cmac_v2.o)
                0x10082fa4                Cy_Crypto_Core_V2_Cmac_Finish
 .text.Cy_Crypto_Core_V2_Cmac
                0x1008304c       0x46 Generated_Source\PSoC6\pdl\drivers\peripheral\crypto\libs\cy_crypto_server_gcc.a(cy_crypto_core_cmac_v2.o)
                0x1008304c                Cy_Crypto_Core_V2_Cmac
 .text.Cy_Crypto_Core_V2_Hmac
                0x10083092      0x142 Generated_Source\PSoC6\pdl\drivers\peripheral\crypto\libs\cy_crypto_server_gcc.a(cy_crypto_core_hmac_v2.o)
                0x10083092                Cy_Crypto_Core_V2_Hmac
 .text.Cy_Crypto_Core_WaitForReady
                0x100831d4       0x14 Generated_Source\PSoC6\pdl\drivers\peripheral\crypto\libs\cy_crypto_server_gcc.a(cy_crypto_core_rsa.o)
 .text.Cy_Crypto_Core_MemCmp
                0x100831e8       0x20 Generated_Source\PSoC6\pdl\drivers\peripheral\crypto\libs\cy_crypto_server_gcc.a(cy_crypto_core_rsa.o)
 .text.Cy_Crypto_Core_MemSet.constprop.2
                0x10083208       0x24 Generated_Source\PSoC6\pdl\drivers\peripheral\crypto\libs\cy_crypto_server_gcc.a(cy_crypto_core_rsa.o)
 .text.CY_CRYPTO_VU_COND_SET_BIT.constprop.12
                0x1008322c       0x30 Generated_Source\PSoC6\pdl\drivers\peripheral\crypto\libs\cy_crypto_server_gcc.a(cy_crypto_core_rsa.o)
 .text.CY_CRYPTO_VU_COND_LSR1.constprop.17
                0x1008325c       0x34 Generated_Source\PSoC6\pdl\drivers\peripheral\crypto\libs\cy_crypto_server_gcc.a(cy_crypto_core_rsa.o)
 .text.CY_CRYPTO_VU_ALLOC_MEM
                0x10083290       0x34 Generated_Source\PSoC6\pdl\drivers\peripheral\crypto\libs\cy_crypto_server_gcc.a(cy_crypto_core_rsa.o)
 .text.CY_CRYPTO_VU_SET_REG.constprop.27
                0x100832c4       0x34 Generated_Source\PSoC6\pdl\drivers\peripheral\crypto\libs\cy_crypto_server_gcc.a(cy_crypto_core_rsa.o)
 .text.Cy_Crypto_Core_Rsa_BarrettGetU
                0x100832f8       0xd8 Generated_Source\PSoC6\pdl\drivers\peripheral\crypto\libs\cy_crypto_server_gcc.a(cy_crypto_core_rsa.o)
 .text.Cy_Crypto_Core_Rsa_MontTransform
                0x100833d0      0x114 Generated_Source\PSoC6\pdl\drivers\peripheral\crypto\libs\cy_crypto_server_gcc.a(cy_crypto_core_rsa.o)
 .text.Cy_Crypto_Core_Rsa_MontCoeff
                0x100834e4      0x160 Generated_Source\PSoC6\pdl\drivers\peripheral\crypto\libs\cy_crypto_server_gcc.a(cy_crypto_core_rsa.o)
 .text.Cy_Crypto_Core_Rsa_MontMul.constprop.1
                0x10083644      0x168 Generated_Source\PSoC6\pdl\drivers\peripheral\crypto\libs\cy_crypto_server_gcc.a(cy_crypto_core_rsa.o)
 .text.Cy_Crypto_Core_Rsa_Verify
                0x100837ac       0x9c Generated_Source\PSoC6\pdl\drivers\peripheral\crypto\libs\cy_crypto_server_gcc.a(cy_crypto_core_rsa.o)
                0x100837ac                Cy_Crypto_Core_Rsa_Verify
 .text.Cy_Crypto_Core_Rsa_Proc
                0x10083848      0x330 Generated_Source\PSoC6\pdl\drivers\peripheral\crypto\libs\cy_crypto_server_gcc.a(cy_crypto_core_rsa.o)
                0x10083848                Cy_Crypto_Core_Rsa_Proc
 .text.Cy_Crypto_Core_Rsa_Coef
                0x10083b78       0xf0 Generated_Source\PSoC6\pdl\drivers\peripheral\crypto\libs\cy_crypto_server_gcc.a(cy_crypto_core_rsa.o)
                0x10083b78                Cy_Crypto_Core_Rsa_Coef
 .text.Cy_Crypto_Core_V1_Crc_Init
                0x10083c68       0x3c Generated_Source\PSoC6\pdl\drivers\peripheral\crypto\libs\cy_crypto_server_gcc.a(cy_crypto_core_crc_v1.o)
                0x10083c68                Cy_Crypto_Core_V1_Crc_Init
 .text.Cy_Crypto_Core_V1_Crc
                0x10083ca4       0x44 Generated_Source\PSoC6\pdl\drivers\peripheral\crypto\libs\cy_crypto_server_gcc.a(cy_crypto_core_crc_v1.o)
                0x10083ca4                Cy_Crypto_Core_V1_Crc
 .text.Cy_Crypto_Core_V1_Des_ProcessBlock
                0x10083ce8       0x48 Generated_Source\PSoC6\pdl\drivers\peripheral\crypto\libs\cy_crypto_server_gcc.a(cy_crypto_core_des_v1.o)
 .text.Cy_Crypto_Core_V1_Des
                0x10083d30       0x88 Generated_Source\PSoC6\pdl\drivers\peripheral\crypto\libs\cy_crypto_server_gcc.a(cy_crypto_core_des_v1.o)
                0x10083d30                Cy_Crypto_Core_V1_Des
 .text.Cy_Crypto_Core_V1_Tdes
                0x10083db8       0xb0 Generated_Source\PSoC6\pdl\drivers\peripheral\crypto\libs\cy_crypto_server_gcc.a(cy_crypto_core_des_v1.o)
                0x10083db8                Cy_Crypto_Core_V1_Tdes
 .text.Cy_Crypto_Core_V1_Prng_Init
                0x10083e68       0x20 Generated_Source\PSoC6\pdl\drivers\peripheral\crypto\libs\cy_crypto_server_gcc.a(cy_crypto_core_prng_v1.o)
                0x10083e68                Cy_Crypto_Core_V1_Prng_Init
 .text.Cy_Crypto_Core_V1_Prng
                0x10083e88       0x34 Generated_Source\PSoC6\pdl\drivers\peripheral\crypto\libs\cy_crypto_server_gcc.a(cy_crypto_core_prng_v1.o)
                0x10083e88                Cy_Crypto_Core_V1_Prng
 .text.Cy_Crypto_Core_V1_Sha_ProcessBlock
                0x10083ebc       0x3c Generated_Source\PSoC6\pdl\drivers\peripheral\crypto\libs\cy_crypto_server_gcc.a(cy_crypto_core_sha_v1.o)
                0x10083ebc                Cy_Crypto_Core_V1_Sha_ProcessBlock
 .text.Cy_Crypto_Core_V1_Sha_Init
                0x10083ef8       0xcc Generated_Source\PSoC6\pdl\drivers\peripheral\crypto\libs\cy_crypto_server_gcc.a(cy_crypto_core_sha_v1.o)
                0x10083ef8                Cy_Crypto_Core_V1_Sha_Init
 .text.Cy_Crypto_Core_V1_Sha_Start
                0x10083fc4       0x10 Generated_Source\PSoC6\pdl\drivers\peripheral\crypto\libs\cy_crypto_server_gcc.a(cy_crypto_core_sha_v1.o)
                0x10083fc4                Cy_Crypto_Core_V1_Sha_Start
 .text.Cy_Crypto_Core_V1_Sha_Update
                0x10083fd4       0x34 Generated_Source\PSoC6\pdl\drivers\peripheral\crypto\libs\cy_crypto_server_gcc.a(cy_crypto_core_sha_v1.o)
                0x10083fd4                Cy_Crypto_Core_V1_Sha_Update
 .text.Cy_Crypto_Core_V1_Sha_Finish
                0x10084008       0xb6 Generated_Source\PSoC6\pdl\drivers\peripheral\crypto\libs\cy_crypto_server_gcc.a(cy_crypto_core_sha_v1.o)
                0x10084008                Cy_Crypto_Core_V1_Sha_Finish
 .text.Cy_Crypto_Core_V1_Sha_Free
                0x100840be       0x30 Generated_Source\PSoC6\pdl\drivers\peripheral\crypto\libs\cy_crypto_server_gcc.a(cy_crypto_core_sha_v1.o)
                0x100840be                Cy_Crypto_Core_V1_Sha_Free
 *fill*         0x100840ee        0x2 
 .text.Cy_Crypto_Core_V1_Sha
                0x100840f0       0x74 Generated_Source\PSoC6\pdl\drivers\peripheral\crypto\libs\cy_crypto_server_gcc.a(cy_crypto_core_sha_v1.o)
                0x100840f0                Cy_Crypto_Core_V1_Sha
 .text.Cy_Crypto_Core_V1_MemCpy
                0x10084164       0x38 Generated_Source\PSoC6\pdl\drivers\peripheral\crypto\libs\cy_crypto_server_gcc.a(cy_crypto_core_mem_v1.o)
                0x10084164                Cy_Crypto_Core_V1_MemCpy
 .text.Cy_Crypto_Core_V1_MemSet
                0x1008419c       0x38 Generated_Source\PSoC6\pdl\drivers\peripheral\crypto\libs\cy_crypto_server_gcc.a(cy_crypto_core_mem_v1.o)
                0x1008419c                Cy_Crypto_Core_V1_MemSet
 .text.Cy_Crypto_Core_V1_MemCmp
                0x100841d4       0x34 Generated_Source\PSoC6\pdl\drivers\peripheral\crypto\libs\cy_crypto_server_gcc.a(cy_crypto_core_mem_v1.o)
                0x100841d4                Cy_Crypto_Core_V1_MemCmp
 .text.Cy_Crypto_Core_V1_MemXor
                0x10084208       0x40 Generated_Source\PSoC6\pdl\drivers\peripheral\crypto\libs\cy_crypto_server_gcc.a(cy_crypto_core_mem_v1.o)
                0x10084208                Cy_Crypto_Core_V1_MemXor
 .text.Cy_Crypto_Core_V1_Trng
                0x10084248       0x6c Generated_Source\PSoC6\pdl\drivers\peripheral\crypto\libs\cy_crypto_server_gcc.a(cy_crypto_core_trng_v1.o)
                0x10084248                Cy_Crypto_Core_V1_Trng
 .text.Cy_Crypto_Core_GetFIFOUsed
                0x100842b4       0x14 Generated_Source\PSoC6\pdl\drivers\peripheral\crypto\libs\cy_crypto_server_gcc.a(cy_crypto_core_hw_v1.o)
 .text.Cy_Crypto_SetReg1Instr
                0x100842c8       0x2c Generated_Source\PSoC6\pdl\drivers\peripheral\crypto\libs\cy_crypto_server_gcc.a(cy_crypto_core_hw_v1.o)
                0x100842c8                Cy_Crypto_SetReg1Instr
 .text.Cy_Crypto_SetReg2Instr
                0x100842f4       0x34 Generated_Source\PSoC6\pdl\drivers\peripheral\crypto\libs\cy_crypto_server_gcc.a(cy_crypto_core_hw_v1.o)
                0x100842f4                Cy_Crypto_SetReg2Instr
 .text.Cy_Crypto_SetReg3Instr
                0x10084328       0x3c Generated_Source\PSoC6\pdl\drivers\peripheral\crypto\libs\cy_crypto_server_gcc.a(cy_crypto_core_hw_v1.o)
                0x10084328                Cy_Crypto_SetReg3Instr
 .text.Cy_Crypto_SetReg4Instr
                0x10084364       0x44 Generated_Source\PSoC6\pdl\drivers\peripheral\crypto\libs\cy_crypto_server_gcc.a(cy_crypto_core_hw_v1.o)
                0x10084364                Cy_Crypto_SetReg4Instr
 .text.Cy_Crypto_Run1ParamInstr
                0x100843a8       0x24 Generated_Source\PSoC6\pdl\drivers\peripheral\crypto\libs\cy_crypto_server_gcc.a(cy_crypto_core_hw_v1.o)
                0x100843a8                Cy_Crypto_Run1ParamInstr
 .text.Cy_Crypto_Run2ParamInstr
                0x100843cc       0x2c Generated_Source\PSoC6\pdl\drivers\peripheral\crypto\libs\cy_crypto_server_gcc.a(cy_crypto_core_hw_v1.o)
                0x100843cc                Cy_Crypto_Run2ParamInstr
 .text.Cy_Crypto_Run3ParamInstr
                0x100843f8       0x34 Generated_Source\PSoC6\pdl\drivers\peripheral\crypto\libs\cy_crypto_server_gcc.a(cy_crypto_core_hw_v1.o)
                0x100843f8                Cy_Crypto_Run3ParamInstr
 .text.Cy_Crypto_Run4ParamInstr
                0x1008442c       0x3c Generated_Source\PSoC6\pdl\drivers\peripheral\crypto\libs\cy_crypto_server_gcc.a(cy_crypto_core_hw_v1.o)
                0x1008442c                Cy_Crypto_Run4ParamInstr
 .text.Cy_Crypto_Core_V2_Crc_Init
                0x10084468       0x3c Generated_Source\PSoC6\pdl\drivers\peripheral\crypto\libs\cy_crypto_server_gcc.a(cy_crypto_core_crc_v2.o)
                0x10084468                Cy_Crypto_Core_V2_Crc_Init
 .text.Cy_Crypto_Core_V2_Crc
                0x100844a4       0x68 Generated_Source\PSoC6\pdl\drivers\peripheral\crypto\libs\cy_crypto_server_gcc.a(cy_crypto_core_crc_v2.o)
                0x100844a4                Cy_Crypto_Core_V2_Crc
 .text.Cy_Crypto_Core_V2_FFContinue.constprop.0
                0x1008450c       0x3c Generated_Source\PSoC6\pdl\drivers\peripheral\crypto\libs\cy_crypto_server_gcc.a(cy_crypto_core_des_v2.o)
 .text.Cy_Crypto_Core_V2_Run
                0x10084548       0x24 Generated_Source\PSoC6\pdl\drivers\peripheral\crypto\libs\cy_crypto_server_gcc.a(cy_crypto_core_des_v2.o)
 .text.Cy_Crypto_Core_V2_BlockMov
                0x1008456c       0x30 Generated_Source\PSoC6\pdl\drivers\peripheral\crypto\libs\cy_crypto_server_gcc.a(cy_crypto_core_des_v2.o)
 .text.Cy_Crypto_Core_V2_FFStart.constprop.1
                0x1008459c       0x34 Generated_Source\PSoC6\pdl\drivers\peripheral\crypto\libs\cy_crypto_server_gcc.a(cy_crypto_core_des_v2.o)
 .text.Cy_Crypto_Core_V2_Des
                0x100845d0       0x88 Generated_Source\PSoC6\pdl\drivers\peripheral\crypto\libs\cy_crypto_server_gcc.a(cy_crypto_core_des_v2.o)
                0x100845d0                Cy_Crypto_Core_V2_Des
 .text.Cy_Crypto_Core_V2_Tdes
                0x10084658       0xb8 Generated_Source\PSoC6\pdl\drivers\peripheral\crypto\libs\cy_crypto_server_gcc.a(cy_crypto_core_des_v2.o)
                0x10084658                Cy_Crypto_Core_V2_Tdes
 .text.Cy_Crypto_Core_V2_Prng_Init
                0x10084710       0x20 Generated_Source\PSoC6\pdl\drivers\peripheral\crypto\libs\cy_crypto_server_gcc.a(cy_crypto_core_prng_v2.o)
                0x10084710                Cy_Crypto_Core_V2_Prng_Init
 .text.Cy_Crypto_Core_V2_Prng
                0x10084730       0x2c Generated_Source\PSoC6\pdl\drivers\peripheral\crypto\libs\cy_crypto_server_gcc.a(cy_crypto_core_prng_v2.o)
                0x10084730                Cy_Crypto_Core_V2_Prng
 .text.Cy_Crypto_Core_GetFIFOUsed
                0x1008475c       0x14 Generated_Source\PSoC6\pdl\drivers\peripheral\crypto\libs\cy_crypto_server_gcc.a(cy_crypto_core_sha_v2.o)
 .text.Cy_Crypto_Core_V2_Sync
                0x10084770       0x14 Generated_Source\PSoC6\pdl\drivers\peripheral\crypto\libs\cy_crypto_server_gcc.a(cy_crypto_core_sha_v2.o)
 .text.Cy_Crypto_Core_V2_FFStart
                0x10084784       0x38 Generated_Source\PSoC6\pdl\drivers\peripheral\crypto\libs\cy_crypto_server_gcc.a(cy_crypto_core_sha_v2.o)
 .text.Cy_Crypto_Core_V2_Run
                0x100847bc       0x24 Generated_Source\PSoC6\pdl\drivers\peripheral\crypto\libs\cy_crypto_server_gcc.a(cy_crypto_core_sha_v2.o)
 .text.Cy_Crypto_Core_V2_RBClear
                0x100847e0       0x24 Generated_Source\PSoC6\pdl\drivers\peripheral\crypto\libs\cy_crypto_server_gcc.a(cy_crypto_core_sha_v2.o)
 .text.Cy_Crypto_Core_V2_RBSwap
                0x10084804       0x24 Generated_Source\PSoC6\pdl\drivers\peripheral\crypto\libs\cy_crypto_server_gcc.a(cy_crypto_core_sha_v2.o)
 .text.Cy_Crypto_Core_V2_RBSetByte
                0x10084828       0x2c Generated_Source\PSoC6\pdl\drivers\peripheral\crypto\libs\cy_crypto_server_gcc.a(cy_crypto_core_sha_v2.o)
 .text.Cy_Crypto_Core_V2_RBXor.constprop.1
                0x10084854       0x28 Generated_Source\PSoC6\pdl\drivers\peripheral\crypto\libs\cy_crypto_server_gcc.a(cy_crypto_core_sha_v2.o)
 .text.Cy_Crypto_Core_V2_Sha_Init
                0x1008487c       0xbc Generated_Source\PSoC6\pdl\drivers\peripheral\crypto\libs\cy_crypto_server_gcc.a(cy_crypto_core_sha_v2.o)
                0x1008487c                Cy_Crypto_Core_V2_Sha_Init
 .text.Cy_Crypto_Core_V2_Sha_Start
                0x10084938       0x38 Generated_Source\PSoC6\pdl\drivers\peripheral\crypto\libs\cy_crypto_server_gcc.a(cy_crypto_core_sha_v2.o)
                0x10084938                Cy_Crypto_Core_V2_Sha_Start
 .text.Cy_Crypto_Core_V2_Sha_Update
                0x10084970       0x64 Generated_Source\PSoC6\pdl\drivers\peripheral\crypto\libs\cy_crypto_server_gcc.a(cy_crypto_core_sha_v2.o)
                0x10084970                Cy_Crypto_Core_V2_Sha_Update
 .text.Cy_Crypto_Core_V2_Sha_Finish
                0x100849d4       0xec Generated_Source\PSoC6\pdl\drivers\peripheral\crypto\libs\cy_crypto_server_gcc.a(cy_crypto_core_sha_v2.o)
                0x100849d4                Cy_Crypto_Core_V2_Sha_Finish
 .text.Cy_Crypto_Core_V2_Sha_Free
                0x10084ac0       0x1a Generated_Source\PSoC6\pdl\drivers\peripheral\crypto\libs\cy_crypto_server_gcc.a(cy_crypto_core_sha_v2.o)
                0x10084ac0                Cy_Crypto_Core_V2_Sha_Free
 .text.Cy_Crypto_Core_V2_Sha
                0x10084ada       0x42 Generated_Source\PSoC6\pdl\drivers\peripheral\crypto\libs\cy_crypto_server_gcc.a(cy_crypto_core_sha_v2.o)
                0x10084ada                Cy_Crypto_Core_V2_Sha
 .text.Cy_Crypto_Core_GetFIFOUsed
                0x10084b1c       0x14 Generated_Source\PSoC6\pdl\drivers\peripheral\crypto\libs\cy_crypto_server_gcc.a(cy_crypto_core_mem_v2.o)
 .text.Cy_Crypto_Core_V2_Sync
                0x10084b30       0x14 Generated_Source\PSoC6\pdl\drivers\peripheral\crypto\libs\cy_crypto_server_gcc.a(cy_crypto_core_mem_v2.o)
 .text.Cy_Crypto_Core_V2_FFContinue
                0x10084b44       0x54 Generated_Source\PSoC6\pdl\drivers\peripheral\crypto\libs\cy_crypto_server_gcc.a(cy_crypto_core_mem_v2.o)
 .text.Cy_Crypto_Core_V2_FFStart.constprop.4
                0x10084b98       0x34 Generated_Source\PSoC6\pdl\drivers\peripheral\crypto\libs\cy_crypto_server_gcc.a(cy_crypto_core_mem_v2.o)
 .text.Cy_Crypto_Core_V2_MemCpy
                0x10084bcc       0x78 Generated_Source\PSoC6\pdl\drivers\peripheral\crypto\libs\cy_crypto_server_gcc.a(cy_crypto_core_mem_v2.o)
                0x10084bcc                Cy_Crypto_Core_V2_MemCpy
 .text.Cy_Crypto_Core_V2_MemSet
                0x10084c44       0x74 Generated_Source\PSoC6\pdl\drivers\peripheral\crypto\libs\cy_crypto_server_gcc.a(cy_crypto_core_mem_v2.o)
                0x10084c44                Cy_Crypto_Core_V2_MemSet
 .text.Cy_Crypto_Core_V2_MemCmp
                0x10084cb8       0x8c Generated_Source\PSoC6\pdl\drivers\peripheral\crypto\libs\cy_crypto_server_gcc.a(cy_crypto_core_mem_v2.o)
                0x10084cb8                Cy_Crypto_Core_V2_MemCmp
 .text.Cy_Crypto_Core_V2_MemXor
                0x10084d44       0x8c Generated_Source\PSoC6\pdl\drivers\peripheral\crypto\libs\cy_crypto_server_gcc.a(cy_crypto_core_mem_v2.o)
                0x10084d44                Cy_Crypto_Core_V2_MemXor
 .text.Cy_Crypto_Core_V2_Trng
                0x10084dd0       0xa0 Generated_Source\PSoC6\pdl\drivers\peripheral\crypto\libs\cy_crypto_server_gcc.a(cy_crypto_core_trng_v2.o)
                0x10084dd0                Cy_Crypto_Core_V2_Trng
 .text.CY_CRYPTO_VU_SET_REG.constprop.0
                0x10084e70       0x34 Generated_Source\PSoC6\pdl\drivers\peripheral\crypto\libs\cy_crypto_server_gcc.a(cy_crypto_core_hw.o)
 .text.Cy_Crypto_Core_HwInit
                0x10084ea4       0x24 Generated_Source\PSoC6\pdl\drivers\peripheral\crypto\libs\cy_crypto_server_gcc.a(cy_crypto_core_hw.o)
                0x10084ea4                Cy_Crypto_Core_HwInit
 .text.Cy_Crypto_Core_Enable
                0x10084ec8      0x114 Generated_Source\PSoC6\pdl\drivers\peripheral\crypto\libs\cy_crypto_server_gcc.a(cy_crypto_core_hw.o)
                0x10084ec8                Cy_Crypto_Core_Enable
 .text.Cy_Crypto_Core_GetLibInfo
                0x10084fdc        0x8 Generated_Source\PSoC6\pdl\drivers\peripheral\crypto\libs\cy_crypto_server_gcc.a(cy_crypto_core_hw.o)
                0x10084fdc                Cy_Crypto_Core_GetLibInfo
 .text.Cy_Crypto_Core_Disable
                0x10084fe4       0x1c Generated_Source\PSoC6\pdl\drivers\peripheral\crypto\libs\cy_crypto_server_gcc.a(cy_crypto_core_hw.o)
                0x10084fe4                Cy_Crypto_Core_Disable
 .text.Cy_Crypto_Core_Vu_RegMemPointer
                0x10085000       0x20 Generated_Source\PSoC6\pdl\drivers\peripheral\crypto\libs\cy_crypto_server_gcc.a(cy_crypto_core_vu.o)
 .text.Cy_Crypto_Core_MemCpy
                0x10085020       0x20 Generated_Source\PSoC6\pdl\drivers\peripheral\crypto\libs\cy_crypto_server_gcc.a(cy_crypto_core_vu.o)
 .text.Cy_Crypto_Core_Vu_SetMemValue
                0x10085040       0x26 Generated_Source\PSoC6\pdl\drivers\peripheral\crypto\libs\cy_crypto_server_gcc.a(cy_crypto_core_vu.o)
                0x10085040                Cy_Crypto_Core_Vu_SetMemValue
 .text.Cy_Crypto_Core_Vu_GetMemValue
                0x10085066       0x28 Generated_Source\PSoC6\pdl\drivers\peripheral\crypto\libs\cy_crypto_server_gcc.a(cy_crypto_core_vu.o)
                0x10085066                Cy_Crypto_Core_Vu_GetMemValue
 *fill*         0x1008508e        0x2 
 .text          0x10085090       0x14 c:/program files (x86)/cypress/psoc creator/4.4/psoc creator/import/gnu/arm/5.4.1/bin/../lib/gcc/arm-none-eabi/5.4.1/armv7e-m/softfp\libgcc.a(_thumb1_case_uqi.o)
                0x10085090                __gnu_thumb1_case_uqi
 .text          0x100850a4      0x370 c:/program files (x86)/cypress/psoc creator/4.4/psoc creator/import/gnu/arm/5.4.1/bin/../lib/gcc/arm-none-eabi/5.4.1/armv7e-m/softfp\libgcc.a(_arm_addsubdf3.o)
                0x100850a4                __aeabi_drsub
                0x100850ac                __aeabi_dsub
                0x100850ac                __subdf3
                0x100850b0                __aeabi_dadd
                0x100850b0                __adddf3
                0x10085328                __floatunsidf
                0x10085328                __aeabi_ui2d
                0x10085348                __floatsidf
                0x10085348                __aeabi_i2d
                0x1008536c                __aeabi_f2d
                0x1008536c                __extendsfdf2
                0x100853a8                __floatundidf
                0x100853a8                __aeabi_ul2d
                0x100853b8                __floatdidf
                0x100853b8                __aeabi_l2d
 .text          0x10085414      0x424 c:/program files (x86)/cypress/psoc creator/4.4/psoc creator/import/gnu/arm/5.4.1/bin/../lib/gcc/arm-none-eabi/5.4.1/armv7e-m/softfp\libgcc.a(_arm_muldivdf3.o)
                0x10085414                __aeabi_dmul
                0x10085414                __muldf3
                0x10085668                __divdf3
                0x10085668                __aeabi_ddiv
 .text.memcmp   0x10085838       0x1e c:/program files (x86)/cypress/psoc creator/4.4/psoc creator/import/gnu/arm/5.4.1/bin/../lib/gcc/arm-none-eabi/5.4.1/../../../../arm-none-eabi/lib/armv7e-m/softfp\libg_nano.a(lib_a-memcmp.o)
                0x10085838                memcmp
 .text.memset   0x10085856       0x10 c:/program files (x86)/cypress/psoc creator/4.4/psoc creator/import/gnu/arm/5.4.1/bin/../lib/gcc/arm-none-eabi/5.4.1/../../../../arm-none-eabi/lib/armv7e-m/softfp\libg_nano.a(lib_a-memset.o)
                0x10085856                memset
 .text.__cvt    0x10085866       0xc2 c:/program files (x86)/cypress/psoc creator/4.4/psoc creator/import/gnu/arm/5.4.1/bin/../lib/gcc/arm-none-eabi/5.4.1/../../../../arm-none-eabi/lib/armv7e-m/softfp\libg_nano.a(lib_a-nano-vfprintf_float.o)
                0x10085866                __cvt
 .text.__exponent
                0x10085928       0x60 c:/program files (x86)/cypress/psoc creator/4.4/psoc creator/import/gnu/arm/5.4.1/bin/../lib/gcc/arm-none-eabi/5.4.1/../../../../arm-none-eabi/lib/armv7e-m/softfp\libg_nano.a(lib_a-nano-vfprintf_float.o)
                0x10085928                __exponent
 .text._printf_float
                0x10085988      0x488 c:/program files (x86)/cypress/psoc creator/4.4/psoc creator/import/gnu/arm/5.4.1/bin/../lib/gcc/arm-none-eabi/5.4.1/../../../../arm-none-eabi/lib/armv7e-m/softfp\libg_nano.a(lib_a-nano-vfprintf_float.o)
                0x10085988                _printf_float
 .text._printf_common
                0x10085e10       0xec c:/program files (x86)/cypress/psoc creator/4.4/psoc creator/import/gnu/arm/5.4.1/bin/../lib/gcc/arm-none-eabi/5.4.1/../../../../arm-none-eabi/lib/armv7e-m/softfp\libg_nano.a(lib_a-nano-vfprintf_i.o)
                0x10085e10                _printf_common
 .text._printf_i
                0x10085efc      0x24c c:/program files (x86)/cypress/psoc creator/4.4/psoc creator/import/gnu/arm/5.4.1/bin/../lib/gcc/arm-none-eabi/5.4.1/../../../../arm-none-eabi/lib/armv7e-m/softfp\libg_nano.a(lib_a-nano-vfprintf_i.o)
                0x10085efc                _printf_i
 .text.printf   0x10086148       0x30 c:/program files (x86)/cypress/psoc creator/4.4/psoc creator/import/gnu/arm/5.4.1/bin/../lib/gcc/arm-none-eabi/5.4.1/../../../../arm-none-eabi/lib/armv7e-m/softfp\libg_nano.a(lib_a-printf.o)
                0x10086148                iprintf
                0x10086148                printf
 .text._puts_r  0x10086178       0xb4 c:/program files (x86)/cypress/psoc creator/4.4/psoc creator/import/gnu/arm/5.4.1/bin/../lib/gcc/arm-none-eabi/5.4.1/../../../../arm-none-eabi/lib/armv7e-m/softfp\libg_nano.a(lib_a-puts.o)
                0x10086178                _puts_r
 .text.puts     0x1008622c       0x10 c:/program files (x86)/cypress/psoc creator/4.4/psoc creator/import/gnu/arm/5.4.1/bin/../lib/gcc/arm-none-eabi/5.4.1/../../../../arm-none-eabi/lib/armv7e-m/softfp\libg_nano.a(lib_a-puts.o)
                0x1008622c                puts
 .text.sprintf  0x1008623c       0x48 c:/program files (x86)/cypress/psoc creator/4.4/psoc creator/import/gnu/arm/5.4.1/bin/../lib/gcc/arm-none-eabi/5.4.1/../../../../arm-none-eabi/lib/armv7e-m/softfp\libg_nano.a(lib_a-sprintf.o)
                0x1008623c                siprintf
                0x1008623c                sprintf
 .text          0x10086284       0x10 c:/program files (x86)/cypress/psoc creator/4.4/psoc creator/import/gnu/arm/5.4.1/bin/../lib/gcc/arm-none-eabi/5.4.1/../../../../arm-none-eabi/lib/armv7e-m/softfp\libg_nano.a(lib_a-strlen.o)
                0x10086284                strlen
 .text.strncpy  0x10086294       0x26 c:/program files (x86)/cypress/psoc creator/4.4/psoc creator/import/gnu/arm/5.4.1/bin/../lib/gcc/arm-none-eabi/5.4.1/../../../../arm-none-eabi/lib/armv7e-m/softfp\libg_nano.a(lib_a-strncpy.o)
                0x10086294                strncpy
 *fill*         0x100862ba        0x2 
 .text.__swbuf_r
                0x100862bc       0xa8 c:/program files (x86)/cypress/psoc creator/4.4/psoc creator/import/gnu/arm/5.4.1/bin/../lib/gcc/arm-none-eabi/5.4.1/../../../../arm-none-eabi/lib/armv7e-m/softfp\libg_nano.a(lib_a-wbuf.o)
                0x100862bc                __swbuf_r
 .text.__swsetup_r
                0x10086364       0xdc c:/program files (x86)/cypress/psoc creator/4.4/psoc creator/import/gnu/arm/5.4.1/bin/../lib/gcc/arm-none-eabi/5.4.1/../../../../arm-none-eabi/lib/armv7e-m/softfp\libg_nano.a(lib_a-wsetup.o)
                0x10086364                __swsetup_r
 .text.quorem   0x10086440      0x11e c:/program files (x86)/cypress/psoc creator/4.4/psoc creator/import/gnu/arm/5.4.1/bin/../lib/gcc/arm-none-eabi/5.4.1/../../../../arm-none-eabi/lib/armv7e-m/softfp\libg_nano.a(lib_a-dtoa.o)
 *fill*         0x1008655e        0x2 
 .text._dtoa_r  0x10086560      0xb38 c:/program files (x86)/cypress/psoc creator/4.4/psoc creator/import/gnu/arm/5.4.1/bin/../lib/gcc/arm-none-eabi/5.4.1/../../../../arm-none-eabi/lib/armv7e-m/softfp\libg_nano.a(lib_a-dtoa.o)
                0x10086560                _dtoa_r
 .text.__sflush_r
                0x10087098      0x110 c:/program files (x86)/cypress/psoc creator/4.4/psoc creator/import/gnu/arm/5.4.1/bin/../lib/gcc/arm-none-eabi/5.4.1/../../../../arm-none-eabi/lib/armv7e-m/softfp\libg_nano.a(lib_a-fflush.o)
                0x10087098                __sflush_r
 .text._fflush_r
                0x100871a8       0x54 c:/program files (x86)/cypress/psoc creator/4.4/psoc creator/import/gnu/arm/5.4.1/bin/../lib/gcc/arm-none-eabi/5.4.1/../../../../arm-none-eabi/lib/armv7e-m/softfp\libg_nano.a(lib_a-fflush.o)
                0x100871a8                _fflush_r
 .text._cleanup_r
                0x100871fc        0xc c:/program files (x86)/cypress/psoc creator/4.4/psoc creator/import/gnu/arm/5.4.1/bin/../lib/gcc/arm-none-eabi/5.4.1/../../../../arm-none-eabi/lib/armv7e-m/softfp\libg_nano.a(lib_a-findfp.o)
                0x100871fc                _cleanup_r
 .text.std.isra.0
                0x10087208       0x48 c:/program files (x86)/cypress/psoc creator/4.4/psoc creator/import/gnu/arm/5.4.1/bin/../lib/gcc/arm-none-eabi/5.4.1/../../../../arm-none-eabi/lib/armv7e-m/softfp\libg_nano.a(lib_a-findfp.o)
 .text.__sfmoreglue
                0x10087250       0x2c c:/program files (x86)/cypress/psoc creator/4.4/psoc creator/import/gnu/arm/5.4.1/bin/../lib/gcc/arm-none-eabi/5.4.1/../../../../arm-none-eabi/lib/armv7e-m/softfp\libg_nano.a(lib_a-findfp.o)
                0x10087250                __sfmoreglue
 .text.__sinit  0x1008727c       0x60 c:/program files (x86)/cypress/psoc creator/4.4/psoc creator/import/gnu/arm/5.4.1/bin/../lib/gcc/arm-none-eabi/5.4.1/../../../../arm-none-eabi/lib/armv7e-m/softfp\libg_nano.a(lib_a-findfp.o)
                0x1008727c                __sinit
 .text.__sfp    0x100872dc       0x78 c:/program files (x86)/cypress/psoc creator/4.4/psoc creator/import/gnu/arm/5.4.1/bin/../lib/gcc/arm-none-eabi/5.4.1/../../../../arm-none-eabi/lib/armv7e-m/softfp\libg_nano.a(lib_a-findfp.o)
                0x100872dc                __sfp
 .text._fwalk_reent
                0x10087354       0x3c c:/program files (x86)/cypress/psoc creator/4.4/psoc creator/import/gnu/arm/5.4.1/bin/../lib/gcc/arm-none-eabi/5.4.1/../../../../arm-none-eabi/lib/armv7e-m/softfp\libg_nano.a(lib_a-fwalk.o)
                0x10087354                _fwalk_reent
 .text._localeconv_r
                0x10087390        0x8 c:/program files (x86)/cypress/psoc creator/4.4/psoc creator/import/gnu/arm/5.4.1/bin/../lib/gcc/arm-none-eabi/5.4.1/../../../../arm-none-eabi/lib/armv7e-m/softfp\libg_nano.a(lib_a-locale.o)
                0x10087390                _localeconv_r
 .text.__swhatbuf_r
                0x10087398       0x46 c:/program files (x86)/cypress/psoc creator/4.4/psoc creator/import/gnu/arm/5.4.1/bin/../lib/gcc/arm-none-eabi/5.4.1/../../../../arm-none-eabi/lib/armv7e-m/softfp\libg_nano.a(lib_a-makebuf.o)
                0x10087398                __swhatbuf_r
 *fill*         0x100873de        0x2 
 .text.__smakebuf_r
                0x100873e0       0x78 c:/program files (x86)/cypress/psoc creator/4.4/psoc creator/import/gnu/arm/5.4.1/bin/../lib/gcc/arm-none-eabi/5.4.1/../../../../arm-none-eabi/lib/armv7e-m/softfp\libg_nano.a(lib_a-makebuf.o)
                0x100873e0                __smakebuf_r
 .text.malloc   0x10087458       0x10 c:/program files (x86)/cypress/psoc creator/4.4/psoc creator/import/gnu/arm/5.4.1/bin/../lib/gcc/arm-none-eabi/5.4.1/../../../../arm-none-eabi/lib/armv7e-m/softfp\libg_nano.a(lib_a-malloc.o)
                0x10087458                malloc
 *fill*         0x10087468        0x8 
 .text          0x10087470       0xa0 c:/program files (x86)/cypress/psoc creator/4.4/psoc creator/import/gnu/arm/5.4.1/bin/../lib/gcc/arm-none-eabi/5.4.1/../../../../arm-none-eabi/lib/armv7e-m/softfp\libg_nano.a(lib_a-memchr.o)
                0x10087470                memchr
 .text.memcpy   0x10087510       0x16 c:/program files (x86)/cypress/psoc creator/4.4/psoc creator/import/gnu/arm/5.4.1/bin/../lib/gcc/arm-none-eabi/5.4.1/../../../../arm-none-eabi/lib/armv7e-m/softfp\libg_nano.a(lib_a-memcpy-stub.o)
                0x10087510                memcpy
 .text._Balloc  0x10087526       0x6a c:/program files (x86)/cypress/psoc creator/4.4/psoc creator/import/gnu/arm/5.4.1/bin/../lib/gcc/arm-none-eabi/5.4.1/../../../../arm-none-eabi/lib/armv7e-m/softfp\libg_nano.a(lib_a-mprec.o)
                0x10087526                _Balloc
 .text._Bfree   0x10087590       0x2e c:/program files (x86)/cypress/psoc creator/4.4/psoc creator/import/gnu/arm/5.4.1/bin/../lib/gcc/arm-none-eabi/5.4.1/../../../../arm-none-eabi/lib/armv7e-m/softfp\libg_nano.a(lib_a-mprec.o)
                0x10087590                _Bfree
 .text.__multadd
                0x100875be       0x76 c:/program files (x86)/cypress/psoc creator/4.4/psoc creator/import/gnu/arm/5.4.1/bin/../lib/gcc/arm-none-eabi/5.4.1/../../../../arm-none-eabi/lib/armv7e-m/softfp\libg_nano.a(lib_a-mprec.o)
                0x100875be                __multadd
 .text.__hi0bits
                0x10087634       0x40 c:/program files (x86)/cypress/psoc creator/4.4/psoc creator/import/gnu/arm/5.4.1/bin/../lib/gcc/arm-none-eabi/5.4.1/../../../../arm-none-eabi/lib/armv7e-m/softfp\libg_nano.a(lib_a-mprec.o)
                0x10087634                __hi0bits
 .text.__lo0bits
                0x10087674       0x5a c:/program files (x86)/cypress/psoc creator/4.4/psoc creator/import/gnu/arm/5.4.1/bin/../lib/gcc/arm-none-eabi/5.4.1/../../../../arm-none-eabi/lib/armv7e-m/softfp\libg_nano.a(lib_a-mprec.o)
                0x10087674                __lo0bits
 .text.__i2b    0x100876ce       0x12 c:/program files (x86)/cypress/psoc creator/4.4/psoc creator/import/gnu/arm/5.4.1/bin/../lib/gcc/arm-none-eabi/5.4.1/../../../../arm-none-eabi/lib/armv7e-m/softfp\libg_nano.a(lib_a-mprec.o)
                0x100876ce                __i2b
 .text.__multiply
                0x100876e0      0x122 c:/program files (x86)/cypress/psoc creator/4.4/psoc creator/import/gnu/arm/5.4.1/bin/../lib/gcc/arm-none-eabi/5.4.1/../../../../arm-none-eabi/lib/armv7e-m/softfp\libg_nano.a(lib_a-mprec.o)
                0x100876e0                __multiply
 *fill*         0x10087802        0x2 
 .text.__pow5mult
                0x10087804       0x9c c:/program files (x86)/cypress/psoc creator/4.4/psoc creator/import/gnu/arm/5.4.1/bin/../lib/gcc/arm-none-eabi/5.4.1/../../../../arm-none-eabi/lib/armv7e-m/softfp\libg_nano.a(lib_a-mprec.o)
                0x10087804                __pow5mult
 .text.__lshift
                0x100878a0       0xa2 c:/program files (x86)/cypress/psoc creator/4.4/psoc creator/import/gnu/arm/5.4.1/bin/../lib/gcc/arm-none-eabi/5.4.1/../../../../arm-none-eabi/lib/armv7e-m/softfp\libg_nano.a(lib_a-mprec.o)
                0x100878a0                __lshift
 .text.__mcmp   0x10087942       0x38 c:/program files (x86)/cypress/psoc creator/4.4/psoc creator/import/gnu/arm/5.4.1/bin/../lib/gcc/arm-none-eabi/5.4.1/../../../../arm-none-eabi/lib/armv7e-m/softfp\libg_nano.a(lib_a-mprec.o)
                0x10087942                __mcmp
 .text.__mdiff  0x1008797a       0xbe c:/program files (x86)/cypress/psoc creator/4.4/psoc creator/import/gnu/arm/5.4.1/bin/../lib/gcc/arm-none-eabi/5.4.1/../../../../arm-none-eabi/lib/armv7e-m/softfp\libg_nano.a(lib_a-mprec.o)
                0x1008797a                __mdiff
 .text.__d2b    0x10087a38       0x9c c:/program files (x86)/cypress/psoc creator/4.4/psoc creator/import/gnu/arm/5.4.1/bin/../lib/gcc/arm-none-eabi/5.4.1/../../../../arm-none-eabi/lib/armv7e-m/softfp\libg_nano.a(lib_a-mprec.o)
                0x10087a38                __d2b
 .text._calloc_r
                0x10087ad4       0x1c c:/program files (x86)/cypress/psoc creator/4.4/psoc creator/import/gnu/arm/5.4.1/bin/../lib/gcc/arm-none-eabi/5.4.1/../../../../arm-none-eabi/lib/armv7e-m/softfp\libg_nano.a(lib_a-nano-callocr.o)
                0x10087ad4                _calloc_r
 .text._free_r  0x10087af0       0x9c c:/program files (x86)/cypress/psoc creator/4.4/psoc creator/import/gnu/arm/5.4.1/bin/../lib/gcc/arm-none-eabi/5.4.1/../../../../arm-none-eabi/lib/armv7e-m/softfp\libg_nano.a(lib_a-nano-freer.o)
                0x10087af0                _free_r
 .text._malloc_r
                0x10087b8c       0xbc c:/program files (x86)/cypress/psoc creator/4.4/psoc creator/import/gnu/arm/5.4.1/bin/../lib/gcc/arm-none-eabi/5.4.1/../../../../arm-none-eabi/lib/armv7e-m/softfp\libg_nano.a(lib_a-nano-mallocr.o)
                0x10087b8c                _malloc_r
 .text.__ssputs_r
                0x10087c48       0xb2 c:/program files (x86)/cypress/psoc creator/4.4/psoc creator/import/gnu/arm/5.4.1/bin/../lib/gcc/arm-none-eabi/5.4.1/../../../../arm-none-eabi/lib/armv7e-m/softfp\libg_nano.a(lib_a-nano-svfprintf.o)
                0x10087c48                __ssputs_r
 *fill*         0x10087cfa        0x2 
 .text._svfprintf_r
                0x10087cfc      0x1e8 c:/program files (x86)/cypress/psoc creator/4.4/psoc creator/import/gnu/arm/5.4.1/bin/../lib/gcc/arm-none-eabi/5.4.1/../../../../arm-none-eabi/lib/armv7e-m/softfp\libg_nano.a(lib_a-nano-svfprintf.o)
                0x10087cfc                _svfiprintf_r
                0x10087cfc                _svfprintf_r
 .text.__sfputc_r
                0x10087ee4       0x30 c:/program files (x86)/cypress/psoc creator/4.4/psoc creator/import/gnu/arm/5.4.1/bin/../lib/gcc/arm-none-eabi/5.4.1/../../../../arm-none-eabi/lib/armv7e-m/softfp\libg_nano.a(lib_a-nano-vfprintf.o)
 .text.__sfputs_r
                0x10087f14       0x24 c:/program files (x86)/cypress/psoc creator/4.4/psoc creator/import/gnu/arm/5.4.1/bin/../lib/gcc/arm-none-eabi/5.4.1/../../../../arm-none-eabi/lib/armv7e-m/softfp\libg_nano.a(lib_a-nano-vfprintf.o)
                0x10087f14                __sfputs_r
 .text._vfprintf_r
                0x10087f38      0x238 c:/program files (x86)/cypress/psoc creator/4.4/psoc creator/import/gnu/arm/5.4.1/bin/../lib/gcc/arm-none-eabi/5.4.1/../../../../arm-none-eabi/lib/armv7e-m/softfp\libg_nano.a(lib_a-nano-vfprintf.o)
                0x10087f38                _vfprintf_r
                0x10087f38                _vfiprintf_r
 .text._sbrk_r  0x10088170       0x20 c:/program files (x86)/cypress/psoc creator/4.4/psoc creator/import/gnu/arm/5.4.1/bin/../lib/gcc/arm-none-eabi/5.4.1/../../../../arm-none-eabi/lib/armv7e-m/softfp\libg_nano.a(lib_a-sbrkr.o)
                0x10088170                _sbrk_r
 .text.__sread  0x10088190       0x22 c:/program files (x86)/cypress/psoc creator/4.4/psoc creator/import/gnu/arm/5.4.1/bin/../lib/gcc/arm-none-eabi/5.4.1/../../../../arm-none-eabi/lib/armv7e-m/softfp\libg_nano.a(lib_a-stdio.o)
                0x10088190                __sread
 .text.__swrite
                0x100881b2       0x38 c:/program files (x86)/cypress/psoc creator/4.4/psoc creator/import/gnu/arm/5.4.1/bin/../lib/gcc/arm-none-eabi/5.4.1/../../../../arm-none-eabi/lib/armv7e-m/softfp\libg_nano.a(lib_a-stdio.o)
                0x100881b2                __swrite
 .text.__sseek  0x100881ea       0x24 c:/program files (x86)/cypress/psoc creator/4.4/psoc creator/import/gnu/arm/5.4.1/bin/../lib/gcc/arm-none-eabi/5.4.1/../../../../arm-none-eabi/lib/armv7e-m/softfp\libg_nano.a(lib_a-stdio.o)
                0x100881ea                __sseek
 .text.__sclose
                0x1008820e        0x8 c:/program files (x86)/cypress/psoc creator/4.4/psoc creator/import/gnu/arm/5.4.1/bin/../lib/gcc/arm-none-eabi/5.4.1/../../../../arm-none-eabi/lib/armv7e-m/softfp\libg_nano.a(lib_a-stdio.o)
                0x1008820e                __sclose
 *fill*         0x10088216        0x2 
 .text._write_r
                0x10088218       0x24 c:/program files (x86)/cypress/psoc creator/4.4/psoc creator/import/gnu/arm/5.4.1/bin/../lib/gcc/arm-none-eabi/5.4.1/../../../../arm-none-eabi/lib/armv7e-m/softfp\libg_nano.a(lib_a-writer.o)
                0x10088218                _write_r
 .text._close_r
                0x1008823c       0x20 c:/program files (x86)/cypress/psoc creator/4.4/psoc creator/import/gnu/arm/5.4.1/bin/../lib/gcc/arm-none-eabi/5.4.1/../../../../arm-none-eabi/lib/armv7e-m/softfp\libg_nano.a(lib_a-closer.o)
                0x1008823c                _close_r
 .text._fstat_r
                0x1008825c       0x24 c:/program files (x86)/cypress/psoc creator/4.4/psoc creator/import/gnu/arm/5.4.1/bin/../lib/gcc/arm-none-eabi/5.4.1/../../../../arm-none-eabi/lib/armv7e-m/softfp\libg_nano.a(lib_a-fstatr.o)
                0x1008825c                _fstat_r
 .text._isatty_r
                0x10088280       0x20 c:/program files (x86)/cypress/psoc creator/4.4/psoc creator/import/gnu/arm/5.4.1/bin/../lib/gcc/arm-none-eabi/5.4.1/../../../../arm-none-eabi/lib/armv7e-m/softfp\libg_nano.a(lib_a-isattyr.o)
                0x10088280                _isatty_r
 .text._lseek_r
                0x100882a0       0x24 c:/program files (x86)/cypress/psoc creator/4.4/psoc creator/import/gnu/arm/5.4.1/bin/../lib/gcc/arm-none-eabi/5.4.1/../../../../arm-none-eabi/lib/armv7e-m/softfp\libg_nano.a(lib_a-lseekr.o)
                0x100882a0                _lseek_r
 .text.memmove  0x100882c4       0x36 c:/program files (x86)/cypress/psoc creator/4.4/psoc creator/import/gnu/arm/5.4.1/bin/../lib/gcc/arm-none-eabi/5.4.1/../../../../arm-none-eabi/lib/armv7e-m/softfp\libg_nano.a(lib_a-memmove.o)
                0x100882c4                memmove
 .text.__malloc_lock
                0x100882fa        0x2 c:/program files (x86)/cypress/psoc creator/4.4/psoc creator/import/gnu/arm/5.4.1/bin/../lib/gcc/arm-none-eabi/5.4.1/../../../../arm-none-eabi/lib/armv7e-m/softfp\libg_nano.a(lib_a-mlock.o)
                0x100882fa                __malloc_lock
 .text.__malloc_unlock
                0x100882fc        0x2 c:/program files (x86)/cypress/psoc creator/4.4/psoc creator/import/gnu/arm/5.4.1/bin/../lib/gcc/arm-none-eabi/5.4.1/../../../../arm-none-eabi/lib/armv7e-m/softfp\libg_nano.a(lib_a-mlock.o)
                0x100882fc                __malloc_unlock
 .text._realloc_r
                0x100882fe       0x4c c:/program files (x86)/cypress/psoc creator/4.4/psoc creator/import/gnu/arm/5.4.1/bin/../lib/gcc/arm-none-eabi/5.4.1/../../../../arm-none-eabi/lib/armv7e-m/softfp\libg_nano.a(lib_a-nano-reallocr.o)
                0x100882fe                _realloc_r
 *fill*         0x1008834a        0x2 
 .text._read_r  0x1008834c       0x24 c:/program files (x86)/cypress/psoc creator/4.4/psoc creator/import/gnu/arm/5.4.1/bin/../lib/gcc/arm-none-eabi/5.4.1/../../../../arm-none-eabi/lib/armv7e-m/softfp\libg_nano.a(lib_a-readr.o)
                0x1008834c                _read_r
 .text._malloc_usable_size_r
                0x10088370       0x14 c:/program files (x86)/cypress/psoc creator/4.4/psoc creator/import/gnu/arm/5.4.1/bin/../lib/gcc/arm-none-eabi/5.4.1/../../../../arm-none-eabi/lib/armv7e-m/softfp\libg_nano.a(lib_a-nano-msizer.o)
                0x10088370                _malloc_usable_size_r
 .text          0x10088384      0x110 c:/program files (x86)/cypress/psoc creator/4.4/psoc creator/import/gnu/arm/5.4.1/bin/../lib/gcc/arm-none-eabi/5.4.1/armv7e-m/softfp\libgcc.a(_arm_cmpdf2.o)
                0x10088384                __gtdf2
                0x10088384                __gedf2
                0x1008838c                __ltdf2
                0x1008838c                __ledf2
                0x10088394                __nedf2
                0x10088394                __eqdf2
                0x10088394                __cmpdf2
                0x10088410                __aeabi_cdrcmple
                0x10088420                __aeabi_cdcmpeq
                0x10088420                __aeabi_cdcmple
                0x10088430                __aeabi_dcmpeq
                0x10088444                __aeabi_dcmplt
                0x10088458                __aeabi_dcmple
                0x1008846c                __aeabi_dcmpge
                0x10088480                __aeabi_dcmpgt
 .text          0x10088494       0x2c c:/program files (x86)/cypress/psoc creator/4.4/psoc creator/import/gnu/arm/5.4.1/bin/../lib/gcc/arm-none-eabi/5.4.1/armv7e-m/softfp\libgcc.a(_arm_unorddf2.o)
                0x10088494                __unorddf2
                0x10088494                __aeabi_dcmpun
 .text          0x100884c0       0x50 c:/program files (x86)/cypress/psoc creator/4.4/psoc creator/import/gnu/arm/5.4.1/bin/../lib/gcc/arm-none-eabi/5.4.1/armv7e-m/softfp\libgcc.a(_arm_fixdfsi.o)
                0x100884c0                __aeabi_d2iz
                0x100884c0                __fixdfsi
 .text._close   0x10088510       0x10 c:/program files (x86)/cypress/psoc creator/4.4/psoc creator/import/gnu/arm/5.4.1/bin/../lib/gcc/arm-none-eabi/5.4.1/../../../../arm-none-eabi/lib/armv7e-m/softfp\libnosys.a(close.o)
                0x10088510                _close
 .text._fstat   0x10088520       0x10 c:/program files (x86)/cypress/psoc creator/4.4/psoc creator/import/gnu/arm/5.4.1/bin/../lib/gcc/arm-none-eabi/5.4.1/../../../../arm-none-eabi/lib/armv7e-m/softfp\libnosys.a(fstat.o)
                0x10088520                _fstat
 .text._isatty  0x10088530       0x10 c:/program files (x86)/cypress/psoc creator/4.4/psoc creator/import/gnu/arm/5.4.1/bin/../lib/gcc/arm-none-eabi/5.4.1/../../../../arm-none-eabi/lib/armv7e-m/softfp\libnosys.a(isatty.o)
                0x10088530                _isatty
 .text._lseek   0x10088540       0x10 c:/program files (x86)/cypress/psoc creator/4.4/psoc creator/import/gnu/arm/5.4.1/bin/../lib/gcc/arm-none-eabi/5.4.1/../../../../arm-none-eabi/lib/armv7e-m/softfp\libnosys.a(lseek.o)
                0x10088540                _lseek
 .text._sbrk    0x10088550       0x1c c:/program files (x86)/cypress/psoc creator/4.4/psoc creator/import/gnu/arm/5.4.1/bin/../lib/gcc/arm-none-eabi/5.4.1/../../../../arm-none-eabi/lib/armv7e-m/softfp\libnosys.a(sbrk.o)
                0x10088550                _sbrk
 *(.init)
 .init          0x1008856c        0x4 c:/program files (x86)/cypress/psoc creator/4.4/psoc creator/import/gnu/arm/5.4.1/bin/../lib/gcc/arm-none-eabi/5.4.1/armv7e-m/softfp/crti.o
                0x1008856c                _init
 .init          0x10088570        0x8 c:/program files (x86)/cypress/psoc creator/4.4/psoc creator/import/gnu/arm/5.4.1/bin/../lib/gcc/arm-none-eabi/5.4.1/armv7e-m/softfp/crtn.o
 *(.fini)
 .fini          0x10088578        0x4 c:/program files (x86)/cypress/psoc creator/4.4/psoc creator/import/gnu/arm/5.4.1/bin/../lib/gcc/arm-none-eabi/5.4.1/armv7e-m/softfp/crti.o
                0x10088578                _fini
 .fini          0x1008857c        0x8 c:/program files (x86)/cypress/psoc creator/4.4/psoc creator/import/gnu/arm/5.4.1/bin/../lib/gcc/arm-none-eabi/5.4.1/armv7e-m/softfp/crtn.o
 *crtbegin.o(.ctors)
 *crtbegin?.o(.ctors)
 *(EXCLUDE_FILE(*crtend.o *crtend?.o) .ctors)
 *(SORT(.ctors.*))
 *(.ctors)
 *crtbegin.o(.dtors)
 *crtbegin?.o(.dtors)
 *(EXCLUDE_FILE(*crtend.o *crtend?.o) .dtors)
 *(SORT(.dtors.*))
 *(.dtors)
 *(.rodata .rodata.* .constdata .constdata.* .conststring .conststring.*)
 .rodata        0x10088584       0x30 .\CortexM4\ARM_GCC_541\Debug\main_cm4.o
                0x10088584                cryptoConfig
 .rodata.str1.4
                0x100885b4      0x262 .\CortexM4\ARM_GCC_541\Debug\main_cm4.o
                                0x266 (size before relaxing)
 *fill*         0x10088816        0x2 
 .rodata        0x10088818       0x34 .\CortexM4\ARM_GCC_541\Debug\system_psoc6_cm4.o
 .rodata        0x1008884c       0x40 .\CortexM4\ARM_GCC_541\Debug\UART.o
                0x1008884c                UART_config
 .rodata.str1.4
                0x1008888c       0x3f .\CortexM4\ARM_GCC_541\Debug\cy_flash.o
 *fill*         0x100888cb        0x1 
 .rodata.str1.4
                0x100888cc       0x7f .\CortexM4\ARM_GCC_541\Debug\cy_ipc_drv.o
 .rodata.str1.4
                0x1008894b       0x3f .\CortexM4\ARM_GCC_541\Debug\cy_ipc_sema.o
 *fill*         0x1008894b        0x1 
 .rodata.str1.4
                0x1008894c       0x40 .\CortexM4\ARM_GCC_541\Debug\cy_ipc_pipe.o
                                 0x7f (size before relaxing)
 .rodata.str1.4
                0x1008898c       0xc4 .\CortexM4\ARM_GCC_541\Debug\cy_scb_uart.o
 .rodata.str1.4
                0x10088a50       0x44 .\CortexM4\ARM_GCC_541\Debug\cy_sysint.o
                                 0x41 (size before relaxing)
 .rodata        0x10088a94      0x170 .\CortexM4\ARM_GCC_541\Debug\cy_device.o
                0x10088a94                cy_deviceIpBlockCfgPSoC6_02
                0x10088b4c                cy_deviceIpBlockCfgPSoC6_01
 .rodata        0x10088c04      0x210 Generated_Source\PSoC6\pdl\drivers\peripheral\crypto\libs\cy_crypto_server_gcc.a(cy_crypto_server.o)
 .rodata        0x10088e14       0xab Generated_Source\PSoC6\pdl\drivers\peripheral\crypto\libs\cy_crypto_server_gcc.a(cy_crypto_core_rsa.o)
 *fill*         0x10088ebf        0x1 
 .rodata        0x10088ec0       0x80 Generated_Source\PSoC6\pdl\drivers\peripheral\crypto\libs\cy_crypto_server_gcc.a(cy_crypto_core_des_v1.o)
 .rodata        0x10088f40      0x154 Generated_Source\PSoC6\pdl\drivers\peripheral\crypto\libs\cy_crypto_server_gcc.a(cy_crypto_core_sha_v1.o)
 .rodata        0x10089094       0x80 Generated_Source\PSoC6\pdl\drivers\peripheral\crypto\libs\cy_crypto_server_gcc.a(cy_crypto_core_des_v2.o)
 .rodata        0x10089114      0x154 Generated_Source\PSoC6\pdl\drivers\peripheral\crypto\libs\cy_crypto_server_gcc.a(cy_crypto_core_sha_v2.o)
 .rodata        0x10089268       0xa8 Generated_Source\PSoC6\pdl\drivers\peripheral\crypto\libs\cy_crypto_server_gcc.a(cy_crypto_core_hw.o)
                0x10089268                cy_cryptoIpBlockCfgPSoC6_01
                0x100892bc                cy_cryptoIpBlockCfgPSoC6_02
 .rodata.str1.1
                0x10089310        0x2 c:/program files (x86)/cypress/psoc creator/4.4/psoc creator/import/gnu/arm/5.4.1/bin/../lib/gcc/arm-none-eabi/5.4.1/../../../../arm-none-eabi/lib/armv7e-m/softfp\libg_nano.a(lib_a-impure.o)
 *fill*         0x10089312        0x2 
 .rodata._global_impure_ptr
                0x10089314        0x4 c:/program files (x86)/cypress/psoc creator/4.4/psoc creator/import/gnu/arm/5.4.1/bin/../lib/gcc/arm-none-eabi/5.4.1/../../../../arm-none-eabi/lib/armv7e-m/softfp\libg_nano.a(lib_a-impure.o)
                0x10089314                _global_impure_ptr
 .rodata.str1.1
                0x10089318       0x12 c:/program files (x86)/cypress/psoc creator/4.4/psoc creator/import/gnu/arm/5.4.1/bin/../lib/gcc/arm-none-eabi/5.4.1/../../../../arm-none-eabi/lib/armv7e-m/softfp\libg_nano.a(lib_a-nano-vfprintf_float.o)
 .rodata.str1.1
                0x1008932a       0x22 c:/program files (x86)/cypress/psoc creator/4.4/psoc creator/import/gnu/arm/5.4.1/bin/../lib/gcc/arm-none-eabi/5.4.1/../../../../arm-none-eabi/lib/armv7e-m/softfp\libg_nano.a(lib_a-nano-vfprintf_i.o)
 .rodata.str1.1
                0x1008934c        0xd c:/program files (x86)/cypress/psoc creator/4.4/psoc creator/import/gnu/arm/5.4.1/bin/../lib/gcc/arm-none-eabi/5.4.1/../../../../arm-none-eabi/lib/armv7e-m/softfp\libg_nano.a(lib_a-dtoa.o)
                                  0xf (size before relaxing)
 *fill*         0x10089359        0x3 
 .rodata.__sf_fake_stdin
                0x1008935c       0x20 c:/program files (x86)/cypress/psoc creator/4.4/psoc creator/import/gnu/arm/5.4.1/bin/../lib/gcc/arm-none-eabi/5.4.1/../../../../arm-none-eabi/lib/armv7e-m/softfp\libg_nano.a(lib_a-findfp.o)
                0x1008935c                __sf_fake_stdin
 .rodata.__sf_fake_stdout
                0x1008937c       0x20 c:/program files (x86)/cypress/psoc creator/4.4/psoc creator/import/gnu/arm/5.4.1/bin/../lib/gcc/arm-none-eabi/5.4.1/../../../../arm-none-eabi/lib/armv7e-m/softfp\libg_nano.a(lib_a-findfp.o)
                0x1008937c                __sf_fake_stdout
 .rodata.__sf_fake_stderr
                0x1008939c       0x20 c:/program files (x86)/cypress/psoc creator/4.4/psoc creator/import/gnu/arm/5.4.1/bin/../lib/gcc/arm-none-eabi/5.4.1/../../../../arm-none-eabi/lib/armv7e-m/softfp\libg_nano.a(lib_a-findfp.o)
                0x1008939c                __sf_fake_stderr
 .rodata.str1.1
                0x100893bc        0x8 c:/program files (x86)/cypress/psoc creator/4.4/psoc creator/import/gnu/arm/5.4.1/bin/../lib/gcc/arm-none-eabi/5.4.1/../../../../arm-none-eabi/lib/armv7e-m/softfp\libg_nano.a(lib_a-locale.o)
                                  0xb (size before relaxing)
 .rodata.p05.5410
                0x100893c4        0xc c:/program files (x86)/cypress/psoc creator/4.4/psoc creator/import/gnu/arm/5.4.1/bin/../lib/gcc/arm-none-eabi/5.4.1/../../../../arm-none-eabi/lib/armv7e-m/softfp\libg_nano.a(lib_a-mprec.o)
 .rodata.__mprec_bigtens
                0x100893d0       0x28 c:/program files (x86)/cypress/psoc creator/4.4/psoc creator/import/gnu/arm/5.4.1/bin/../lib/gcc/arm-none-eabi/5.4.1/../../../../arm-none-eabi/lib/armv7e-m/softfp\libg_nano.a(lib_a-mprec.o)
                0x100893d0                __mprec_bigtens
 .rodata.__mprec_tens
                0x100893f8       0xc8 c:/program files (x86)/cypress/psoc creator/4.4/psoc creator/import/gnu/arm/5.4.1/bin/../lib/gcc/arm-none-eabi/5.4.1/../../../../arm-none-eabi/lib/armv7e-m/softfp\libg_nano.a(lib_a-mprec.o)
                0x100893f8                __mprec_tens
 .rodata.str1.1
                0x100894c0       0x11 c:/program files (x86)/cypress/psoc creator/4.4/psoc creator/import/gnu/arm/5.4.1/bin/../lib/gcc/arm-none-eabi/5.4.1/../../../../arm-none-eabi/lib/armv7e-m/softfp\libg_nano.a(lib_a-nano-svfprintf.o)
 .rodata.str1.1
                0x100894d1       0x11 c:/program files (x86)/cypress/psoc creator/4.4/psoc creator/import/gnu/arm/5.4.1/bin/../lib/gcc/arm-none-eabi/5.4.1/../../../../arm-none-eabi/lib/armv7e-m/softfp\libg_nano.a(lib_a-nano-vfprintf.o)
 *(.eh_frame*)
 *fill*         0x100894d1        0x3 
 .eh_frame      0x100894d4        0x0 c:/program files (x86)/cypress/psoc creator/4.4/psoc creator/import/gnu/arm/5.4.1/bin/../lib/gcc/arm-none-eabi/5.4.1/armv7e-m/softfp/crtbegin.o
 .eh_frame      0x100894d4        0x4 c:/program files (x86)/cypress/psoc creator/4.4/psoc creator/import/gnu/arm/5.4.1/bin/../lib/gcc/arm-none-eabi/5.4.1/armv7e-m/softfp/crtend.o

.glue_7         0x100894d8        0x0
 .glue_7        0x100894d8        0x0 linker stubs

.glue_7t        0x100894d8        0x0
 .glue_7t       0x100894d8        0x0 linker stubs

.vfp11_veneer   0x100894d8        0x0
 .vfp11_veneer  0x100894d8        0x0 linker stubs

.v4_bx          0x100894d8        0x0
 .v4_bx         0x100894d8        0x0 linker stubs

.iplt           0x100894d8        0x0
 .iplt          0x100894d8        0x0 c:/program files (x86)/cypress/psoc creator/4.4/psoc creator/import/gnu/arm/5.4.1/bin/../lib/gcc/arm-none-eabi/5.4.1/armv7e-m/softfp/crtbegin.o

.ARM.extab
 *(.ARM.extab* .gnu.linkonce.armextab.*)
                0x100894d8                __exidx_start = .

.ARM.exidx
 *(.ARM.exidx* .gnu.linkonce.armexidx.*)
                0x100894d8                __exidx_end = .

.copy.table     0x100894d8       0x18
                0x100894d8                . = ALIGN (0x4)
                0x100894d8                __copy_table_start__ = .
                0x100894d8        0x4 LONG 0x10080000 __Vectors
                0x100894dc        0x4 LONG 0x8024000 __ram_vectors_start__
                0x100894e0        0x4 LONG 0x28c (__Vectors_End - __Vectors)
                0x100894e4        0x4 LONG 0x100894f8 __etext
                0x100894e8        0x4 LONG 0x802428c __data_start__
                0x100894ec        0x4 LONG 0x67c (__data_end__ - __data_start__)
                0x100894f0                __copy_table_end__ = .

.zero.table     0x100894f0        0x8
                0x100894f0                . = ALIGN (0x4)
                0x100894f0                __zero_table_start__ = .
                0x100894f0        0x4 LONG 0x802499c __bss_start__
                0x100894f4        0x4 LONG 0x418 (__bss_end__ - __bss_start__)
                0x100894f8                __zero_table_end__ = .
                0x100894f8                __etext = .

.ramVectors     0x08024000      0x28c
                0x08024000                __ram_vectors_start__ = .
 *(.ram_vectors)
 .ram_vectors   0x08024000      0x28c .\CortexM4\ARM_GCC_541\Debug\startup_psoc6_01_cm4.o
                0x08024000                __ramVectors
                0x0802428c                __ram_vectors_end__ = .

.data           0x0802428c      0x67c load address 0x100894f8
                0x0802428c                __data_start__ = .
 *(vtable)
 *(.data*)
 .data          0x0802428c       0x18 .\CortexM4\ARM_GCC_541\Debug\main_cm4.o
                0x0802428c                uart_IntrConfig
                0x08024294                AES_Key
 .data          0x080242a4       0x20 .\CortexM4\ARM_GCC_541\Debug\system_psoc6_cm4.o
                0x080242a4                cy_BleEcoClockFreqHz
                0x080242a8                cy_Hfclk0FreqHz
                0x080242ac                cy_PeriClkFreqHz
                0x080242b0                SystemCoreClock
                0x080242b4                cy_delayFreqHz
                0x080242b8                cy_delayFreqMhz
                0x080242bc                cy_delayFreqKhz
                0x080242c0                cy_delay32kMs
 .data.impure_data
                0x080242c4       0x60 c:/program files (x86)/cypress/psoc creator/4.4/psoc creator/import/gnu/arm/5.4.1/bin/../lib/gcc/arm-none-eabi/5.4.1/../../../../arm-none-eabi/lib/armv7e-m/softfp\libg_nano.a(lib_a-impure.o)
 .data._impure_ptr
                0x08024324        0x4 c:/program files (x86)/cypress/psoc creator/4.4/psoc creator/import/gnu/arm/5.4.1/bin/../lib/gcc/arm-none-eabi/5.4.1/../../../../arm-none-eabi/lib/armv7e-m/softfp\libg_nano.a(lib_a-impure.o)
                0x08024324                _impure_ptr
 .data.lconv    0x08024328       0x38 c:/program files (x86)/cypress/psoc creator/4.4/psoc creator/import/gnu/arm/5.4.1/bin/../lib/gcc/arm-none-eabi/5.4.1/../../../../arm-none-eabi/lib/armv7e-m/softfp\libg_nano.a(lib_a-locale.o)
                0x08024360                . = ALIGN (0x4)
                0x08024360                PROVIDE (__preinit_array_start, .)
 *(.preinit_array)
                0x08024360                PROVIDE (__preinit_array_end, .)
                0x08024360                . = ALIGN (0x4)
                0x08024360                PROVIDE (__init_array_start, .)
 *(SORT(.init_array.*))
 *(.init_array)
 .init_array    0x08024360        0x4 c:/program files (x86)/cypress/psoc creator/4.4/psoc creator/import/gnu/arm/5.4.1/bin/../lib/gcc/arm-none-eabi/5.4.1/armv7e-m/softfp/crtbegin.o
                0x08024364                PROVIDE (__init_array_end, .)
                0x08024364                . = ALIGN (0x4)
                [!provide]                PROVIDE (__fini_array_start, .)
 *(SORT(.fini_array.*))
 *(.fini_array)
 .fini_array    0x08024364        0x4 c:/program files (x86)/cypress/psoc creator/4.4/psoc creator/import/gnu/arm/5.4.1/bin/../lib/gcc/arm-none-eabi/5.4.1/armv7e-m/softfp/crtbegin.o
                [!provide]                PROVIDE (__fini_array_end, .)
 *(.jcr*)
 .jcr           0x08024368        0x0 c:/program files (x86)/cypress/psoc creator/4.4/psoc creator/import/gnu/arm/5.4.1/bin/../lib/gcc/arm-none-eabi/5.4.1/armv7e-m/softfp/crtbegin.o
 .jcr           0x08024368        0x4 c:/program files (x86)/cypress/psoc creator/4.4/psoc creator/import/gnu/arm/5.4.1/bin/../lib/gcc/arm-none-eabi/5.4.1/armv7e-m/softfp/crtend.o
                0x0802436c                . = ALIGN (0x4)
 *(.cy_ramfunc*)
 .cy_ramfunc    0x0802436c      0x300 .\CortexM4\ARM_GCC_541\Debug\cy_flash.o
                0x080243d8                Cy_Flash_ResumeIrqHandler
 .cy_ramfunc    0x0802466c      0x218 .\CortexM4\ARM_GCC_541\Debug\cy_syspm.o
 *fill*         0x08024884        0x4 
 .cy_ramfunc.__stub
                0x08024888       0x80 linker stubs